 TestThread

 Timestamp is 4e1c1b88 (Tue Jul 12 11:01:44 2011)

 Preferred load address is 00400000

 Start         Length     Name                   Class
 0001:00000000 00079c6cH .text                   CODE
 0001:00079c70 00005273H .text$x                 CODE
 0001:0007eef0 000034eeH .text$yc                CODE
 0001:000823e0 00001451H .text$yd                CODE
 0002:00000000 000001e4H .idata$5                DATA
 0002:000001e4 00000004H .CRT$XCA                DATA
 0002:000001e8 00000004H .CRT$XCC                DATA
 0002:000001ec 00000288H .CRT$XCU                DATA
 0002:00000474 00000004H .CRT$XCZ                DATA
 0002:00000478 00000004H .CRT$XIA                DATA
 0002:0000047c 00000010H .CRT$XIC                DATA
 0002:0000048c 00000004H .CRT$XIY                DATA
 0002:00000490 00000004H .CRT$XIZ                DATA
 0002:00000494 00000004H .CRT$XPA                DATA
 0002:00000498 00000008H .CRT$XPX                DATA
 0002:000004a0 00000004H .CRT$XPXA               DATA
 0002:000004a4 00000004H .CRT$XPZ                DATA
 0002:000004a8 00000004H .CRT$XTA                DATA
 0002:000004ac 00000004H .CRT$XTZ                DATA
 0002:000004b0 000142e8H .rdata                  DATA
 0002:00014798 00000051H .rdata$debug            DATA
 0002:000147ec 00002640H .rdata$r                DATA
 0002:00016e30 00000684H .rdata$sxdata           DATA
 0002:000174b4 00000004H .rtc$IAA                DATA
 0002:000174b8 0000005cH .rtc$IMZ                DATA
 0002:00017514 00000004H .rtc$IZZ                DATA
 0002:00017518 00000004H .rtc$TAA                DATA
 0002:0001751c 0000005cH .rtc$TMZ                DATA
 0002:00017578 00000004H .rtc$TZZ                DATA
 0002:00017580 00006a24H .xdata$x                DATA
 0002:0001dfa4 0000003cH .idata$2                DATA
 0002:0001dfe0 00000014H .idata$3                DATA
 0002:0001dff4 000001e4H .idata$4                DATA
 0002:0001e1d8 00000776H .idata$6                DATA
 0002:0001e950 0000049eH .edata                  DATA
 0003:00000000 00002150H .data                   DATA
 0003:00002160 000031ccH .bss                    DATA

  Address         Publics by Value              Rva+Base       Lib:Object

 0000:00000000       __except_list              00000000     <absolute>
 0000:000001a1       ___safe_se_handler_count   000001a1     <absolute>
 0000:00000000       ___ImageBase               00400000     <linker-defined>
 0001:00000000       ??0TestPipe@@QAE@XZ        00401000 f   TestThread.obj
 0001:00000040       ?Write@TestPipe@@QAEXD@Z   00401040 f   TestThread.obj
 0001:000000b0       ?Read@TestPipe@@QAE_ND@Z   004010b0 f   TestThread.obj
 0001:00000130       ?IsEmpty@TestPipe@@QBE_NXZ 00401130 f   TestThread.obj
 0001:00000180       ??0TestThread@@QAE@PBDDI@Z 00401180 f   TestThread.obj
 0001:000001d0       ?Run@TestThread@@UAEXXZ    004011d0 f   TestThread.obj
 0001:00000220       ?Test@SuiteStartStop@@UAEXXZ 00401220 f   TestThread.obj
 0001:000005f0       ?Test@SuitePriority@@UAEXXZ 004015f0 f   TestThread.obj
 0001:00000bd0       ?Run@ThreadCounter@@UAEXXZ 00401bd0 f   TestThread.obj
 0001:00000c40       ?HasMadeProgress@ThreadCounter@@QAE_NXZ 00401c40 f   TestThread.obj
 0001:00000c80       ?Run@ThreadDisruptor@@UAEXXZ 00401c80 f   TestThread.obj
 0001:00000cc0       ?Run@ThreadMonitor@@UAEXXZ 00401cc0 f   TestThread.obj
 0001:000010c0       ?Run@TimesliceTestThread@@UAEXXZ 004020c0 f   TestThread.obj
 0001:00001210       ?Test@SuiteTimeslice@@UAEXXZ 00402210 f   TestThread.obj
 0001:00001340       ??1SemaphoreThread@@UAE@XZ 00402340 f   TestThread.obj
 0001:00001420       ?Run@SemaphoreThread@@UAEXXZ 00402420 f   TestThread.obj
 0001:000014d0       ?Waits@SemaphoreThread@@QAEHXZ 004024d0 f   TestThread.obj
 0001:00001500       ??0SignalThread@@QAE@AAVSemaphore@OpenHome@@@Z 00402500 f   TestThread.obj
 0001:000015a0       ??1SignalThread@@UAE@XZ    004025a0 f   TestThread.obj
 0001:00001630       ?Run@SignalThread@@UAEXXZ  00402630 f   TestThread.obj
 0001:00001680       ?Test@SuiteSemaphore@@UAEXXZ 00402680 f   TestThread.obj
 0001:00001e70       ?Run@MutexThread@@UAEXXZ   00402e70 f   TestThread.obj
 0001:00001ed0       ?Test@SuiteMutex@@UAEXXZ   00402ed0 f   TestThread.obj
 0001:00002280       ??0ThreadPerformance@@QAE@I@Z 00403280 f   TestThread.obj
 0001:00002310       ?Run@ThreadPerformance@@UAEXXZ 00403310 f   TestThread.obj
 0001:00002340       ?Test@SuitePerformance@@UAEXXZ 00403340 f   TestThread.obj
 0001:000025d0       ?Hold@SuiteAutoMutex@@QAEXAAVMutex@OpenHome@@@Z 004035d0 f   TestThread.obj
 0001:00002640       ?Test@SuiteAutoMutex@@UAEXXZ 00403640 f   TestThread.obj
 0001:00002760       ?Run@ThreadKillable@@UAEXXZ 00403760 f   TestThread.obj
 0001:000029b0       ?Test@SuiteThreadKill@@UAEXXZ 004039b0 f   TestThread.obj
 0001:00002ae0       ?Run@MainTestThread@@UAEXXZ 00403ae0 f   TestThread.obj
 0001:00002d70       ?Main@Runner@TestFramework@OpenHome@@SGXHQAPADPAVInitialisationParams@Net@3@@Z 00403d70 f   TestThread.obj
 0001:00002e80       ??_GTestThread@@UAEPAXI@Z  00403e80 f i TestThread.obj
 0001:00002e80       ??_ETestThread@@UAEPAXI@Z  00403e80 f i TestThread.obj
 0001:00002ec0       ??1TestThread@@UAE@XZ      00403ec0 f i TestThread.obj
 0001:00002ef0       ??0ThreadCounter@@QAE@II@Z 00403ef0 f i TestThread.obj
 0001:00002f60       ?HasFinished@ThreadCounter@@QAE_NXZ 00403f60 f i TestThread.obj
 0001:00002f80       ??_EThreadCounter@@UAEPAXI@Z 00403f80 f i TestThread.obj
 0001:00002f80       ??_GThreadCounter@@UAEPAXI@Z 00403f80 f i TestThread.obj
 0001:00002fc0       ??1ThreadCounter@@UAE@XZ   00403fc0 f i TestThread.obj
 0001:00003000       ??0ThreadDisruptor@@QAE@II@Z 00404000 f i TestThread.obj
 0001:00003050       ??_GThreadDisruptor@@UAEPAXI@Z 00404050 f i TestThread.obj
 0001:00003050       ??_EThreadDisruptor@@UAEPAXI@Z 00404050 f i TestThread.obj
 0001:00003090       ??1ThreadDisruptor@@UAE@XZ 00404090 f i TestThread.obj
 0001:000030c0       ??0ThreadMonitor@@QAE@II_NAAVThread@OpenHome@@@Z 004040c0 f i TestThread.obj
 0001:00003130       ??_EThreadMonitor@@UAEPAXI@Z 00404130 f i TestThread.obj
 0001:00003130       ??_GThreadMonitor@@UAEPAXI@Z 00404130 f i TestThread.obj
 0001:00003170       ??1ThreadMonitor@@UAE@XZ   00404170 f i TestThread.obj
 0001:000031a0       ??0TimesliceTestThread@@QAE@AAVSemaphore@OpenHome@@@Z 004041a0 f i TestThread.obj
 0001:000031f0       ??_GTimesliceTestThread@@UAEPAXI@Z 004041f0 f i TestThread.obj
 0001:000031f0       ??_ETimesliceTestThread@@UAEPAXI@Z 004041f0 f i TestThread.obj
 0001:00003230       ??1TimesliceTestThread@@UAE@XZ 00404230 f i TestThread.obj
 0001:00003260       ??_ESemaphoreThread@@UAEPAXI@Z 00404260 f i TestThread.obj
 0001:00003260       ??_GSemaphoreThread@@UAEPAXI@Z 00404260 f i TestThread.obj
 0001:000032a0       ??_GSignalThread@@UAEPAXI@Z 004042a0 f i TestThread.obj
 0001:000032a0       ??_ESignalThread@@UAEPAXI@Z 004042a0 f i TestThread.obj
 0001:000032e0       ??0SemaphoreThread@@QAE@AAVSemaphore@OpenHome@@@Z 004042e0 f i TestThread.obj
 0001:00003380       ?Sem@SignalThread@@QAEAAVSemaphore@OpenHome@@XZ 00404380 f i TestThread.obj
 0001:000033a0       ??0MutexThread@@QAE@AAVMutex@OpenHome@@AAH@Z 004043a0 f i TestThread.obj
 0001:00003400       ??_EMutexThread@@UAEPAXI@Z 00404400 f i TestThread.obj
 0001:00003400       ??_GMutexThread@@UAEPAXI@Z 00404400 f i TestThread.obj
 0001:00003440       ??1MutexThread@@UAE@XZ     00404440 f i TestThread.obj
 0001:00003470       ??_GThreadPerformance@@UAEPAXI@Z 00404470 f i TestThread.obj
 0001:00003470       ??_EThreadPerformance@@UAEPAXI@Z 00404470 f i TestThread.obj
 0001:000034b0       ??1ThreadPerformance@@UAE@XZ 004044b0 f i TestThread.obj
 0001:00003520       ?Signal@ThreadPerformance@@QAEXXZ 00404520 f i TestThread.obj
 0001:00003550       ??0ThreadKillable@@QAE@AAVSemaphore@OpenHome@@@Z 00404550 f i TestThread.obj
 0001:000035a0       ??_EThreadKillable@@UAEPAXI@Z 004045a0 f i TestThread.obj
 0001:000035a0       ??_GThreadKillable@@UAEPAXI@Z 004045a0 f i TestThread.obj
 0001:000035e0       ??1ThreadKillable@@UAE@XZ  004045e0 f i TestThread.obj
 0001:00003610       ??0SuiteStartStop@@QAE@XZ  00404610 f i TestThread.obj
 0001:00003650       ??_GSuiteStartStop@@UAEPAXI@Z 00404650 f i TestThread.obj
 0001:00003650       ??_ESuiteStartStop@@UAEPAXI@Z 00404650 f i TestThread.obj
 0001:00003690       ??1SuiteStartStop@@UAE@XZ  00404690 f i TestThread.obj
 0001:000036c0       ??0SuitePriority@@QAE@XZ   004046c0 f i TestThread.obj
 0001:00003700       ??_GSuitePriority@@UAEPAXI@Z 00404700 f i TestThread.obj
 0001:00003700       ??_ESuitePriority@@UAEPAXI@Z 00404700 f i TestThread.obj
 0001:00003740       ??1SuitePriority@@UAE@XZ   00404740 f i TestThread.obj
 0001:00003770       ??0SuiteTimeslice@@QAE@XZ  00404770 f i TestThread.obj
 0001:000037b0       ??_ESuiteTimeslice@@UAEPAXI@Z 004047b0 f i TestThread.obj
 0001:000037b0       ??_GSuiteTimeslice@@UAEPAXI@Z 004047b0 f i TestThread.obj
 0001:000037f0       ??1SuiteTimeslice@@UAE@XZ  004047f0 f i TestThread.obj
 0001:00003820       ??0SuiteSemaphore@@QAE@XZ  00404820 f i TestThread.obj
 0001:00003860       ??_ESuiteSemaphore@@UAEPAXI@Z 00404860 f i TestThread.obj
 0001:00003860       ??_GSuiteSemaphore@@UAEPAXI@Z 00404860 f i TestThread.obj
 0001:000038a0       ??1SuiteSemaphore@@UAE@XZ  004048a0 f i TestThread.obj
 0001:000038d0       ??0SuiteMutex@@QAE@XZ      004048d0 f i TestThread.obj
 0001:00003910       ??_GSuiteMutex@@UAEPAXI@Z  00404910 f i TestThread.obj
 0001:00003910       ??_ESuiteMutex@@UAEPAXI@Z  00404910 f i TestThread.obj
 0001:00003950       ??1SuiteMutex@@UAE@XZ      00404950 f i TestThread.obj
 0001:00003980       ??0SuiteAutoMutex@@QAE@XZ  00404980 f i TestThread.obj
 0001:000039c0       ??_ESuiteAutoMutex@@UAEPAXI@Z 004049c0 f i TestThread.obj
 0001:000039c0       ??_GSuiteAutoMutex@@UAEPAXI@Z 004049c0 f i TestThread.obj
 0001:00003a00       ??1SuiteAutoMutex@@UAE@XZ  00404a00 f i TestThread.obj
 0001:00003a30       ??0SuiteThreadKill@@QAE@XZ 00404a30 f i TestThread.obj
 0001:00003a70       ??_GSuiteThreadKill@@UAEPAXI@Z 00404a70 f i TestThread.obj
 0001:00003a70       ??_ESuiteThreadKill@@UAEPAXI@Z 00404a70 f i TestThread.obj
 0001:00003ab0       ??1SuiteThreadKill@@UAE@XZ 00404ab0 f i TestThread.obj
 0001:00003ae0       ??0MainTestThread@@QAE@XZ  00404ae0 f i TestThread.obj
 0001:00003b20       ??_EMainTestThread@@UAEPAXI@Z 00404b20 f i TestThread.obj
 0001:00003b20       ??_GMainTestThread@@UAEPAXI@Z 00404b20 f i TestThread.obj
 0001:00003b60       ??1MainTestThread@@UAE@XZ  00404b60 f i TestThread.obj
 0001:00003b90       ??_GInitialisationParams@Net@OpenHome@@QAEPAXI@Z 00404b90 f i TestThread.obj
 0001:00003bd0       ??1TestPipe@@QAE@XZ        00404bd0 f i TestThread.obj
 0001:00003c00       ?Log@TestConsole@@QAEXPBD@Z 00404c00 f   libTestFramework:TestFramework.obj
 0001:00003c30       ?AssertHandlerTest@TestFramework@OpenHome@@YGXPBDI@Z 00404c30 f   libTestFramework:TestFramework.obj
 0001:00003ce0       ??0Suite@TestFramework@OpenHome@@IAE@PBD@Z 00404ce0 f   libTestFramework:TestFramework.obj
 0001:00003d20       ??1Suite@TestFramework@OpenHome@@MAE@XZ 00404d20 f   libTestFramework:TestFramework.obj
 0001:00003d40       ?Description@Suite@TestFramework@OpenHome@@QBEPBDXZ 00404d40 f   libTestFramework:TestFramework.obj
 0001:00003d60       ??0Runner@TestFramework@OpenHome@@QAE@PBD@Z 00404d60 f   libTestFramework:TestFramework.obj
 0001:00003da0       ??1Runner@TestFramework@OpenHome@@QAE@XZ 00404da0 f   libTestFramework:TestFramework.obj
 0001:00003dc0       ?Add@Runner@TestFramework@OpenHome@@QAEXPAVSuite@23@@Z 00404dc0 f   libTestFramework:TestFramework.obj
 0001:00003e40       ?Run@Runner@TestFramework@OpenHome@@QAEXXZ 00404e40 f   libTestFramework:TestFramework.obj
 0001:000040f0       ?Fail@TestFramework@OpenHome@@YGXPBDI00@Z 004050f0 f   libTestFramework:TestFramework.obj
 0001:00004150       ?Succeed@TestFramework@OpenHome@@YGXPBDI@Z 00405150 f   libTestFramework:TestFramework.obj
 0001:00004180       ?SucceedQuietly@TestFramework@OpenHome@@YGXPBDI@Z 00405180 f   libTestFramework:TestFramework.obj
 0001:000041b0       ?TimeStart@TestFramework@OpenHome@@YGIXZ 004051b0 f   libTestFramework:TestFramework.obj
 0001:000041d0       ?TimeStop@TestFramework@OpenHome@@YGII@Z 004051d0 f   libTestFramework:TestFramework.obj
 0001:00004200       ?Print@TestFramework@OpenHome@@YAHPBDZZ 00405200 f   libTestFramework:TestFramework.obj
 0001:000042c0       ?Print@TestFramework@OpenHome@@YGHPBDPAD@Z 004052c0 f   libTestFramework:TestFramework.obj
 0001:00004370       ?Print@TestFramework@OpenHome@@YGHABVBrx@2@@Z 00405370 f   libTestFramework:TestFramework.obj
 0001:00004420       ?PrintHex@TestFramework@OpenHome@@YGHABVBrx@2@@Z 00405420 f   libTestFramework:TestFramework.obj
 0001:000044d0       ??0Blocker@TestFramework@OpenHome@@QAE@XZ 004054d0 f   libTestFramework:TestFramework.obj
 0001:000045d0       ??1Blocker@TestFramework@OpenHome@@QAE@XZ 004055d0 f   libTestFramework:TestFramework.obj
 0001:00004670       ?Wait@Blocker@TestFramework@OpenHome@@QAEXI@Z 00405670 f   libTestFramework:TestFramework.obj
 0001:000046b0       ?TimerExpired@Blocker@TestFramework@OpenHome@@AAEXXZ 004056b0 f   libTestFramework:TestFramework.obj
 0001:000046e0       ?ConsoleWrite@Os@OpenHome@@SGXPBD@Z 004056e0 f i libTestFramework:TestFramework.obj
 0001:00004700       ??0AssertionFailed@OpenHome@@QAE@PBDI@Z 00405700 f i libTestFramework:TestFramework.obj
 0001:00004740       ??1AssertionFailed@OpenHome@@QAE@XZ 00405740 f i libTestFramework:TestFramework.obj
 0001:00004770       ??_GSuite@TestFramework@OpenHome@@MAEPAXI@Z 00405770 f i libTestFramework:TestFramework.obj
 0001:00004770       ??_ESuite@TestFramework@OpenHome@@MAEPAXI@Z 00405770 f i libTestFramework:TestFramework.obj
 0001:000047b0       ?TimeInMs@Os@OpenHome@@SGIXZ 004057b0 f i libTestFramework:TestFramework.obj
 0001:000047d0       ?TimeInUs@Os@OpenHome@@SG_KXZ 004057d0 f i libTestFramework:TestFramework.obj
 0001:000047f0       ??_GTimer@OpenHome@@QAEPAXI@Z 004057f0 f i libTestFramework:TestFramework.obj
 0001:00004830       ??$MakeFunctorMsg@VTestConsole@@V1@@OpenHome@@YG?AV?$MemberTranslatorMsg@VTestConsole@@P81@AEXPBD@Z@0@AAVTestConsole@@ABQ82@AEXPBD@Z@Z 00405830 f i libTestFramework:TestFramework.obj
 0001:00004860       ??$MakeFunctor@VBlocker@TestFramework@OpenHome@@XV123@@OpenHome@@YG?AV?$MemberTranslator@VBlocker@TestFramework@OpenHome@@P8123@AEXXZ@0@AAVBlocker@TestFramework@0@ABQ8230@AEXXZ@Z 00405860 f i libTestFramework:TestFramework.obj
 0001:00004890       ??0?$MemberTranslatorMsg@VTestConsole@@P81@AEXPBD@Z@OpenHome@@QAE@AAVTestConsole@@ABQ82@AEXPBD@Z@Z 00405890 f i libTestFramework:TestFramework.obj
 0001:000048d0       ??0FunctorMsg@OpenHome@@IAE@P6GXABV01@PBD@ZPBX3I@Z 004058d0 f i libTestFramework:TestFramework.obj
 0001:00004920       ??0?$MemberTranslator@VBlocker@TestFramework@OpenHome@@P8123@AEXXZ@OpenHome@@QAE@AAVBlocker@TestFramework@1@ABQ8231@AEXXZ@Z 00405920 f i libTestFramework:TestFramework.obj
 0001:00004960       ??0Functor@OpenHome@@IAE@P6GXABV01@@ZPBX2I@Z 00405960 f i libTestFramework:TestFramework.obj
 0001:000049b0       ?Thunk@?$MemberTranslatorMsg@VTestConsole@@P81@AEXPBD@Z@OpenHome@@SGXABVFunctorMsg@2@PBD@Z 004059b0 f i libTestFramework:TestFramework.obj
 0001:00004a00       ?Thunk@?$MemberTranslator@VBlocker@TestFramework@OpenHome@@P8123@AEXXZ@OpenHome@@SGXABVFunctor@2@@Z 00405a00 f i libTestFramework:TestFramework.obj
 0001:00004a50       ??0Semaphore@OpenHome@@QAE@PBDI@Z 00405a50 f   libohNetCore:Thread.obj
 0001:00004ad0       ??1Semaphore@OpenHome@@UAE@XZ 00405ad0 f   libohNetCore:Thread.obj
 0001:00004b10       ?Wait@Semaphore@OpenHome@@QAEXXZ 00405b10 f   libohNetCore:Thread.obj
 0001:00004b40       ?Wait@Semaphore@OpenHome@@QAEXI@Z 00405b40 f   libohNetCore:Thread.obj
 0001:00004c30       ?Clear@Semaphore@OpenHome@@QAE_NXZ 00405c30 f   libohNetCore:Thread.obj
 0001:00004c70       ?Signal@Semaphore@OpenHome@@QAEXXZ 00405c70 f   libohNetCore:Thread.obj
 0001:00004ca0       ??0Mutex@OpenHome@@QAE@PBD@Z 00405ca0 f   libohNetCore:Thread.obj
 0001:00004d30       ??1Mutex@OpenHome@@UAE@XZ  00405d30 f   libohNetCore:Thread.obj
 0001:00004d70       ?Wait@Mutex@OpenHome@@QAEXXZ 00405d70 f   libohNetCore:Thread.obj
 0001:00004ea0       ?Signal@Mutex@OpenHome@@QAEXXZ 00405ea0 f   libohNetCore:Thread.obj
 0001:00004ed0       ??0SemaphoreActive@OpenHome@@QAE@AAVSemaphore@1@@Z 00405ed0 f   libohNetCore:Thread.obj
 0001:00004f20       ??0SemaphoreActive@OpenHome@@QAE@AAVThread@1@@Z 00405f20 f   libohNetCore:Thread.obj
 0001:00004f70       ?Signal@SemaphoreActive@OpenHome@@QAEXXZ 00405f70 f   libohNetCore:Thread.obj
 0001:00004fc0       ?Signalled@SemaphoreActive@OpenHome@@QAE_NXZ 00405fc0 f   libohNetCore:Thread.obj
 0001:00005040       ?ConsumeOne@SemaphoreActive@OpenHome@@QAEXXZ 00406040 f   libohNetCore:Thread.obj
 0001:000050a0       ?ConsumeAll@SemaphoreActive@OpenHome@@QAEXXZ 004060a0 f   libohNetCore:Thread.obj
 0001:000050f0       ??0Thread@OpenHome@@IAE@PBDII@Z 004060f0 f   libohNetCore:Thread.obj
 0001:00005210       ??1Thread@OpenHome@@UAE@XZ 00406210 f   libohNetCore:Thread.obj
 0001:000052f0       ?Start@Thread@OpenHome@@QAEXXZ 004062f0 f   libohNetCore:Thread.obj
 0001:00005350       ?EntryPoint@Thread@OpenHome@@CGXPAX@Z 00406350 f   libohNetCore:Thread.obj
 0001:000054f0       ?Wait@Thread@OpenHome@@QAEXXZ 004064f0 f   libohNetCore:Thread.obj
 0001:00005520       ?Signal@Thread@OpenHome@@QAEXXZ 00406520 f   libohNetCore:Thread.obj
 0001:00005550       ?TryWait@Thread@OpenHome@@QAE_NXZ 00406550 f   libohNetCore:Thread.obj
 0001:00005580       ?Sleep@Thread@OpenHome@@SGXI@Z 00406580 f   libohNetCore:Thread.obj
 0001:00005650       ?Current@Thread@OpenHome@@SGPAV12@XZ 00406650 f   libohNetCore:Thread.obj
 0001:00005670       ?SupportsPriorities@Thread@OpenHome@@SG_NXZ 00406670 f   libohNetCore:Thread.obj
 0001:00005690       ?CheckForKill@Thread@OpenHome@@IBEXXZ 00406690 f   libohNetCore:Thread.obj
 0001:00005760       ?Kill@Thread@OpenHome@@QAEXXZ 00406760 f   libohNetCore:Thread.obj
 0001:000057d0       ?Name@Thread@OpenHome@@QBEABVBrx@2@XZ 004067d0 f   libohNetCore:Thread.obj
 0001:000057f0       ??8Thread@OpenHome@@QBE_NABV01@@Z 004067f0 f   libohNetCore:Thread.obj
 0001:00005820       ??9Thread@OpenHome@@QBE_NABV01@@Z 00406820 f   libohNetCore:Thread.obj
 0001:00005860       ?Join@Thread@OpenHome@@IAEXXZ 00406860 f   libohNetCore:Thread.obj
 0001:000058c0       ??0ThreadFunctor@OpenHome@@QAE@PBDVFunctor@1@II@Z 004068c0 f   libohNetCore:Thread.obj
 0001:00005970       ??1ThreadFunctor@OpenHome@@UAE@XZ 00406970 f   libohNetCore:Thread.obj
 0001:000059f0       ?Run@ThreadFunctor@OpenHome@@EAEXXZ 004069f0 f   libohNetCore:Thread.obj
 0001:00005a30       ??0AutoMutex@OpenHome@@QAE@AAVMutex@1@@Z 00406a30 f   libohNetCore:Thread.obj
 0001:00005a70       ??1AutoMutex@OpenHome@@QAE@XZ 00406a70 f   libohNetCore:Thread.obj
 0001:00005aa0       ??0AtomicInt@OpenHome@@QAE@H@Z 00406aa0 f   libohNetCore:Thread.obj
 0001:00005ae0       ??0AtomicInt@OpenHome@@QAE@XZ 00406ae0 f   libohNetCore:Thread.obj
 0001:00005b10       ?Inc@AtomicInt@OpenHome@@QAEHXZ 00406b10 f   libohNetCore:Thread.obj
 0001:00005b70       ?Dec@AtomicInt@OpenHome@@QAEHXZ 00406b70 f   libohNetCore:Thread.obj
 0001:00005bd0       ??0bad_alloc@std@@QAE@XZ   00406bd0 f i libohNetCore:Thread.obj
 0001:00005c20       ??1bad_alloc@std@@UAE@XZ   00406c20 f i libohNetCore:Thread.obj
 0001:00005c50       ??_Ebad_alloc@std@@UAEPAXI@Z 00406c50 f i libohNetCore:Thread.obj
 0001:00005c50       ??_Gbad_alloc@std@@UAEPAXI@Z 00406c50 f i libohNetCore:Thread.obj
 0001:00005c90       ??0INonCopyable@OpenHome@@IAE@XZ 00406c90 f i libohNetCore:Thread.obj
 0001:00005cb0       ?SemaphoreCreate@Os@OpenHome@@SGPAXPBDI@Z 00406cb0 f i libohNetCore:Thread.obj
 0001:00005cd0       ??_ESemaphore@OpenHome@@UAEPAXI@Z 00406cd0 f i libohNetCore:Thread.obj
 0001:00005cd0       ??_GSemaphore@OpenHome@@UAEPAXI@Z 00406cd0 f i libohNetCore:Thread.obj
 0001:00005d10       ??0bad_alloc@std@@QAE@ABV01@@Z 00406d10 f i libohNetCore:Thread.obj
 0001:00005d50       ?SemaphoreDestroy@Os@OpenHome@@SGXPAX@Z 00406d50 f i libohNetCore:Thread.obj
 0001:00005d70       ?SemaphoreWait@Os@OpenHome@@SGXPAX@Z 00406d70 f i libohNetCore:Thread.obj
 0001:00005dc0       ??0Timeout@OpenHome@@QAE@PBDI@Z 00406dc0 f i libohNetCore:Thread.obj
 0001:00005e00       ?SemaphoreTimedWait@Os@OpenHome@@SG_NPAXI@Z 00406e00 f i libohNetCore:Thread.obj
 0001:00005e50       ??1Timeout@OpenHome@@QAE@XZ 00406e50 f i libohNetCore:Thread.obj
 0001:00005e80       ?SemaphoreClear@Os@OpenHome@@SG_NPAX@Z 00406e80 f i libohNetCore:Thread.obj
 0001:00005eb0       ?SemaphoreSignal@Os@OpenHome@@SGXPAX@Z 00406eb0 f i libohNetCore:Thread.obj
 0001:00005f00       ??_EMutex@OpenHome@@UAEPAXI@Z 00406f00 f i libohNetCore:Thread.obj
 0001:00005f80       ?MutexCreate@Os@OpenHome@@SGPAXPBD@Z 00406f80 f i libohNetCore:Thread.obj
 0001:00005fa0       ?MutexDestroy@Os@OpenHome@@SGXPAX@Z 00406fa0 f i libohNetCore:Thread.obj
 0001:00005fc0       ??0Brhz@OpenHome@@QAE@XZ   00406fc0 f i libohNetCore:Thread.obj
 0001:00005ff0       ??0Brv@OpenHome@@IAE@XZ    00406ff0 f i libohNetCore:Thread.obj
 0001:00006070       ??1Brx@OpenHome@@UAE@XZ    00407070 f i libohNetCore:Thread.obj
 0001:00006090       ??_EBrx@OpenHome@@UAEPAXI@Z 00407090 f i libohNetCore:Thread.obj
 0001:00006090       ??_GBrx@OpenHome@@UAEPAXI@Z 00407090 f i libohNetCore:Thread.obj
 0001:000060d0       ??_EBrv@OpenHome@@UAEPAXI@Z 004070d0 f i libohNetCore:Thread.obj
 0001:00006150       ??0Brx@OpenHome@@IAE@I@Z   00407150 f i libohNetCore:Thread.obj
 0001:00006180       ??_EBrhz@OpenHome@@UAEPAXI@Z 00407180 f i libohNetCore:Thread.obj
 0001:00006180       ??_GBrhz@OpenHome@@UAEPAXI@Z 00407180 f i libohNetCore:Thread.obj
 0001:000061c0       ??1Brhz@OpenHome@@UAE@XZ   004071c0 f i libohNetCore:Thread.obj
 0001:000061f0       ?Set@Brhz@OpenHome@@QAEXABVBrx@2@@Z 004071f0 f i libohNetCore:Thread.obj
 0001:00006240       ?Bytes@Brx@OpenHome@@QBEIXZ 00407240 f i libohNetCore:Thread.obj
 0001:00006260       ?MutexLock@Os@OpenHome@@SGHPAX@Z 00407260 f i libohNetCore:Thread.obj
 0001:00006290       ?MutexUnlock@Os@OpenHome@@SGXPAX@Z 00407290 f i libohNetCore:Thread.obj
 0001:000062e0       ??_GThread@OpenHome@@UAEPAXI@Z 004072e0 f i libohNetCore:Thread.obj
 0001:000062e0       ??_EThread@OpenHome@@UAEPAXI@Z 004072e0 f i libohNetCore:Thread.obj
 0001:00006320       ??1?$Bws@$04@OpenHome@@UAE@XZ 00407320 f i libohNetCore:Thread.obj
 0001:00006350       ??1Bwx@OpenHome@@UAE@XZ    00407350 f i libohNetCore:Thread.obj
 0001:00006380       ?ThreadDestroy@Os@OpenHome@@SGXPAX@Z 00407380 f i libohNetCore:Thread.obj
 0001:000063a0       ?ThreadCreate@Os@OpenHome@@SGPAXPBDIIP6GXPAX@Z1@Z 004073a0 f i libohNetCore:Thread.obj
 0001:000063d0       ?ThreadTls@Os@OpenHome@@SGPAXXZ 004073d0 f i libohNetCore:Thread.obj
 0001:000063f0       ?ThreadSupportsPriorities@Os@OpenHome@@SG_NXZ 004073f0 f i libohNetCore:Thread.obj
 0001:00006410       ??0ThreadKill@OpenHome@@QAE@PBDI@Z 00407410 f i libohNetCore:Thread.obj
 0001:00006450       ??1ThreadKill@OpenHome@@QAE@XZ 00407450 f i libohNetCore:Thread.obj
 0001:00006480       ??_GThreadFunctor@OpenHome@@UAEPAXI@Z 00407480 f i libohNetCore:Thread.obj
 0001:00006480       ??_EThreadFunctor@OpenHome@@UAEPAXI@Z 00407480 f i libohNetCore:Thread.obj
 0001:000064c0       ??RFunctor@OpenHome@@QBEXXZ 004074c0 f i libohNetCore:Thread.obj
 0001:00006500       ??0?$Bws@$04@OpenHome@@QAE@XZ 00407500 f i libohNetCore:Thread.obj
 0001:00006540       ?Ptr@?$Bws@$04@OpenHome@@UBEPBEXZ 00407540 f i libohNetCore:Thread.obj
 0001:00006560       ??_E?$Bws@$04@OpenHome@@UAEPAXI@Z 00407560 f i libohNetCore:Thread.obj
 0001:00006560       ??_G?$Bws@$04@OpenHome@@UAEPAXI@Z 00407560 f i libohNetCore:Thread.obj
 0001:000065a0       ?SetAssertHandler@OpenHome@@YGP6GXPBDI@ZP6GX0I@Z@Z 004075a0 f   libohNetCore:Exception.obj
 0001:000065d0       ?CallAssertHandler@OpenHome@@YGXPBDI@Z 004075d0 f   libohNetCore:Exception.obj
 0001:00006600       ?AssertHandlerDefault@OpenHome@@YGXPBDI@Z 00407600 f   libohNetCore:Exception.obj
 0001:000066f0       ?UnhandledExceptionHandler@OpenHome@@YGXPBD0I@Z 004076f0 f   libohNetCore:Exception.obj
 0001:00006790       ?UnhandledExceptionHandler@OpenHome@@YGXAAVException@1@@Z 00407790 f   libohNetCore:Exception.obj
 0001:00006840       ?UnhandledExceptionHandler@OpenHome@@YGXAAVexception@std@@@Z 00407840 f   libohNetCore:Exception.obj
 0001:000068f0       ??0Exception@OpenHome@@QAE@PBD0I@Z 004078f0 f   libohNetCore:Exception.obj
 0001:00006930       ??0Exception@OpenHome@@QAE@PBD@Z 00407930 f   libohNetCore:Exception.obj
 0001:00006970       ??1Exception@OpenHome@@QAE@XZ 00407970 f   libohNetCore:Exception.obj
 0001:00006990       ?Message@Exception@OpenHome@@QAEPBDXZ 00407990 f   libohNetCore:Exception.obj
 0001:000069b0       ?File@Exception@OpenHome@@QAEPBDXZ 004079b0 f   libohNetCore:Exception.obj
 0001:000069d0       ?Line@Exception@OpenHome@@QAEIXZ 004079d0 f   libohNetCore:Exception.obj
 0001:000069f0       ?Quit@Os@OpenHome@@SGXXZ   004079f0 f i libohNetCore:Exception.obj
 0001:00006a10       ??RFunctorMsg@OpenHome@@QBEXPBD@Z 00407a10 f i libohNetCore:Exception.obj
 0001:00006a50       ??0NetworkAdapter@OpenHome@@QAE@IIPBD@Z 00407a50 f   libohNetCore:OhNet.obj
 0001:00006af0       ??1NetworkAdapter@OpenHome@@AAE@XZ 00407af0 f   libohNetCore:OhNet.obj
 0001:00006b60       ?AddRef@NetworkAdapter@OpenHome@@QAEXXZ 00407b60 f   libohNetCore:OhNet.obj
 0001:00006bb0       ?RemoveRef@NetworkAdapter@OpenHome@@QAEXXZ 00407bb0 f   libohNetCore:OhNet.obj
 0001:00006c40       ?Address@NetworkAdapter@OpenHome@@QBEIXZ 00407c40 f   libohNetCore:OhNet.obj
 0001:00006c60       ?Subnet@NetworkAdapter@OpenHome@@QBEIXZ 00407c60 f   libohNetCore:OhNet.obj
 0001:00006c80       ?Mask@NetworkAdapter@OpenHome@@QBEIXZ 00407c80 f   libohNetCore:OhNet.obj
 0001:00006ca0       ?ContainsAddress@NetworkAdapter@OpenHome@@QAE_NI@Z 00407ca0 f   libohNetCore:OhNet.obj
 0001:00006ce0       ?Name@NetworkAdapter@OpenHome@@QBEPBDXZ 00407ce0 f   libohNetCore:OhNet.obj
 0001:00006d20       ?FullName@NetworkAdapter@OpenHome@@QBEPADXZ 00407d20 f   libohNetCore:OhNet.obj
 0001:00006e80       ?Log@DefaultLogger@Net@OpenHome@@QAEXPBD@Z 00407e80 f   libohNetCore:OhNet.obj
 0001:00006ed0       ?LogError@DefaultAsyncHandler@Net@OpenHome@@QAEXAAVIAsync@23@@Z 00407ed0 f   libohNetCore:OhNet.obj
 0001:00006f30       ?Output@DefaultAsyncHandler@Net@OpenHome@@EAEXPBD0@Z 00407f30 f   libohNetCore:OhNet.obj
 0001:00006f70       ?Create@InitialisationParams@Net@OpenHome@@SGPAV123@XZ 00407f70 f   libohNetCore:OhNet.obj
 0001:00007010       ??1InitialisationParams@Net@OpenHome@@QAE@XZ 00408010 f   libohNetCore:OhNet.obj
 0001:00007070       ?SetLogOutput@InitialisationParams@Net@OpenHome@@QAEXVFunctorMsg@3@@Z 00408070 f   libohNetCore:OhNet.obj
 0001:000070a0       ?SetFatalErrorHandler@InitialisationParams@Net@OpenHome@@QAEXVFunctorMsg@3@@Z 004080a0 f   libohNetCore:OhNet.obj
 0001:00007100       ?SetAsyncBeginHandler@InitialisationParams@Net@OpenHome@@QAEXVFunctorAsync@23@@Z 00408100 f   libohNetCore:OhNet.obj
 0001:00007140       ?SetAsyncEndHandler@InitialisationParams@Net@OpenHome@@QAEXVFunctorAsync@23@@Z 00408140 f   libohNetCore:OhNet.obj
 0001:00007180       ?SetAsyncErrorHandler@InitialisationParams@Net@OpenHome@@QAEXVFunctorAsync@23@@Z 00408180 f   libohNetCore:OhNet.obj
 0001:000071c0       ?SetSubnetListChangedListener@InitialisationParams@Net@OpenHome@@QAEXVFunctor@3@@Z 004081c0 f   libohNetCore:OhNet.obj
 0001:00007200       ?SetTcpConnectTimeout@InitialisationParams@Net@OpenHome@@QAEXI@Z 00408200 f   libohNetCore:OhNet.obj
 0001:00007240       ?SetMsearchTime@InitialisationParams@Net@OpenHome@@QAEXI@Z 00408240 f   libohNetCore:OhNet.obj
 0001:00007290       ?SetMsearchTtl@InitialisationParams@Net@OpenHome@@QAEXI@Z 00408290 f   libohNetCore:OhNet.obj
 0001:000072d0       ?SetNumEventSessionThreads@InitialisationParams@Net@OpenHome@@QAEXI@Z 004082d0 f   libohNetCore:OhNet.obj
 0001:00007320       ?SetNumXmlFetcherThreads@InitialisationParams@Net@OpenHome@@QAEXI@Z 00408320 f   libohNetCore:OhNet.obj
 0001:00007370       ?SetNumActionInvokerThreads@InitialisationParams@Net@OpenHome@@QAEXI@Z 00408370 f   libohNetCore:OhNet.obj
 0001:000073c0       ?SetNumInvocations@InitialisationParams@Net@OpenHome@@QAEXI@Z 004083c0 f   libohNetCore:OhNet.obj
 0001:00007400       ?SetNumSubscriberThreads@InitialisationParams@Net@OpenHome@@QAEXI@Z 00408400 f   libohNetCore:OhNet.obj
 0001:00007450       ?SetPendingSubscriptionTimeout@InitialisationParams@Net@OpenHome@@QAEXI@Z 00408450 f   libohNetCore:OhNet.obj
 0001:00007490       ?SetFreeExternalCallback@InitialisationParams@Net@OpenHome@@QAEXP6GXPAX@Z@Z 00408490 f   libohNetCore:OhNet.obj
 0001:000074b0       ?SetUseLoopbackNetworkAdapter@InitialisationParams@Net@OpenHome@@QAEXXZ 004084b0 f   libohNetCore:OhNet.obj
 0001:000074d0       ?SetDvMaxUpdateTime@InitialisationParams@Net@OpenHome@@QAEXI@Z 004084d0 f   libohNetCore:OhNet.obj
 0001:000074f0       ?SetDvNumServerThreads@InitialisationParams@Net@OpenHome@@QAEXI@Z 004084f0 f   libohNetCore:OhNet.obj
 0001:00007540       ?SetDvNumPublisherThreads@InitialisationParams@Net@OpenHome@@QAEXI@Z 00408540 f   libohNetCore:OhNet.obj
 0001:00007590       ?SetDvNumWebSocketThreads@InitialisationParams@Net@OpenHome@@QAEXI@Z 00408590 f   libohNetCore:OhNet.obj
 0001:000075e0       ?SetDvWebSocketPort@InitialisationParams@Net@OpenHome@@QAEXI@Z 004085e0 f   libohNetCore:OhNet.obj
 0001:00007600       ?SetDvEnableBonjour@InitialisationParams@Net@OpenHome@@QAEXXZ 00408600 f   libohNetCore:OhNet.obj
 0001:00007620       ?LogOutput@InitialisationParams@Net@OpenHome@@QAEAAVFunctorMsg@3@XZ 00408620 f   libohNetCore:OhNet.obj
 0001:00007640       ?FatalErrorHandler@InitialisationParams@Net@OpenHome@@QAEAAVFunctorMsg@3@XZ 00408640 f   libohNetCore:OhNet.obj
 0001:00007660       ?AsyncBeginHandler@InitialisationParams@Net@OpenHome@@QAEAAVFunctorAsync@23@XZ 00408660 f   libohNetCore:OhNet.obj
 0001:00007680       ?AsyncEndHandler@InitialisationParams@Net@OpenHome@@QAEAAVFunctorAsync@23@XZ 00408680 f   libohNetCore:OhNet.obj
 0001:000076a0       ?AsyncErrorHandler@InitialisationParams@Net@OpenHome@@QAEAAVFunctorAsync@23@XZ 004086a0 f   libohNetCore:OhNet.obj
 0001:000076c0       ?SubnetListChangedListener@InitialisationParams@Net@OpenHome@@QAEAAVFunctor@3@XZ 004086c0 f   libohNetCore:OhNet.obj
 0001:000076e0       ?TcpConnectTimeoutMs@InitialisationParams@Net@OpenHome@@QBEIXZ 004086e0 f   libohNetCore:OhNet.obj
 0001:00007700       ?MsearchTimeSecs@InitialisationParams@Net@OpenHome@@QBEIXZ 00408700 f   libohNetCore:OhNet.obj
 0001:00007720       ?MsearchTtl@InitialisationParams@Net@OpenHome@@QBEIXZ 00408720 f   libohNetCore:OhNet.obj
 0001:00007740       ?NumEventSessionThreads@InitialisationParams@Net@OpenHome@@QBEIXZ 00408740 f   libohNetCore:OhNet.obj
 0001:00007760       ?NumXmlFetcherThreads@InitialisationParams@Net@OpenHome@@QBEIXZ 00408760 f   libohNetCore:OhNet.obj
 0001:00007780       ?NumActionInvokerThreads@InitialisationParams@Net@OpenHome@@QBEIXZ 00408780 f   libohNetCore:OhNet.obj
 0001:000077a0       ?NumInvocations@InitialisationParams@Net@OpenHome@@QBEIXZ 004087a0 f   libohNetCore:OhNet.obj
 0001:000077c0       ?NumSubscriberThreads@InitialisationParams@Net@OpenHome@@QBEIXZ 004087c0 f   libohNetCore:OhNet.obj
 0001:000077e0       ?PendingSubscriptionTimeoutMs@InitialisationParams@Net@OpenHome@@QBEIXZ 004087e0 f   libohNetCore:OhNet.obj
 0001:00007800       ?FreeExternal@InitialisationParams@Net@OpenHome@@QBEP6GXPAX@ZXZ 00408800 f   libohNetCore:OhNet.obj
 0001:00007820       ?UseLoopbackNetworkAdapter@InitialisationParams@Net@OpenHome@@QBE_NXZ 00408820 f   libohNetCore:OhNet.obj
 0001:00007840       ?DvMaxUpdateTimeSecs@InitialisationParams@Net@OpenHome@@QBEIXZ 00408840 f   libohNetCore:OhNet.obj
 0001:00007860       ?DvNumServerThreads@InitialisationParams@Net@OpenHome@@QBEIXZ 00408860 f   libohNetCore:OhNet.obj
 0001:00007880       ?DvNumPublisherThreads@InitialisationParams@Net@OpenHome@@QBEIXZ 00408880 f   libohNetCore:OhNet.obj
 0001:000078a0       ?DvNumWebSocketThreads@InitialisationParams@Net@OpenHome@@QBEIXZ 004088a0 f   libohNetCore:OhNet.obj
 0001:000078c0       ?DvWebSocketPort@InitialisationParams@Net@OpenHome@@QBEIXZ 004088c0 f   libohNetCore:OhNet.obj
 0001:000078e0       ?DvIsBonjourEnabled@InitialisationParams@Net@OpenHome@@QBE_NXZ 004088e0 f   libohNetCore:OhNet.obj
 0001:00007900       ??0InitialisationParams@Net@OpenHome@@AAE@XZ 00408900 f   libohNetCore:OhNet.obj
 0001:00007b70       ?FatalErrorHandlerDefault@InitialisationParams@Net@OpenHome@@AAEXPBD@Z 00408b70 f   libohNetCore:OhNet.obj
 0001:00007ba0       ?Initialise@UpnpLibrary@Net@OpenHome@@SGXPAVInitialisationParams@23@@Z 00408ba0 f   libohNetCore:OhNet.obj
 0001:00007ca0       ?InitialiseMinimal@UpnpLibrary@Net@OpenHome@@SGXPAVInitialisationParams@23@@Z 00408ca0 f   libohNetCore:OhNet.obj
 0001:00007d40       ?Close@UpnpLibrary@Net@OpenHome@@SGXXZ 00408d40 f   libohNetCore:OhNet.obj
 0001:00007d60       ?CreateSubnetList@UpnpLibrary@Net@OpenHome@@SGPAV?$vector@PAVNetworkAdapter@OpenHome@@V?$allocator@PAVNetworkAdapter@OpenHome@@@std@@@std@@XZ 00408d60 f   libohNetCore:OhNet.obj
 0001:00007d80       ?DestroySubnetList@UpnpLibrary@Net@OpenHome@@SGXPAV?$vector@PAVNetworkAdapter@OpenHome@@V?$allocator@PAVNetworkAdapter@OpenHome@@@std@@@std@@@Z 00408d80 f   libohNetCore:OhNet.obj
 0001:00007e10       ?SetCurrentSubnet@UpnpLibrary@Net@OpenHome@@SGXI@Z 00408e10 f   libohNetCore:OhNet.obj
 0001:00007e30       ?CurrentSubnetAdapter@UpnpLibrary@Net@OpenHome@@SGPAVNetworkAdapter@3@XZ 00408e30 f   libohNetCore:OhNet.obj
 0001:00007e50       ??_GNetworkAdapter@OpenHome@@AAEPAXI@Z 00408e50 f i libohNetCore:OhNet.obj
 0001:00007e90       ?Append@Bwx@OpenHome@@QAEXD@Z 00408e90 f i libohNetCore:OhNet.obj
 0001:00007ec0       ??BFunctorMsg@OpenHome@@QBE_NXZ 00408ec0 f i libohNetCore:OhNet.obj
 0001:00007f00       ??0Functor@OpenHome@@QAE@XZ 00408f00 f i libohNetCore:OhNet.obj
 0001:00007f30       ??0FunctorAsync@Net@OpenHome@@QAE@XZ 00408f30 f i libohNetCore:OhNet.obj
 0001:00007f60       ??0FunctorMsg@OpenHome@@QAE@XZ 00408f60 f i libohNetCore:OhNet.obj
 0001:00007f90       ??0DefaultAsyncHandler@Net@OpenHome@@QAE@XZ 00408f90 f i libohNetCore:OhNet.obj
 0001:00007fc0       ??0IAsyncOutput@Net@OpenHome@@QAE@XZ 00408fc0 f i libohNetCore:OhNet.obj
 0001:00007fe0       ?Create@Os@OpenHome@@SGHXZ 00408fe0 f i libohNetCore:OhNet.obj
 0001:00008000       ?Destroy@Os@OpenHome@@SGXXZ 00409000 f i libohNetCore:OhNet.obj
 0001:00008020       ??_G?$vector@PAVNetworkAdapter@OpenHome@@V?$allocator@PAVNetworkAdapter@OpenHome@@@std@@@std@@QAEPAXI@Z 00409020 f i libohNetCore:OhNet.obj
 0001:00008060       ??1?$vector@PAVNetworkAdapter@OpenHome@@V?$allocator@PAVNetworkAdapter@OpenHome@@@std@@@std@@QAE@XZ 00409060 f i libohNetCore:OhNet.obj
 0001:000080d0       ?size@?$vector@PAVNetworkAdapter@OpenHome@@V?$allocator@PAVNetworkAdapter@OpenHome@@@std@@@std@@QBEIXZ 004090d0 f i libohNetCore:OhNet.obj
 0001:00008100       ??A?$vector@PAVNetworkAdapter@OpenHome@@V?$allocator@PAVNetworkAdapter@OpenHome@@@std@@@std@@QAEAAPAVNetworkAdapter@OpenHome@@I@Z 00409100 f i libohNetCore:OhNet.obj
 0001:000081a0       ?_Tidy@?$vector@PAVNetworkAdapter@OpenHome@@V?$allocator@PAVNetworkAdapter@OpenHome@@@std@@@std@@IAEXXZ 004091a0 f i libohNetCore:OhNet.obj
 0001:00008230       ?_Orphan_all@_Container_base12@std@@QAEXXZ 00409230 f i libohNetCore:OhNet.obj
 0001:000082e0       ??1?$_Vector_val@PAVNetworkAdapter@OpenHome@@V?$allocator@PAVNetworkAdapter@OpenHome@@@std@@@std@@QAE@XZ 004092e0 f i libohNetCore:OhNet.obj
 0001:000083c0       ??1_Container_base12@std@@QAE@XZ 004093c0 f i libohNetCore:OhNet.obj
 0001:000083f0       ?_Destroy@?$vector@PAVNetworkAdapter@OpenHome@@V?$allocator@PAVNetworkAdapter@OpenHome@@@std@@@std@@IAEXPAPAVNetworkAdapter@OpenHome@@0@Z 004093f0 f i libohNetCore:OhNet.obj
 0001:00008430       ?deallocate@?$allocator@PAVNetworkAdapter@OpenHome@@@std@@QAEXPAPAVNetworkAdapter@OpenHome@@I@Z 00409430 f i libohNetCore:OhNet.obj
 0001:00008460       ?deallocate@?$allocator@U_Container_proxy@std@@@std@@QAEXPAU_Container_proxy@2@I@Z 00409460 f i libohNetCore:OhNet.obj
 0001:00008490       ??$MakeFunctorMsg@VDefaultLogger@Net@OpenHome@@V123@@OpenHome@@YG?AV?$MemberTranslatorMsg@VDefaultLogger@Net@OpenHome@@P8123@AEXPBD@Z@0@AAVDefaultLogger@Net@0@ABQ8230@AEXPBD@Z@Z 00409490 f i libohNetCore:OhNet.obj
 0001:000084c0       ??$MakeFunctorAsync@VDefaultAsyncHandler@Net@OpenHome@@V123@@Net@OpenHome@@YG?AV?$MemberTranslatorAsync@VDefaultAsyncHandler@Net@OpenHome@@P8123@AEXAAVIAsync@23@@Z@01@AAVDefaultAsyncHandler@01@ABQ8301@AEXAAVIAsync@01@@Z@Z 004094c0 f i libohNetCore:OhNet.obj
 0001:000084f0       ??$MakeFunctorMsg@VInitialisationParams@Net@OpenHome@@V123@@OpenHome@@YG?AV?$MemberTranslatorMsg@VInitialisationParams@Net@OpenHome@@P8123@AEXPBD@Z@0@AAVInitialisationParams@Net@0@ABQ8230@AEXPBD@Z@Z 004094f0 f i libohNetCore:OhNet.obj
 0001:00008520       ??$?0PAVNetworkAdapter@OpenHome@@@?$allocator@U_Container_proxy@std@@@std@@QAE@ABV?$allocator@PAVNetworkAdapter@OpenHome@@@1@@Z 00409520 f i libohNetCore:OhNet.obj
 0001:00008540       ??$_Dest_val@V?$allocator@U_Container_proxy@std@@@std@@U_Container_proxy@2@@std@@YGXAAV?$allocator@U_Container_proxy@std@@@0@PAU_Container_proxy@0@@Z 00409540 f i libohNetCore:OhNet.obj
 0001:00008560       ??$_Destroy_range@V?$allocator@PAVNetworkAdapter@OpenHome@@@std@@@std@@YGXPAPAVNetworkAdapter@OpenHome@@0AAV?$allocator@PAVNetworkAdapter@OpenHome@@@0@@Z 00409560 f i libohNetCore:OhNet.obj
 0001:000085b0       ??0?$MemberTranslatorMsg@VDefaultLogger@Net@OpenHome@@P8123@AEXPBD@Z@OpenHome@@QAE@AAVDefaultLogger@Net@1@ABQ8231@AEXPBD@Z@Z 004095b0 f i libohNetCore:OhNet.obj
 0001:000085f0       ??0?$MemberTranslatorAsync@VDefaultAsyncHandler@Net@OpenHome@@P8123@AEXAAVIAsync@23@@Z@Net@OpenHome@@QAE@AAVDefaultAsyncHandler@12@ABQ8312@AEXAAVIAsync@12@@Z@Z 004095f0 f i libohNetCore:OhNet.obj
 0001:00008630       ??0FunctorAsync@Net@OpenHome@@IAE@P6GXABV012@AAVIAsync@12@@ZPBX3I@Z 00409630 f i libohNetCore:OhNet.obj
 0001:00008680       ??0?$MemberTranslatorMsg@VInitialisationParams@Net@OpenHome@@P8123@AEXPBD@Z@OpenHome@@QAE@AAVInitialisationParams@Net@1@ABQ8231@AEXPBD@Z@Z 00409680 f i libohNetCore:OhNet.obj
 0001:000086c0       ?destroy@?$allocator@U_Container_proxy@std@@@std@@QAEXPAU_Container_proxy@2@@Z 004096c0 f i libohNetCore:OhNet.obj
 0001:000086f0       ?Thunk@?$MemberTranslatorMsg@VDefaultLogger@Net@OpenHome@@P8123@AEXPBD@Z@OpenHome@@SGXABVFunctorMsg@2@PBD@Z 004096f0 f i libohNetCore:OhNet.obj
 0001:00008740       ?Thunk@?$MemberTranslatorAsync@VDefaultAsyncHandler@Net@OpenHome@@P8123@AEXAAVIAsync@23@@Z@Net@OpenHome@@SGXABVFunctorAsync@23@AAVIAsync@23@@Z 00409740 f i libohNetCore:OhNet.obj
 0001:00008790       ?Thunk@?$MemberTranslatorMsg@VInitialisationParams@Net@OpenHome@@P8123@AEXPBD@Z@OpenHome@@SGXABVFunctorMsg@2@PBD@Z 00409790 f i libohNetCore:OhNet.obj
 0001:000087e0       ??$_Ptr_cat@PAVNetworkAdapter@OpenHome@@PAV12@@std@@YG?AU_Scalar_ptr_iterator_tag@0@PAPAVNetworkAdapter@OpenHome@@0@Z 004097e0 f i libohNetCore:OhNet.obj
 0001:00008840       ??$_Destroy_range@V?$allocator@PAVNetworkAdapter@OpenHome@@@std@@@std@@YGXPAPAVNetworkAdapter@OpenHome@@0AAV?$allocator@PAVNetworkAdapter@OpenHome@@@0@U_Scalar_ptr_iterator_tag@0@@Z 00409840 f i libohNetCore:OhNet.obj
 0001:00008850       ??$_Destroy@U_Container_proxy@std@@@std@@YGXPAU_Container_proxy@0@@Z 00409850 f i libohNetCore:OhNet.obj
 0001:00008860       _OsCreate@0                00409860 f   libohNetCore:Os.obj
 0001:00008a30       _OsDestroy@0               00409a30 f   libohNetCore:Os.obj
 0001:00008b40       _OsQuit@0                  00409b40 f   libohNetCore:Os.obj
 0001:00008b60       _OsTimeInUs@0              00409b60 f   libohNetCore:Os.obj
 0001:00008c40       _OsConsoleWrite@4          00409c40 f   libohNetCore:Os.obj
 0001:00008c80       _OsGetPlatformNameAndVersion@12 00409c80 f   libohNetCore:Os.obj
 0001:00008d50       _OsSemaphoreCreate@8       00409d50 f   libohNetCore:Os.obj
 0001:00008d90       _OsSemaphoreDestroy@4      00409d90 f   libohNetCore:Os.obj
 0001:00008dc0       _OsSemaphoreWait@4         00409dc0 f   libohNetCore:Os.obj
 0001:00008e00       _OsSemaphoreTimedWait@8    00409e00 f   libohNetCore:Os.obj
 0001:00008e60       _OsSemaphoreClear@4        00409e60 f   libohNetCore:Os.obj
 0001:00008eb0       _OsSemaphoreSignal@4       00409eb0 f   libohNetCore:Os.obj
 0001:00008f00       _OsMutexCreate@4           00409f00 f   libohNetCore:Os.obj
 0001:00008f60       _OsMutexDestroy@4          00409f60 f   libohNetCore:Os.obj
 0001:00008fb0       _OsMutexLock@4             00409fb0 f   libohNetCore:Os.obj
 0001:00009020       _OsMutexUnlock@4           0040a020 f   libohNetCore:Os.obj
 0001:00009080       _threadEntrypoint@4        0040a080 f   libohNetCore:Os.obj
 0001:00009180       _OsThreadCreate@20         0040a180 f   libohNetCore:Os.obj
 0001:00009260       _OsThreadTls@0             0040a260 f   libohNetCore:Os.obj
 0001:00009290       _OsThreadDestroy@4         0040a290 f   libohNetCore:Os.obj
 0001:000092b0       _OsThreadSupportsPriorities@0 0040a2b0 f   libohNetCore:Os.obj
 0001:000092c0       _OsNetworkCreate@4         0040a2c0 f   libohNetCore:Os.obj
 0001:000093c0       _OsNetworkBind@12          0040a3c0 f   libohNetCore:Os.obj
 0001:000094c0       _OsNetworkPort@8           0040a4c0 f   libohNetCore:Os.obj
 0001:00009590       _OsNetworkConnect@16       0040a590 f   libohNetCore:Os.obj
 0001:00009820       _OsNetworkSend@12          0040a820 f   libohNetCore:Os.obj
 0001:000098c0       _OsNetworkSendTo@20        0040a8c0 f   libohNetCore:Os.obj
 0001:000099b0       _OsNetworkReceive@12       0040a9b0 f   libohNetCore:Os.obj
 0001:00009b40       _OsNetworkReceiveFrom@20   0040ab40 f   libohNetCore:Os.obj
 0001:00009d40       _OsNetworkInterrupt@8      0040ad40 f   libohNetCore:Os.obj
 0001:00009dd0       _OsNetworkClose@4          0040add0 f   libohNetCore:Os.obj
 0001:00009e40       _OsNetworkListen@8         0040ae40 f   libohNetCore:Os.obj
 0001:00009ea0       _OsNetworkAccept@4         0040aea0 f   libohNetCore:Os.obj
 0001:0000a040       _OsNetworkGetHostByName@8  0040b040 f   libohNetCore:Os.obj
 0001:0000a0b0       _OsNetworkSocketSetSendBufBytes@8 0040b0b0 f   libohNetCore:Os.obj
 0001:0000a110       _OsNetworkSocketSetRecvBufBytes@8 0040b110 f   libohNetCore:Os.obj
 0001:0000a170       _OsNetworkSocketSetReceiveTimeout@8 0040b170 f   libohNetCore:Os.obj
 0001:0000a220       _OsNetworkTcpSetNoDelay@4  0040b220 f   libohNetCore:Os.obj
 0001:0000a2b0       _OsNetworkSocketSetReuseAddress@4 0040b2b0 f   libohNetCore:Os.obj
 0001:0000a350       _OsNetworkSocketSetMulticastTtl@8 0040b350 f   libohNetCore:Os.obj
 0001:0000a3b0       _OsNetworkSocketMulticastAddMembership@12 0040b3b0 f   libohNetCore:Os.obj
 0001:0000a490       _OsNetworkSocketMulticastDropMembership@12 0040b490 f   libohNetCore:Os.obj
 0001:0000a530       _OsNetworkListAdapters@8   0040b530 f   libohNetCore:Os.obj
 0001:0000a950       _OsNetworkFreeInterfaces@4 0040b950 f   libohNetCore:Os.obj
 0001:0000a9a0       _interfaceChangeThread@4   0040b9a0 f   libohNetCore:Os.obj
 0001:0000ab00       _OsNetworkSetInterfaceChangedObserver@8 0040bb00 f   libohNetCore:Os.obj
 0001:0000ac20       _OsNetworkSetTestInterfaceIndex@4 0040bc20 f   libohNetCore:Os.obj
 0001:0000ac60       ?hexChar@@YGDE@Z           0040bc60 f   libohNetCore:Printer.obj
 0001:0000aca0       ?RegisterOutput@Log@OpenHome@@SGXAAVFunctorMsg@2@@Z 0040bca0 f   libohNetCore:Printer.obj
 0001:0000acd0       ?Print@Log@OpenHome@@SGHABVBrx@2@@Z 0040bcd0 f   libohNetCore:Printer.obj
 0001:0000acf0       ?PrintHex@Log@OpenHome@@SGHABVBrx@2@@Z 0040bcf0 f   libohNetCore:Printer.obj
 0001:0000ad10       ?Print@Log@OpenHome@@SAHPBDZZ 0040bd10 f   libohNetCore:Printer.obj
 0001:0000ad60       ?Print@Log@OpenHome@@SGHPBDPAD@Z 0040bd60 f   libohNetCore:Printer.obj
 0001:0000ad80       ?PrintHex@Log@OpenHome@@SGHAAVFunctorMsg@2@ABVBrx@2@@Z 0040bd80 f   libohNetCore:Printer.obj
 0001:0000b0e0       ?Print@Log@OpenHome@@SGHAAVFunctorMsg@2@ABVBrx@2@@Z 0040c0e0 f   libohNetCore:Printer.obj
 0001:0000b270       ?Print@Log@OpenHome@@SGHAAVFunctorMsg@2@PBDPAD@Z 0040c270 f   libohNetCore:Printer.obj
 0001:0000b3c0       ?DoPrint@Log@OpenHome@@CGHAAVFunctorMsg@2@PBE@Z 0040c3c0 f   libohNetCore:Printer.obj
 0001:0000b400       ??ABrx@OpenHome@@QBEABEI@Z 0040c400 f i libohNetCore:Printer.obj
 0001:0000b430       ??ABwx@OpenHome@@QAEAAEI@Z 0040c430 f i libohNetCore:Printer.obj
 0001:0000b460       ??1?$Bws@$0EAB@@OpenHome@@UAE@XZ 0040c460 f i libohNetCore:Printer.obj
 0001:0000b490       ??1Bwn@OpenHome@@UAE@XZ    0040c490 f i libohNetCore:Printer.obj
 0001:0000b4c0       ??0?$Bws@$0EAB@@OpenHome@@QAE@I@Z 0040c4c0 f i libohNetCore:Printer.obj
 0001:0000b500       ?Ptr@?$Bws@$0EAB@@OpenHome@@UBEPBEXZ 0040c500 f i libohNetCore:Printer.obj
 0001:0000b520       ??_E?$Bws@$0EAB@@OpenHome@@UAEPAXI@Z 0040c520 f i libohNetCore:Printer.obj
 0001:0000b520       ??_G?$Bws@$0EAB@@OpenHome@@UAEPAXI@Z 0040c520 f i libohNetCore:Printer.obj
 0001:0000b560       ?Now@Time@OpenHome@@SGIXZ  0040c560 f   libohNetCore:Timer.obj
 0001:0000b580       ?IsBeforeOrAt@Time@OpenHome@@SG_NII@Z 0040c580 f   libohNetCore:Timer.obj
 0001:0000b5b0       ?IsAfter@Time@OpenHome@@SG_NII@Z 0040c5b0 f   libohNetCore:Timer.obj
 0001:0000b5e0       ?IsInPastOrNow@Time@OpenHome@@SG_NI@Z 0040c5e0 f   libohNetCore:Timer.obj
 0001:0000b600       ?IsInFuture@Time@OpenHome@@SG_NI@Z 0040c600 f   libohNetCore:Timer.obj
 0001:0000b620       ?TimeToWaitFor@Time@OpenHome@@SGHI@Z 0040c620 f   libohNetCore:Timer.obj
 0001:0000b640       ??0Timer@OpenHome@@QAE@VFunctor@1@@Z 0040c640 f   libohNetCore:Timer.obj
 0001:0000b690       ?FireIn@Timer@OpenHome@@QAEXI@Z 0040c690 f   libohNetCore:Timer.obj
 0001:0000b700       ?FireAt@Timer@OpenHome@@QAEXI@Z 0040c700 f   libohNetCore:Timer.obj
 0001:0000b790       ?Cancel@Timer@OpenHome@@QAEXXZ 0040c790 f   libohNetCore:Timer.obj
 0001:0000b7e0       ?DoCancel@Timer@OpenHome@@AAEXXZ 0040c7e0 f   libohNetCore:Timer.obj
 0001:0000b850       ??1Timer@OpenHome@@QAE@XZ  0040c850 f   libohNetCore:Timer.obj
 0001:0000b8d0       ??0TimerManager@OpenHome@@QAE@XZ 0040c8d0 f   libohNetCore:Timer.obj
 0001:0000bac0       ??1TimerManager@OpenHome@@UAE@XZ 0040cac0 f   libohNetCore:Timer.obj
 0001:0000bc00       ?Stop@TimerManager@OpenHome@@QAEXXZ 0040cc00 f   libohNetCore:Timer.obj
 0001:0000bce0       ?CallbackLock@TimerManager@OpenHome@@QAEXXZ 0040cce0 f   libohNetCore:Timer.obj
 0001:0000bd10       ?CallbackUnlock@TimerManager@OpenHome@@QAEXXZ 0040cd10 f   libohNetCore:Timer.obj
 0001:0000bd40       ?HeadChanged@TimerManager@OpenHome@@EAEXAAVQueueSortedEntry@2@@Z 0040cd40 f   libohNetCore:Timer.obj
 0001:0000be60       ?Fire@TimerManager@OpenHome@@AAEXXZ 0040ce60 f   libohNetCore:Timer.obj
 0001:0000bf60       ?Thread@TimerManager@OpenHome@@ABEPAV02@XZ 0040cf60 f   libohNetCore:Timer.obj
 0001:0000bf80       ?Compare@TimerManager@OpenHome@@EAEHAAVQueueSortedEntry@2@0@Z 0040cf80 f   libohNetCore:Timer.obj
 0001:0000bfd0       ?Run@TimerManager@OpenHome@@AAEXXZ 0040cfd0 f   libohNetCore:Timer.obj
 0001:0000c0e0       ??0QueueSortedEntryTimer@OpenHome@@QAE@XZ 0040d0e0 f i libohNetCore:Timer.obj
 0001:0000c110       ??_GTimerManager@OpenHome@@UAEPAXI@Z 0040d110 f i libohNetCore:Timer.obj
 0001:0000c110       ??_ETimerManager@OpenHome@@UAEPAXI@Z 0040d110 f i libohNetCore:Timer.obj
 0001:0000c150       ??0?$QueueSorted@VTimer@OpenHome@@@OpenHome@@QAE@XZ 0040d150 f i libohNetCore:Timer.obj
 0001:0000c180       ??1?$QueueSorted@VTimer@OpenHome@@@OpenHome@@UAE@XZ 0040d180 f i libohNetCore:Timer.obj
 0001:0000c1b0       ??_G?$QueueSorted@VTimer@OpenHome@@@OpenHome@@UAEPAXI@Z 0040d1b0 f i libohNetCore:Timer.obj
 0001:0000c1b0       ??_E?$QueueSorted@VTimer@OpenHome@@@OpenHome@@UAEPAXI@Z 0040d1b0 f i libohNetCore:Timer.obj
 0001:0000c1f0       ?Add@?$QueueSorted@VTimer@OpenHome@@@OpenHome@@QAEXAAVTimer@2@@Z 0040d1f0 f i libohNetCore:Timer.obj
 0001:0000c220       ?Remove@?$QueueSorted@VTimer@OpenHome@@@OpenHome@@QAEXAAVTimer@2@@Z 0040d220 f i libohNetCore:Timer.obj
 0001:0000c250       ?RemoveHead@?$QueueSorted@VTimer@OpenHome@@@OpenHome@@QAEAAVTimer@2@XZ 0040d250 f i libohNetCore:Timer.obj
 0001:0000c280       ?Entry@?$QueueSorted@VTimer@OpenHome@@@OpenHome@@IAEAAVTimer@2@AAVQueueSortedEntry@2@@Z 0040d280 f i libohNetCore:Timer.obj
 0001:0000c2a0       ??$MakeFunctor@VTimerManager@OpenHome@@XV12@@OpenHome@@YG?AV?$MemberTranslator@VTimerManager@OpenHome@@P812@AEXXZ@0@AAVTimerManager@0@ABQ820@AEXXZ@Z 0040d2a0 f i libohNetCore:Timer.obj
 0001:0000c2d0       ??0?$MemberTranslator@VTimerManager@OpenHome@@P812@AEXXZ@OpenHome@@QAE@AAVTimerManager@1@ABQ821@AEXXZ@Z 0040d2d0 f i libohNetCore:Timer.obj
 0001:0000c310       ?Thunk@?$MemberTranslator@VTimerManager@OpenHome@@P812@AEXXZ@OpenHome@@SGXABVFunctor@2@@Z 0040d310 f i libohNetCore:Timer.obj
 0001:0000c360       ?Empty@Brx@OpenHome@@SGABVBrn@2@XZ 0040d360 f   libohNetCore:Buffer.obj
 0001:0000c370       ?Equals@Brx@OpenHome@@QBE_NABV12@@Z 0040d370 f   libohNetCore:Buffer.obj
 0001:0000c3f0       ?At@Brx@OpenHome@@QBEABEI@Z 0040d3f0 f   libohNetCore:Buffer.obj
 0001:0000c450       ?Split@Brx@OpenHome@@QBE?AVBrn@2@I@Z 0040d450 f   libohNetCore:Buffer.obj
 0001:0000c4e0       ?Split@Brx@OpenHome@@QBE?AVBrn@2@II@Z 0040d4e0 f   libohNetCore:Buffer.obj
 0001:0000c560       ?BeginsWith@Brx@OpenHome@@QBE_NABV12@@Z 0040d560 f   libohNetCore:Buffer.obj
 0001:0000c5e0       ??0Brn@OpenHome@@QAE@PBD@Z 0040d5e0 f   libohNetCore:Buffer.obj
 0001:0000c630       ?Set@Brn@OpenHome@@QAEXPBD@Z 0040d630 f   libohNetCore:Buffer.obj
 0001:0000c670       ?Ptr@Brn@OpenHome@@UBEPBEXZ 0040d670 f   libohNetCore:Buffer.obj
 0001:0000c6b0       ??1Brv@OpenHome@@UAE@XZ    0040d6b0 f   libohNetCore:Buffer.obj
 0001:0000c6f0       ?Ptr@Brv@OpenHome@@UBEPBEXZ 0040d6f0 f   libohNetCore:Buffer.obj
 0001:0000c710       ??0Brh@OpenHome@@QAE@ABVBrx@1@@Z 0040d710 f   libohNetCore:Buffer.obj
 0001:0000c790       ??0Brh@OpenHome@@QAE@PBD@Z 0040d790 f   libohNetCore:Buffer.obj
 0001:0000c810       ?Set@Brh@OpenHome@@QAEXPBEI@Z 0040d810 f   libohNetCore:Buffer.obj
 0001:0000c870       ?Set@Brh@OpenHome@@QAEXPBD@Z 0040d870 f   libohNetCore:Buffer.obj
 0001:0000c8b0       ?TransferTo@Brh@OpenHome@@QAEXAAV12@@Z 0040d8b0 f   libohNetCore:Buffer.obj
 0001:0000c910       ?Extract@Brh@OpenHome@@QAEPADXZ 0040d910 f   libohNetCore:Buffer.obj
 0001:0000c950       ??0Brhz@OpenHome@@QAE@ABVBrx@1@@Z 0040d950 f   libohNetCore:Buffer.obj
 0001:0000c9d0       ??0Brhz@OpenHome@@QAE@PBD@Z 0040d9d0 f   libohNetCore:Buffer.obj
 0001:0000ca50       ?Set@Brhz@OpenHome@@QAEXPBEI@Z 0040da50 f   libohNetCore:Buffer.obj
 0001:0000cb10       ?Set@Brhz@OpenHome@@QAEXPBD@Z 0040db10 f   libohNetCore:Buffer.obj
 0001:0000cb50       ?Shrink@Brhz@OpenHome@@QAEXI@Z 0040db50 f   libohNetCore:Buffer.obj
 0001:0000cbf0       ?TransferTo@Brhz@OpenHome@@QAEXAAVBrh@2@@Z 0040dbf0 f   libohNetCore:Buffer.obj
 0001:0000cc50       ?TransferTo@Brhz@OpenHome@@QAEXAAV12@@Z 0040dc50 f   libohNetCore:Buffer.obj
 0001:0000ccb0       ?Transfer@Brhz@OpenHome@@QAEPADXZ 0040dcb0 f   libohNetCore:Buffer.obj
 0001:0000ccf0       ??0Bwx@OpenHome@@IAE@II@Z  0040dcf0 f   libohNetCore:Buffer.obj
 0001:0000cd90       ?Replace@Bwx@OpenHome@@QAEXABVBrx@2@@Z 0040dd90 f   libohNetCore:Buffer.obj
 0001:0000ce20       ?ReplaceThrow@Bwx@OpenHome@@QAEXABVBrx@2@@Z 0040de20 f   libohNetCore:Buffer.obj
 0001:0000cf40       ?Replace@Bwx@OpenHome@@QAEXPBEI@Z 0040df40 f   libohNetCore:Buffer.obj
 0001:0000cfb0       ?Replace@Bwx@OpenHome@@QAEXPBD@Z 0040dfb0 f   libohNetCore:Buffer.obj
 0001:0000d040       ?Append@Bwx@OpenHome@@QAEXPBD@Z 0040e040 f   libohNetCore:Buffer.obj
 0001:0000d080       ?Append@Bwx@OpenHome@@QAEXABVBrx@2@@Z 0040e080 f   libohNetCore:Buffer.obj
 0001:0000d0d0       ?Append@Bwx@OpenHome@@QAEXPBEI@Z 0040e0d0 f   libohNetCore:Buffer.obj
 0001:0000d160       ?AppendPrintf@Bwx@OpenHome@@QAAXPBDZZ 0040e160 f   libohNetCore:Buffer.obj
 0001:0000d2a0       ?PtrZ@Bwx@OpenHome@@QBEPBDXZ 0040e2a0 f   libohNetCore:Buffer.obj
 0001:0000d320       ?Fill@Bwx@OpenHome@@QAEXE@Z 0040e320 f   libohNetCore:Buffer.obj
 0001:0000d370       ?SetBytes@Bwx@OpenHome@@QAEXI@Z 0040e370 f   libohNetCore:Buffer.obj
 0001:0000d3c0       ?At@Bwx@OpenHome@@QAEAAEI@Z 0040e3c0 f   libohNetCore:Buffer.obj
 0001:0000d420       ??0Bwn@OpenHome@@QAE@XZ    0040e420 f   libohNetCore:Buffer.obj
 0001:0000d460       ??0Bwn@OpenHome@@QAE@ABVBwx@1@@Z 0040e460 f   libohNetCore:Buffer.obj
 0001:0000d500       ??0Bwn@OpenHome@@QAE@ABV01@@Z 0040e500 f   libohNetCore:Buffer.obj
 0001:0000d5a0       ??0Bwn@OpenHome@@QAE@PBEI@Z 0040e5a0 f   libohNetCore:Buffer.obj
 0001:0000d5f0       ??0Bwn@OpenHome@@QAE@PBEII@Z 0040e5f0 f   libohNetCore:Buffer.obj
 0001:0000d640       ??0Bwn@OpenHome@@QAE@PBDI@Z 0040e640 f   libohNetCore:Buffer.obj
 0001:0000d690       ??0Bwn@OpenHome@@QAE@PBDII@Z 0040e690 f   libohNetCore:Buffer.obj
 0001:0000d6e0       ?Set@Bwn@OpenHome@@QAEXABVBwx@2@@Z 0040e6e0 f   libohNetCore:Buffer.obj
 0001:0000d740       ?Set@Bwn@OpenHome@@QAEXPBEI@Z 0040e740 f   libohNetCore:Buffer.obj
 0001:0000d770       ?Set@Bwn@OpenHome@@QAEXPBEII@Z 0040e770 f   libohNetCore:Buffer.obj
 0001:0000d7c0       ?Ptr@Bwn@OpenHome@@UBEPBEXZ 0040e7c0 f   libohNetCore:Buffer.obj
 0001:0000d7e0       ??0Bwh@OpenHome@@QAE@XZ    0040e7e0 f   libohNetCore:Buffer.obj
 0001:0000d820       ??0Bwh@OpenHome@@QAE@I@Z   0040e820 f   libohNetCore:Buffer.obj
 0001:0000d870       ??0Bwh@OpenHome@@QAE@II@Z  0040e870 f   libohNetCore:Buffer.obj
 0001:0000d8c0       ??1Bwh@OpenHome@@UAE@XZ    0040e8c0 f   libohNetCore:Buffer.obj
 0001:0000d900       ?Ptr@Bwh@OpenHome@@UBEPBEXZ 0040e900 f   libohNetCore:Buffer.obj
 0001:0000d940       ??0Bwh@OpenHome@@QAE@PBD@Z 0040e940 f   libohNetCore:Buffer.obj
 0001:0000d9e0       ??0Bwh@OpenHome@@QAE@PBEI@Z 0040e9e0 f   libohNetCore:Buffer.obj
 0001:0000da80       ??0Bwh@OpenHome@@QAE@ABVBrx@1@@Z 0040ea80 f   libohNetCore:Buffer.obj
 0001:0000db20       ??0Bwh@OpenHome@@QAE@ABV01@@Z 0040eb20 f   libohNetCore:Buffer.obj
 0001:0000dbc0       ?Grow@Bwh@OpenHome@@QAEXI@Z 0040ebc0 f   libohNetCore:Buffer.obj
 0001:0000dc70       ?TransferTo@Bwh@OpenHome@@QAEXAAVBrh@2@@Z 0040ec70 f   libohNetCore:Buffer.obj
 0001:0000dcd0       ?TransferTo@Bwh@OpenHome@@QAEXAAVBrhz@2@@Z 0040ecd0 f   libohNetCore:Buffer.obj
 0001:0000dd30       ?TransferTo@Bwh@OpenHome@@QAEXAAV12@@Z 0040ed30 f   libohNetCore:Buffer.obj
 0001:0000dd90       ??RBufferCmp@OpenHome@@QBE_NABVBrx@1@0@Z 0040ed90 f   libohNetCore:Buffer.obj
 0001:0000de90       ??0Brn@OpenHome@@QAE@PBEI@Z 0040ee90 f i libohNetCore:Buffer.obj
 0001:0000ded0       ??_EBrn@OpenHome@@UAEPAXI@Z 0040eed0 f i libohNetCore:Buffer.obj
 0001:0000ded0       ??_GBrn@OpenHome@@UAEPAXI@Z 0040eed0 f i libohNetCore:Buffer.obj
 0001:0000df10       ??1Brn@OpenHome@@UAE@XZ    0040ef10 f i libohNetCore:Buffer.obj
 0001:0000df40       ??_EBrh@OpenHome@@UAEPAXI@Z 0040ef40 f i libohNetCore:Buffer.obj
 0001:0000df40       ??_GBrh@OpenHome@@UAEPAXI@Z 0040ef40 f i libohNetCore:Buffer.obj
 0001:0000df80       ??1Brh@OpenHome@@UAE@XZ    0040ef80 f i libohNetCore:Buffer.obj
 0001:0000dfb0       ?Set@Brh@OpenHome@@QAEXABVBrx@2@@Z 0040efb0 f i libohNetCore:Buffer.obj
 0001:0000e000       ?MaxBytes@Bwx@OpenHome@@QBEIXZ 0040f000 f i libohNetCore:Buffer.obj
 0001:0000e020       ??_GBwx@OpenHome@@UAEPAXI@Z 0040f020 f i libohNetCore:Buffer.obj
 0001:0000e020       ??_EBwx@OpenHome@@UAEPAXI@Z 0040f020 f i libohNetCore:Buffer.obj
 0001:0000e060       ??0BufferOverflow@OpenHome@@QAE@PBDI@Z 0040f060 f i libohNetCore:Buffer.obj
 0001:0000e0a0       ??1BufferOverflow@OpenHome@@QAE@XZ 0040f0a0 f i libohNetCore:Buffer.obj
 0001:0000e0d0       ??0BufferFull@OpenHome@@QAE@PBDI@Z 0040f0d0 f i libohNetCore:Buffer.obj
 0001:0000e110       ??1BufferFull@OpenHome@@QAE@XZ 0040f110 f i libohNetCore:Buffer.obj
 0001:0000e140       ??_GBwn@OpenHome@@UAEPAXI@Z 0040f140 f i libohNetCore:Buffer.obj
 0001:0000e140       ??_EBwn@OpenHome@@UAEPAXI@Z 0040f140 f i libohNetCore:Buffer.obj
 0001:0000e180       ??_GBwh@OpenHome@@UAEPAXI@Z 0040f180 f i libohNetCore:Buffer.obj
 0001:0000e180       ??_EBwh@OpenHome@@UAEPAXI@Z 0040f180 f i libohNetCore:Buffer.obj
 0001:0000e1c0       ?Level@Debug@OpenHome@@SGIXZ 0040f1c0 f   libohNetCore:Debug.obj
 0001:0000e1d0       ?SetLevel@Debug@OpenHome@@SGXI@Z 0040f1d0 f   libohNetCore:Debug.obj
 0001:0000e1e0       ?TestLevel@Debug@OpenHome@@SG_NI@Z 0040f1e0 f   libohNetCore:Debug.obj
 0001:0000e200       ?BreakBeforeThrow@Debug@OpenHome@@SG_NXZ 0040f200 f   libohNetCore:Debug.obj
 0001:0000e210       ?SetBreakBeforeThrow@Debug@OpenHome@@SGX_N@Z 0040f210 f   libohNetCore:Debug.obj
 0001:0000e220       ??0AutoLog@@QAE@IPBD@Z     0040f220 f   libohNetCore:Debug.obj
 0001:0000e280       ??1AutoLog@@QAE@XZ         0040f280 f   libohNetCore:Debug.obj
 0001:0000e2d0       ??0Stack@Net@OpenHome@@QAE@XZ 0040f2d0 f   libohNetCore:Stack.obj
 0001:0000e3d0       ??0Stack@Net@OpenHome@@QAE@PAVInitialisationParams@12@@Z 0040f3d0 f   libohNetCore:Stack.obj
 0001:0000e5f0       ?Destroy@Stack@Net@OpenHome@@SGXXZ 0040f5f0 f   libohNetCore:Stack.obj
 0001:0000e650       ??1Stack@Net@OpenHome@@AAE@XZ 0040f650 f   libohNetCore:Stack.obj
 0001:0000e860       ?IsInitialised@Stack@Net@OpenHome@@SG_NXZ 0040f860 f   libohNetCore:Stack.obj
 0001:0000e880       ?GetVersion@Stack@Net@OpenHome@@SGXAAI0@Z 0040f880 f   libohNetCore:Stack.obj
 0001:0000e8a0       ?TimerManager@Stack@Net@OpenHome@@SGAAV03@XZ 0040f8a0 f   libohNetCore:Stack.obj
 0001:0000e8b0       ?Mutex@Stack@Net@OpenHome@@SGAAV03@XZ 0040f8b0 f   libohNetCore:Stack.obj
 0001:0000e8c0       ?NetworkAdapterList@Stack@Net@OpenHome@@SGAAV03@XZ 0040f8c0 f   libohNetCore:Stack.obj
 0001:0000e8d0       ?MulticastListenerClaim@Stack@Net@OpenHome@@SGAAVSsdpListenerMulticast@23@I@Z 0040f8d0 f   libohNetCore:Stack.obj
 0001:0000ea80       ?MulticastListenerRelease@Stack@Net@OpenHome@@SGXI@Z 0040fa80 f   libohNetCore:Stack.obj
 0001:0000ec20       ?SequenceNumber@Stack@Net@OpenHome@@SGIXZ 0040fc20 f   libohNetCore:Stack.obj
 0001:0000ec80       ?InitParams@Stack@Net@OpenHome@@SGAAVInitialisationParams@23@XZ 0040fc80 f   libohNetCore:Stack.obj
 0001:0000ec90       ?AddObject@Stack@Net@OpenHome@@SGXPAXPBD@Z 0040fc90 f   libohNetCore:Stack.obj
 0001:0000ecc0       ?RemoveObject@Stack@Net@OpenHome@@SGXPAXPBD@Z 0040fcc0 f   libohNetCore:Stack.obj
 0001:0000ecf0       ?ListObjects@Stack@Net@OpenHome@@SGXXZ 0040fcf0 f   libohNetCore:Stack.obj
 0001:0000ed10       ?DoAddObject@Stack@Net@OpenHome@@AAEXPAXPBD@Z 0040fd10 f   libohNetCore:Stack.obj
 0001:0000ef70       ?DoRemoveObject@Stack@Net@OpenHome@@AAEXPAXPBD@Z 0040ff70 f   libohNetCore:Stack.obj
 0001:0000f210       ?DoListObjects@Stack@Net@OpenHome@@AAEXXZ 00410210 f   libohNetCore:Stack.obj
 0001:0000f420       ?SetCpiStack@Stack@Net@OpenHome@@CGXPAVIStack@23@@Z 00410420 f   libohNetCore:Stack.obj
 0001:0000f440       ?SetDviStack@Stack@Net@OpenHome@@CGXPAVIStack@23@@Z 00410440 f   libohNetCore:Stack.obj
 0001:0000f460       ?CpiStack@Stack@Net@OpenHome@@CGPAVIStack@23@XZ 00410460 f   libohNetCore:Stack.obj
 0001:0000f470       ?DviStack@Stack@Net@OpenHome@@CGPAVIStack@23@XZ 00410470 f   libohNetCore:Stack.obj
 0001:0000f480       ??0MListener@Stack@Net@OpenHome@@QAE@I@Z 00410480 f   libohNetCore:Stack.obj
 0001:0000f4c0       ?Listener@MListener@Stack@Net@OpenHome@@QAEAAVSsdpListenerMulticast@34@XZ 004104c0 f   libohNetCore:Stack.obj
 0001:0000f4e0       ?Interface@MListener@Stack@Net@OpenHome@@QBEIXZ 004104e0 f   libohNetCore:Stack.obj
 0001:0000f510       ?AddRef@MListener@Stack@Net@OpenHome@@QAEXXZ 00410510 f   libohNetCore:Stack.obj
 0001:0000f540       ?RemoveRef@MListener@Stack@Net@OpenHome@@QAE_NXZ 00410540 f   libohNetCore:Stack.obj
 0001:0000f580       ??0ObjectType@Stack@Net@OpenHome@@QAE@PBD@Z 00410580 f   libohNetCore:Stack.obj
 0001:0000f5f0       ??1ObjectType@Stack@Net@OpenHome@@QAE@XZ 004105f0 f   libohNetCore:Stack.obj
 0001:0000f680       ??1?$map@VBrn@OpenHome@@PAVObjectType@Stack@Net@2@VBufferCmp@2@V?$allocator@U?$pair@$$CBVBrn@OpenHome@@PAVObjectType@Stack@Net@2@@std@@@std@@@std@@QAE@XZ 00410680 f i libohNetCore:Stack.obj
 0001:0000f6b0       ??BFunctor@OpenHome@@QBE_NXZ 004106b0 f i libohNetCore:Stack.obj
 0001:0000f6f0       ??_GStack@Net@OpenHome@@AAEPAXI@Z 004106f0 f i libohNetCore:Stack.obj
 0001:0000f730       ??_GNetworkAdapterList@OpenHome@@QAEPAXI@Z 00410730 f i libohNetCore:Stack.obj
 0001:0000f770       ??_GMListener@Stack@Net@OpenHome@@QAEPAXI@Z 00410770 f i libohNetCore:Stack.obj
 0001:0000f7b0       ??1?$_Vector_iterator@V?$_Vector_val@PAVMListener@Stack@Net@OpenHome@@V?$allocator@PAVMListener@Stack@Net@OpenHome@@@std@@@std@@@std@@QAE@XZ 004107b0 f i libohNetCore:Stack.obj
 0001:0000f7e0       ??0?$_Vector_const_iterator@V?$_Vector_val@PAVMListener@Stack@Net@OpenHome@@V?$allocator@PAVMListener@Stack@Net@OpenHome@@@std@@@std@@@std@@QAE@ABV01@@Z 004107e0 f i libohNetCore:Stack.obj
 0001:0000f820       ??1?$_Vector_const_iterator@V?$_Vector_val@PAVMListener@Stack@Net@OpenHome@@V?$allocator@PAVMListener@Stack@Net@OpenHome@@@std@@@std@@@std@@QAE@XZ 00410820 f i libohNetCore:Stack.obj
 0001:0000f850       ??1MListener@Stack@Net@OpenHome@@QAE@XZ 00410850 f i libohNetCore:Stack.obj
 0001:0000f880       ??0?$_Iterator012@Urandom_access_iterator_tag@std@@PAVMListener@Stack@Net@OpenHome@@HPBQAV3456@ABQAV3456@U_Iterator_base12@2@@std@@QAE@ABU01@@Z 00410880 f i libohNetCore:Stack.obj
 0001:0000f8b0       ??0_Iterator_base12@std@@QAE@ABU01@@Z 004108b0 f i libohNetCore:Stack.obj
 0001:0000f8f0       ??4_Iterator_base12@std@@QAEAAU01@ABU01@@Z 004108f0 f i libohNetCore:Stack.obj
 0001:0000f930       ?_Adopt@_Iterator_base12@std@@QAEXPBU_Container_base12@2@@Z 00410930 f i libohNetCore:Stack.obj
 0001:0000fa20       ?_Orphan_me@_Iterator_base12@std@@QAEXXZ 00410a20 f i libohNetCore:Stack.obj
 0001:0000fab0       ??1?$_Iterator012@Urandom_access_iterator_tag@std@@PAVMListener@Stack@Net@OpenHome@@HPBQAV3456@ABQAV3456@U_Iterator_base12@2@@std@@QAE@XZ 00410ab0 f i libohNetCore:Stack.obj
 0001:0000fae0       ??1_Iterator_base12@std@@QAE@XZ 00410ae0 f i libohNetCore:Stack.obj
 0001:0000fb90       ?Set@Brn@OpenHome@@QAEXABVBrx@2@@Z 00410b90 f i libohNetCore:Stack.obj
 0001:0000fbe0       ?Name@ObjectType@Stack@Net@OpenHome@@QAEABVBrx@4@XZ 00410be0 f i libohNetCore:Stack.obj
 0001:0000fc00       ?Map@ObjectType@Stack@Net@OpenHome@@QAEAAV?$map@PAXPAXU?$less@PAX@std@@V?$allocator@U?$pair@QAXPAX@std@@@2@@std@@XZ 00410c00 f i libohNetCore:Stack.obj
 0001:0000fc20       ??1?$_Tree_iterator@V?$_Tree_val@V?$_Tmap_traits@VBrn@OpenHome@@PAVObjectType@Stack@Net@2@VBufferCmp@2@V?$allocator@U?$pair@$$CBVBrn@OpenHome@@PAVObjectType@Stack@Net@2@@std@@@std@@$0A@@std@@@std@@@std@@QAE@XZ 00410c20 f i libohNetCore:Stack.obj
 0001:0000fc50       ??1?$pair@VBrn@OpenHome@@PAVObjectType@Stack@Net@2@@std@@QAE@XZ 00410c50 f i libohNetCore:Stack.obj
 0001:0000fc80       ??1?$pair@V?$_Tree_iterator@V?$_Tree_val@V?$_Tmap_traits@VBrn@OpenHome@@PAVObjectType@Stack@Net@2@VBufferCmp@2@V?$allocator@U?$pair@$$CBVBrn@OpenHome@@PAVObjectType@Stack@Net@2@@std@@@std@@$0A@@std@@@std@@@std@@_N@std@@QAE@XZ 00410c80 f i libohNetCore:Stack.obj
 0001:0000fcb0       ??1?$pair@V?$_Tree_iterator@V?$_Tree_val@V?$_Tmap_traits@PAXPAXU?$less@PAX@std@@V?$allocator@U?$pair@QAXPAX@std@@@2@$0A@@std@@@std@@@std@@_N@std@@QAE@XZ 00410cb0 f i libohNetCore:Stack.obj
 0001:0000fce0       ??1?$_Tree_const_iterator@V?$_Tree_val@V?$_Tmap_traits@VBrn@OpenHome@@PAVObjectType@Stack@Net@2@VBufferCmp@2@V?$allocator@U?$pair@$$CBVBrn@OpenHome@@PAVObjectType@Stack@Net@2@@std@@@std@@$0A@@std@@@std@@@std@@QAE@XZ 00410ce0 f i libohNetCore:Stack.obj
 0001:0000fd10       ??1?$_Pair_base@VBrn@OpenHome@@PAVObjectType@Stack@Net@2@@std@@QAE@XZ 00410d10 f i libohNetCore:Stack.obj
 0001:0000fd40       ??1?$_Pair_base@V?$_Tree_iterator@V?$_Tree_val@V?$_Tmap_traits@VBrn@OpenHome@@PAVObjectType@Stack@Net@2@VBufferCmp@2@V?$allocator@U?$pair@$$CBVBrn@OpenHome@@PAVObjectType@Stack@Net@2@@std@@@std@@$0A@@std@@@std@@@std@@_N@std@@QAE@XZ 00410d40 f i libohNetCore:Stack.obj
 0001:0000fd70       ??1?$_Pair_base@V?$_Tree_iterator@V?$_Tree_val@V?$_Tmap_traits@PAXPAXU?$less@PAX@std@@V?$allocator@U?$pair@QAXPAX@std@@@2@$0A@@std@@@std@@@std@@_N@std@@QAE@XZ 00410d70 f i libohNetCore:Stack.obj
 0001:0000fda0       ??1?$_Tree_unchecked_const_iterator@V?$_Tree_val@V?$_Tmap_traits@VBrn@OpenHome@@PAVObjectType@Stack@Net@2@VBufferCmp@2@V?$allocator@U?$pair@$$CBVBrn@OpenHome@@PAVObjectType@Stack@Net@2@@std@@@std@@$0A@@std@@@std@@U_Iterator_base12@2@@std@@QAE@XZ 00410da0 f i libohNetCore:Stack.obj
 0001:0000fdd0       ??1?$_Tree_iterator@V?$_Tree_val@V?$_Tmap_traits@PAXPAXU?$less@PAX@std@@V?$allocator@U?$pair@QAXPAX@std@@@2@$0A@@std@@@std@@@std@@QAE@XZ 00410dd0 f i libohNetCore:Stack.obj
 0001:0000fe00       ??1?$_Iterator012@Ubidirectional_iterator_tag@std@@U?$pair@$$CBVBrn@OpenHome@@PAVObjectType@Stack@Net@2@@2@HPBU32@ABU32@U_Iterator_base12@2@@std@@QAE@XZ 00410e00 f i libohNetCore:Stack.obj
 0001:0000fe30       ??1?$_Tree_const_iterator@V?$_Tree_val@V?$_Tmap_traits@PAXPAXU?$less@PAX@std@@V?$allocator@U?$pair@QAXPAX@std@@@2@$0A@@std@@@std@@@std@@QAE@XZ 00410e30 f i libohNetCore:Stack.obj
 0001:0000fe60       ??1?$_Tree_unchecked_const_iterator@V?$_Tree_val@V?$_Tmap_traits@PAXPAXU?$less@PAX@std@@V?$allocator@U?$pair@QAXPAX@std@@@2@$0A@@std@@@std@@U_Iterator_base12@2@@std@@QAE@XZ 00410e60 f i libohNetCore:Stack.obj
 0001:0000fe90       ??1?$_Iterator012@Ubidirectional_iterator_tag@std@@U?$pair@QAXPAX@2@HPBU32@ABU32@U_Iterator_base12@2@@std@@QAE@XZ 00410e90 f i libohNetCore:Stack.obj
 0001:0000fec0       ??0?$_Tree_const_iterator@V?$_Tree_val@V?$_Tmap_traits@PAXPAXU?$less@PAX@std@@V?$allocator@U?$pair@QAXPAX@std@@@2@$0A@@std@@@std@@@std@@QAE@ABV01@@Z 00410ec0 f i libohNetCore:Stack.obj
 0001:0000fef0       ??_GObjectType@Stack@Net@OpenHome@@QAEPAXI@Z 00410ef0 f i libohNetCore:Stack.obj
 0001:0000ff30       ??0?$_Tree_const_iterator@V?$_Tree_val@V?$_Tmap_traits@VBrn@OpenHome@@PAVObjectType@Stack@Net@2@VBufferCmp@2@V?$allocator@U?$pair@$$CBVBrn@OpenHome@@PAVObjectType@Stack@Net@2@@std@@@std@@$0A@@std@@@std@@@std@@QAE@ABV01@@Z 00410f30 f i libohNetCore:Stack.obj
 0001:0000ff60       ??0?$_Tree_unchecked_const_iterator@V?$_Tree_val@V?$_Tmap_traits@PAXPAXU?$less@PAX@std@@V?$allocator@U?$pair@QAXPAX@std@@@2@$0A@@std@@@std@@U_Iterator_base12@2@@std@@QAE@ABV01@@Z 00410f60 f i libohNetCore:Stack.obj
 0001:0000ffa0       ??0?$_Tree_unchecked_const_iterator@V?$_Tree_val@V?$_Tmap_traits@VBrn@OpenHome@@PAVObjectType@Stack@Net@2@VBufferCmp@2@V?$allocator@U?$pair@$$CBVBrn@OpenHome@@PAVObjectType@Stack@Net@2@@std@@@std@@$0A@@std@@@std@@U_Iterator_base12@2@@std@@QAE@ABV01@@Z 00410fa0 f i libohNetCore:Stack.obj
 0001:0000ffe0       ??0?$_Iterator012@Ubidirectional_iterator_tag@std@@U?$pair@QAXPAX@2@HPBU32@ABU32@U_Iterator_base12@2@@std@@QAE@ABU01@@Z 00410fe0 f i libohNetCore:Stack.obj
 0001:00010010       ??0?$_Iterator012@Ubidirectional_iterator_tag@std@@U?$pair@$$CBVBrn@OpenHome@@PAVObjectType@Stack@Net@2@@2@HPBU32@ABU32@U_Iterator_base12@2@@std@@QAE@ABU01@@Z 00411010 f i libohNetCore:Stack.obj
 0001:00010040       ??1?$map@PAXPAXU?$less@PAX@std@@V?$allocator@U?$pair@QAXPAX@std@@@2@@std@@QAE@XZ 00411040 f i libohNetCore:Stack.obj
 0001:00010070       ??0?$map@PAXPAXU?$less@PAX@std@@V?$allocator@U?$pair@QAXPAX@std@@@2@@std@@QAE@XZ 00411070 f i libohNetCore:Stack.obj
 0001:000100b0       ??1?$_Tree@V?$_Tmap_traits@PAXPAXU?$less@PAX@std@@V?$allocator@U?$pair@QAXPAX@std@@@2@$0A@@std@@@std@@QAE@XZ 004110b0 f i libohNetCore:Stack.obj
 0001:00010120       ?begin@?$_Tree@V?$_Tmap_traits@PAXPAXU?$less@PAX@std@@V?$allocator@U?$pair@QAXPAX@std@@@2@$0A@@std@@@std@@QAE?AV?$_Tree_iterator@V?$_Tree_val@V?$_Tmap_traits@PAXPAXU?$less@PAX@std@@V?$allocator@U?$pair@QAXPAX@std@@@2@$0A@@std@@@std@@@2@XZ 00411120 f i libohNetCore:Stack.obj
 0001:00010180       ?end@?$_Tree@V?$_Tmap_traits@PAXPAXU?$less@PAX@std@@V?$allocator@U?$pair@QAXPAX@std@@@2@$0A@@std@@@std@@QAE?AV?$_Tree_iterator@V?$_Tree_val@V?$_Tmap_traits@PAXPAXU?$less@PAX@std@@V?$allocator@U?$pair@QAXPAX@std@@@2@$0A@@std@@@std@@@2@XZ 00411180 f i libohNetCore:Stack.obj
 0001:000101d0       ?size@?$_Tree@V?$_Tmap_traits@PAXPAXU?$less@PAX@std@@V?$allocator@U?$pair@QAXPAX@std@@@2@$0A@@std@@@std@@QBEIXZ 004111d0 f i libohNetCore:Stack.obj
 0001:000101f0       ?erase@?$_Tree@V?$_Tmap_traits@PAXPAXU?$less@PAX@std@@V?$allocator@U?$pair@QAXPAX@std@@@2@$0A@@std@@@std@@QAE?AV?$_Tree_iterator@V?$_Tree_val@V?$_Tmap_traits@PAXPAXU?$less@PAX@std@@V?$allocator@U?$pair@QAXPAX@std@@@2@$0A@@std@@@std@@@2@V?$_Tree_const_iterator@V?$_Tree_val@V?$_Tmap_traits@PAXPAXU?$less@PAX@std@@V?$allocator@U?$pair@QAXPAX@std@@@2@$0A@@std@@@std@@@2@@Z 004111f0 f i libohNetCore:Stack.obj
 0001:00010900       ?_Getcont@_Iterator_base12@std@@QBEPBU_Container_base12@2@XZ 00411900 f i libohNetCore:Stack.obj
 0001:00010940       ?find@?$_Tree@V?$_Tmap_traits@PAXPAXU?$less@PAX@std@@V?$allocator@U?$pair@QAXPAX@std@@@2@$0A@@std@@@std@@QAE?AV?$_Tree_iterator@V?$_Tree_val@V?$_Tmap_traits@PAXPAXU?$less@PAX@std@@V?$allocator@U?$pair@QAXPAX@std@@@2@$0A@@std@@@std@@@2@ABQAX@Z 00411940 f i libohNetCore:Stack.obj
 0001:00010b20       ??0?$vector@PAVMListener@Stack@Net@OpenHome@@V?$allocator@PAVMListener@Stack@Net@OpenHome@@@std@@@std@@QAE@XZ 00411b20 f i libohNetCore:Stack.obj
 0001:00010b60       ??1?$vector@PAVMListener@Stack@Net@OpenHome@@V?$allocator@PAVMListener@Stack@Net@OpenHome@@@std@@@std@@QAE@XZ 00411b60 f i libohNetCore:Stack.obj
 0001:00010bd0       ?begin@?$vector@PAVMListener@Stack@Net@OpenHome@@V?$allocator@PAVMListener@Stack@Net@OpenHome@@@std@@@std@@QAE?AV?$_Vector_iterator@V?$_Vector_val@PAVMListener@Stack@Net@OpenHome@@V?$allocator@PAVMListener@Stack@Net@OpenHome@@@std@@@std@@@2@XZ 00411bd0 f i libohNetCore:Stack.obj
 0001:00010c20       ?size@?$vector@PAVMListener@Stack@Net@OpenHome@@V?$allocator@PAVMListener@Stack@Net@OpenHome@@@std@@@std@@QBEIXZ 00411c20 f i libohNetCore:Stack.obj
 0001:00010c50       ??A?$vector@PAVMListener@Stack@Net@OpenHome@@V?$allocator@PAVMListener@Stack@Net@OpenHome@@@std@@@std@@QAEAAPAVMListener@Stack@Net@OpenHome@@I@Z 00411c50 f i libohNetCore:Stack.obj
 0001:00010cf0       ?push_back@?$vector@PAVMListener@Stack@Net@OpenHome@@V?$allocator@PAVMListener@Stack@Net@OpenHome@@@std@@@std@@QAEXABQAVMListener@Stack@Net@OpenHome@@@Z 00411cf0 f i libohNetCore:Stack.obj
 0001:00010e00       ?erase@?$vector@PAVMListener@Stack@Net@OpenHome@@V?$allocator@PAVMListener@Stack@Net@OpenHome@@@std@@@std@@QAE?AV?$_Vector_iterator@V?$_Vector_val@PAVMListener@Stack@Net@OpenHome@@V?$allocator@PAVMListener@Stack@Net@OpenHome@@@std@@@std@@@2@V?$_Vector_const_iterator@V?$_Vector_val@PAVMListener@Stack@Net@OpenHome@@V?$allocator@PAVMListener@Stack@Net@OpenHome@@@std@@@std@@@2@@Z 00411e00 f i libohNetCore:Stack.obj
 0001:00010f30       ??0?$map@VBrn@OpenHome@@PAVObjectType@Stack@Net@2@VBufferCmp@2@V?$allocator@U?$pair@$$CBVBrn@OpenHome@@PAVObjectType@Stack@Net@2@@std@@@std@@@std@@QAE@XZ 00411f30 f i libohNetCore:Stack.obj
 0001:00010f80       ??1?$_Tree@V?$_Tmap_traits@VBrn@OpenHome@@PAVObjectType@Stack@Net@2@VBufferCmp@2@V?$allocator@U?$pair@$$CBVBrn@OpenHome@@PAVObjectType@Stack@Net@2@@std@@@std@@$0A@@std@@@std@@QAE@XZ 00411f80 f i libohNetCore:Stack.obj
 0001:00010ff0       ?begin@?$_Tree@V?$_Tmap_traits@VBrn@OpenHome@@PAVObjectType@Stack@Net@2@VBufferCmp@2@V?$allocator@U?$pair@$$CBVBrn@OpenHome@@PAVObjectType@Stack@Net@2@@std@@@std@@$0A@@std@@@std@@QAE?AV?$_Tree_iterator@V?$_Tree_val@V?$_Tmap_traits@VBrn@OpenHome@@PAVObjectType@Stack@Net@2@VBufferCmp@2@V?$allocator@U?$pair@$$CBVBrn@OpenHome@@PAVObjectType@Stack@Net@2@@std@@@std@@$0A@@std@@@std@@@2@XZ 00411ff0 f i libohNetCore:Stack.obj
 0001:00011050       ?end@?$_Tree@V?$_Tmap_traits@VBrn@OpenHome@@PAVObjectType@Stack@Net@2@VBufferCmp@2@V?$allocator@U?$pair@$$CBVBrn@OpenHome@@PAVObjectType@Stack@Net@2@@std@@@std@@$0A@@std@@@std@@QAE?AV?$_Tree_iterator@V?$_Tree_val@V?$_Tmap_traits@VBrn@OpenHome@@PAVObjectType@Stack@Net@2@VBufferCmp@2@V?$allocator@U?$pair@$$CBVBrn@OpenHome@@PAVObjectType@Stack@Net@2@@std@@@std@@$0A@@std@@@std@@@2@XZ 00412050 f i libohNetCore:Stack.obj
 0001:000110a0       ?size@?$_Tree@V?$_Tmap_traits@VBrn@OpenHome@@PAVObjectType@Stack@Net@2@VBufferCmp@2@V?$allocator@U?$pair@$$CBVBrn@OpenHome@@PAVObjectType@Stack@Net@2@@std@@@std@@$0A@@std@@@std@@QBEIXZ 004120a0 f i libohNetCore:Stack.obj
 0001:000110c0       ?erase@?$_Tree@V?$_Tmap_traits@VBrn@OpenHome@@PAVObjectType@Stack@Net@2@VBufferCmp@2@V?$allocator@U?$pair@$$CBVBrn@OpenHome@@PAVObjectType@Stack@Net@2@@std@@@std@@$0A@@std@@@std@@QAE?AV?$_Tree_iterator@V?$_Tree_val@V?$_Tmap_traits@VBrn@OpenHome@@PAVObjectType@Stack@Net@2@VBufferCmp@2@V?$allocator@U?$pair@$$CBVBrn@OpenHome@@PAVObjectType@Stack@Net@2@@std@@@std@@$0A@@std@@@std@@@2@V?$_Tree_const_iterator@V?$_Tree_val@V?$_Tmap_traits@VBrn@OpenHome@@PAVObjectType@Stack@Net@2@VBufferCmp@2@V?$allocator@U?$pair@$$CBVBrn@OpenHome@@PAVObjectType@Stack@Net@2@@std@@@std@@$0A@@std@@@std@@@2@@Z 004120c0 f i libohNetCore:Stack.obj
 0001:000117d0       ?find@?$_Tree@V?$_Tmap_traits@VBrn@OpenHome@@PAVObjectType@Stack@Net@2@VBufferCmp@2@V?$allocator@U?$pair@$$CBVBrn@OpenHome@@PAVObjectType@Stack@Net@2@@std@@@std@@$0A@@std@@@std@@QAE?AV?$_Tree_iterator@V?$_Tree_val@V?$_Tmap_traits@VBrn@OpenHome@@PAVObjectType@Stack@Net@2@VBufferCmp@2@V?$allocator@U?$pair@$$CBVBrn@OpenHome@@PAVObjectType@Stack@Net@2@@std@@@std@@$0A@@std@@@std@@@2@ABVBrn@OpenHome@@@Z 004127d0 f i libohNetCore:Stack.obj
 0001:000119b0       ??H?$_Vector_iterator@V?$_Vector_val@PAVMListener@Stack@Net@OpenHome@@V?$allocator@PAVMListener@Stack@Net@OpenHome@@@std@@@std@@@std@@QBE?AV01@H@Z 004129b0 f i libohNetCore:Stack.obj
 0001:00011a90       ??C?$_Tree_iterator@V?$_Tree_val@V?$_Tmap_traits@VBrn@OpenHome@@PAVObjectType@Stack@Net@2@VBufferCmp@2@V?$allocator@U?$pair@$$CBVBrn@OpenHome@@PAVObjectType@Stack@Net@2@@std@@@std@@$0A@@std@@@std@@@std@@QBEPAU?$pair@$$CBVBrn@OpenHome@@PAVObjectType@Stack@Net@2@@1@XZ 00412a90 f i libohNetCore:Stack.obj
 0001:00011ac0       ??E?$_Tree_iterator@V?$_Tree_val@V?$_Tmap_traits@VBrn@OpenHome@@PAVObjectType@Stack@Net@2@VBufferCmp@2@V?$allocator@U?$pair@$$CBVBrn@OpenHome@@PAVObjectType@Stack@Net@2@@std@@@std@@$0A@@std@@@std@@@std@@QAE?AV01@H@Z 00412ac0 f i libohNetCore:Stack.obj
 0001:00011b90       ??9?$_Tree_const_iterator@V?$_Tree_val@V?$_Tmap_traits@VBrn@OpenHome@@PAVObjectType@Stack@Net@2@VBufferCmp@2@V?$allocator@U?$pair@$$CBVBrn@OpenHome@@PAVObjectType@Stack@Net@2@@std@@@std@@$0A@@std@@@std@@@std@@QBE_NABV01@@Z 00412b90 f i libohNetCore:Stack.obj
 0001:00011bd0       ??C?$_Tree_iterator@V?$_Tree_val@V?$_Tmap_traits@PAXPAXU?$less@PAX@std@@V?$allocator@U?$pair@QAXPAX@std@@@2@$0A@@std@@@std@@@std@@QBEPAU?$pair@QAXPAX@1@XZ 00412bd0 f i libohNetCore:Stack.obj
 0001:00011c00       ??E?$_Tree_iterator@V?$_Tree_val@V?$_Tmap_traits@PAXPAXU?$less@PAX@std@@V?$allocator@U?$pair@QAXPAX@std@@@2@$0A@@std@@@std@@@std@@QAE?AV01@H@Z 00412c00 f i libohNetCore:Stack.obj
 0001:00011cd0       ??9?$_Tree_const_iterator@V?$_Tree_val@V?$_Tmap_traits@PAXPAXU?$less@PAX@std@@V?$allocator@U?$pair@QAXPAX@std@@@2@$0A@@std@@@std@@@std@@QBE_NABV01@@Z 00412cd0 f i libohNetCore:Stack.obj
 0001:00011d10       ??0?$_Tree_iterator@V?$_Tree_val@V?$_Tmap_traits@PAXPAXU?$less@PAX@std@@V?$allocator@U?$pair@QAXPAX@std@@@2@$0A@@std@@@std@@@std@@QAE@ABV01@@Z 00412d10 f i libohNetCore:Stack.obj
 0001:00011d40       ??0?$_Tree_iterator@V?$_Tree_val@V?$_Tmap_traits@VBrn@OpenHome@@PAVObjectType@Stack@Net@2@VBufferCmp@2@V?$allocator@U?$pair@$$CBVBrn@OpenHome@@PAVObjectType@Stack@Net@2@@std@@@std@@$0A@@std@@@std@@@std@@QAE@ABV01@@Z 00412d40 f i libohNetCore:Stack.obj
 0001:00011d70       ??0?$_Vector_iterator@V?$_Vector_val@PAVMListener@Stack@Net@OpenHome@@V?$allocator@PAVMListener@Stack@Net@OpenHome@@@std@@@std@@@std@@QAE@ABV01@@Z 00412d70 f i libohNetCore:Stack.obj
 0001:00011da0       ??0?$_Tree@V?$_Tmap_traits@PAXPAXU?$less@PAX@std@@V?$allocator@U?$pair@QAXPAX@std@@@2@$0A@@std@@@std@@QAE@ABU?$less@PAX@1@ABV?$allocator@U?$pair@QAXPAX@std@@@1@@Z 00412da0 f i libohNetCore:Stack.obj
 0001:00011df0       ?lower_bound@?$_Tree@V?$_Tmap_traits@PAXPAXU?$less@PAX@std@@V?$allocator@U?$pair@QAXPAX@std@@@2@$0A@@std@@@std@@QAE?AV?$_Tree_iterator@V?$_Tree_val@V?$_Tmap_traits@PAXPAXU?$less@PAX@std@@V?$allocator@U?$pair@QAXPAX@std@@@2@$0A@@std@@@std@@@2@ABQAX@Z 00412df0 f i libohNetCore:Stack.obj
 0001:00011e50       ?_Lmost@?$_Tree@V?$_Tmap_traits@PAXPAXU?$less@PAX@std@@V?$allocator@U?$pair@QAXPAX@std@@@2@$0A@@std@@@std@@IBEAAPAU_Node@?$_Tree_nod@V?$_Tmap_traits@PAXPAXU?$less@PAX@std@@V?$allocator@U?$pair@QAXPAX@std@@@2@$0A@@std@@@2@XZ 00412e50 f i libohNetCore:Stack.obj
 0001:00011e80       ?_Lrotate@?$_Tree@V?$_Tmap_traits@PAXPAXU?$less@PAX@std@@V?$allocator@U?$pair@QAXPAX@std@@@2@$0A@@std@@@std@@IAEXPAU_Node@?$_Tree_nod@V?$_Tmap_traits@PAXPAXU?$less@PAX@std@@V?$allocator@U?$pair@QAXPAX@std@@@2@$0A@@std@@@2@@Z 00412e80 f i libohNetCore:Stack.obj
 0001:00011fa0       ?_Rmost@?$_Tree@V?$_Tmap_traits@PAXPAXU?$less@PAX@std@@V?$allocator@U?$pair@QAXPAX@std@@@2@$0A@@std@@@std@@IBEAAPAU_Node@?$_Tree_nod@V?$_Tmap_traits@PAXPAXU?$less@PAX@std@@V?$allocator@U?$pair@QAXPAX@std@@@2@$0A@@std@@@2@XZ 00412fa0 f i libohNetCore:Stack.obj
 0001:00011fd0       ?_Root@?$_Tree@V?$_Tmap_traits@PAXPAXU?$less@PAX@std@@V?$allocator@U?$pair@QAXPAX@std@@@2@$0A@@std@@@std@@IBEAAPAU_Node@?$_Tree_nod@V?$_Tmap_traits@PAXPAXU?$less@PAX@std@@V?$allocator@U?$pair@QAXPAX@std@@@2@$0A@@std@@@2@XZ 00412fd0 f i libohNetCore:Stack.obj
 0001:00012000       ?_Rrotate@?$_Tree@V?$_Tmap_traits@PAXPAXU?$less@PAX@std@@V?$allocator@U?$pair@QAXPAX@std@@@2@$0A@@std@@@std@@IAEXPAU_Node@?$_Tree_nod@V?$_Tmap_traits@PAXPAXU?$less@PAX@std@@V?$allocator@U?$pair@QAXPAX@std@@@2@$0A@@std@@@2@@Z 00413000 f i libohNetCore:Stack.obj
 0001:00012120       ?_Orphan_ptr@?$_Tree@V?$_Tmap_traits@PAXPAXU?$less@PAX@std@@V?$allocator@U?$pair@QAXPAX@std@@@2@$0A@@std@@@std@@IBEXAAV12@PAU_Node@?$_Tree_nod@V?$_Tmap_traits@PAXPAXU?$less@PAX@std@@V?$allocator@U?$pair@QAXPAX@std@@@2@$0A@@std@@@2@@Z 00413120 f i libohNetCore:Stack.obj
 0001:00012230       ?_Getpfirst@_Container_base12@std@@QBEPAPAU_Iterator_base12@2@XZ 00413230 f i libohNetCore:Stack.obj
 0001:00012270       ?_Clrcont@_Iterator_base12@std@@QAEXXZ 00413270 f i libohNetCore:Stack.obj
 0001:00012290       ?_Getpnext@_Iterator_base12@std@@QAEPAPAU12@XZ 00413290 f i libohNetCore:Stack.obj
 0001:000122b0       ?_Tidy@?$_Tree@V?$_Tmap_traits@PAXPAXU?$less@PAX@std@@V?$allocator@U?$pair@QAXPAX@std@@@2@$0A@@std@@@std@@IAEXXZ 004132b0 f i libohNetCore:Stack.obj
 0001:000123b0       ??1?$_Tree_val@V?$_Tmap_traits@PAXPAXU?$less@PAX@std@@V?$allocator@U?$pair@QAXPAX@std@@@2@$0A@@std@@@std@@QAE@XZ 004133b0 f i libohNetCore:Stack.obj
[...]
 0001:00081fd0       ??__E?kMethodNotify@Ssdp@Net@OpenHome@@2VBrn@3@B@@YAXXZ 00482fd0 f   libohNetCore:Ssdp.obj
 0001:00082000       ??__E?kMethodMsearch@Ssdp@Net@OpenHome@@2VBrn@3@B@@YAXXZ 00483000 f   libohNetCore:Ssdp.obj
 0001:00082030       ??__E?kMethodUri@Ssdp@Net@OpenHome@@2VBrn@3@B@@YAXXZ 00483030 f   libohNetCore:Ssdp.obj
 0001:00082060       ??__E?kStatusOk@Ssdp@Net@OpenHome@@2VBrn@3@B@@YAXXZ 00483060 f   libohNetCore:Ssdp.obj
 0001:00082090       ??__E?kHeaderHost@Ssdp@Net@OpenHome@@2VBrn@3@B@@YAXXZ 00483090 f   libohNetCore:Ssdp.obj
 0001:000820c0       ??__E?kHeaderServer@Ssdp@Net@OpenHome@@2VBrn@3@B@@YAXXZ 004830c0 f   libohNetCore:Ssdp.obj
 0001:000820f0       ??__E?kHeaderCacheControl@Ssdp@Net@OpenHome@@2VBrn@3@B@@YAXXZ 004830f0 f   libohNetCore:Ssdp.obj
 0001:00082120       ??__E?kHeaderLocation@Ssdp@Net@OpenHome@@2VBrn@3@B@@YAXXZ 00483120 f   libohNetCore:Ssdp.obj
 0001:00082150       ??__E?kHeaderNt@Ssdp@Net@OpenHome@@2VBrn@3@B@@YAXXZ 00483150 f   libohNetCore:Ssdp.obj
 0001:00082180       ??__E?kHeaderSt@Ssdp@Net@OpenHome@@2VBrn@3@B@@YAXXZ 00483180 f   libohNetCore:Ssdp.obj
 0001:000821b0       ??__E?kHeaderUsn@Ssdp@Net@OpenHome@@2VBrn@3@B@@YAXXZ 004831b0 f   libohNetCore:Ssdp.obj
 0001:000821e0       ??__E?kHeaderNts@Ssdp@Net@OpenHome@@2VBrn@3@B@@YAXXZ 004831e0 f   libohNetCore:Ssdp.obj
 0001:00082210       ??__E?kHeaderExt@Ssdp@Net@OpenHome@@2VBrn@3@B@@YAXXZ 00483210 f   libohNetCore:Ssdp.obj
 0001:00082240       ??__E?kHeaderMan@Ssdp@Net@OpenHome@@2VBrn@3@B@@YAXXZ 00483240 f   libohNetCore:Ssdp.obj
 0001:00082270       ??__E?kHeaderMx@Ssdp@Net@OpenHome@@2VBrn@3@B@@YAXXZ 00483270 f   libohNetCore:Ssdp.obj
 0001:000822a0       ??__E?kHeaderBootId@Ssdp@Net@OpenHome@@2VBrn@3@B@@YAXXZ 004832a0 f   libohNetCore:Ssdp.obj
 0001:000822d0       ??__E?kHeaderNextBootId@Ssdp@Net@OpenHome@@2VBrn@3@B@@YAXXZ 004832d0 f   libohNetCore:Ssdp.obj
 0001:00082300       ??__E?kHeaderConfigId@Ssdp@Net@OpenHome@@2VBrn@3@B@@YAXXZ 00483300 f   libohNetCore:Ssdp.obj
 0001:00082330       ??__E?kHeaderSearchPort@Ssdp@Net@OpenHome@@2VBrn@3@B@@YAXXZ 00483330 f   libohNetCore:Ssdp.obj
 0001:00082360       ??__E?kDeviceSeparator@Ssdp@Net@OpenHome@@2VBrn@3@B@@YAXXZ 00483360 f   libohNetCore:Ssdp.obj
 0001:00082390       ??__E?kServiceSeparator@Ssdp@Net@OpenHome@@2VBrn@3@B@@YAXXZ 00483390 f   libohNetCore:Ssdp.obj
 0001:000823c0       ??__Einitlocks@std@@YAXXZ  004833c0 f   libcpmtd:xlock.obj
 0001:000823e0       ??__FgPipe@@YAXXZ          004833e0 f   TestThread.obj
 0001:00082400       ??__FkBrnEmpty@@YAXXZ      00483400 f   libohNetCore:Buffer.obj
 0001:00082420       ??__FkAsciiNewline@@YAXXZ  00483420 f   libohNetCore:Ascii.obj
 0001:00082440       ??__FkAsciiHexPrefix@@YAXXZ 00483440 f   libohNetCore:Ascii.obj
 0001:00082460       ??__F?kMethodOptions@Http@OpenHome@@2VBrn@2@B@@YAXXZ 00483460 f   libohNetCore:Http.obj
 0001:00082480       ??__F?kMethodGet@Http@OpenHome@@2VBrn@2@B@@YAXXZ 00483480 f   libohNetCore:Http.obj
 0001:000824a0       ??__F?kMethodHead@Http@OpenHome@@2VBrn@2@B@@YAXXZ 004834a0 f   libohNetCore:Http.obj
 0001:000824c0       ??__F?kMethodPost@Http@OpenHome@@2VBrn@2@B@@YAXXZ 004834c0 f   libohNetCore:Http.obj
 0001:000824e0       ??__F?kMethodPut@Http@OpenHome@@2VBrn@2@B@@YAXXZ 004834e0 f   libohNetCore:Http.obj
 0001:00082500       ??__F?kMethodDelete@Http@OpenHome@@2VBrn@2@B@@YAXXZ 00483500 f   libohNetCore:Http.obj
 0001:00082520       ??__F?kMethodTrace@Http@OpenHome@@2VBrn@2@B@@YAXXZ 00483520 f   libohNetCore:Http.obj
 0001:00082540       ??__F?kMethodConnect@Http@OpenHome@@2VBrn@2@B@@YAXXZ 00483540 f   libohNetCore:Http.obj
 0001:00082560       ??__F?kMethodExtension@Http@OpenHome@@2VBrn@2@B@@YAXXZ 00483560 f   libohNetCore:Http.obj
 0001:00082580       ??__F?kHeaderCacheControl@Http@OpenHome@@2VBrn@2@B@@YAXXZ 00483580 f   libohNetCore:Http.obj
 0001:000825a0       ??__F?kHeaderConnection@Http@OpenHome@@2VBrn@2@B@@YAXXZ 004835a0 f   libohNetCore:Http.obj
 0001:000825c0       ??__F?kHeaderDate@Http@OpenHome@@2VBrn@2@B@@YAXXZ 004835c0 f   libohNetCore:Http.obj
 0001:000825e0       ??__F?kHeaderPragma@Http@OpenHome@@2VBrn@2@B@@YAXXZ 004835e0 f   libohNetCore:Http.obj
 0001:00082600       ??__F?kHeaderTrailer@Http@OpenHome@@2VBrn@2@B@@YAXXZ 00483600 f   libohNetCore:Http.obj
 0001:00082620       ??__F?kHeaderTransferEncoding@Http@OpenHome@@2VBrn@2@B@@YAXXZ 00483620 f   libohNetCore:Http.obj
 0001:00082640       ??__F?kHeaderUpgrade@Http@OpenHome@@2VBrn@2@B@@YAXXZ 00483640 f   libohNetCore:Http.obj
 0001:00082660       ??__F?kHeaderVia@Http@OpenHome@@2VBrn@2@B@@YAXXZ 00483660 f   libohNetCore:Http.obj
 0001:00082680       ??__F?kHeaderWarning@Http@OpenHome@@2VBrn@2@B@@YAXXZ 00483680 f   libohNetCore:Http.obj
 0001:000826a0       ??__F?kHeaderAccept@Http@OpenHome@@2VBrn@2@B@@YAXXZ 004836a0 f   libohNetCore:Http.obj
 0001:000826c0       ??__F?kHeaderAcceptCharset@Http@OpenHome@@2VBrn@2@B@@YAXXZ 004836c0 f   libohNetCore:Http.obj
 0001:000826e0       ??__F?kHeaderAcceptEncoding@Http@OpenHome@@2VBrn@2@B@@YAXXZ 004836e0 f   libohNetCore:Http.obj
 0001:00082700       ??__F?kHeaderAcceptLanguage@Http@OpenHome@@2VBrn@2@B@@YAXXZ 00483700 f   libohNetCore:Http.obj
 0001:00082720       ??__F?kHeaderAuthorization@Http@OpenHome@@2VBrn@2@B@@YAXXZ 00483720 f   libohNetCore:Http.obj
 0001:00082740       ??__F?kHeaderExpect@Http@OpenHome@@2VBrn@2@B@@YAXXZ 00483740 f   libohNetCore:Http.obj
 0001:00082760       ??__F?kHeaderFrom@Http@OpenHome@@2VBrn@2@B@@YAXXZ 00483760 f   libohNetCore:Http.obj
 0001:00082780       ??__F?kHeaderHost@Http@OpenHome@@2VBrn@2@B@@YAXXZ 00483780 f   libohNetCore:Http.obj
 0001:000827a0       ??__F?kHeaderIfMatch@Http@OpenHome@@2VBrn@2@B@@YAXXZ 004837a0 f   libohNetCore:Http.obj
 0001:000827c0       ??__F?kHeaderIfModifiedSince@Http@OpenHome@@2VBrn@2@B@@YAXXZ 004837c0 f   libohNetCore:Http.obj
 0001:000827e0       ??__F?kHeaderIfNoneMatch@Http@OpenHome@@2VBrn@2@B@@YAXXZ 004837e0 f   libohNetCore:Http.obj
 0001:00082800       ??__F?kHeaderIfRange@Http@OpenHome@@2VBrn@2@B@@YAXXZ 00483800 f   libohNetCore:Http.obj
 0001:00082820       ??__F?kHeaderIfUnmodifiedSince@Http@OpenHome@@2VBrn@2@B@@YAXXZ 00483820 f   libohNetCore:Http.obj
 0001:00082840       ??__F?kHeaderMaxForwards@Http@OpenHome@@2VBrn@2@B@@YAXXZ 00483840 f   libohNetCore:Http.obj
 0001:00082860       ??__F?kHeaderProxyAuthorization@Http@OpenHome@@2VBrn@2@B@@YAXXZ 00483860 f   libohNetCore:Http.obj
 0001:00082880       ??__F?kHeaderRange@Http@OpenHome@@2VBrn@2@B@@YAXXZ 00483880 f   libohNetCore:Http.obj
 0001:000828a0       ??__F?kHeaderReferer@Http@OpenHome@@2VBrn@2@B@@YAXXZ 004838a0 f   libohNetCore:Http.obj
 0001:000828c0       ??__F?kHeaderTe@Http@OpenHome@@2VBrn@2@B@@YAXXZ 004838c0 f   libohNetCore:Http.obj
 0001:000828e0       ??__F?kHeaderUserAgent@Http@OpenHome@@2VBrn@2@B@@YAXXZ 004838e0 f   libohNetCore:Http.obj
 0001:00082900       ??__F?kHeaderAcceptRanges@Http@OpenHome@@2VBrn@2@B@@YAXXZ 00483900 f   libohNetCore:Http.obj
 0001:00082920       ??__F?kHeaderAge@Http@OpenHome@@2VBrn@2@B@@YAXXZ 00483920 f   libohNetCore:Http.obj
 0001:00082940       ??__F?kHeaderETag@Http@OpenHome@@2VBrn@2@B@@YAXXZ 00483940 f   libohNetCore:Http.obj
 0001:00082960       ??__F?kHeaderLocation@Http@OpenHome@@2VBrn@2@B@@YAXXZ 00483960 f   libohNetCore:Http.obj
 0001:00082980       ??__F?kHeaderProxyAuthenticate@Http@OpenHome@@2VBrn@2@B@@YAXXZ 00483980 f   libohNetCore:Http.obj
 0001:000829a0       ??__F?kHeaderRetryAfter@Http@OpenHome@@2VBrn@2@B@@YAXXZ 004839a0 f   libohNetCore:Http.obj
 0001:000829c0       ??__F?kHeaderServer@Http@OpenHome@@2VBrn@2@B@@YAXXZ 004839c0 f   libohNetCore:Http.obj
 0001:000829e0       ??__F?kHeaderVary@Http@OpenHome@@2VBrn@2@B@@YAXXZ 004839e0 f   libohNetCore:Http.obj
 0001:00082a00       ??__F?kHeaderWwwAuthenticate@Http@OpenHome@@2VBrn@2@B@@YAXXZ 00483a00 f   libohNetCore:Http.obj
 0001:00082a20       ??__F?kHeaderAllow@Http@OpenHome@@2VBrn@2@B@@YAXXZ 00483a20 f   libohNetCore:Http.obj
 0001:00082a40       ??__F?kHeaderContentEncoding@Http@OpenHome@@2VBrn@2@B@@YAXXZ 00483a40 f   libohNetCore:Http.obj
 0001:00082a60       ??__F?kHeaderContentLanguage@Http@OpenHome@@2VBrn@2@B@@YAXXZ 00483a60 f   libohNetCore:Http.obj
 0001:00082a80       ??__F?kHeaderContentLength@Http@OpenHome@@2VBrn@2@B@@YAXXZ 00483a80 f   libohNetCore:Http.obj
 0001:00082aa0       ??__F?kHeaderContentLocation@Http@OpenHome@@2VBrn@2@B@@YAXXZ 00483aa0 f   libohNetCore:Http.obj
 0001:00082ac0       ??__F?kHeaderContentMd5@Http@OpenHome@@2VBrn@2@B@@YAXXZ 00483ac0 f   libohNetCore:Http.obj
 0001:00082ae0       ??__F?kHeaderContentRange@Http@OpenHome@@2VBrn@2@B@@YAXXZ 00483ae0 f   libohNetCore:Http.obj
 0001:00082b00       ??__F?kHeaderContentType@Http@OpenHome@@2VBrn@2@B@@YAXXZ 00483b00 f   libohNetCore:Http.obj
 0001:00082b20       ??__F?kHeaderExpires@Http@OpenHome@@2VBrn@2@B@@YAXXZ 00483b20 f   libohNetCore:Http.obj
 0001:00082b40       ??__F?kHeaderLastModified@Http@OpenHome@@2VBrn@2@B@@YAXXZ 00483b40 f   libohNetCore:Http.obj
 0001:00082b60       ??__F?kUriPrefix@Http@OpenHome@@2VBrn@2@B@@YAXXZ 00483b60 f   libohNetCore:Http.obj
 0001:00082b80       ??__F?kValueZero@Http@OpenHome@@2VBrn@2@B@@YAXXZ 00483b80 f   libohNetCore:Http.obj
 0001:00082ba0       ??__F?kHeaderSeparator@Http@OpenHome@@2VBrn@2@B@@YAXXZ 00483ba0 f   libohNetCore:Http.obj
 0001:00082bc0       ??__F?kHeaderTerminator@Http@OpenHome@@2VBrn@2@B@@YAXXZ 00483bc0 f   libohNetCore:Http.obj
 0001:00082be0       ??__F?kChunkedCountSeparator@Http@OpenHome@@2VBrn@2@B@@YAXXZ 00483be0 f   libohNetCore:Http.obj
 0001:00082c00       ??__F?kConnectionClose@Http@OpenHome@@2VBrn@2@B@@YAXXZ 00483c00 f   libohNetCore:Http.obj
 0001:00082c20       ??__F?kConnectionUpgrade@Http@OpenHome@@2VBrn@2@B@@YAXXZ 00483c20 f   libohNetCore:Http.obj
 0001:00082c40       ??__F?kContentLanguageEnglish@Http@OpenHome@@2VBrn@2@B@@YAXXZ 00483c40 f   libohNetCore:Http.obj
 0001:00082c60       ??__F?kRangeBytes@Http@OpenHome@@2VBrn@2@B@@YAXXZ 00483c60 f   libohNetCore:Http.obj
 0001:00082c80       ??__F?kRangeSeparator@Http@OpenHome@@2VBrn@2@B@@YAXXZ 00483c80 f   libohNetCore:Http.obj
 0001:00082ca0       ??__F?kExpect100Continue@Http@OpenHome@@2VBrn@2@B@@YAXXZ 00483ca0 f   libohNetCore:Http.obj
 0001:00082cc0       ??__F?kTransferEncodingChunked@Http@OpenHome@@2VBrn@2@B@@YAXXZ 00483cc0 f   libohNetCore:Http.obj
 0001:00082ce0       ??__F?kTransferEncodingIdentity@Http@OpenHome@@2VBrn@2@B@@YAXXZ 00483ce0 f   libohNetCore:Http.obj
 0001:00082d00       ??__FkHttpVersion09@@YAXXZ 00483d00 f   libohNetCore:Http.obj
 0001:00082d20       ??__FkHttpVersion10@@YAXXZ 00483d20 f   libohNetCore:Http.obj
 0001:00082d40       ??__FkHttpVersion11@@YAXXZ 00483d40 f   libohNetCore:Http.obj
 0001:00082d60       ??__FkRtspVersion10@@YAXXZ 00483d60 f   libohNetCore:Http.obj
 0001:00082d80       ??__F?kContinue@HttpStatus@OpenHome@@2V12@B@@YAXXZ 00483d80 f   libohNetCore:Http.obj
 0001:00082da0       ??__F?kSwitchingProtocols@HttpStatus@OpenHome@@2V12@B@@YAXXZ 00483da0 f   libohNetCore:Http.obj
 0001:00082dc0       ??__F?kOk@HttpStatus@OpenHome@@2V12@B@@YAXXZ 00483dc0 f   libohNetCore:Http.obj
 0001:00082de0       ??__F?kCreated@HttpStatus@OpenHome@@2V12@B@@YAXXZ 00483de0 f   libohNetCore:Http.obj
 0001:00082e00       ??__F?kAccepted@HttpStatus@OpenHome@@2V12@B@@YAXXZ 00483e00 f   libohNetCore:Http.obj
 0001:00082e20       ??__F?kNonAuthoritativeInformation@HttpStatus@OpenHome@@2V12@B@@YAXXZ 00483e20 f   libohNetCore:Http.obj
 0001:00082e40       ??__F?kNoContent@HttpStatus@OpenHome@@2V12@B@@YAXXZ 00483e40 f   libohNetCore:Http.obj
 0001:00082e60       ??__F?kResetContent@HttpStatus@OpenHome@@2V12@B@@YAXXZ 00483e60 f   libohNetCore:Http.obj
 0001:00082e80       ??__F?kPartialContent@HttpStatus@OpenHome@@2V12@B@@YAXXZ 00483e80 f   libohNetCore:Http.obj
 0001:00082ea0       ??__F?kMultipleChoices@HttpStatus@OpenHome@@2V12@B@@YAXXZ 00483ea0 f   libohNetCore:Http.obj
 0001:00082ec0       ??__F?kMovedPermanently@HttpStatus@OpenHome@@2V12@B@@YAXXZ 00483ec0 f   libohNetCore:Http.obj
 0001:00082ee0       ??__F?kFound@HttpStatus@OpenHome@@2V12@B@@YAXXZ 00483ee0 f   libohNetCore:Http.obj
 0001:00082f00       ??__F?kSeeOther@HttpStatus@OpenHome@@2V12@B@@YAXXZ 00483f00 f   libohNetCore:Http.obj
 0001:00082f20       ??__F?kNotModified@HttpStatus@OpenHome@@2V12@B@@YAXXZ 00483f20 f   libohNetCore:Http.obj
 0001:00082f40       ??__F?kUseProxy@HttpStatus@OpenHome@@2V12@B@@YAXXZ 00483f40 f   libohNetCore:Http.obj
 0001:00082f60       ??__F?kTemporaryRedirect@HttpStatus@OpenHome@@2V12@B@@YAXXZ 00483f60 f   libohNetCore:Http.obj
 0001:00082f80       ??__F?kBadRequest@HttpStatus@OpenHome@@2V12@B@@YAXXZ 00483f80 f   libohNetCore:Http.obj
 0001:00082fa0       ??__F?kUnauthorized@HttpStatus@OpenHome@@2V12@B@@YAXXZ 00483fa0 f   libohNetCore:Http.obj
 0001:00082fc0       ??__F?kPaymentRequired@HttpStatus@OpenHome@@2V12@B@@YAXXZ 00483fc0 f   libohNetCore:Http.obj
 0001:00082fe0       ??__F?kForbidden@HttpStatus@OpenHome@@2V12@B@@YAXXZ 00483fe0 f   libohNetCore:Http.obj
 0001:00083000       ??__F?kNotFound@HttpStatus@OpenHome@@2V12@B@@YAXXZ 00484000 f   libohNetCore:Http.obj
 0001:00083020       ??__F?kMethodNotAllowed@HttpStatus@OpenHome@@2V12@B@@YAXXZ 00484020 f   libohNetCore:Http.obj
 0001:00083040       ??__F?kNotAcceptable@HttpStatus@OpenHome@@2V12@B@@YAXXZ 00484040 f   libohNetCore:Http.obj
 0001:00083060       ??__F?kProxyAuthenticationRequired@HttpStatus@OpenHome@@2V12@B@@YAXXZ 00484060 f   libohNetCore:Http.obj
 0001:00083080       ??__F?kRequestTimeout@HttpStatus@OpenHome@@2V12@B@@YAXXZ 00484080 f   libohNetCore:Http.obj
 0001:000830a0       ??__F?kConflict@HttpStatus@OpenHome@@2V12@B@@YAXXZ 004840a0 f   libohNetCore:Http.obj
 0001:000830c0       ??__F?kGone@HttpStatus@OpenHome@@2V12@B@@YAXXZ 004840c0 f   libohNetCore:Http.obj
 0001:000830e0       ??__F?kLengthRequired@HttpStatus@OpenHome@@2V12@B@@YAXXZ 004840e0 f   libohNetCore:Http.obj
 0001:00083100       ??__F?kPreconditionFailed@HttpStatus@OpenHome@@2V12@B@@YAXXZ 00484100 f   libohNetCore:Http.obj
 0001:00083120       ??__F?kRequestEntityTooLarge@HttpStatus@OpenHome@@2V12@B@@YAXXZ 00484120 f   libohNetCore:Http.obj
 0001:00083140       ??__F?kRequestUriTooLarge@HttpStatus@OpenHome@@2V12@B@@YAXXZ 00484140 f   libohNetCore:Http.obj
 0001:00083160       ??__F?kUnsupportedMediaType@HttpStatus@OpenHome@@2V12@B@@YAXXZ 00484160 f   libohNetCore:Http.obj
 0001:00083180       ??__F?kRequestedRangeNotSatisfiable@HttpStatus@OpenHome@@2V12@B@@YAXXZ 00484180 f   libohNetCore:Http.obj
 0001:000831a0       ??__F?kExpectationFailure@HttpStatus@OpenHome@@2V12@B@@YAXXZ 004841a0 f   libohNetCore:Http.obj
 0001:000831c0       ??__F?kInternalServerError@HttpStatus@OpenHome@@2V12@B@@YAXXZ 004841c0 f   libohNetCore:Http.obj
 0001:000831e0       ??__F?kNotImplemented@HttpStatus@OpenHome@@2V12@B@@YAXXZ 004841e0 f   libohNetCore:Http.obj
 0001:00083200       ??__F?kBadGateway@HttpStatus@OpenHome@@2V12@B@@YAXXZ 00484200 f   libohNetCore:Http.obj
 0001:00083220       ??__F?kServiceUnavailable@HttpStatus@OpenHome@@2V12@B@@YAXXZ 00484220 f   libohNetCore:Http.obj
 0001:00083240       ??__F?kGatewayTimeout@HttpStatus@OpenHome@@2V12@B@@YAXXZ 00484240 f   libohNetCore:Http.obj
 0001:00083260       ??__F?kHttpVersionNotSupported@HttpStatus@OpenHome@@2V12@B@@YAXXZ 00484260 f   libohNetCore:Http.obj
 0001:00083280       ??__FkAlive@@YAXXZ         00484280 f   libohNetCore:Ssdp.obj
 0001:000832a0       ??__FkByeBye@@YAXXZ        004842a0 f   libohNetCore:Ssdp.obj
 0001:000832c0       ??__FkMaxAge@@YAXXZ        004842c0 f   libohNetCore:Ssdp.obj
 0001:000832e0       ??__FkUuid@@YAXXZ          004842e0 f   libohNetCore:Ssdp.obj
 0001:00083300       ??__FkUpnpRoot@@YAXXZ      00484300 f   libohNetCore:Ssdp.obj
 0001:00083320       ??__FkMsearchDiscover@@YAXXZ 00484320 f   libohNetCore:Ssdp.obj
 0001:00083340       ??__FkMsearchAll@@YAXXZ    00484340 f   libohNetCore:Ssdp.obj
 0001:00083360       ??__FkMsearchUpnpRoot@@YAXXZ 00484360 f   libohNetCore:Ssdp.obj
 0001:00083380       ??__FkMsearchUuid@@YAXXZ   00484380 f   libohNetCore:Ssdp.obj
 0001:000833a0       ??__FkMsearchUrn@@YAXXZ    004843a0 f   libohNetCore:Ssdp.obj
 0001:000833c0       ??__FkMsearchDevice@@YAXXZ 004843c0 f   libohNetCore:Ssdp.obj
 0001:000833e0       ??__FkMsearchService@@YAXXZ 004843e0 f   libohNetCore:Ssdp.obj
 0001:00083400       ??__FkUsnSeparator@@YAXXZ  00484400 f   libohNetCore:Ssdp.obj
 0001:00083420       ??__FkVersionSeparator@@YAXXZ 00484420 f   libohNetCore:Ssdp.obj
 0001:00083440       ??__FkSsdpPortSeparator@@YAXXZ 00484440 f   libohNetCore:Ssdp.obj
 0001:00083460       ??__FkSsdpUrlSeparator@@YAXXZ 00484460 f   libohNetCore:Ssdp.obj
 0001:00083480       ??__FkSsdpHttp@@YAXXZ      00484480 f   libohNetCore:Ssdp.obj
 0001:000834a0       ??__FkSsdpMaxAge@@YAXXZ    004844a0 f   libohNetCore:Ssdp.obj
 0001:000834c0       ??__FkSchemasUpnpOrg@@YAXXZ 004844c0 f   libohNetCore:Ssdp.obj
 0001:000834e0       ??__FkUpnpOrg@@YAXXZ       004844e0 f   libohNetCore:Ssdp.obj
 0001:00083500       ??__F?kUrn@Ssdp@Net@OpenHome@@2VBrn@3@B@@YAXXZ 00484500 f   libohNetCore:Ssdp.obj
 0001:00083520       ??__F?kMulticastAddress@Ssdp@Net@OpenHome@@2VBrn@3@B@@YAXXZ 00484520 f   libohNetCore:Ssdp.obj
 0001:00083540       ??__F?kMulticastAddressAndPort@Ssdp@Net@OpenHome@@2VBrn@3@B@@YAXXZ 00484540 f   libohNetCore:Ssdp.obj
 0001:00083560       ??__F?kMethodNotify@Ssdp@Net@OpenHome@@2VBrn@3@B@@YAXXZ 00484560 f   libohNetCore:Ssdp.obj
 0001:00083580       ??__F?kMethodMsearch@Ssdp@Net@OpenHome@@2VBrn@3@B@@YAXXZ 00484580 f   libohNetCore:Ssdp.obj
 0001:000835a0       ??__F?kMethodUri@Ssdp@Net@OpenHome@@2VBrn@3@B@@YAXXZ 004845a0 f   libohNetCore:Ssdp.obj
 0001:000835c0       ??__F?kStatusOk@Ssdp@Net@OpenHome@@2VBrn@3@B@@YAXXZ 004845c0 f   libohNetCore:Ssdp.obj
 0001:000835e0       ??__F?kHeaderHost@Ssdp@Net@OpenHome@@2VBrn@3@B@@YAXXZ 004845e0 f   libohNetCore:Ssdp.obj
 0001:00083600       ??__F?kHeaderServer@Ssdp@Net@OpenHome@@2VBrn@3@B@@YAXXZ 00484600 f   libohNetCore:Ssdp.obj
 0001:00083620       ??__F?kHeaderCacheControl@Ssdp@Net@OpenHome@@2VBrn@3@B@@YAXXZ 00484620 f   libohNetCore:Ssdp.obj
 0001:00083640       ??__F?kHeaderLocation@Ssdp@Net@OpenHome@@2VBrn@3@B@@YAXXZ 00484640 f   libohNetCore:Ssdp.obj
 0001:00083660       ??__F?kHeaderNt@Ssdp@Net@OpenHome@@2VBrn@3@B@@YAXXZ 00484660 f   libohNetCore:Ssdp.obj
 0001:00083680       ??__F?kHeaderSt@Ssdp@Net@OpenHome@@2VBrn@3@B@@YAXXZ 00484680 f   libohNetCore:Ssdp.obj
 0001:000836a0       ??__F?kHeaderUsn@Ssdp@Net@OpenHome@@2VBrn@3@B@@YAXXZ 004846a0 f   libohNetCore:Ssdp.obj
 0001:000836c0       ??__F?kHeaderNts@Ssdp@Net@OpenHome@@2VBrn@3@B@@YAXXZ 004846c0 f   libohNetCore:Ssdp.obj
 0001:000836e0       ??__F?kHeaderExt@Ssdp@Net@OpenHome@@2VBrn@3@B@@YAXXZ 004846e0 f   libohNetCore:Ssdp.obj
 0001:00083700       ??__F?kHeaderMan@Ssdp@Net@OpenHome@@2VBrn@3@B@@YAXXZ 00484700 f   libohNetCore:Ssdp.obj
 0001:00083720       ??__F?kHeaderMx@Ssdp@Net@OpenHome@@2VBrn@3@B@@YAXXZ 00484720 f   libohNetCore:Ssdp.obj
 0001:00083740       ??__F?kHeaderBootId@Ssdp@Net@OpenHome@@2VBrn@3@B@@YAXXZ 00484740 f   libohNetCore:Ssdp.obj
 0001:00083760       ??__F?kHeaderNextBootId@Ssdp@Net@OpenHome@@2VBrn@3@B@@YAXXZ 00484760 f   libohNetCore:Ssdp.obj
 0001:00083780       ??__F?kHeaderConfigId@Ssdp@Net@OpenHome@@2VBrn@3@B@@YAXXZ 00484780 f   libohNetCore:Ssdp.obj
 0001:000837a0       ??__F?kHeaderSearchPort@Ssdp@Net@OpenHome@@2VBrn@3@B@@YAXXZ 004847a0 f   libohNetCore:Ssdp.obj
 0001:000837c0       ??__F?kDeviceSeparator@Ssdp@Net@OpenHome@@2VBrn@3@B@@YAXXZ 004847c0 f   libohNetCore:Ssdp.obj
 0001:000837e0       ??__F?kServiceSeparator@Ssdp@Net@OpenHome@@2VBrn@3@B@@YAXXZ 004847e0 f   libohNetCore:Ssdp.obj
 0001:00083800       ??__Finitlocks@std@@YAXXZ  00484800 f   libcpmtd:xlock.obj
 0001:00083820       ??__Fnomem@?5???2@YAPAXI@Z@YAXXZ 00484820 f   LIBCMTD:new.obj
