 TestSsdpUListen

 Timestamp is 4e1c1b8b (Tue Jul 12 11:01:47 2011)

 Preferred load address is 00400000

 Start         Length     Name                   Class
 0001:00000000 0007a8dcH .text                   CODE
 0001:0007a8e0 000054a3H .text$x                 CODE
 0001:0007fd90 000034beH .text$yc                CODE
 0001:00083250 00001431H .text$yd                CODE
 0002:00000000 000001e4H .idata$5                DATA
 0002:000001e4 00000004H .CRT$XCA                DATA
 0002:000001e8 00000004H .CRT$XCC                DATA
 0002:000001ec 00000284H .CRT$XCU                DATA
 0002:00000470 00000004H .CRT$XCZ                DATA
 0002:00000474 00000004H .CRT$XIA                DATA
 0002:00000478 00000010H .CRT$XIC                DATA
 0002:00000488 00000004H .CRT$XIY                DATA
 0002:0000048c 00000004H .CRT$XIZ                DATA
 0002:00000490 00000004H .CRT$XPA                DATA
 0002:00000494 00000008H .CRT$XPX                DATA
 0002:0000049c 00000004H .CRT$XPXA               DATA
 0002:000004a0 00000004H .CRT$XPZ                DATA
 0002:000004a4 00000004H .CRT$XTA                DATA
 0002:000004a8 00000004H .CRT$XTZ                DATA
 0002:000004b0 00013fc8H .rdata                  DATA
 0002:00014478 00000056H .rdata$debug            DATA
 0002:000144d0 000022c8H .rdata$r                DATA
 0002:000167a0 000006acH .rdata$sxdata           DATA
 0002:00016e4c 00000004H .rtc$IAA                DATA
 0002:00016e50 00000060H .rtc$IMZ                DATA
 0002:00016eb0 00000004H .rtc$IZZ                DATA
 0002:00016eb4 00000004H .rtc$TAA                DATA
 0002:00016eb8 00000060H .rtc$TMZ                DATA
 0002:00016f18 00000004H .rtc$TZZ                DATA
 0002:00016f20 00006b44H .xdata$x                DATA
 0002:0001da64 0000003cH .idata$2                DATA
 0002:0001daa0 00000014H .idata$3                DATA
 0002:0001dab4 000001e4H .idata$4                DATA
 0002:0001dc98 00000776H .idata$6                DATA
 0002:0001e410 000004a3H .edata                  DATA
 0003:00000000 00002090H .data                   DATA
 0003:000020a0 000031ccH .bss                    DATA

  Address         Publics by Value              Rva+Base       Lib:Object

 0000:00000000       __except_list              00000000     <absolute>
 0000:000001ab       ___safe_se_handler_count   000001ab     <absolute>
 0000:00000000       ___ImageBase               00400000     <linker-defined>
 0001:00000000       ?SsdpNotifyRootAlive@SsdpNotifyLogger@@UAEXABVBrx@OpenHome@@0I@Z 00401000 f   TestSsdpUListen.obj
 0001:00000060       ?SsdpNotifyUuidAlive@SsdpNotifyLogger@@UAEXABVBrx@OpenHome@@0I@Z 00401060 f   TestSsdpUListen.obj
 0001:000000c0       ?SsdpNotifyDeviceTypeAlive@SsdpNotifyLogger@@UAEXABVBrx@OpenHome@@00I0I@Z 004010c0 f   TestSsdpUListen.obj
 0001:00000150       ?SsdpNotifyServiceTypeAlive@SsdpNotifyLogger@@UAEXABVBrx@OpenHome@@00I0I@Z 00401150 f   TestSsdpUListen.obj
 0001:000001e0       ?SsdpNotifyRootByeBye@SsdpNotifyLogger@@UAEXABVBrx@OpenHome@@@Z 004011e0 f   TestSsdpUListen.obj
 0001:00000230       ?SsdpNotifyUuidByeBye@SsdpNotifyLogger@@UAEXABVBrx@OpenHome@@@Z 00401230 f   TestSsdpUListen.obj
 0001:00000280       ?SsdpNotifyDeviceTypeByeBye@SsdpNotifyLogger@@UAEXABVBrx@OpenHome@@00I@Z 00401280 f   TestSsdpUListen.obj
 0001:00000300       ?SsdpNotifyServiceTypeByeBye@SsdpNotifyLogger@@UAEXABVBrx@OpenHome@@00I@Z 00401300 f   TestSsdpUListen.obj
 0001:00000380       ?Main@Runner@TestFramework@OpenHome@@SGXHQAPADPAVInitialisationParams@Net@3@@Z 00401380 f   TestSsdpUListen.obj
 0001:00000c10       ?Bytes@Brx@OpenHome@@QBEIXZ 00401c10 f i TestSsdpUListen.obj
 0001:00000c30       ??0Brn@OpenHome@@QAE@XZ    00401c30 f i TestSsdpUListen.obj
 0001:00000c70       ??0Brx@OpenHome@@IAE@I@Z   00401c70 f i TestSsdpUListen.obj
 0001:00000ca0       ??_GBrx@OpenHome@@UAEPAXI@Z 00401ca0 f i TestSsdpUListen.obj
 0001:00000ca0       ??_EBrx@OpenHome@@UAEPAXI@Z 00401ca0 f i TestSsdpUListen.obj
 0001:00000ce0       ??1Brx@OpenHome@@UAE@XZ    00401ce0 f i TestSsdpUListen.obj
 0001:00000d00       ??_EBrn@OpenHome@@UAEPAXI@Z 00401d00 f i TestSsdpUListen.obj
 0001:00000d00       ??_GBrn@OpenHome@@UAEPAXI@Z 00401d00 f i TestSsdpUListen.obj
 0001:00000d40       ??1Brn@OpenHome@@UAE@XZ    00401d40 f i TestSsdpUListen.obj
 0001:00000d70       ??1?$Bws@$0BA@@OpenHome@@UAE@XZ 00401d70 f i TestSsdpUListen.obj
 0001:00000da0       ??1Bwx@OpenHome@@UAE@XZ    00401da0 f i TestSsdpUListen.obj
 0001:00000dd0       ??1OptionUint@TestFramework@OpenHome@@QAE@XZ 00401dd0 f i TestSsdpUListen.obj
 0001:00000e00       ??1OptionBool@TestFramework@OpenHome@@QAE@XZ 00401e00 f i TestSsdpUListen.obj
 0001:00000e30       ??1OptionString@TestFramework@OpenHome@@QAE@XZ 00401e30 f i TestSsdpUListen.obj
 0001:00000eb0       ??1Brhz@OpenHome@@UAE@XZ   00401eb0 f i TestSsdpUListen.obj
 0001:00000ee0       ??0SsdpNotifyLogger@@QAE@XZ 00401ee0 f i TestSsdpUListen.obj
 0001:00000f10       ??1SsdpNotifyLogger@@UAE@XZ 00401f10 f i TestSsdpUListen.obj
 0001:00000f40       ??1ISsdpNotifyHandler@Net@OpenHome@@UAE@XZ 00401f40 f i TestSsdpUListen.obj
 0001:00000f60       ??_GISsdpNotifyHandler@Net@OpenHome@@UAEPAXI@Z 00401f60 f i TestSsdpUListen.obj
 0001:00000f60       ??_EISsdpNotifyHandler@Net@OpenHome@@UAEPAXI@Z 00401f60 f i TestSsdpUListen.obj
 0001:00000fa0       ??_GBlocker@TestFramework@OpenHome@@QAEPAXI@Z 00401fa0 f i TestSsdpUListen.obj
 0001:00000fe0       ??_ESsdpNotifyLogger@@UAEPAXI@Z 00401fe0 f i TestSsdpUListen.obj
 0001:00000fe0       ??_GSsdpNotifyLogger@@UAEPAXI@Z 00401fe0 f i TestSsdpUListen.obj
 0001:00001020       ??0ISsdpNotifyHandler@Net@OpenHome@@QAE@XZ 00402020 f i TestSsdpUListen.obj
 0001:00001040       ?size@?$vector@PAVNetworkAdapter@OpenHome@@V?$allocator@PAVNetworkAdapter@OpenHome@@@std@@@std@@QBEIXZ 00402040 f i TestSsdpUListen.obj
 0001:00001070       ??A?$vector@PAVNetworkAdapter@OpenHome@@V?$allocator@PAVNetworkAdapter@OpenHome@@@std@@@std@@QBEABQAVNetworkAdapter@OpenHome@@I@Z 00402070 f i TestSsdpUListen.obj
 0001:00001110       ??0?$Bws@$0BA@@OpenHome@@QAE@XZ 00402110 f i TestSsdpUListen.obj
 0001:00001150       ?Ptr@?$Bws@$0BA@@OpenHome@@UBEPBEXZ 00402150 f i TestSsdpUListen.obj
 0001:00001170       ??_E?$Bws@$0BA@@OpenHome@@UAEPAXI@Z 00402170 f i TestSsdpUListen.obj
 0001:00001170       ??_G?$Bws@$0BA@@OpenHome@@UAEPAXI@Z 00402170 f i TestSsdpUListen.obj
 0001:000011b0       ?Log@TestConsole@@QAEXPBD@Z 004021b0 f   libTestFramework:TestFramework.obj
 0001:000011e0       ?AssertHandlerTest@TestFramework@OpenHome@@YGXPBDI@Z 004021e0 f   libTestFramework:TestFramework.obj
 0001:00001290       ??0Suite@TestFramework@OpenHome@@IAE@PBD@Z 00402290 f   libTestFramework:TestFramework.obj
 0001:000012d0       ??1Suite@TestFramework@OpenHome@@MAE@XZ 004022d0 f   libTestFramework:TestFramework.obj
 0001:000012f0       ?Description@Suite@TestFramework@OpenHome@@QBEPBDXZ 004022f0 f   libTestFramework:TestFramework.obj
 0001:00001310       ??0Runner@TestFramework@OpenHome@@QAE@PBD@Z 00402310 f   libTestFramework:TestFramework.obj
 0001:00001350       ??1Runner@TestFramework@OpenHome@@QAE@XZ 00402350 f   libTestFramework:TestFramework.obj
 0001:00001370       ?Add@Runner@TestFramework@OpenHome@@QAEXPAVSuite@23@@Z 00402370 f   libTestFramework:TestFramework.obj
 0001:000013f0       ?Run@Runner@TestFramework@OpenHome@@QAEXXZ 004023f0 f   libTestFramework:TestFramework.obj
 0001:000016a0       ?Fail@TestFramework@OpenHome@@YGXPBDI00@Z 004026a0 f   libTestFramework:TestFramework.obj
 0001:00001700       ?Succeed@TestFramework@OpenHome@@YGXPBDI@Z 00402700 f   libTestFramework:TestFramework.obj
 0001:00001730       ?SucceedQuietly@TestFramework@OpenHome@@YGXPBDI@Z 00402730 f   libTestFramework:TestFramework.obj
 0001:00001760       ?TimeStart@TestFramework@OpenHome@@YGIXZ 00402760 f   libTestFramework:TestFramework.obj
 0001:00001780       ?TimeStop@TestFramework@OpenHome@@YGII@Z 00402780 f   libTestFramework:TestFramework.obj
 0001:000017b0       ?Print@TestFramework@OpenHome@@YAHPBDZZ 004027b0 f   libTestFramework:TestFramework.obj
 0001:00001870       ?Print@TestFramework@OpenHome@@YGHPBDPAD@Z 00402870 f   libTestFramework:TestFramework.obj
 0001:00001920       ?Print@TestFramework@OpenHome@@YGHABVBrx@2@@Z 00402920 f   libTestFramework:TestFramework.obj
 0001:000019d0       ?PrintHex@TestFramework@OpenHome@@YGHABVBrx@2@@Z 004029d0 f   libTestFramework:TestFramework.obj
 0001:00001a80       ??0Blocker@TestFramework@OpenHome@@QAE@XZ 00402a80 f   libTestFramework:TestFramework.obj
 0001:00001b80       ??1Blocker@TestFramework@OpenHome@@QAE@XZ 00402b80 f   libTestFramework:TestFramework.obj
 0001:00001c20       ?Wait@Blocker@TestFramework@OpenHome@@QAEXI@Z 00402c20 f   libTestFramework:TestFramework.obj
 0001:00001c60       ?TimerExpired@Blocker@TestFramework@OpenHome@@AAEXXZ 00402c60 f   libTestFramework:TestFramework.obj
 0001:00001c90       ?ConsoleWrite@Os@OpenHome@@SGXPBD@Z 00402c90 f i libTestFramework:TestFramework.obj
 0001:00001cb0       ??0AssertionFailed@OpenHome@@QAE@PBDI@Z 00402cb0 f i libTestFramework:TestFramework.obj
 0001:00001cf0       ??1AssertionFailed@OpenHome@@QAE@XZ 00402cf0 f i libTestFramework:TestFramework.obj
 0001:00001d20       ??_GSuite@TestFramework@OpenHome@@MAEPAXI@Z 00402d20 f i libTestFramework:TestFramework.obj
 0001:00001d20       ??_ESuite@TestFramework@OpenHome@@MAEPAXI@Z 00402d20 f i libTestFramework:TestFramework.obj
 0001:00001d60       ?TimeInMs@Os@OpenHome@@SGIXZ 00402d60 f i libTestFramework:TestFramework.obj
 0001:00001d80       ?TimeInUs@Os@OpenHome@@SG_KXZ 00402d80 f i libTestFramework:TestFramework.obj
 0001:00001da0       ??_GTimer@OpenHome@@QAEPAXI@Z 00402da0 f i libTestFramework:TestFramework.obj
 0001:00001de0       ??$MakeFunctorMsg@VTestConsole@@V1@@OpenHome@@YG?AV?$MemberTranslatorMsg@VTestConsole@@P81@AEXPBD@Z@0@AAVTestConsole@@ABQ82@AEXPBD@Z@Z 00402de0 f i libTestFramework:TestFramework.obj
 0001:00001e10       ??$MakeFunctor@VBlocker@TestFramework@OpenHome@@XV123@@OpenHome@@YG?AV?$MemberTranslator@VBlocker@TestFramework@OpenHome@@P8123@AEXXZ@0@AAVBlocker@TestFramework@0@ABQ8230@AEXXZ@Z 00402e10 f i libTestFramework:TestFramework.obj
 0001:00001e40       ??0?$MemberTranslatorMsg@VTestConsole@@P81@AEXPBD@Z@OpenHome@@QAE@AAVTestConsole@@ABQ82@AEXPBD@Z@Z 00402e40 f i libTestFramework:TestFramework.obj
 0001:00001e80       ??0FunctorMsg@OpenHome@@IAE@P6GXABV01@PBD@ZPBX3I@Z 00402e80 f i libTestFramework:TestFramework.obj
 0001:00001ed0       ??0?$MemberTranslator@VBlocker@TestFramework@OpenHome@@P8123@AEXXZ@OpenHome@@QAE@AAVBlocker@TestFramework@1@ABQ8231@AEXXZ@Z 00402ed0 f i libTestFramework:TestFramework.obj
 0001:00001f10       ??0Functor@OpenHome@@IAE@P6GXABV01@@ZPBX2I@Z 00402f10 f i libTestFramework:TestFramework.obj
 0001:00001f60       ?Thunk@?$MemberTranslatorMsg@VTestConsole@@P81@AEXPBD@Z@OpenHome@@SGXABVFunctorMsg@2@PBD@Z 00402f60 f i libTestFramework:TestFramework.obj
 0001:00001fb0       ?Thunk@?$MemberTranslator@VBlocker@TestFramework@OpenHome@@P8123@AEXXZ@OpenHome@@SGXABVFunctor@2@@Z 00402fb0 f i libTestFramework:TestFramework.obj
 0001:00002000       ??0Option@TestFramework@OpenHome@@QAE@PBD00@Z 00403000 f   libTestFramework:OptionParser.obj
 0001:00002150       ??1Option@TestFramework@OpenHome@@QAE@XZ 00403150 f   libTestFramework:OptionParser.obj
 0001:000021c0       ?Match@Option@TestFramework@OpenHome@@QBE_NPBD@Z 004031c0 f   libTestFramework:OptionParser.obj
 0001:00002230       ?HelpText@Option@TestFramework@OpenHome@@QBEPBDXZ 00403230 f   libTestFramework:OptionParser.obj
 0001:00002250       ??0OptionString@TestFramework@OpenHome@@QAE@PBD0ABVBrx@2@0@Z 00403250 f   libTestFramework:OptionParser.obj
 0001:000022f0       ?Process@OptionString@TestFramework@OpenHome@@UAEXHQAPAD@Z 004032f0 f   libTestFramework:OptionParser.obj
 0001:00002320       ?Reset@OptionString@TestFramework@OpenHome@@UAEXXZ 00403320 f   libTestFramework:OptionParser.obj
 0001:00002350       ?ExpectedArgCount@OptionString@TestFramework@OpenHome@@UBEHXZ 00403350 f   libTestFramework:OptionParser.obj
 0001:00002370       ?Value@OptionString@TestFramework@OpenHome@@QBEABVBrx@3@XZ 00403370 f   libTestFramework:OptionParser.obj
 0001:00002390       ?CString@OptionString@TestFramework@OpenHome@@QBEPBDXZ 00403390 f   libTestFramework:OptionParser.obj
 0001:000023c0       ??0OptionInt@TestFramework@OpenHome@@QAE@PBD0H0@Z 004033c0 f   libTestFramework:OptionParser.obj
 0001:00002410       ?Process@OptionInt@TestFramework@OpenHome@@UAEXHQAPAD@Z 00403410 f   libTestFramework:OptionParser.obj
 0001:000024d0       ?Reset@OptionInt@TestFramework@OpenHome@@UAEXXZ 004034d0 f   libTestFramework:OptionParser.obj
 0001:000024f0       ?ExpectedArgCount@OptionInt@TestFramework@OpenHome@@UBEHXZ 004034f0 f   libTestFramework:OptionParser.obj
 0001:00002510       ?Value@OptionInt@TestFramework@OpenHome@@QBEHXZ 00403510 f   libTestFramework:OptionParser.obj
 0001:00002530       ??0OptionUint@TestFramework@OpenHome@@QAE@PBD0I0@Z 00403530 f   libTestFramework:OptionParser.obj
 0001:00002580       ?Process@OptionUint@TestFramework@OpenHome@@UAEXHQAPAD@Z 00403580 f   libTestFramework:OptionParser.obj
 0001:00002640       ?Reset@OptionUint@TestFramework@OpenHome@@UAEXXZ 00403640 f   libTestFramework:OptionParser.obj
 0001:00002660       ?ExpectedArgCount@OptionUint@TestFramework@OpenHome@@UBEHXZ 00403660 f   libTestFramework:OptionParser.obj
 0001:00002680       ?Value@OptionUint@TestFramework@OpenHome@@QBEIXZ 00403680 f   libTestFramework:OptionParser.obj
 0001:000026a0       ??0OptionBool@TestFramework@OpenHome@@QAE@PBD00@Z 004036a0 f   libTestFramework:OptionParser.obj
 0001:000026f0       ?Process@OptionBool@TestFramework@OpenHome@@UAEXHQAPAD@Z 004036f0 f   libTestFramework:OptionParser.obj
 0001:00002710       ?Reset@OptionBool@TestFramework@OpenHome@@UAEXXZ 00403710 f   libTestFramework:OptionParser.obj
 0001:00002730       ?ExpectedArgCount@OptionBool@TestFramework@OpenHome@@UBEHXZ 00403730 f   libTestFramework:OptionParser.obj
 0001:00002750       ?Value@OptionBool@TestFramework@OpenHome@@QBE_NXZ 00403750 f   libTestFramework:OptionParser.obj
 0001:00002770       ??0OptionParser@TestFramework@OpenHome@@QAE@XZ 00403770 f   libTestFramework:OptionParser.obj
 0001:00002820       ??1OptionParser@TestFramework@OpenHome@@QAE@XZ 00403820 f   libTestFramework:OptionParser.obj
 0001:000028c0       ?AddOption@OptionParser@TestFramework@OpenHome@@QAEXPAVOption@23@@Z 004038c0 f   libTestFramework:OptionParser.obj
 0001:000028f0       ?Parse@OptionParser@TestFramework@OpenHome@@QAE_NHQAPAD@Z 004038f0 f   libTestFramework:OptionParser.obj
 0001:00002ca0       ?HelpDisplayed@OptionParser@TestFramework@OpenHome@@QAE_NXZ 00403ca0 f   libTestFramework:OptionParser.obj
 0001:00002cd0       ?DisplayHelp@OptionParser@TestFramework@OpenHome@@QAEXXZ 00403cd0 f   libTestFramework:OptionParser.obj
 0001:00002d70       ?SetUsage@OptionParser@TestFramework@OpenHome@@QAEXPBD@Z 00403d70 f   libTestFramework:OptionParser.obj
 0001:00002e00       ?PosArgs@OptionParser@TestFramework@OpenHome@@QAEAAV?$vector@PADV?$allocator@PAD@std@@@std@@XZ 00403e00 f   libTestFramework:OptionParser.obj
 0001:00002e20       ?Find@OptionParser@TestFramework@OpenHome@@AAEPAVOption@23@PBD@Z 00403e20 f   libTestFramework:OptionParser.obj
 0001:00002eb0       ??0Brhz@OpenHome@@QAE@XZ   00403eb0 f i libTestFramework:OptionParser.obj
 0001:00002ee0       ??0Brv@OpenHome@@IAE@XZ    00403ee0 f i libTestFramework:OptionParser.obj
 0001:00002f60       ??0INonCopyable@OpenHome@@IAE@XZ 00403f60 f i libTestFramework:OptionParser.obj
 0001:00002f80       ??_EBrv@OpenHome@@UAEPAXI@Z 00403f80 f i libTestFramework:OptionParser.obj
 0001:00003000       ??_GBrhz@OpenHome@@UAEPAXI@Z 00404000 f i libTestFramework:OptionParser.obj
 0001:00003000       ??_EBrhz@OpenHome@@UAEPAXI@Z 00404000 f i libTestFramework:OptionParser.obj
 0001:00003040       ?Set@Brhz@OpenHome@@QAEXABVBrx@2@@Z 00404040 f i libTestFramework:OptionParser.obj
 0001:00003090       ?CString@Brhz@OpenHome@@QBEPBDXZ 00404090 f i libTestFramework:OptionParser.obj
 0001:000030b0       ??1?$Bws@$0L@@OpenHome@@UAE@XZ 004040b0 f i libTestFramework:OptionParser.obj
 0001:000030e0       ??1?$Bws@$09@OpenHome@@UAE@XZ 004040e0 f i libTestFramework:OptionParser.obj
 0001:00003110       ??0OptionParserError@OpenHome@@QAE@PBDI@Z 00404110 f i libTestFramework:OptionParser.obj
 0001:00003150       ??1OptionParserError@OpenHome@@QAE@XZ 00404150 f i libTestFramework:OptionParser.obj
 0001:00003180       ??0?$vector@PAVOption@TestFramework@OpenHome@@V?$allocator@PAVOption@TestFramework@OpenHome@@@std@@@std@@QAE@XZ 00404180 f i libTestFramework:OptionParser.obj
 0001:000031c0       ??1?$vector@PAVOption@TestFramework@OpenHome@@V?$allocator@PAVOption@TestFramework@OpenHome@@@std@@@std@@QAE@XZ 004041c0 f i libTestFramework:OptionParser.obj
 0001:00003230       ?size@?$vector@PAVOption@TestFramework@OpenHome@@V?$allocator@PAVOption@TestFramework@OpenHome@@@std@@@std@@QBEIXZ 00404230 f i libTestFramework:OptionParser.obj
 0001:00003260       ??A?$vector@PAVOption@TestFramework@OpenHome@@V?$allocator@PAVOption@TestFramework@OpenHome@@@std@@@std@@QAEAAPAVOption@TestFramework@OpenHome@@I@Z 00404260 f i libTestFramework:OptionParser.obj
 0001:00003300       ?push_back@?$vector@PAVOption@TestFramework@OpenHome@@V?$allocator@PAVOption@TestFramework@OpenHome@@@std@@@std@@QAEXABQAVOption@TestFramework@OpenHome@@@Z 00404300 f i libTestFramework:OptionParser.obj
 0001:00003410       ??0?$vector@PADV?$allocator@PAD@std@@@std@@QAE@XZ 00404410 f i libTestFramework:OptionParser.obj
 0001:00003450       ??1?$vector@PADV?$allocator@PAD@std@@@std@@QAE@XZ 00404450 f i libTestFramework:OptionParser.obj
 0001:000034c0       ?push_back@?$vector@PADV?$allocator@PAD@std@@@std@@QAEXABQAD@Z 004044c0 f i libTestFramework:OptionParser.obj
 0001:000035d0       ?clear@?$vector@PADV?$allocator@PAD@std@@@std@@QAEXXZ 004045d0 f i libTestFramework:OptionParser.obj
 0001:000036d0       ??1?$_Vector_iterator@V?$_Vector_val@PADV?$allocator@PAD@std@@@std@@@std@@QAE@XZ 004046d0 f i libTestFramework:OptionParser.obj
 0001:00003700       ??0?$_Vector_const_iterator@V?$_Vector_val@PADV?$allocator@PAD@std@@@std@@@std@@QAE@ABV01@@Z 00404700 f i libTestFramework:OptionParser.obj
 0001:00003740       ??1?$_Vector_const_iterator@V?$_Vector_val@PADV?$allocator@PAD@std@@@std@@@std@@QAE@XZ 00404740 f i libTestFramework:OptionParser.obj
 0001:00003770       ??0?$_Iterator012@Urandom_access_iterator_tag@std@@PADHPBQADABQADU_Iterator_base12@2@@std@@QAE@ABU01@@Z 00404770 f i libTestFramework:OptionParser.obj
 0001:000037a0       ??0_Iterator_base12@std@@QAE@ABU01@@Z 004047a0 f i libTestFramework:OptionParser.obj
 0001:000037e0       ??4_Iterator_base12@std@@QAEAAU01@ABU01@@Z 004047e0 f i libTestFramework:OptionParser.obj
 0001:00003820       ?_Adopt@_Iterator_base12@std@@QAEXPBU_Container_base12@2@@Z 00404820 f i libTestFramework:OptionParser.obj
 0001:00003910       ?_Orphan_me@_Iterator_base12@std@@QAEXXZ 00404910 f i libTestFramework:OptionParser.obj
 0001:000039a0       ??1?$_Iterator012@Urandom_access_iterator_tag@std@@PADHPBQADABQADU_Iterator_base12@2@@std@@QAE@XZ 004049a0 f i libTestFramework:OptionParser.obj
 0001:000039d0       ??1_Iterator_base12@std@@QAE@XZ 004049d0 f i libTestFramework:OptionParser.obj
 0001:00003a80       ?_Inside@?$vector@PAVOption@TestFramework@OpenHome@@V?$allocator@PAVOption@TestFramework@OpenHome@@@std@@@std@@IBE_NPBQAVOption@TestFramework@OpenHome@@@Z 00404a80 f i libTestFramework:OptionParser.obj
 0001:00003ad0       ?_Reserve@?$vector@PAVOption@TestFramework@OpenHome@@V?$allocator@PAVOption@TestFramework@OpenHome@@@std@@@std@@IAEXI@Z 00404ad0 f i libTestFramework:OptionParser.obj
 0001:00003b50       ?_Tidy@?$vector@PAVOption@TestFramework@OpenHome@@V?$allocator@PAVOption@TestFramework@OpenHome@@@std@@@std@@IAEXXZ 00404b50 f i libTestFramework:OptionParser.obj
 0001:00003be0       ?_Orphan_all@_Container_base12@std@@QAEXXZ 00404be0 f i libTestFramework:OptionParser.obj
 0001:00003c90       ?_Orphan_range@?$vector@PAVOption@TestFramework@OpenHome@@V?$allocator@PAVOption@TestFramework@OpenHome@@@std@@@std@@IBEXPAPAVOption@TestFramework@OpenHome@@0@Z 00404c90 f i libTestFramework:OptionParser.obj
 0001:00003da0       ?_Getpfirst@_Container_base12@std@@QBEPAPAU_Iterator_base12@2@XZ 00404da0 f i libTestFramework:OptionParser.obj
 0001:00003de0       ?_Clrcont@_Iterator_base12@std@@QAEXXZ 00404de0 f i libTestFramework:OptionParser.obj
 0001:00003e00       ?_Getpnext@_Iterator_base12@std@@QAEPAPAU12@XZ 00404e00 f i libTestFramework:OptionParser.obj
 0001:00003e20       ??0?$_Vector_val@PAVOption@TestFramework@OpenHome@@V?$allocator@PAVOption@TestFramework@OpenHome@@@std@@@std@@QAE@V?$allocator@PAVOption@TestFramework@OpenHome@@@1@@Z 00404e20 f i libTestFramework:OptionParser.obj
 0001:00003f40       ??0_Container_proxy@std@@QAE@XZ 00404f40 f i libTestFramework:OptionParser.obj
 0001:00003f70       ??0_Container_base12@std@@QAE@XZ 00404f70 f i libTestFramework:OptionParser.obj
 0001:00003f90       ??1_Container_base12@std@@QAE@XZ 00404f90 f i libTestFramework:OptionParser.obj
 0001:00003fc0       ??1?$_Vector_val@PAVOption@TestFramework@OpenHome@@V?$allocator@PAVOption@TestFramework@OpenHome@@@std@@@std@@QAE@XZ 00404fc0 f i libTestFramework:OptionParser.obj
 0001:000040a0       ??0?$allocator@PAVOption@TestFramework@OpenHome@@@std@@QAE@XZ 004050a0 f i libTestFramework:OptionParser.obj
 0001:000040c0       ?begin@?$vector@PADV?$allocator@PAD@std@@@std@@QAE?AV?$_Vector_iterator@V?$_Vector_val@PADV?$allocator@PAD@std@@@std@@@2@XZ 004050c0 f i libTestFramework:OptionParser.obj
 0001:00004110       ?end@?$vector@PADV?$allocator@PAD@std@@@std@@QAE?AV?$_Vector_iterator@V?$_Vector_val@PADV?$allocator@PAD@std@@@std@@@2@XZ 00405110 f i libTestFramework:OptionParser.obj
 0001:00004160       ?erase@?$vector@PADV?$allocator@PAD@std@@@std@@QAE?AV?$_Vector_iterator@V?$_Vector_val@PADV?$allocator@PAD@std@@@std@@@2@V?$_Vector_const_iterator@V?$_Vector_val@PADV?$allocator@PAD@std@@@std@@@2@0@Z 00405160 f i libTestFramework:OptionParser.obj
 0001:00004350       ?_Getcont@_Iterator_base12@std@@QBEPBU_Container_base12@2@XZ 00405350 f i libTestFramework:OptionParser.obj
 0001:00004390       ?_Inside@?$vector@PADV?$allocator@PAD@std@@@std@@IBE_NPBQAD@Z 00405390 f i libTestFramework:OptionParser.obj
 0001:000043e0       ?_Reserve@?$vector@PADV?$allocator@PAD@std@@@std@@IAEXI@Z 004053e0 f i libTestFramework:OptionParser.obj
 0001:00004460       ?_Tidy@?$vector@PADV?$allocator@PAD@std@@@std@@IAEXXZ 00405460 f i libTestFramework:OptionParser.obj
 0001:000044f0       ?_Orphan_range@?$vector@PADV?$allocator@PAD@std@@@std@@IBEXPAPAD0@Z 004054f0 f i libTestFramework:OptionParser.obj
 0001:00004600       ??0?$_Vector_val@PADV?$allocator@PAD@std@@@std@@QAE@V?$allocator@PAD@1@@Z 00405600 f i libTestFramework:OptionParser.obj
 0001:00004720       ??1?$_Vector_val@PADV?$allocator@PAD@std@@@std@@QAE@XZ 00405720 f i libTestFramework:OptionParser.obj
 0001:00004800       ??0?$allocator@PAD@std@@QAE@XZ 00405800 f i libTestFramework:OptionParser.obj
 0001:00004820       ??0?$_Vector_iterator@V?$_Vector_val@PADV?$allocator@PAD@std@@@std@@@std@@QAE@ABV01@@Z 00405820 f i libTestFramework:OptionParser.obj
 0001:00004850       ?reserve@?$vector@PAVOption@TestFramework@OpenHome@@V?$allocator@PAVOption@TestFramework@OpenHome@@@std@@@std@@QAEXI@Z 00405850 f i libTestFramework:OptionParser.obj
 0001:000049c0       ?capacity@?$vector@PAVOption@TestFramework@OpenHome@@V?$allocator@PAVOption@TestFramework@OpenHome@@@std@@@std@@QBEIXZ 004059c0 f i libTestFramework:OptionParser.obj
 0001:000049f0       ?max_size@?$vector@PAVOption@TestFramework@OpenHome@@V?$allocator@PAVOption@TestFramework@OpenHome@@@std@@@std@@QBEIXZ 004059f0 f i libTestFramework:OptionParser.obj
 0001:00004a20       ?_Destroy@?$vector@PAVOption@TestFramework@OpenHome@@V?$allocator@PAVOption@TestFramework@OpenHome@@@std@@@std@@IAEXPAPAVOption@TestFramework@OpenHome@@0@Z 00405a20 f i libTestFramework:OptionParser.obj
 0001:00004a60       ?_Grow_to@?$vector@PAVOption@TestFramework@OpenHome@@V?$allocator@PAVOption@TestFramework@OpenHome@@@std@@@std@@IBEII@Z 00405a60 f i libTestFramework:OptionParser.obj
 0001:00004ae0       ?_Xlen@?$vector@PAVOption@TestFramework@OpenHome@@V?$allocator@PAVOption@TestFramework@OpenHome@@@std@@@std@@IBEXXZ 00405ae0 f i libTestFramework:OptionParser.obj
 0001:00004b10       ??0?$allocator@PAVOption@TestFramework@OpenHome@@@std@@QAE@ABV01@@Z 00405b10 f i libTestFramework:OptionParser.obj
 0001:00004b30       ?deallocate@?$allocator@PAVOption@TestFramework@OpenHome@@@std@@QAEXPAPAVOption@TestFramework@OpenHome@@I@Z 00405b30 f i libTestFramework:OptionParser.obj
 0001:00004b60       ?reserve@?$vector@PADV?$allocator@PAD@std@@@std@@QAEXI@Z 00405b60 f i libTestFramework:OptionParser.obj
 0001:00004cd0       ?capacity@?$vector@PADV?$allocator@PAD@std@@@std@@QBEIXZ 00405cd0 f i libTestFramework:OptionParser.obj
 0001:00004d00       ?_Make_iter@?$vector@PADV?$allocator@PAD@std@@@std@@QBE?AV?$_Vector_iterator@V?$_Vector_val@PADV?$allocator@PAD@std@@@std@@@2@V?$_Vector_const_iterator@V?$_Vector_val@PADV?$allocator@PAD@std@@@std@@@2@@Z 00405d00 f i libTestFramework:OptionParser.obj
 0001:00004d90       ?size@?$vector@PADV?$allocator@PAD@std@@@std@@QBEIXZ 00405d90 f i libTestFramework:OptionParser.obj
 0001:00004dc0       ?max_size@?$vector@PADV?$allocator@PAD@std@@@std@@QBEIXZ 00405dc0 f i libTestFramework:OptionParser.obj
 0001:00004df0       ?_Destroy@?$vector@PADV?$allocator@PAD@std@@@std@@IAEXPAPAD0@Z 00405df0 f i libTestFramework:OptionParser.obj
 0001:00004e30       ?_Grow_to@?$vector@PADV?$allocator@PAD@std@@@std@@IBEII@Z 00405e30 f i libTestFramework:OptionParser.obj
 0001:00004eb0       ?_Xlen@?$vector@PADV?$allocator@PAD@std@@@std@@IBEXXZ 00405eb0 f i libTestFramework:OptionParser.obj
 0001:00004ee0       ??0?$allocator@PAD@std@@QAE@ABV01@@Z 00405ee0 f i libTestFramework:OptionParser.obj
 0001:00004f00       ?deallocate@?$allocator@PAD@std@@QAEXPAPADI@Z 00405f00 f i libTestFramework:OptionParser.obj
 0001:00004f30       ??0?$_Vector_iterator@V?$_Vector_val@PADV?$allocator@PAD@std@@@std@@@std@@QAE@PAPADPBU_Container_base12@1@@Z 00405f30 f i libTestFramework:OptionParser.obj
 0001:00004f70       ??9?$_Vector_const_iterator@V?$_Vector_val@PADV?$allocator@PAD@std@@@std@@@std@@QBE_NABV01@@Z 00405f70 f i libTestFramework:OptionParser.obj
 0001:00004fb0       ??M?$_Vector_const_iterator@V?$_Vector_val@PADV?$allocator@PAD@std@@@std@@@std@@QBE_NABV01@@Z 00405fb0 f i libTestFramework:OptionParser.obj
 0001:00004ff0       ?deallocate@?$allocator@U_Container_proxy@std@@@std@@QAEXPAU_Container_proxy@2@I@Z 00405ff0 f i libTestFramework:OptionParser.obj
 0001:00005020       ?allocate@?$allocator@U_Container_proxy@std@@@std@@QAEPAU_Container_proxy@2@I@Z 00406020 f i libTestFramework:OptionParser.obj
 0001:00005050       ?allocate@?$allocator@PAVOption@TestFramework@OpenHome@@@std@@QAEPAPAVOption@TestFramework@OpenHome@@I@Z 00406050 f i libTestFramework:OptionParser.obj
 0001:00005080       ?max_size@?$allocator@PAVOption@TestFramework@OpenHome@@@std@@QBEIXZ 00406080 f i libTestFramework:OptionParser.obj
 0001:000050d0       ?allocate@?$allocator@PAD@std@@QAEPAPADI@Z 004060d0 f i libTestFramework:OptionParser.obj
 0001:00005100       ?max_size@?$allocator@PAD@std@@QBEIXZ 00406100 f i libTestFramework:OptionParser.obj
 0001:00005150       ??0?$_Vector_const_iterator@V?$_Vector_val@PADV?$allocator@PAD@std@@@std@@@std@@QAE@PAPADPBU_Container_base12@1@@Z 00406150 f i libTestFramework:OptionParser.obj
 0001:000051d0       ??8?$_Vector_const_iterator@V?$_Vector_val@PADV?$allocator@PAD@std@@@std@@@std@@QBE_NABV01@@Z 004061d0 f i libTestFramework:OptionParser.obj
 0001:00005210       ?_Compat@?$_Vector_const_iterator@V?$_Vector_val@PADV?$allocator@PAD@std@@@std@@@std@@QBEXABV12@@Z 00406210 f i libTestFramework:OptionParser.obj
 0001:000052c0       ??0?$_Iterator012@Urandom_access_iterator_tag@std@@PADHPBQADABQADU_Iterator_base12@2@@std@@QAE@XZ 004062c0 f i libTestFramework:OptionParser.obj
 0001:000052f0       ??0_Iterator_base12@std@@QAE@XZ 004062f0 f i libTestFramework:OptionParser.obj
 0001:00005320       ??0?$Bws@$0L@@OpenHome@@QAE@PBD@Z 00406320 f i libTestFramework:OptionParser.obj
 0001:000053a0       ?Ptr@?$Bws@$0L@@OpenHome@@UBEPBEXZ 004063a0 f i libTestFramework:OptionParser.obj
 0001:000053c0       ??0?$Bws@$09@OpenHome@@QAE@PBD@Z 004063c0 f i libTestFramework:OptionParser.obj
 0001:00005440       ?Ptr@?$Bws@$09@OpenHome@@UBEPBEXZ 00406440 f i libTestFramework:OptionParser.obj
 0001:00005460       ??$addressof@QAVOption@TestFramework@OpenHome@@@std@@YGPBQAVOption@TestFramework@OpenHome@@ABQAV123@@Z 00406460 f i libTestFramework:OptionParser.obj
 0001:00005470       ??$_Cons_val@V?$allocator@PAVOption@TestFramework@OpenHome@@@std@@PAVOption@TestFramework@OpenHome@@AAPAV345@@std@@YGXAAV?$allocator@PAVOption@TestFramework@OpenHome@@@0@PAPAVOption@TestFramework@OpenHome@@AAPAV234@@Z 00406470 f i libTestFramework:OptionParser.obj
 0001:000054a0       ??$_Cons_val@V?$allocator@PAVOption@TestFramework@OpenHome@@@std@@PAVOption@TestFramework@OpenHome@@ABQAV345@@std@@YGXAAV?$allocator@PAVOption@TestFramework@OpenHome@@@0@PAPAVOption@TestFramework@OpenHome@@ABQAV234@@Z 004064a0 f i libTestFramework:OptionParser.obj
 0001:000054d0       ??$addressof@QAD@std@@YGPBQADABQAD@Z 004064d0 f i libTestFramework:OptionParser.obj
 0001:000054e0       ??$_Cons_val@V?$allocator@PAD@std@@PADAAPAD@std@@YGXAAV?$allocator@PAD@0@PAPADAAPAD@Z 004064e0 f i libTestFramework:OptionParser.obj
 0001:00005510       ??$_Cons_val@V?$allocator@PAD@std@@PADABQAD@std@@YGXAAV?$allocator@PAD@0@PAPADABQAD@Z 00406510 f i libTestFramework:OptionParser.obj
 0001:00005540       ??$?0PAVOption@TestFramework@OpenHome@@@?$allocator@U_Container_proxy@std@@@std@@QAE@ABV?$allocator@PAVOption@TestFramework@OpenHome@@@1@@Z 00406540 f i libTestFramework:OptionParser.obj
 0001:00005560       ??$_Cons_val@V?$allocator@U_Container_proxy@std@@@std@@U_Container_proxy@2@U32@@std@@YGXAAV?$allocator@U_Container_proxy@std@@@0@PAU_Container_proxy@0@$$QAU20@@Z 00406560 f i libTestFramework:OptionParser.obj
 0001:00005590       ??$_Dest_val@V?$allocator@U_Container_proxy@std@@@std@@U_Container_proxy@2@@std@@YGXAAV?$allocator@U_Container_proxy@std@@@0@PAU_Container_proxy@0@@Z 00406590 f i libTestFramework:OptionParser.obj
 0001:000055b0       ??$_Move@PAPADPAPAD@std@@YGPAPADPAPAD00@Z 004065b0 f i libTestFramework:OptionParser.obj
 0001:00005600       ??$?0PAD@?$allocator@U_Container_proxy@std@@@std@@QAE@ABV?$allocator@PAD@1@@Z 00406600 f i libTestFramework:OptionParser.obj
 0001:00005620       ??$_Umove@PAPAVOption@TestFramework@OpenHome@@@?$vector@PAVOption@TestFramework@OpenHome@@V?$allocator@PAVOption@TestFramework@OpenHome@@@std@@@std@@IAEPAPAVOption@TestFramework@OpenHome@@PAPAV234@00@Z 00406620 f i libTestFramework:OptionParser.obj
 0001:00005660       ??$_Destroy_range@V?$allocator@PAVOption@TestFramework@OpenHome@@@std@@@std@@YGXPAPAVOption@TestFramework@OpenHome@@0AAV?$allocator@PAVOption@TestFramework@OpenHome@@@0@@Z 00406660 f i libTestFramework:OptionParser.obj
 0001:000056b0       ??$_Umove@PAPAD@?$vector@PADV?$allocator@PAD@std@@@std@@IAEPAPADPAPAD00@Z 004066b0 f i libTestFramework:OptionParser.obj
 0001:000056f0       ??$_Destroy_range@V?$allocator@PAD@std@@@std@@YGXPAPAD0AAV?$allocator@PAD@0@@Z 004066f0 f i libTestFramework:OptionParser.obj
 0001:00005740       ??$_Allocate@U_Container_proxy@std@@@std@@YGPAU_Container_proxy@0@IPAU10@@Z 00406740 f i libTestFramework:OptionParser.obj
 0001:000057c0       ??0bad_alloc@std@@QAE@PBD@Z 004067c0 f i libTestFramework:OptionParser.obj
 0001:00005800       ??1bad_alloc@std@@UAE@XZ   00406800 f i libTestFramework:OptionParser.obj
 0001:00005830       ??_Ebad_alloc@std@@UAEPAXI@Z 00406830 f i libTestFramework:OptionParser.obj
 0001:00005830       ??_Gbad_alloc@std@@UAEPAXI@Z 00406830 f i libTestFramework:OptionParser.obj
 0001:00005870       ??$_Allocate@PAVOption@TestFramework@OpenHome@@@std@@YGPAPAVOption@TestFramework@OpenHome@@IPAPAV123@@Z 00406870 f i libTestFramework:OptionParser.obj
 0001:000058f0       ??$_Allocate@PAD@std@@YGPAPADIPAPAD@Z 004068f0 f i libTestFramework:OptionParser.obj
 0001:00005970       ??_E?$Bws@$0L@@OpenHome@@UAEPAXI@Z 00406970 f i libTestFramework:OptionParser.obj
 0001:00005970       ??_G?$Bws@$0L@@OpenHome@@UAEPAXI@Z 00406970 f i libTestFramework:OptionParser.obj
 0001:000059b0       ??_G?$Bws@$09@OpenHome@@UAEPAXI@Z 004069b0 f i libTestFramework:OptionParser.obj
 0001:000059b0       ??_E?$Bws@$09@OpenHome@@UAEPAXI@Z 004069b0 f i libTestFramework:OptionParser.obj
 0001:000059f0       ??0bad_alloc@std@@QAE@ABV01@@Z 004069f0 f i libTestFramework:OptionParser.obj
 0001:00005a30       ?construct@?$allocator@PAVOption@TestFramework@OpenHome@@@std@@QAEXPAPAVOption@TestFramework@OpenHome@@ABQAV345@@Z 00406a30 f i libTestFramework:OptionParser.obj
 0001:00005a60       ?construct@?$allocator@PAD@std@@QAEXPAPADABQAD@Z 00406a60 f i libTestFramework:OptionParser.obj
 0001:00005a90       ?construct@?$allocator@U_Container_proxy@std@@@std@@QAEXPAU_Container_proxy@2@$$QAU32@@Z 00406a90 f i libTestFramework:OptionParser.obj
 0001:00005b40       ??2@YAPAXIPAX@Z            00406b40 f i libTestFramework:OptionParser.obj
 0001:00005b50       ??3@YAXPAX0@Z              00406b50 f i libTestFramework:OptionParser.obj
 0001:00005b60       ?destroy@?$allocator@U_Container_proxy@std@@@std@@QAEXPAU_Container_proxy@2@@Z 00406b60 f i libTestFramework:OptionParser.obj
 0001:00005b90       ??$forward@AAPAVOption@TestFramework@OpenHome@@@std@@YGAAPAVOption@TestFramework@OpenHome@@AAPAV123@@Z 00406b90 f i libTestFramework:OptionParser.obj
 0001:00005ba0       ??$construct@AAPAVOption@TestFramework@OpenHome@@@?$allocator@PAVOption@TestFramework@OpenHome@@@std@@QAEXPAPAVOption@TestFramework@OpenHome@@AAPAV234@@Z 00406ba0 f i libTestFramework:OptionParser.obj
 0001:00005c40       ??$forward@ABQAVOption@TestFramework@OpenHome@@@std@@YGABQAVOption@TestFramework@OpenHome@@ABQAV123@@Z 00406c40 f i libTestFramework:OptionParser.obj
 0001:00005c50       ??$forward@AAPAD@std@@YGAAPADAAPAD@Z 00406c50 f i libTestFramework:OptionParser.obj
 0001:00005c60       ??$construct@AAPAD@?$allocator@PAD@std@@QAEXPAPADAAPAD@Z 00406c60 f i libTestFramework:OptionParser.obj
 0001:00005d00       ??$forward@ABQAD@std@@YGABQADABQAD@Z 00406d00 f i libTestFramework:OptionParser.obj
 0001:00005d10       ??$forward@U_Container_proxy@std@@@std@@YG$$QAU_Container_proxy@0@AAU10@@Z 00406d10 f i libTestFramework:OptionParser.obj
 0001:00005d20       ??$_Ptr_cat@PADPAD@std@@YG?AU_Scalar_ptr_iterator_tag@0@PAPAD0@Z 00406d20 f i libTestFramework:OptionParser.obj
 0001:00005d80       ??$_Move@PAPADPAPAD@std@@YGPAPADPAPAD00U_Scalar_ptr_iterator_tag@0@@Z 00406d80 f i libTestFramework:OptionParser.obj
 0001:00005dd0       ??$_Uninitialized_move@PAPAVOption@TestFramework@OpenHome@@PAPAV123@V?$allocator@PAVOption@TestFramework@OpenHome@@@std@@@std@@YGPAPAVOption@TestFramework@OpenHome@@PAPAV123@00AAV?$allocator@PAVOption@TestFramework@OpenHome@@@0@@Z 00406dd0 f i libTestFramework:OptionParser.obj
 0001:00005e20       ??$_Ptr_cat@PAVOption@TestFramework@OpenHome@@PAV123@@std@@YG?AU_Scalar_ptr_iterator_tag@0@PAPAVOption@TestFramework@OpenHome@@0@Z 00406e20 f i libTestFramework:OptionParser.obj
 0001:00005e80       ??$_Destroy_range@V?$allocator@PAVOption@TestFramework@OpenHome@@@std@@@std@@YGXPAPAVOption@TestFramework@OpenHome@@0AAV?$allocator@PAVOption@TestFramework@OpenHome@@@0@U_Scalar_ptr_iterator_tag@0@@Z 00406e80 f i libTestFramework:OptionParser.obj
 0001:00005e90       ??$_Uninitialized_move@PAPADPAPADV?$allocator@PAD@std@@@std@@YGPAPADPAPAD00AAV?$allocator@PAD@0@@Z 00406e90 f i libTestFramework:OptionParser.obj
 0001:00005ee0       ??$_Destroy_range@V?$allocator@PAD@std@@@std@@YGXPAPAD0AAV?$allocator@PAD@0@U_Scalar_ptr_iterator_tag@0@@Z 00406ee0 f i libTestFramework:OptionParser.obj
 0001:00005ef0       ??$_Construct@PAVOption@TestFramework@OpenHome@@ABQAV123@@std@@YGXPAPAVOption@TestFramework@OpenHome@@ABQAV123@@Z 00406ef0 f i libTestFramework:OptionParser.obj
 0001:00005fa0       ??$_Construct@PADABQAD@std@@YGXPAPADABQAD@Z 00406fa0 f i libTestFramework:OptionParser.obj
 0001:00006050       ??$_Destroy@U_Container_proxy@std@@@std@@YGXPAU_Container_proxy@0@@Z 00407050 f i libTestFramework:OptionParser.obj
 0001:00006060       ??$_Val_type@PAPAVOption@TestFramework@OpenHome@@@std@@YGPAPAVOption@TestFramework@OpenHome@@PAPAV123@@Z 00407060 f i libTestFramework:OptionParser.obj
 0001:00006070       ??$_Uninit_move@PAVOption@TestFramework@OpenHome@@PAV123@PAV123@@std@@YGPAPAVOption@TestFramework@OpenHome@@PAPAV123@00AAV?$allocator@PAVOption@TestFramework@OpenHome@@@0@0U_Scalar_ptr_iterator_tag@0@@Z 00407070 f i libTestFramework:OptionParser.obj
 0001:000060e0       ??$_Val_type@PAPAD@std@@YGPAPADPAPAD@Z 004070e0 f i libTestFramework:OptionParser.obj
 0001:000060f0       ??$_Uninit_move@PADPADPAD@std@@YGPAPADPAPAD00AAV?$allocator@PAD@0@0U_Scalar_ptr_iterator_tag@0@@Z 004070f0 f i libTestFramework:OptionParser.obj
 0001:00006160       ??$_Debug_range@PAPAVOption@TestFramework@OpenHome@@@std@@YGXPAPAVOption@TestFramework@OpenHome@@0PB_WI@Z 00407160 f i libTestFramework:OptionParser.obj
 0001:000061b0       ??$_Debug_pointer@PAVOption@TestFramework@OpenHome@@@std@@YGXPAPAVOption@TestFramework@OpenHome@@PB_WI@Z 004071b0 f i libTestFramework:OptionParser.obj
 0001:000061e0       ??$_Debug_range@PAPAD@std@@YGXPAPAD0PB_WI@Z 004071e0 f i libTestFramework:OptionParser.obj
 0001:00006230       ??$_Debug_pointer@PAD@std@@YGXPAPADPB_WI@Z 00407230 f i libTestFramework:OptionParser.obj
 0001:00006260       ??$_Iter_cat@PAPAVOption@TestFramework@OpenHome@@@std@@YG?AUrandom_access_iterator_tag@0@ABQAPAVOption@TestFramework@OpenHome@@@Z 00407260 f i libTestFramework:OptionParser.obj
 0001:000062c0       ??$_Debug_range2@PAPAVOption@TestFramework@OpenHome@@@std@@YGXPAPAVOption@TestFramework@OpenHome@@0PB_WIUrandom_access_iterator_tag@0@@Z 004072c0 f i libTestFramework:OptionParser.obj
 0001:00006320       ??$_Iter_cat@PAPAD@std@@YG?AUrandom_access_iterator_tag@0@ABQAPAD@Z 00407320 f i libTestFramework:OptionParser.obj
 0001:00006380       ??$_Debug_range2@PAPAD@std@@YGXPAPAD0PB_WIUrandom_access_iterator_tag@0@@Z 00407380 f i libTestFramework:OptionParser.obj
 0001:000063e0       ??0NetworkAdapter@OpenHome@@QAE@IIPBD@Z 004073e0 f   libohNetCore:OhNet.obj
 0001:00006480       ??1NetworkAdapter@OpenHome@@AAE@XZ 00407480 f   libohNetCore:OhNet.obj
 0001:000064f0       ?AddRef@NetworkAdapter@OpenHome@@QAEXXZ 004074f0 f   libohNetCore:OhNet.obj
 0001:00006540       ?RemoveRef@NetworkAdapter@OpenHome@@QAEXXZ 00407540 f   libohNetCore:OhNet.obj
 0001:000065d0       ?Address@NetworkAdapter@OpenHome@@QBEIXZ 004075d0 f   libohNetCore:OhNet.obj
 0001:000065f0       ?Subnet@NetworkAdapter@OpenHome@@QBEIXZ 004075f0 f   libohNetCore:OhNet.obj
 0001:00006610       ?Mask@NetworkAdapter@OpenHome@@QBEIXZ 00407610 f   libohNetCore:OhNet.obj
 0001:00006630       ?ContainsAddress@NetworkAdapter@OpenHome@@QAE_NI@Z 00407630 f   libohNetCore:OhNet.obj
 0001:00006670       ?Name@NetworkAdapter@OpenHome@@QBEPBDXZ 00407670 f   libohNetCore:OhNet.obj
 0001:000066b0       ?FullName@NetworkAdapter@OpenHome@@QBEPADXZ 004076b0 f   libohNetCore:OhNet.obj
 0001:00006810       ?Log@DefaultLogger@Net@OpenHome@@QAEXPBD@Z 00407810 f   libohNetCore:OhNet.obj
 0001:00006860       ?LogError@DefaultAsyncHandler@Net@OpenHome@@QAEXAAVIAsync@23@@Z 00407860 f   libohNetCore:OhNet.obj
 0001:000068c0       ?Output@DefaultAsyncHandler@Net@OpenHome@@EAEXPBD0@Z 004078c0 f   libohNetCore:OhNet.obj
 0001:00006900       ?Create@InitialisationParams@Net@OpenHome@@SGPAV123@XZ 00407900 f   libohNetCore:OhNet.obj
 0001:000069a0       ??1InitialisationParams@Net@OpenHome@@QAE@XZ 004079a0 f   libohNetCore:OhNet.obj
 0001:00006a00       ?SetLogOutput@InitialisationParams@Net@OpenHome@@QAEXVFunctorMsg@3@@Z 00407a00 f   libohNetCore:OhNet.obj
 0001:00006a30       ?SetFatalErrorHandler@InitialisationParams@Net@OpenHome@@QAEXVFunctorMsg@3@@Z 00407a30 f   libohNetCore:OhNet.obj
 0001:00006a90       ?SetAsyncBeginHandler@InitialisationParams@Net@OpenHome@@QAEXVFunctorAsync@23@@Z 00407a90 f   libohNetCore:OhNet.obj
 0001:00006ad0       ?SetAsyncEndHandler@InitialisationParams@Net@OpenHome@@QAEXVFunctorAsync@23@@Z 00407ad0 f   libohNetCore:OhNet.obj
 0001:00006b10       ?SetAsyncErrorHandler@InitialisationParams@Net@OpenHome@@QAEXVFunctorAsync@23@@Z 00407b10 f   libohNetCore:OhNet.obj
 0001:00006b50       ?SetSubnetListChangedListener@InitialisationParams@Net@OpenHome@@QAEXVFunctor@3@@Z 00407b50 f   libohNetCore:OhNet.obj
 0001:00006b90       ?SetTcpConnectTimeout@InitialisationParams@Net@OpenHome@@QAEXI@Z 00407b90 f   libohNetCore:OhNet.obj
 0001:00006bd0       ?SetMsearchTime@InitialisationParams@Net@OpenHome@@QAEXI@Z 00407bd0 f   libohNetCore:OhNet.obj
 0001:00006c20       ?SetMsearchTtl@InitialisationParams@Net@OpenHome@@QAEXI@Z 00407c20 f   libohNetCore:OhNet.obj
 0001:00006c60       ?SetNumEventSessionThreads@InitialisationParams@Net@OpenHome@@QAEXI@Z 00407c60 f   libohNetCore:OhNet.obj
 0001:00006cb0       ?SetNumXmlFetcherThreads@InitialisationParams@Net@OpenHome@@QAEXI@Z 00407cb0 f   libohNetCore:OhNet.obj
 0001:00006d00       ?SetNumActionInvokerThreads@InitialisationParams@Net@OpenHome@@QAEXI@Z 00407d00 f   libohNetCore:OhNet.obj
 0001:00006d50       ?SetNumInvocations@InitialisationParams@Net@OpenHome@@QAEXI@Z 00407d50 f   libohNetCore:OhNet.obj
 0001:00006d90       ?SetNumSubscriberThreads@InitialisationParams@Net@OpenHome@@QAEXI@Z 00407d90 f   libohNetCore:OhNet.obj
 0001:00006de0       ?SetPendingSubscriptionTimeout@InitialisationParams@Net@OpenHome@@QAEXI@Z 00407de0 f   libohNetCore:OhNet.obj
 0001:00006e20       ?SetFreeExternalCallback@InitialisationParams@Net@OpenHome@@QAEXP6GXPAX@Z@Z 00407e20 f   libohNetCore:OhNet.obj
 0001:00006e40       ?SetUseLoopbackNetworkAdapter@InitialisationParams@Net@OpenHome@@QAEXXZ 00407e40 f   libohNetCore:OhNet.obj
 0001:00006e60       ?SetDvMaxUpdateTime@InitialisationParams@Net@OpenHome@@QAEXI@Z 00407e60 f   libohNetCore:OhNet.obj
 0001:00006e80       ?SetDvNumServerThreads@InitialisationParams@Net@OpenHome@@QAEXI@Z 00407e80 f   libohNetCore:OhNet.obj
 0001:00006ed0       ?SetDvNumPublisherThreads@InitialisationParams@Net@OpenHome@@QAEXI@Z 00407ed0 f   libohNetCore:OhNet.obj
 0001:00006f20       ?SetDvNumWebSocketThreads@InitialisationParams@Net@OpenHome@@QAEXI@Z 00407f20 f   libohNetCore:OhNet.obj
 0001:00006f70       ?SetDvWebSocketPort@InitialisationParams@Net@OpenHome@@QAEXI@Z 00407f70 f   libohNetCore:OhNet.obj
 0001:00006f90       ?SetDvEnableBonjour@InitialisationParams@Net@OpenHome@@QAEXXZ 00407f90 f   libohNetCore:OhNet.obj
 0001:00006fb0       ?LogOutput@InitialisationParams@Net@OpenHome@@QAEAAVFunctorMsg@3@XZ 00407fb0 f   libohNetCore:OhNet.obj
 0001:00006fd0       ?FatalErrorHandler@InitialisationParams@Net@OpenHome@@QAEAAVFunctorMsg@3@XZ 00407fd0 f   libohNetCore:OhNet.obj
 0001:00006ff0       ?AsyncBeginHandler@InitialisationParams@Net@OpenHome@@QAEAAVFunctorAsync@23@XZ 00407ff0 f   libohNetCore:OhNet.obj
 0001:00007010       ?AsyncEndHandler@InitialisationParams@Net@OpenHome@@QAEAAVFunctorAsync@23@XZ 00408010 f   libohNetCore:OhNet.obj
 0001:00007030       ?AsyncErrorHandler@InitialisationParams@Net@OpenHome@@QAEAAVFunctorAsync@23@XZ 00408030 f   libohNetCore:OhNet.obj
 0001:00007050       ?SubnetListChangedListener@InitialisationParams@Net@OpenHome@@QAEAAVFunctor@3@XZ 00408050 f   libohNetCore:OhNet.obj
 0001:00007070       ?TcpConnectTimeoutMs@InitialisationParams@Net@OpenHome@@QBEIXZ 00408070 f   libohNetCore:OhNet.obj
 0001:00007090       ?MsearchTimeSecs@InitialisationParams@Net@OpenHome@@QBEIXZ 00408090 f   libohNetCore:OhNet.obj
 0001:000070b0       ?MsearchTtl@InitialisationParams@Net@OpenHome@@QBEIXZ 004080b0 f   libohNetCore:OhNet.obj
 0001:000070d0       ?NumEventSessionThreads@InitialisationParams@Net@OpenHome@@QBEIXZ 004080d0 f   libohNetCore:OhNet.obj
 0001:000070f0       ?NumXmlFetcherThreads@InitialisationParams@Net@OpenHome@@QBEIXZ 004080f0 f   libohNetCore:OhNet.obj
 0001:00007110       ?NumActionInvokerThreads@InitialisationParams@Net@OpenHome@@QBEIXZ 00408110 f   libohNetCore:OhNet.obj
 0001:00007130       ?NumInvocations@InitialisationParams@Net@OpenHome@@QBEIXZ 00408130 f   libohNetCore:OhNet.obj
 0001:00007150       ?NumSubscriberThreads@InitialisationParams@Net@OpenHome@@QBEIXZ 00408150 f   libohNetCore:OhNet.obj
 0001:00007170       ?PendingSubscriptionTimeoutMs@InitialisationParams@Net@OpenHome@@QBEIXZ 00408170 f   libohNetCore:OhNet.obj
 0001:00007190       ?FreeExternal@InitialisationParams@Net@OpenHome@@QBEP6GXPAX@ZXZ 00408190 f   libohNetCore:OhNet.obj
 0001:000071b0       ?UseLoopbackNetworkAdapter@InitialisationParams@Net@OpenHome@@QBE_NXZ 004081b0 f   libohNetCore:OhNet.obj
 0001:000071d0       ?DvMaxUpdateTimeSecs@InitialisationParams@Net@OpenHome@@QBEIXZ 004081d0 f   libohNetCore:OhNet.obj
 0001:000071f0       ?DvNumServerThreads@InitialisationParams@Net@OpenHome@@QBEIXZ 004081f0 f   libohNetCore:OhNet.obj
 0001:00007210       ?DvNumPublisherThreads@InitialisationParams@Net@OpenHome@@QBEIXZ 00408210 f   libohNetCore:OhNet.obj
 0001:00007230       ?DvNumWebSocketThreads@InitialisationParams@Net@OpenHome@@QBEIXZ 00408230 f   libohNetCore:OhNet.obj
 0001:00007250       ?DvWebSocketPort@InitialisationParams@Net@OpenHome@@QBEIXZ 00408250 f   libohNetCore:OhNet.obj
 0001:00007270       ?DvIsBonjourEnabled@InitialisationParams@Net@OpenHome@@QBE_NXZ 00408270 f   libohNetCore:OhNet.obj
 0001:00007290       ??0InitialisationParams@Net@OpenHome@@AAE@XZ 00408290 f   libohNetCore:OhNet.obj
 0001:00007500       ?FatalErrorHandlerDefault@InitialisationParams@Net@OpenHome@@AAEXPBD@Z 00408500 f   libohNetCore:OhNet.obj
 0001:00007530       ?Initialise@UpnpLibrary@Net@OpenHome@@SGXPAVInitialisationParams@23@@Z 00408530 f   libohNetCore:OhNet.obj
 0001:00007630       ?InitialiseMinimal@UpnpLibrary@Net@OpenHome@@SGXPAVInitialisationParams@23@@Z 00408630 f   libohNetCore:OhNet.obj
 0001:000076d0       ?Close@UpnpLibrary@Net@OpenHome@@SGXXZ 004086d0 f   libohNetCore:OhNet.obj
 0001:000076f0       ?CreateSubnetList@UpnpLibrary@Net@OpenHome@@SGPAV?$vector@PAVNetworkAdapter@OpenHome@@V?$allocator@PAVNetworkAdapter@OpenHome@@@std@@@std@@XZ 004086f0 f   libohNetCore:OhNet.obj
 0001:00007710       ?DestroySubnetList@UpnpLibrary@Net@OpenHome@@SGXPAV?$vector@PAVNetworkAdapter@OpenHome@@V?$allocator@PAVNetworkAdapter@OpenHome@@@std@@@std@@@Z 00408710 f   libohNetCore:OhNet.obj
 0001:000077a0       ?SetCurrentSubnet@UpnpLibrary@Net@OpenHome@@SGXI@Z 004087a0 f   libohNetCore:OhNet.obj
 0001:000077c0       ?CurrentSubnetAdapter@UpnpLibrary@Net@OpenHome@@SGPAVNetworkAdapter@3@XZ 004087c0 f   libohNetCore:OhNet.obj
 0001:000077e0       ??_GNetworkAdapter@OpenHome@@AAEPAXI@Z 004087e0 f i libohNetCore:OhNet.obj
 0001:00007820       ?Append@Bwx@OpenHome@@QAEXD@Z 00408820 f i libohNetCore:OhNet.obj
 0001:00007850       ??BFunctorMsg@OpenHome@@QBE_NXZ 00408850 f i libohNetCore:OhNet.obj
 0001:00007890       ??0Functor@OpenHome@@QAE@XZ 00408890 f i libohNetCore:OhNet.obj
 0001:000078c0       ??0FunctorAsync@Net@OpenHome@@QAE@XZ 004088c0 f i libohNetCore:OhNet.obj
 0001:000078f0       ??0FunctorMsg@OpenHome@@QAE@XZ 004088f0 f i libohNetCore:OhNet.obj
 0001:00007920       ??0DefaultAsyncHandler@Net@OpenHome@@QAE@XZ 00408920 f i libohNetCore:OhNet.obj
 0001:00007950       ??0IAsyncOutput@Net@OpenHome@@QAE@XZ 00408950 f i libohNetCore:OhNet.obj
 0001:00007970       ?Quit@Os@OpenHome@@SGXXZ   00408970 f i libohNetCore:OhNet.obj
 0001:00007990       ??0bad_alloc@std@@QAE@XZ   00408990 f i libohNetCore:OhNet.obj
 0001:000079e0       ?Create@Os@OpenHome@@SGHXZ 004089e0 f i libohNetCore:OhNet.obj
 0001:00007a00       ?Destroy@Os@OpenHome@@SGXXZ 00408a00 f i libohNetCore:OhNet.obj
 0001:00007a20       ??_G?$vector@PAVNetworkAdapter@OpenHome@@V?$allocator@PAVNetworkAdapter@OpenHome@@@std@@@std@@QAEPAXI@Z 00408a20 f i libohNetCore:OhNet.obj
 0001:00007a60       ??1?$vector@PAVNetworkAdapter@OpenHome@@V?$allocator@PAVNetworkAdapter@OpenHome@@@std@@@std@@QAE@XZ 00408a60 f i libohNetCore:OhNet.obj
 0001:00007ad0       ??A?$vector@PAVNetworkAdapter@OpenHome@@V?$allocator@PAVNetworkAdapter@OpenHome@@@std@@@std@@QAEAAPAVNetworkAdapter@OpenHome@@I@Z 00408ad0 f i libohNetCore:OhNet.obj
 0001:00007b70       ?_Tidy@?$vector@PAVNetworkAdapter@OpenHome@@V?$allocator@PAVNetworkAdapter@OpenHome@@@std@@@std@@IAEXXZ 00408b70 f i libohNetCore:OhNet.obj
 0001:00007c00       ??1?$_Vector_val@PAVNetworkAdapter@OpenHome@@V?$allocator@PAVNetworkAdapter@OpenHome@@@std@@@std@@QAE@XZ 00408c00 f i libohNetCore:OhNet.obj
 0001:00007ce0       ?_Destroy@?$vector@PAVNetworkAdapter@OpenHome@@V?$allocator@PAVNetworkAdapter@OpenHome@@@std@@@std@@IAEXPAPAVNetworkAdapter@OpenHome@@0@Z 00408ce0 f i libohNetCore:OhNet.obj
 0001:00007d20       ?deallocate@?$allocator@PAVNetworkAdapter@OpenHome@@@std@@QAEXPAPAVNetworkAdapter@OpenHome@@I@Z 00408d20 f i libohNetCore:OhNet.obj
 0001:00007d50       ??$MakeFunctorMsg@VDefaultLogger@Net@OpenHome@@V123@@OpenHome@@YG?AV?$MemberTranslatorMsg@VDefaultLogger@Net@OpenHome@@P8123@AEXPBD@Z@0@AAVDefaultLogger@Net@0@ABQ8230@AEXPBD@Z@Z 00408d50 f i libohNetCore:OhNet.obj
 0001:00007d80       ??$MakeFunctorAsync@VDefaultAsyncHandler@Net@OpenHome@@V123@@Net@OpenHome@@YG?AV?$MemberTranslatorAsync@VDefaultAsyncHandler@Net@OpenHome@@P8123@AEXAAVIAsync@23@@Z@01@AAVDefaultAsyncHandler@01@ABQ8301@AEXAAVIAsync@01@@Z@Z 00408d80 f i libohNetCore:OhNet.obj
 0001:00007db0       ??$MakeFunctorMsg@VInitialisationParams@Net@OpenHome@@V123@@OpenHome@@YG?AV?$MemberTranslatorMsg@VInitialisationParams@Net@OpenHome@@P8123@AEXPBD@Z@0@AAVInitialisationParams@Net@0@ABQ8230@AEXPBD@Z@Z 00408db0 f i libohNetCore:OhNet.obj
 0001:00007de0       ??$?0PAVNetworkAdapter@OpenHome@@@?$allocator@U_Container_proxy@std@@@std@@QAE@ABV?$allocator@PAVNetworkAdapter@OpenHome@@@1@@Z 00408de0 f i libohNetCore:OhNet.obj
 0001:00007e00       ??$_Destroy_range@V?$allocator@PAVNetworkAdapter@OpenHome@@@std@@@std@@YGXPAPAVNetworkAdapter@OpenHome@@0AAV?$allocator@PAVNetworkAdapter@OpenHome@@@0@@Z 00408e00 f i libohNetCore:OhNet.obj
 0001:00007e50       ??0?$MemberTranslatorMsg@VDefaultLogger@Net@OpenHome@@P8123@AEXPBD@Z@OpenHome@@QAE@AAVDefaultLogger@Net@1@ABQ8231@AEXPBD@Z@Z 00408e50 f i libohNetCore:OhNet.obj
 0001:00007e90       ??0?$MemberTranslatorAsync@VDefaultAsyncHandler@Net@OpenHome@@P8123@AEXAAVIAsync@23@@Z@Net@OpenHome@@QAE@AAVDefaultAsyncHandler@12@ABQ8312@AEXAAVIAsync@12@@Z@Z 00408e90 f i libohNetCore:OhNet.obj
 0001:00007ed0       ??0FunctorAsync@Net@OpenHome@@IAE@P6GXABV012@AAVIAsync@12@@ZPBX3I@Z 00408ed0 f i libohNetCore:OhNet.obj
 0001:00007f20       ??0?$MemberTranslatorMsg@VInitialisationParams@Net@OpenHome@@P8123@AEXPBD@Z@OpenHome@@QAE@AAVInitialisationParams@Net@1@ABQ8231@AEXPBD@Z@Z 00408f20 f i libohNetCore:OhNet.obj
 0001:00007f60       ?Thunk@?$MemberTranslatorMsg@VDefaultLogger@Net@OpenHome@@P8123@AEXPBD@Z@OpenHome@@SGXABVFunctorMsg@2@PBD@Z 00408f60 f i libohNetCore:OhNet.obj
 0001:00007fb0       ?Thunk@?$MemberTranslatorAsync@VDefaultAsyncHandler@Net@OpenHome@@P8123@AEXAAVIAsync@23@@Z@Net@OpenHome@@SGXABVFunctorAsync@23@AAVIAsync@23@@Z 00408fb0 f i libohNetCore:OhNet.obj
 0001:00008000       ?Thunk@?$MemberTranslatorMsg@VInitialisationParams@Net@OpenHome@@P8123@AEXPBD@Z@OpenHome@@SGXABVFunctorMsg@2@PBD@Z 00409000 f i libohNetCore:OhNet.obj
 0001:00008050       ??$_Ptr_cat@PAVNetworkAdapter@OpenHome@@PAV12@@std@@YG?AU_Scalar_ptr_iterator_tag@0@PAPAVNetworkAdapter@OpenHome@@0@Z 00409050 f i libohNetCore:OhNet.obj
 0001:000080b0       ??$_Destroy_range@V?$allocator@PAVNetworkAdapter@OpenHome@@@std@@@std@@YGXPAPAVNetworkAdapter@OpenHome@@0AAV?$allocator@PAVNetworkAdapter@OpenHome@@@0@U_Scalar_ptr_iterator_tag@0@@Z 004090b0 f i libohNetCore:OhNet.obj
 0001:000080c0       ??0SsdpSocketReader@Net@OpenHome@@QAE@IABVEndpoint@2@@Z 004090c0 f   libohNetCore:Discovery.obj
 0001:000081b0       ??1SsdpSocketReader@Net@OpenHome@@UAE@XZ 004091b0 f   libohNetCore:Discovery.obj
 0001:00008280       ?Sender@SsdpSocketReader@Net@OpenHome@@QBE?AVEndpoint@3@XZ 00409280 f   libohNetCore:Discovery.obj
 0001:000082b0       ?Read@SsdpSocketReader@Net@OpenHome@@UAEXAAVBwx@3@@Z 004092b0 f   libohNetCore:Discovery.obj
 0001:000082f0       ?ReadFlush@SsdpSocketReader@Net@OpenHome@@UAEXXZ 004092f0 f   libohNetCore:Discovery.obj
 0001:00008330       ?ReadInterrupt@SsdpSocketReader@Net@OpenHome@@UAEXXZ 00409330 f   libohNetCore:Discovery.obj
 0001:00008370       ??0SsdpListener@Net@OpenHome@@IAE@XZ 00409370 f   libohNetCore:Discovery.obj
 0001:00008440       ??0SsdpListenerMulticast@Net@OpenHome@@QAE@I@Z 00409440 f   libohNetCore:Discovery.obj
 0001:00008720       ?Run@SsdpListenerMulticast@Net@OpenHome@@EAEXXZ 00409720 f   libohNetCore:Discovery.obj
 0001:00008b60       ?Msearch@SsdpListenerMulticast@Net@OpenHome@@AAEXAAVMsearchHandler@123@@Z 00409b60 f   libohNetCore:Discovery.obj
 0001:00008c30       ?Msearch@SsdpListenerMulticast@Net@OpenHome@@AAEXAAVISsdpMsearchHandler@23@@Z 00409c30 f   libohNetCore:Discovery.obj
 0001:00008ef0       ?Notify@SsdpListenerMulticast@Net@OpenHome@@AAEXAAVNotifyHandler@123@@Z 00409ef0 f   libohNetCore:Discovery.obj
 0001:00008fc0       ?Notify@SsdpListenerMulticast@Net@OpenHome@@AAEXAAVISsdpNotifyHandler@23@@Z 00409fc0 f   libohNetCore:Discovery.obj
 0001:000097c0       ??1SsdpListenerMulticast@Net@OpenHome@@UAE@XZ 0040a7c0 f   libohNetCore:Discovery.obj
 0001:00009990       ?AddNotifyHandler@SsdpListenerMulticast@Net@OpenHome@@QAEHPAVISsdpNotifyHandler@23@@Z 0040a990 f   libohNetCore:Discovery.obj
 0001:00009ae0       ?AddMsearchHandler@SsdpListenerMulticast@Net@OpenHome@@QAEHPAVISsdpMsearchHandler@23@@Z 0040aae0 f   libohNetCore:Discovery.obj
 0001:00009c30       ?RemoveNotifyHandler@SsdpListenerMulticast@Net@OpenHome@@QAEXH@Z 0040ac30 f   libohNetCore:Discovery.obj
 0001:00009cf0       ?RemoveMsearchHandler@SsdpListenerMulticast@Net@OpenHome@@QAEXH@Z 0040acf0 f   libohNetCore:Discovery.obj
 0001:00009db0       ?Interface@SsdpListenerMulticast@Net@OpenHome@@QBEIXZ 0040adb0 f   libohNetCore:Discovery.obj
 0001:00009dd0       ?EraseDisabled@SsdpListenerMulticast@Net@OpenHome@@AAEXAAV?$vector@PAVNotifyHandler@SsdpListenerMulticast@Net@OpenHome@@V?$allocator@PAVNotifyHandler@SsdpListenerMulticast@Net@OpenHome@@@std@@@std@@@Z 0040add0 f   libohNetCore:Discovery.obj
 0001:00009f70       ?EraseDisabled@SsdpListenerMulticast@Net@OpenHome@@AAEXAAV?$vector@PAVMsearchHandler@SsdpListenerMulticast@Net@OpenHome@@V?$allocator@PAVMsearchHandler@SsdpListenerMulticast@Net@OpenHome@@@std@@@std@@@Z 0040af70 f   libohNetCore:Discovery.obj
 0001:0000a110       ??0SsdpListenerUnicast@Net@OpenHome@@QAE@AAVISsdpNotifyHandler@12@I@Z 0040b110 f   libohNetCore:Discovery.obj
 0001:0000a370       ??1SsdpListenerUnicast@Net@OpenHome@@UAE@XZ 0040b370 f   libohNetCore:Discovery.obj
 0001:0000a4b0       ?Run@SsdpListenerUnicast@Net@OpenHome@@EAEXXZ 0040b4b0 f   libohNetCore:Discovery.obj
 0001:0000abe0       ?MsearchRoot@SsdpListenerUnicast@Net@OpenHome@@QAEXXZ 0040bbe0 f   libohNetCore:Discovery.obj
 0001:0000ac20       ?MsearchUuid@SsdpListenerUnicast@Net@OpenHome@@QAEXABVBrx@3@@Z 0040bc20 f   libohNetCore:Discovery.obj
 0001:0000ac60       ?MsearchDeviceType@SsdpListenerUnicast@Net@OpenHome@@QAEXABVBrx@3@0I@Z 0040bc60 f   libohNetCore:Discovery.obj
 0001:0000acb0       ?MsearchServiceType@SsdpListenerUnicast@Net@OpenHome@@QAEXABVBrx@3@0I@Z 0040bcb0 f   libohNetCore:Discovery.obj
 0001:0000ad00       ?MsearchAll@SsdpListenerUnicast@Net@OpenHome@@QAEXXZ 0040bd00 f   libohNetCore:Discovery.obj
 0001:0000ad40       ?MsearchDurationSeconds@SsdpListenerUnicast@Net@OpenHome@@ABEIXZ 0040bd40 f   libohNetCore:Discovery.obj
 0001:0000ad70       ??1IReaderSource@OpenHome@@UAE@XZ 0040bd70 f i libohNetCore:Discovery.obj
 0001:0000ad90       ??_EIReaderSource@OpenHome@@UAEPAXI@Z 0040bd90 f i libohNetCore:Discovery.obj
 0001:0000ad90       ??_GIReaderSource@OpenHome@@UAEPAXI@Z 0040bd90 f i libohNetCore:Discovery.obj
 0001:0000add0       ??_ESsdpSocketReader@Net@OpenHome@@UAEPAXI@Z 0040bdd0 f i libohNetCore:Discovery.obj
 0001:0000add0       ??_GSsdpSocketReader@Net@OpenHome@@UAEPAXI@Z 0040bdd0 f i libohNetCore:Discovery.obj
 0001:0000ae10       ??0IReaderSource@OpenHome@@QAE@XZ 0040be10 f i libohNetCore:Discovery.obj
 0001:0000ae30       ??_GSsdpListener@Net@OpenHome@@UAEPAXI@Z 0040be30 f i libohNetCore:Discovery.obj
 0001:0000ae30       ??_ESsdpListener@Net@OpenHome@@UAEPAXI@Z 0040be30 f i libohNetCore:Discovery.obj
 0001:0000ae70       ??0SsdpHeaderCacheControl@Net@OpenHome@@QAE@XZ 0040be70 f i libohNetCore:Discovery.obj
 0001:0000aea0       ??1SsdpHeaderCacheControl@Net@OpenHome@@UAE@XZ 0040bea0 f i libohNetCore:Discovery.obj
 0001:0000aed0       ??0HttpHeaderLocation@OpenHome@@QAE@XZ 0040bed0 f i libohNetCore:Discovery.obj
 0001:0000af50       ??1HttpHeaderLocation@OpenHome@@UAE@XZ 0040bf50 f i libohNetCore:Discovery.obj
 0001:0000afc0       ??0SsdpHeaderServer@Net@OpenHome@@QAE@XZ 0040bfc0 f i libohNetCore:Discovery.obj
 0001:0000aff0       ??1SsdpHeaderServer@Net@OpenHome@@UAE@XZ 0040bff0 f i libohNetCore:Discovery.obj
 0001:0000b020       ??0SsdpHeaderSt@Net@OpenHome@@QAE@XZ 0040c020 f i libohNetCore:Discovery.obj
 0001:0000b0c0       ??1SsdpHeaderSt@Net@OpenHome@@UAE@XZ 0040c0c0 f i libohNetCore:Discovery.obj
 0001:0000b150       ??0SsdpHeaderUsn@Net@OpenHome@@QAE@XZ 0040c150 f i libohNetCore:Discovery.obj
 0001:0000b1f0       ??1SsdpListener@Net@OpenHome@@UAE@XZ 0040c1f0 f i libohNetCore:Discovery.obj
 0001:0000b2a0       ??1SsdpHeaderUsn@Net@OpenHome@@UAE@XZ 0040c2a0 f i libohNetCore:Discovery.obj
 0001:0000b330       ??_ESsdpHeaderCacheControl@Net@OpenHome@@UAEPAXI@Z 0040c330 f i libohNetCore:Discovery.obj
 0001:0000b330       ??_GSsdpHeaderCacheControl@Net@OpenHome@@UAEPAXI@Z 0040c330 f i libohNetCore:Discovery.obj
 0001:0000b370       ??1HttpHeader@OpenHome@@UAE@XZ 0040c370 f i libohNetCore:Discovery.obj
 0001:0000b3a0       ??1IHttpHeader@OpenHome@@UAE@XZ 0040c3a0 f i libohNetCore:Discovery.obj
 0001:0000b3c0       ??_EIHttpHeader@OpenHome@@UAEPAXI@Z 0040c3c0 f i libohNetCore:Discovery.obj
 0001:0000b3c0       ??_GIHttpHeader@OpenHome@@UAEPAXI@Z 0040c3c0 f i libohNetCore:Discovery.obj
 0001:0000b400       ??_EHttpHeaderLocation@OpenHome@@UAEPAXI@Z 0040c400 f i libohNetCore:Discovery.obj
 0001:0000b400       ??_GHttpHeaderLocation@OpenHome@@UAEPAXI@Z 0040c400 f i libohNetCore:Discovery.obj
 0001:0000b440       ??1?$Bws@$0DOI@@OpenHome@@UAE@XZ 0040c440 f i libohNetCore:Discovery.obj
 0001:0000b470       ??_ESsdpHeaderServer@Net@OpenHome@@UAEPAXI@Z 0040c470 f i libohNetCore:Discovery.obj
 0001:0000b470       ??_GSsdpHeaderServer@Net@OpenHome@@UAEPAXI@Z 0040c470 f i libohNetCore:Discovery.obj
 0001:0000b4b0       ??_GSsdpHeaderSt@Net@OpenHome@@UAEPAXI@Z 0040c4b0 f i libohNetCore:Discovery.obj
 0001:0000b4b0       ??_ESsdpHeaderSt@Net@OpenHome@@UAEPAXI@Z 0040c4b0 f i libohNetCore:Discovery.obj
 0001:0000b4f0       ??1?$Bws@$0EA@@OpenHome@@UAE@XZ 0040c4f0 f i libohNetCore:Discovery.obj
 0001:0000b520       ??_GSsdpHeaderUsn@Net@OpenHome@@UAEPAXI@Z 0040c520 f i libohNetCore:Discovery.obj
 0001:0000b520       ??_ESsdpHeaderUsn@Net@OpenHome@@UAEPAXI@Z 0040c520 f i libohNetCore:Discovery.obj
 0001:0000b560       ??_GSsdpListenerMulticast@Net@OpenHome@@UAEPAXI@Z 0040c560 f i libohNetCore:Discovery.obj
 0001:0000b560       ??_ESsdpListenerMulticast@Net@OpenHome@@UAEPAXI@Z 0040c560 f i libohNetCore:Discovery.obj
 0001:0000b5a0       ??1?$Srs@$0EAA@@OpenHome@@UAE@XZ 0040c5a0 f i libohNetCore:Discovery.obj
 0001:0000b5d0       ??1ReaderHttpRequest@OpenHome@@QAE@XZ 0040c5d0 f i libohNetCore:Discovery.obj
 0001:0000b650       ??0SsdpHeaderHost@Net@OpenHome@@QAE@XZ 0040c650 f i libohNetCore:Discovery.obj
 0001:0000b680       ??1SsdpHeaderHost@Net@OpenHome@@UAE@XZ 0040c680 f i libohNetCore:Discovery.obj
 0001:0000b6b0       ??0SsdpHeaderMan@Net@OpenHome@@QAE@XZ 0040c6b0 f i libohNetCore:Discovery.obj
 0001:0000b6e0       ??1SsdpHeaderMan@Net@OpenHome@@UAE@XZ 0040c6e0 f i libohNetCore:Discovery.obj
 0001:0000b710       ??0SsdpHeaderMx@Net@OpenHome@@QAE@XZ 0040c710 f i libohNetCore:Discovery.obj
 0001:0000b740       ??1SsdpHeaderMx@Net@OpenHome@@UAE@XZ 0040c740 f i libohNetCore:Discovery.obj
 0001:0000b770       ??0SsdpHeaderNt@Net@OpenHome@@QAE@XZ 0040c770 f i libohNetCore:Discovery.obj
 0001:0000b810       ??1SsdpHeaderNt@Net@OpenHome@@UAE@XZ 0040c810 f i libohNetCore:Discovery.obj
 0001:0000b8a0       ??0SsdpHeaderNts@Net@OpenHome@@QAE@XZ 0040c8a0 f i libohNetCore:Discovery.obj
 0001:0000b8d0       ??1SsdpHeaderNts@Net@OpenHome@@UAE@XZ 0040c8d0 f i libohNetCore:Discovery.obj
 0001:0000b900       ??1Srx@OpenHome@@UAE@XZ    0040c900 f i libohNetCore:Discovery.obj
 0001:0000b970       ??1IReader@OpenHome@@UAE@XZ 0040c970 f i libohNetCore:Discovery.obj
 0001:0000b990       ??_EIReader@OpenHome@@UAEPAXI@Z 0040c990 f i libohNetCore:Discovery.obj
 0001:0000b990       ??_GIReader@OpenHome@@UAEPAXI@Z 0040c990 f i libohNetCore:Discovery.obj
 0001:0000b9d0       ??1ReaderHttpHeader@OpenHome@@QAE@XZ 0040c9d0 f i libohNetCore:Discovery.obj
 0001:0000ba00       ??1?$Bws@$0MI@@OpenHome@@UAE@XZ 0040ca00 f i libohNetCore:Discovery.obj
 0001:0000ba30       ??_ESsdpHeaderHost@Net@OpenHome@@UAEPAXI@Z 0040ca30 f i libohNetCore:Discovery.obj
 0001:0000ba30       ??_GSsdpHeaderHost@Net@OpenHome@@UAEPAXI@Z 0040ca30 f i libohNetCore:Discovery.obj
 0001:0000ba70       ??_ESsdpHeaderMan@Net@OpenHome@@UAEPAXI@Z 0040ca70 f i libohNetCore:Discovery.obj
 0001:0000ba70       ??_GSsdpHeaderMan@Net@OpenHome@@UAEPAXI@Z 0040ca70 f i libohNetCore:Discovery.obj
 0001:0000bab0       ??_ESsdpHeaderMx@Net@OpenHome@@UAEPAXI@Z 0040cab0 f i libohNetCore:Discovery.obj
 0001:0000bab0       ??_GSsdpHeaderMx@Net@OpenHome@@UAEPAXI@Z 0040cab0 f i libohNetCore:Discovery.obj
 0001:0000baf0       ??_ESsdpHeaderNt@Net@OpenHome@@UAEPAXI@Z 0040caf0 f i libohNetCore:Discovery.obj
 0001:0000baf0       ??_GSsdpHeaderNt@Net@OpenHome@@UAEPAXI@Z 0040caf0 f i libohNetCore:Discovery.obj
 0001:0000bb30       ??_GSsdpHeaderNts@Net@OpenHome@@UAEPAXI@Z 0040cb30 f i libohNetCore:Discovery.obj
 0001:0000bb30       ??_ESsdpHeaderNts@Net@OpenHome@@UAEPAXI@Z 0040cb30 f i libohNetCore:Discovery.obj
 0001:0000bb70       ??8Brx@OpenHome@@QBE_NABV01@@Z 0040cb70 f i libohNetCore:Discovery.obj
 0001:0000bba0       ?Mutex@Handler@SsdpListenerMulticast@Net@OpenHome@@QAEAAV04@XZ 0040cba0 f i libohNetCore:Discovery.obj
 0001:0000bbc0       ?IsDisabled@Handler@SsdpListenerMulticast@Net@OpenHome@@QBE_NXZ 0040cbc0 f i libohNetCore:Discovery.obj
 0001:0000bbe0       ?Handler@MsearchHandler@SsdpListenerMulticast@Net@OpenHome@@QAEPAVISsdpMsearchHandler@34@XZ 0040cbe0 f i libohNetCore:Discovery.obj
 0001:0000bc00       ?Handler@NotifyHandler@SsdpListenerMulticast@Net@OpenHome@@QAEPAVISsdpNotifyHandler@34@XZ 0040cc00 f i libohNetCore:Discovery.obj
 0001:0000bc20       ??0NotifyHandler@SsdpListenerMulticast@Net@OpenHome@@QAE@PAVISsdpNotifyHandler@23@H@Z 0040cc20 f i libohNetCore:Discovery.obj
 0001:0000bc60       ??0Handler@SsdpListenerMulticast@Net@OpenHome@@IAE@H@Z 0040cc60 f i libohNetCore:Discovery.obj
 0001:0000bca0       ??0MsearchHandler@SsdpListenerMulticast@Net@OpenHome@@QAE@PAVISsdpMsearchHandler@23@H@Z 0040cca0 f i libohNetCore:Discovery.obj
 0001:0000bce0       ?Id@Handler@SsdpListenerMulticast@Net@OpenHome@@QBEHXZ 0040cce0 f i libohNetCore:Discovery.obj
 0001:0000bd00       ?Lock@Handler@SsdpListenerMulticast@Net@OpenHome@@QAEXXZ 0040cd00 f i libohNetCore:Discovery.obj
 0001:0000bd30       ?Unlock@Handler@SsdpListenerMulticast@Net@OpenHome@@QAEXXZ 0040cd30 f i libohNetCore:Discovery.obj
 0001:0000bd60       ?Disable@Handler@SsdpListenerMulticast@Net@OpenHome@@QAEXXZ 0040cd60 f i libohNetCore:Discovery.obj
 0001:0000bd80       ??1?$_Vector_iterator@V?$_Vector_val@PAVNotifyHandler@SsdpListenerMulticast@Net@OpenHome@@V?$allocator@PAVNotifyHandler@SsdpListenerMulticast@Net@OpenHome@@@std@@@std@@@std@@QAE@XZ 0040cd80 f i libohNetCore:Discovery.obj
 0001:0000bdb0       ??_GNotifyHandler@SsdpListenerMulticast@Net@OpenHome@@QAEPAXI@Z 0040cdb0 f i libohNetCore:Discovery.obj
 0001:0000bdf0       ??0?$_Vector_const_iterator@V?$_Vector_val@PAVNotifyHandler@SsdpListenerMulticast@Net@OpenHome@@V?$allocator@PAVNotifyHandler@SsdpListenerMulticast@Net@OpenHome@@@std@@@std@@@std@@QAE@ABV01@@Z 0040cdf0 f i libohNetCore:Discovery.obj
 0001:0000be30       ??1?$_Vector_const_iterator@V?$_Vector_val@PAVNotifyHandler@SsdpListenerMulticast@Net@OpenHome@@V?$allocator@PAVNotifyHandler@SsdpListenerMulticast@Net@OpenHome@@@std@@@std@@@std@@QAE@XZ 0040ce30 f i libohNetCore:Discovery.obj
 0001:0000be60       ??4?$_Vector_iterator@V?$_Vector_val@PAVNotifyHandler@SsdpListenerMulticast@Net@OpenHome@@V?$allocator@PAVNotifyHandler@SsdpListenerMulticast@Net@OpenHome@@@std@@@std@@@std@@QAEAAV01@ABV01@@Z 0040ce60 f i libohNetCore:Discovery.obj
 0001:0000be90       ??1NotifyHandler@SsdpListenerMulticast@Net@OpenHome@@QAE@XZ 0040ce90 f i libohNetCore:Discovery.obj
 0001:0000bec0       ??1Handler@SsdpListenerMulticast@Net@OpenHome@@QAE@XZ 0040cec0 f i libohNetCore:Discovery.obj
 0001:0000bef0       ??0?$_Iterator012@Urandom_access_iterator_tag@std@@PAVNotifyHandler@SsdpListenerMulticast@Net@OpenHome@@HPBQAV3456@ABQAV3456@U_Iterator_base12@2@@std@@QAE@ABU01@@Z 0040cef0 f i libohNetCore:Discovery.obj
 0001:0000bf20       ??1?$_Iterator012@Urandom_access_iterator_tag@std@@PAVNotifyHandler@SsdpListenerMulticast@Net@OpenHome@@HPBQAV3456@ABQAV3456@U_Iterator_base12@2@@std@@QAE@XZ 0040cf20 f i libohNetCore:Discovery.obj
 0001:0000bf50       ??4?$_Vector_const_iterator@V?$_Vector_val@PAVNotifyHandler@SsdpListenerMulticast@Net@OpenHome@@V?$allocator@PAVNotifyHandler@SsdpListenerMulticast@Net@OpenHome@@@std@@@std@@@std@@QAEAAV01@ABV01@@Z 0040cf50 f i libohNetCore:Discovery.obj
 0001:0000bf90       ??4?$_Iterator012@Urandom_access_iterator_tag@std@@PAVNotifyHandler@SsdpListenerMulticast@Net@OpenHome@@HPBQAV3456@ABQAV3456@U_Iterator_base12@2@@std@@QAEAAU01@ABU01@@Z 0040cf90 f i libohNetCore:Discovery.obj
 0001:0000bfc0       ??1?$_Vector_iterator@V?$_Vector_val@PAVMsearchHandler@SsdpListenerMulticast@Net@OpenHome@@V?$allocator@PAVMsearchHandler@SsdpListenerMulticast@Net@OpenHome@@@std@@@std@@@std@@QAE@XZ 0040cfc0 f i libohNetCore:Discovery.obj
 0001:0000bff0       ??_GMsearchHandler@SsdpListenerMulticast@Net@OpenHome@@QAEPAXI@Z 0040cff0 f i libohNetCore:Discovery.obj
 0001:0000c030       ??0?$_Vector_const_iterator@V?$_Vector_val@PAVMsearchHandler@SsdpListenerMulticast@Net@OpenHome@@V?$allocator@PAVMsearchHandler@SsdpListenerMulticast@Net@OpenHome@@@std@@@std@@@std@@QAE@ABV01@@Z 0040d030 f i libohNetCore:Discovery.obj
 0001:0000c070       ??1?$_Vector_const_iterator@V?$_Vector_val@PAVMsearchHandler@SsdpListenerMulticast@Net@OpenHome@@V?$allocator@PAVMsearchHandler@SsdpListenerMulticast@Net@OpenHome@@@std@@@std@@@std@@QAE@XZ 0040d070 f i libohNetCore:Discovery.obj
 0001:0000c0a0       ??4?$_Vector_iterator@V?$_Vector_val@PAVMsearchHandler@SsdpListenerMulticast@Net@OpenHome@@V?$allocator@PAVMsearchHandler@SsdpListenerMulticast@Net@OpenHome@@@std@@@std@@@std@@QAEAAV01@ABV01@@Z 0040d0a0 f i libohNetCore:Discovery.obj
 0001:0000c0d0       ??1MsearchHandler@SsdpListenerMulticast@Net@OpenHome@@QAE@XZ 0040d0d0 f i libohNetCore:Discovery.obj
 0001:0000c100       ??0?$_Iterator012@Urandom_access_iterator_tag@std@@PAVMsearchHandler@SsdpListenerMulticast@Net@OpenHome@@HPBQAV3456@ABQAV3456@U_Iterator_base12@2@@std@@QAE@ABU01@@Z 0040d100 f i libohNetCore:Discovery.obj
 0001:0000c130       ??1?$_Iterator012@Urandom_access_iterator_tag@std@@PAVMsearchHandler@SsdpListenerMulticast@Net@OpenHome@@HPBQAV3456@ABQAV3456@U_Iterator_base12@2@@std@@QAE@XZ 0040d130 f i libohNetCore:Discovery.obj
 0001:0000c160       ??4?$_Vector_const_iterator@V?$_Vector_val@PAVMsearchHandler@SsdpListenerMulticast@Net@OpenHome@@V?$allocator@PAVMsearchHandler@SsdpListenerMulticast@Net@OpenHome@@@std@@@std@@@std@@QAEAAV01@ABV01@@Z 0040d160 f i libohNetCore:Discovery.obj
 0001:0000c1a0       ??4?$_Iterator012@Urandom_access_iterator_tag@std@@PAVMsearchHandler@SsdpListenerMulticast@Net@OpenHome@@HPBQAV3456@ABQAV3456@U_Iterator_base12@2@@std@@QAEAAU01@ABU01@@Z 0040d1a0 f i libohNetCore:Discovery.obj
 0001:0000c1d0       ??_ESsdpListenerUnicast@Net@OpenHome@@UAEPAXI@Z 0040d1d0 f i libohNetCore:Discovery.obj
 0001:0000c1d0       ??_GSsdpListenerUnicast@Net@OpenHome@@UAEPAXI@Z 0040d1d0 f i libohNetCore:Discovery.obj
 0001:0000c210       ??1UdpWriter@OpenHome@@UAE@XZ 0040d210 f i libohNetCore:Discovery.obj
 0001:0000c240       ??1IWriter@OpenHome@@UAE@XZ 0040d240 f i libohNetCore:Discovery.obj
 0001:0000c260       ??_GIWriter@OpenHome@@UAEPAXI@Z 0040d260 f i libohNetCore:Discovery.obj
 0001:0000c260       ??_EIWriter@OpenHome@@UAEPAXI@Z 0040d260 f i libohNetCore:Discovery.obj
 0001:0000c2a0       ??1UdpReader@OpenHome@@UAE@XZ 0040d2a0 f i libohNetCore:Discovery.obj
 0001:0000c2d0       ??1?$Sws@$0EAA@@OpenHome@@UAE@XZ 0040d2d0 f i libohNetCore:Discovery.obj
 0001:0000c300       ??1SsdpWriterMsearchRequest@Net@OpenHome@@QAE@XZ 0040d300 f i libohNetCore:Discovery.obj
 0001:0000c330       ??1ReaderHttpResponse@OpenHome@@QAE@XZ 0040d330 f i libohNetCore:Discovery.obj
 0001:0000c3b0       ??0SsdpHeaderExt@Net@OpenHome@@QAE@XZ 0040d3b0 f i libohNetCore:Discovery.obj
 0001:0000c3e0       ??1SsdpHeaderExt@Net@OpenHome@@UAE@XZ 0040d3e0 f i libohNetCore:Discovery.obj
 0001:0000c410       ??1Swx@OpenHome@@UAE@XZ    0040d410 f i libohNetCore:Discovery.obj
 0001:0000c480       ??1WriterHttpRequest@OpenHome@@UAE@XZ 0040d480 f i libohNetCore:Discovery.obj
 0001:0000c4f0       ??1IWriterHttpMethod@OpenHome@@UAE@XZ 0040d4f0 f i libohNetCore:Discovery.obj
 0001:0000c510       ??_EIWriterHttpMethod@OpenHome@@UAEPAXI@Z 0040d510 f i libohNetCore:Discovery.obj
 0001:0000c510       ??_GIWriterHttpMethod@OpenHome@@UAEPAXI@Z 0040d510 f i libohNetCore:Discovery.obj
 0001:0000c550       ??1StatusWritable@ReaderHttpResponse@OpenHome@@QAE@XZ 0040d550 f i libohNetCore:Discovery.obj
 0001:0000c580       ??1?$Bws@$0GE@@OpenHome@@UAE@XZ 0040d580 f i libohNetCore:Discovery.obj
 0001:0000c5b0       ??_GSsdpHeaderExt@Net@OpenHome@@UAEPAXI@Z 0040d5b0 f i libohNetCore:Discovery.obj
 0001:0000c5b0       ??_ESsdpHeaderExt@Net@OpenHome@@UAEPAXI@Z 0040d5b0 f i libohNetCore:Discovery.obj
 0001:0000c5f0       ??1WriterHttpHeader@OpenHome@@UAE@XZ 0040d5f0 f i libohNetCore:Discovery.obj
 0001:0000c660       ??1IWriterHttpHeader@OpenHome@@UAE@XZ 0040d660 f i libohNetCore:Discovery.obj
 0001:0000c690       ??_GIWriterHttpHeader@OpenHome@@UAEPAXI@Z 0040d690 f i libohNetCore:Discovery.obj
 0001:0000c690       ??_EIWriterHttpHeader@OpenHome@@UAEPAXI@Z 0040d690 f i libohNetCore:Discovery.obj
 0001:0000c6d0       ??1HttpStatus@OpenHome@@QAE@XZ 0040d6d0 f i libohNetCore:Discovery.obj
 0001:0000c700       ??1WriterHttpField@OpenHome@@UAE@XZ 0040d700 f i libohNetCore:Discovery.obj
 0001:0000c730       ??1WriterAscii@OpenHome@@UAE@XZ 0040d730 f i libohNetCore:Discovery.obj
 0001:0000c760       ??1IWriterAscii@OpenHome@@UAE@XZ 0040d760 f i libohNetCore:Discovery.obj
 0001:0000c790       ??_EIWriterAscii@OpenHome@@UAEPAXI@Z 0040d790 f i libohNetCore:Discovery.obj
 0001:0000c790       ??_GIWriterAscii@OpenHome@@UAEPAXI@Z 0040d790 f i libohNetCore:Discovery.obj
 0001:0000c7d0       ??1?$vector@PAVIHttpHeader@OpenHome@@V?$allocator@PAVIHttpHeader@OpenHome@@@std@@@std@@QAE@XZ 0040d7d0 f i libohNetCore:Discovery.obj
 0001:0000c840       ??1?$vector@PBVBrx@OpenHome@@V?$allocator@PBVBrx@OpenHome@@@std@@@std@@QAE@XZ 0040d840 f i libohNetCore:Discovery.obj
 0001:0000c8b0       ??0?$Sws@$0EAA@@OpenHome@@QAE@AAVIWriter@1@@Z 0040d8b0 f i libohNetCore:Discovery.obj
 0001:0000c900       ?Ptr@?$Sws@$0EAA@@OpenHome@@EAEPAEXZ 0040d900 f i libohNetCore:Discovery.obj
 0001:0000c920       ??0?$vector@PAVNotifyHandler@SsdpListenerMulticast@Net@OpenHome@@V?$allocator@PAVNotifyHandler@SsdpListenerMulticast@Net@OpenHome@@@std@@@std@@QAE@XZ 0040d920 f i libohNetCore:Discovery.obj
 0001:0000c960       ??1?$vector@PAVNotifyHandler@SsdpListenerMulticast@Net@OpenHome@@V?$allocator@PAVNotifyHandler@SsdpListenerMulticast@Net@OpenHome@@@std@@@std@@QAE@XZ 0040d960 f i libohNetCore:Discovery.obj
 0001:0000c9d0       ?begin@?$vector@PAVNotifyHandler@SsdpListenerMulticast@Net@OpenHome@@V?$allocator@PAVNotifyHandler@SsdpListenerMulticast@Net@OpenHome@@@std@@@std@@QAE?AV?$_Vector_iterator@V?$_Vector_val@PAVNotifyHandler@SsdpListenerMulticast@Net@OpenHome@@V?$allocator@PAVNotifyHandler@SsdpListenerMulticast@Net@OpenHome@@@std@@@std@@@2@XZ 0040d9d0 f i libohNetCore:Discovery.obj
 0001:0000ca20       ?end@?$vector@PAVNotifyHandler@SsdpListenerMulticast@Net@OpenHome@@V?$allocator@PAVNotifyHandler@SsdpListenerMulticast@Net@OpenHome@@@std@@@std@@QAE?AV?$_Vector_iterator@V?$_Vector_val@PAVNotifyHandler@SsdpListenerMulticast@Net@OpenHome@@V?$allocator@PAVNotifyHandler@SsdpListenerMulticast@Net@OpenHome@@@std@@@std@@@2@XZ 0040da20 f i libohNetCore:Discovery.obj
 0001:0000ca70       ?size@?$vector@PAVNotifyHandler@SsdpListenerMulticast@Net@OpenHome@@V?$allocator@PAVNotifyHandler@SsdpListenerMulticast@Net@OpenHome@@@std@@@std@@QBEIXZ 0040da70 f i libohNetCore:Discovery.obj
 0001:0000caa0       ??A?$vector@PAVNotifyHandler@SsdpListenerMulticast@Net@OpenHome@@V?$allocator@PAVNotifyHandler@SsdpListenerMulticast@Net@OpenHome@@@std@@@std@@QAEAAPAVNotifyHandler@SsdpListenerMulticast@Net@OpenHome@@I@Z 0040daa0 f i libohNetCore:Discovery.obj
 0001:0000cb40       ?push_back@?$vector@PAVNotifyHandler@SsdpListenerMulticast@Net@OpenHome@@V?$allocator@PAVNotifyHandler@SsdpListenerMulticast@Net@OpenHome@@@std@@@std@@QAEXABQAVNotifyHandler@SsdpListenerMulticast@Net@OpenHome@@@Z 0040db40 f i libohNetCore:Discovery.obj
 0001:0000cc50       ?erase@?$vector@PAVNotifyHandler@SsdpListenerMulticast@Net@OpenHome@@V?$allocator@PAVNotifyHandler@SsdpListenerMulticast@Net@OpenHome@@@std@@@std@@QAE?AV?$_Vector_iterator@V?$_Vector_val@PAVNotifyHandler@SsdpListenerMulticast@Net@OpenHome@@V?$allocator@PAVNotifyHandler@SsdpListenerMulticast@Net@OpenHome@@@std@@@std@@@2@V?$_Vector_const_iterator@V?$_Vector_val@PAVNotifyHandler@SsdpListenerMulticast@Net@OpenHome@@V?$allocator@PAVNotifyHandler@SsdpListenerMulticast@Net@OpenHome@@@std@@@std@@@2@@Z 0040dc50 f i libohNetCore:Discovery.obj
 0001:0000cd80       ??0?$vector@PAVMsearchHandler@SsdpListenerMulticast@Net@OpenHome@@V?$allocator@PAVMsearchHandler@SsdpListenerMulticast@Net@OpenHome@@@std@@@std@@QAE@XZ 0040dd80 f i libohNetCore:Discovery.obj
 0001:0000cdc0       ??1?$vector@PAVMsearchHandler@SsdpListenerMulticast@Net@OpenHome@@V?$allocator@PAVMsearchHandler@SsdpListenerMulticast@Net@OpenHome@@@std@@@std@@QAE@XZ 0040ddc0 f i libohNetCore:Discovery.obj
 0001:0000ce30       ?begin@?$vector@PAVMsearchHandler@SsdpListenerMulticast@Net@OpenHome@@V?$allocator@PAVMsearchHandler@SsdpListenerMulticast@Net@OpenHome@@@std@@@std@@QAE?AV?$_Vector_iterator@V?$_Vector_val@PAVMsearchHandler@SsdpListenerMulticast@Net@OpenHome@@V?$allocator@PAVMsearchHandler@SsdpListenerMulticast@Net@OpenHome@@@std@@@std@@@2@XZ 0040de30 f i libohNetCore:Discovery.obj
 0001:0000ce80       ?end@?$vector@PAVMsearchHandler@SsdpListenerMulticast@Net@OpenHome@@V?$allocator@PAVMsearchHandler@SsdpListenerMulticast@Net@OpenHome@@@std@@@std@@QAE?AV?$_Vector_iterator@V?$_Vector_val@PAVMsearchHandler@SsdpListenerMulticast@Net@OpenHome@@V?$allocator@PAVMsearchHandler@SsdpListenerMulticast@Net@OpenHome@@@std@@@std@@@2@XZ 0040de80 f i libohNetCore:Discovery.obj
 0001:0000ced0       ?size@?$vector@PAVMsearchHandler@SsdpListenerMulticast@Net@OpenHome@@V?$allocator@PAVMsearchHandler@SsdpListenerMulticast@Net@OpenHome@@@std@@@std@@QBEIXZ 0040ded0 f i libohNetCore:Discovery.obj
 0001:0000cf00       ??A?$vector@PAVMsearchHandler@SsdpListenerMulticast@Net@OpenHome@@V?$allocator@PAVMsearchHandler@SsdpListenerMulticast@Net@OpenHome@@@std@@@std@@QAEAAPAVMsearchHandler@SsdpListenerMulticast@Net@OpenHome@@I@Z 0040df00 f i libohNetCore:Discovery.obj
 0001:0000cfa0       ?push_back@?$vector@PAVMsearchHandler@SsdpListenerMulticast@Net@OpenHome@@V?$allocator@PAVMsearchHandler@SsdpListenerMulticast@Net@OpenHome@@@std@@@std@@QAEXABQAVMsearchHandler@SsdpListenerMulticast@Net@OpenHome@@@Z 0040dfa0 f i libohNetCore:Discovery.obj
 0001:0000d0b0       ?erase@?$vector@PAVMsearchHandler@SsdpListenerMulticast@Net@OpenHome@@V?$allocator@PAVMsearchHandler@SsdpListenerMulticast@Net@OpenHome@@@std@@@std@@QAE?AV?$_Vector_iterator@V?$_Vector_val@PAVMsearchHandler@SsdpListenerMulticast@Net@OpenHome@@V?$allocator@PAVMsearchHandler@SsdpListenerMulticast@Net@OpenHome@@@std@@@std@@@2@V?$_Vector_const_iterator@V?$_Vector_val@PAVMsearchHandler@SsdpListenerMulticast@Net@OpenHome@@V?$allocator@PAVMsearchHandler@SsdpListenerMulticast@Net@OpenHome@@@std@@@std@@@2@@Z 0040e0b0 f i libohNetCore:Discovery.obj
 0001:0000d1e0       ??0?$Srs@$0EAA@@OpenHome@@QAE@AAVIReaderSource@1@@Z 0040e1e0 f i libohNetCore:Discovery.obj
 0001:0000d230       ?Ptr@?$Srs@$0EAA@@OpenHome@@EAEPAEXZ 0040e230 f i libohNetCore:Discovery.obj
 0001:0000d250       ??D?$_Vector_iterator@V?$_Vector_val@PAVNotifyHandler@SsdpListenerMulticast@Net@OpenHome@@V?$allocator@PAVNotifyHandler@SsdpListenerMulticast@Net@OpenHome@@@std@@@std@@@std@@QBEAAPAVNotifyHandler@SsdpListenerMulticast@Net@OpenHome@@XZ 0040e250 f i libohNetCore:Discovery.obj
 0001:0000d280       ??E?$_Vector_iterator@V?$_Vector_val@PAVNotifyHandler@SsdpListenerMulticast@Net@OpenHome@@V?$allocator@PAVNotifyHandler@SsdpListenerMulticast@Net@OpenHome@@@std@@@std@@@std@@QAE?AV01@H@Z 0040e280 f i libohNetCore:Discovery.obj
 0001:0000d350       ??9?$_Vector_const_iterator@V?$_Vector_val@PAVNotifyHandler@SsdpListenerMulticast@Net@OpenHome@@V?$allocator@PAVNotifyHandler@SsdpListenerMulticast@Net@OpenHome@@@std@@@std@@@std@@QBE_NABV01@@Z 0040e350 f i libohNetCore:Discovery.obj
 0001:0000d390       ??D?$_Vector_iterator@V?$_Vector_val@PAVMsearchHandler@SsdpListenerMulticast@Net@OpenHome@@V?$allocator@PAVMsearchHandler@SsdpListenerMulticast@Net@OpenHome@@@std@@@std@@@std@@QBEAAPAVMsearchHandler@SsdpListenerMulticast@Net@OpenHome@@XZ 0040e390 f i libohNetCore:Discovery.obj
 0001:0000d3c0       ??E?$_Vector_iterator@V?$_Vector_val@PAVMsearchHandler@SsdpListenerMulticast@Net@OpenHome@@V?$allocator@PAVMsearchHandler@SsdpListenerMulticast@Net@OpenHome@@@std@@@std@@@std@@QAE?AV01@H@Z 0040e3c0 f i libohNetCore:Discovery.obj
 0001:0000d490       ??9?$_Vector_const_iterator@V?$_Vector_val@PAVMsearchHandler@SsdpListenerMulticast@Net@OpenHome@@V?$allocator@PAVMsearchHandler@SsdpListenerMulticast@Net@OpenHome@@@std@@@std@@@std@@QBE_NABV01@@Z 0040e490 f i libohNetCore:Discovery.obj
 0001:0000d4d0       ??_G?$Sws@$0EAA@@OpenHome@@UAEPAXI@Z 0040e4d0 f i libohNetCore:Discovery.obj
 0001:0000d4d0       ??_E?$Sws@$0EAA@@OpenHome@@UAEPAXI@Z 0040e4d0 f i libohNetCore:Discovery.obj
 0001:0000d510       ??_E?$Srs@$0EAA@@OpenHome@@UAEPAXI@Z 0040e510 f i libohNetCore:Discovery.obj
 0001:0000d510       ??_G?$Srs@$0EAA@@OpenHome@@UAEPAXI@Z 0040e510 f i libohNetCore:Discovery.obj
[...]
 0001:00082270       ??__E?kForbidden@HttpStatus@OpenHome@@2V12@B@@YAXXZ 00483270 f   libohNetCore:Http.obj
 0001:00082330       ??__E?kNotFound@HttpStatus@OpenHome@@2V12@B@@YAXXZ 00483330 f   libohNetCore:Http.obj
 0001:000823f0       ??__E?kMethodNotAllowed@HttpStatus@OpenHome@@2V12@B@@YAXXZ 004833f0 f   libohNetCore:Http.obj
 0001:000824b0       ??__E?kNotAcceptable@HttpStatus@OpenHome@@2V12@B@@YAXXZ 004834b0 f   libohNetCore:Http.obj
 0001:00082570       ??__E?kProxyAuthenticationRequired@HttpStatus@OpenHome@@2V12@B@@YAXXZ 00483570 f   libohNetCore:Http.obj
 0001:00082630       ??__E?kRequestTimeout@HttpStatus@OpenHome@@2V12@B@@YAXXZ 00483630 f   libohNetCore:Http.obj
 0001:000826f0       ??__E?kConflict@HttpStatus@OpenHome@@2V12@B@@YAXXZ 004836f0 f   libohNetCore:Http.obj
 0001:000827b0       ??__E?kGone@HttpStatus@OpenHome@@2V12@B@@YAXXZ 004837b0 f   libohNetCore:Http.obj
 0001:00082870       ??__E?kLengthRequired@HttpStatus@OpenHome@@2V12@B@@YAXXZ 00483870 f   libohNetCore:Http.obj
 0001:00082930       ??__E?kPreconditionFailed@HttpStatus@OpenHome@@2V12@B@@YAXXZ 00483930 f   libohNetCore:Http.obj
 0001:000829f0       ??__E?kRequestEntityTooLarge@HttpStatus@OpenHome@@2V12@B@@YAXXZ 004839f0 f   libohNetCore:Http.obj
 0001:00082ab0       ??__E?kRequestUriTooLarge@HttpStatus@OpenHome@@2V12@B@@YAXXZ 00483ab0 f   libohNetCore:Http.obj
 0001:00082b70       ??__E?kUnsupportedMediaType@HttpStatus@OpenHome@@2V12@B@@YAXXZ 00483b70 f   libohNetCore:Http.obj
 0001:00082c30       ??__E?kRequestedRangeNotSatisfiable@HttpStatus@OpenHome@@2V12@B@@YAXXZ 00483c30 f   libohNetCore:Http.obj
 0001:00082cf0       ??__E?kExpectationFailure@HttpStatus@OpenHome@@2V12@B@@YAXXZ 00483cf0 f   libohNetCore:Http.obj
 0001:00082db0       ??__E?kInternalServerError@HttpStatus@OpenHome@@2V12@B@@YAXXZ 00483db0 f   libohNetCore:Http.obj
 0001:00082e70       ??__E?kNotImplemented@HttpStatus@OpenHome@@2V12@B@@YAXXZ 00483e70 f   libohNetCore:Http.obj
 0001:00082f30       ??__E?kBadGateway@HttpStatus@OpenHome@@2V12@B@@YAXXZ 00483f30 f   libohNetCore:Http.obj
 0001:00082ff0       ??__E?kServiceUnavailable@HttpStatus@OpenHome@@2V12@B@@YAXXZ 00483ff0 f   libohNetCore:Http.obj
 0001:000830b0       ??__E?kGatewayTimeout@HttpStatus@OpenHome@@2V12@B@@YAXXZ 004840b0 f   libohNetCore:Http.obj
 0001:00083170       ??__E?kHttpVersionNotSupported@HttpStatus@OpenHome@@2V12@B@@YAXXZ 00484170 f   libohNetCore:Http.obj
 0001:00083230       ??__Einitlocks@std@@YAXXZ  00484230 f   libcpmtd:xlock.obj
 0001:00083250       ??__FkAlive@@YAXXZ         00484250 f   libohNetCore:Ssdp.obj
 0001:00083270       ??__FkByeBye@@YAXXZ        00484270 f   libohNetCore:Ssdp.obj
 0001:00083290       ??__FkMaxAge@@YAXXZ        00484290 f   libohNetCore:Ssdp.obj
 0001:000832b0       ??__FkUuid@@YAXXZ          004842b0 f   libohNetCore:Ssdp.obj
 0001:000832d0       ??__FkUpnpRoot@@YAXXZ      004842d0 f   libohNetCore:Ssdp.obj
 0001:000832f0       ??__FkMsearchDiscover@@YAXXZ 004842f0 f   libohNetCore:Ssdp.obj
 0001:00083310       ??__FkMsearchAll@@YAXXZ    00484310 f   libohNetCore:Ssdp.obj
 0001:00083330       ??__FkMsearchUpnpRoot@@YAXXZ 00484330 f   libohNetCore:Ssdp.obj
 0001:00083350       ??__FkMsearchUuid@@YAXXZ   00484350 f   libohNetCore:Ssdp.obj
 0001:00083370       ??__FkMsearchUrn@@YAXXZ    00484370 f   libohNetCore:Ssdp.obj
 0001:00083390       ??__FkMsearchDevice@@YAXXZ 00484390 f   libohNetCore:Ssdp.obj
 0001:000833b0       ??__FkMsearchService@@YAXXZ 004843b0 f   libohNetCore:Ssdp.obj
 0001:000833d0       ??__FkUsnSeparator@@YAXXZ  004843d0 f   libohNetCore:Ssdp.obj
 0001:000833f0       ??__FkVersionSeparator@@YAXXZ 004843f0 f   libohNetCore:Ssdp.obj
 0001:00083410       ??__FkSsdpPortSeparator@@YAXXZ 00484410 f   libohNetCore:Ssdp.obj
 0001:00083430       ??__FkSsdpUrlSeparator@@YAXXZ 00484430 f   libohNetCore:Ssdp.obj
 0001:00083450       ??__FkSsdpHttp@@YAXXZ      00484450 f   libohNetCore:Ssdp.obj
 0001:00083470       ??__FkSsdpMaxAge@@YAXXZ    00484470 f   libohNetCore:Ssdp.obj
 0001:00083490       ??__FkSchemasUpnpOrg@@YAXXZ 00484490 f   libohNetCore:Ssdp.obj
 0001:000834b0       ??__FkUpnpOrg@@YAXXZ       004844b0 f   libohNetCore:Ssdp.obj
 0001:000834d0       ??__F?kUrn@Ssdp@Net@OpenHome@@2VBrn@3@B@@YAXXZ 004844d0 f   libohNetCore:Ssdp.obj
 0001:000834f0       ??__F?kMulticastAddress@Ssdp@Net@OpenHome@@2VBrn@3@B@@YAXXZ 004844f0 f   libohNetCore:Ssdp.obj
 0001:00083510       ??__F?kMulticastAddressAndPort@Ssdp@Net@OpenHome@@2VBrn@3@B@@YAXXZ 00484510 f   libohNetCore:Ssdp.obj
 0001:00083530       ??__F?kMethodNotify@Ssdp@Net@OpenHome@@2VBrn@3@B@@YAXXZ 00484530 f   libohNetCore:Ssdp.obj
 0001:00083550       ??__F?kMethodMsearch@Ssdp@Net@OpenHome@@2VBrn@3@B@@YAXXZ 00484550 f   libohNetCore:Ssdp.obj
 0001:00083570       ??__F?kMethodUri@Ssdp@Net@OpenHome@@2VBrn@3@B@@YAXXZ 00484570 f   libohNetCore:Ssdp.obj
 0001:00083590       ??__F?kStatusOk@Ssdp@Net@OpenHome@@2VBrn@3@B@@YAXXZ 00484590 f   libohNetCore:Ssdp.obj
 0001:000835b0       ??__F?kHeaderHost@Ssdp@Net@OpenHome@@2VBrn@3@B@@YAXXZ 004845b0 f   libohNetCore:Ssdp.obj
 0001:000835d0       ??__F?kHeaderServer@Ssdp@Net@OpenHome@@2VBrn@3@B@@YAXXZ 004845d0 f   libohNetCore:Ssdp.obj
 0001:000835f0       ??__F?kHeaderCacheControl@Ssdp@Net@OpenHome@@2VBrn@3@B@@YAXXZ 004845f0 f   libohNetCore:Ssdp.obj
 0001:00083610       ??__F?kHeaderLocation@Ssdp@Net@OpenHome@@2VBrn@3@B@@YAXXZ 00484610 f   libohNetCore:Ssdp.obj
 0001:00083630       ??__F?kHeaderNt@Ssdp@Net@OpenHome@@2VBrn@3@B@@YAXXZ 00484630 f   libohNetCore:Ssdp.obj
 0001:00083650       ??__F?kHeaderSt@Ssdp@Net@OpenHome@@2VBrn@3@B@@YAXXZ 00484650 f   libohNetCore:Ssdp.obj
 0001:00083670       ??__F?kHeaderUsn@Ssdp@Net@OpenHome@@2VBrn@3@B@@YAXXZ 00484670 f   libohNetCore:Ssdp.obj
 0001:00083690       ??__F?kHeaderNts@Ssdp@Net@OpenHome@@2VBrn@3@B@@YAXXZ 00484690 f   libohNetCore:Ssdp.obj
 0001:000836b0       ??__F?kHeaderExt@Ssdp@Net@OpenHome@@2VBrn@3@B@@YAXXZ 004846b0 f   libohNetCore:Ssdp.obj
 0001:000836d0       ??__F?kHeaderMan@Ssdp@Net@OpenHome@@2VBrn@3@B@@YAXXZ 004846d0 f   libohNetCore:Ssdp.obj
 0001:000836f0       ??__F?kHeaderMx@Ssdp@Net@OpenHome@@2VBrn@3@B@@YAXXZ 004846f0 f   libohNetCore:Ssdp.obj
 0001:00083710       ??__F?kHeaderBootId@Ssdp@Net@OpenHome@@2VBrn@3@B@@YAXXZ 00484710 f   libohNetCore:Ssdp.obj
 0001:00083730       ??__F?kHeaderNextBootId@Ssdp@Net@OpenHome@@2VBrn@3@B@@YAXXZ 00484730 f   libohNetCore:Ssdp.obj
 0001:00083750       ??__F?kHeaderConfigId@Ssdp@Net@OpenHome@@2VBrn@3@B@@YAXXZ 00484750 f   libohNetCore:Ssdp.obj
 0001:00083770       ??__F?kHeaderSearchPort@Ssdp@Net@OpenHome@@2VBrn@3@B@@YAXXZ 00484770 f   libohNetCore:Ssdp.obj
 0001:00083790       ??__F?kDeviceSeparator@Ssdp@Net@OpenHome@@2VBrn@3@B@@YAXXZ 00484790 f   libohNetCore:Ssdp.obj
 0001:000837b0       ??__F?kServiceSeparator@Ssdp@Net@OpenHome@@2VBrn@3@B@@YAXXZ 004847b0 f   libohNetCore:Ssdp.obj
 0001:000837d0       ??__FkBrnEmpty@@YAXXZ      004847d0 f   libohNetCore:Buffer.obj
 0001:000837f0       ??__FkAsciiNewline@@YAXXZ  004847f0 f   libohNetCore:Ascii.obj
 0001:00083810       ??__FkAsciiHexPrefix@@YAXXZ 00484810 f   libohNetCore:Ascii.obj
 0001:00083830       ??__F?kMethodOptions@Http@OpenHome@@2VBrn@2@B@@YAXXZ 00484830 f   libohNetCore:Http.obj
 0001:00083850       ??__F?kMethodGet@Http@OpenHome@@2VBrn@2@B@@YAXXZ 00484850 f   libohNetCore:Http.obj
 0001:00083870       ??__F?kMethodHead@Http@OpenHome@@2VBrn@2@B@@YAXXZ 00484870 f   libohNetCore:Http.obj
 0001:00083890       ??__F?kMethodPost@Http@OpenHome@@2VBrn@2@B@@YAXXZ 00484890 f   libohNetCore:Http.obj
 0001:000838b0       ??__F?kMethodPut@Http@OpenHome@@2VBrn@2@B@@YAXXZ 004848b0 f   libohNetCore:Http.obj
 0001:000838d0       ??__F?kMethodDelete@Http@OpenHome@@2VBrn@2@B@@YAXXZ 004848d0 f   libohNetCore:Http.obj
 0001:000838f0       ??__F?kMethodTrace@Http@OpenHome@@2VBrn@2@B@@YAXXZ 004848f0 f   libohNetCore:Http.obj
 0001:00083910       ??__F?kMethodConnect@Http@OpenHome@@2VBrn@2@B@@YAXXZ 00484910 f   libohNetCore:Http.obj
 0001:00083930       ??__F?kMethodExtension@Http@OpenHome@@2VBrn@2@B@@YAXXZ 00484930 f   libohNetCore:Http.obj
 0001:00083950       ??__F?kHeaderCacheControl@Http@OpenHome@@2VBrn@2@B@@YAXXZ 00484950 f   libohNetCore:Http.obj
 0001:00083970       ??__F?kHeaderConnection@Http@OpenHome@@2VBrn@2@B@@YAXXZ 00484970 f   libohNetCore:Http.obj
 0001:00083990       ??__F?kHeaderDate@Http@OpenHome@@2VBrn@2@B@@YAXXZ 00484990 f   libohNetCore:Http.obj
 0001:000839b0       ??__F?kHeaderPragma@Http@OpenHome@@2VBrn@2@B@@YAXXZ 004849b0 f   libohNetCore:Http.obj
 0001:000839d0       ??__F?kHeaderTrailer@Http@OpenHome@@2VBrn@2@B@@YAXXZ 004849d0 f   libohNetCore:Http.obj
 0001:000839f0       ??__F?kHeaderTransferEncoding@Http@OpenHome@@2VBrn@2@B@@YAXXZ 004849f0 f   libohNetCore:Http.obj
 0001:00083a10       ??__F?kHeaderUpgrade@Http@OpenHome@@2VBrn@2@B@@YAXXZ 00484a10 f   libohNetCore:Http.obj
 0001:00083a30       ??__F?kHeaderVia@Http@OpenHome@@2VBrn@2@B@@YAXXZ 00484a30 f   libohNetCore:Http.obj
 0001:00083a50       ??__F?kHeaderWarning@Http@OpenHome@@2VBrn@2@B@@YAXXZ 00484a50 f   libohNetCore:Http.obj
 0001:00083a70       ??__F?kHeaderAccept@Http@OpenHome@@2VBrn@2@B@@YAXXZ 00484a70 f   libohNetCore:Http.obj
 0001:00083a90       ??__F?kHeaderAcceptCharset@Http@OpenHome@@2VBrn@2@B@@YAXXZ 00484a90 f   libohNetCore:Http.obj
 0001:00083ab0       ??__F?kHeaderAcceptEncoding@Http@OpenHome@@2VBrn@2@B@@YAXXZ 00484ab0 f   libohNetCore:Http.obj
 0001:00083ad0       ??__F?kHeaderAcceptLanguage@Http@OpenHome@@2VBrn@2@B@@YAXXZ 00484ad0 f   libohNetCore:Http.obj
 0001:00083af0       ??__F?kHeaderAuthorization@Http@OpenHome@@2VBrn@2@B@@YAXXZ 00484af0 f   libohNetCore:Http.obj
 0001:00083b10       ??__F?kHeaderExpect@Http@OpenHome@@2VBrn@2@B@@YAXXZ 00484b10 f   libohNetCore:Http.obj
 0001:00083b30       ??__F?kHeaderFrom@Http@OpenHome@@2VBrn@2@B@@YAXXZ 00484b30 f   libohNetCore:Http.obj
 0001:00083b50       ??__F?kHeaderHost@Http@OpenHome@@2VBrn@2@B@@YAXXZ 00484b50 f   libohNetCore:Http.obj
 0001:00083b70       ??__F?kHeaderIfMatch@Http@OpenHome@@2VBrn@2@B@@YAXXZ 00484b70 f   libohNetCore:Http.obj
 0001:00083b90       ??__F?kHeaderIfModifiedSince@Http@OpenHome@@2VBrn@2@B@@YAXXZ 00484b90 f   libohNetCore:Http.obj
 0001:00083bb0       ??__F?kHeaderIfNoneMatch@Http@OpenHome@@2VBrn@2@B@@YAXXZ 00484bb0 f   libohNetCore:Http.obj
 0001:00083bd0       ??__F?kHeaderIfRange@Http@OpenHome@@2VBrn@2@B@@YAXXZ 00484bd0 f   libohNetCore:Http.obj
 0001:00083bf0       ??__F?kHeaderIfUnmodifiedSince@Http@OpenHome@@2VBrn@2@B@@YAXXZ 00484bf0 f   libohNetCore:Http.obj
 0001:00083c10       ??__F?kHeaderMaxForwards@Http@OpenHome@@2VBrn@2@B@@YAXXZ 00484c10 f   libohNetCore:Http.obj
 0001:00083c30       ??__F?kHeaderProxyAuthorization@Http@OpenHome@@2VBrn@2@B@@YAXXZ 00484c30 f   libohNetCore:Http.obj
 0001:00083c50       ??__F?kHeaderRange@Http@OpenHome@@2VBrn@2@B@@YAXXZ 00484c50 f   libohNetCore:Http.obj
 0001:00083c70       ??__F?kHeaderReferer@Http@OpenHome@@2VBrn@2@B@@YAXXZ 00484c70 f   libohNetCore:Http.obj
 0001:00083c90       ??__F?kHeaderTe@Http@OpenHome@@2VBrn@2@B@@YAXXZ 00484c90 f   libohNetCore:Http.obj
 0001:00083cb0       ??__F?kHeaderUserAgent@Http@OpenHome@@2VBrn@2@B@@YAXXZ 00484cb0 f   libohNetCore:Http.obj
 0001:00083cd0       ??__F?kHeaderAcceptRanges@Http@OpenHome@@2VBrn@2@B@@YAXXZ 00484cd0 f   libohNetCore:Http.obj
 0001:00083cf0       ??__F?kHeaderAge@Http@OpenHome@@2VBrn@2@B@@YAXXZ 00484cf0 f   libohNetCore:Http.obj
 0001:00083d10       ??__F?kHeaderETag@Http@OpenHome@@2VBrn@2@B@@YAXXZ 00484d10 f   libohNetCore:Http.obj
 0001:00083d30       ??__F?kHeaderLocation@Http@OpenHome@@2VBrn@2@B@@YAXXZ 00484d30 f   libohNetCore:Http.obj
 0001:00083d50       ??__F?kHeaderProxyAuthenticate@Http@OpenHome@@2VBrn@2@B@@YAXXZ 00484d50 f   libohNetCore:Http.obj
 0001:00083d70       ??__F?kHeaderRetryAfter@Http@OpenHome@@2VBrn@2@B@@YAXXZ 00484d70 f   libohNetCore:Http.obj
 0001:00083d90       ??__F?kHeaderServer@Http@OpenHome@@2VBrn@2@B@@YAXXZ 00484d90 f   libohNetCore:Http.obj
 0001:00083db0       ??__F?kHeaderVary@Http@OpenHome@@2VBrn@2@B@@YAXXZ 00484db0 f   libohNetCore:Http.obj
 0001:00083dd0       ??__F?kHeaderWwwAuthenticate@Http@OpenHome@@2VBrn@2@B@@YAXXZ 00484dd0 f   libohNetCore:Http.obj
 0001:00083df0       ??__F?kHeaderAllow@Http@OpenHome@@2VBrn@2@B@@YAXXZ 00484df0 f   libohNetCore:Http.obj
 0001:00083e10       ??__F?kHeaderContentEncoding@Http@OpenHome@@2VBrn@2@B@@YAXXZ 00484e10 f   libohNetCore:Http.obj
 0001:00083e30       ??__F?kHeaderContentLanguage@Http@OpenHome@@2VBrn@2@B@@YAXXZ 00484e30 f   libohNetCore:Http.obj
 0001:00083e50       ??__F?kHeaderContentLength@Http@OpenHome@@2VBrn@2@B@@YAXXZ 00484e50 f   libohNetCore:Http.obj
 0001:00083e70       ??__F?kHeaderContentLocation@Http@OpenHome@@2VBrn@2@B@@YAXXZ 00484e70 f   libohNetCore:Http.obj
 0001:00083e90       ??__F?kHeaderContentMd5@Http@OpenHome@@2VBrn@2@B@@YAXXZ 00484e90 f   libohNetCore:Http.obj
 0001:00083eb0       ??__F?kHeaderContentRange@Http@OpenHome@@2VBrn@2@B@@YAXXZ 00484eb0 f   libohNetCore:Http.obj
 0001:00083ed0       ??__F?kHeaderContentType@Http@OpenHome@@2VBrn@2@B@@YAXXZ 00484ed0 f   libohNetCore:Http.obj
 0001:00083ef0       ??__F?kHeaderExpires@Http@OpenHome@@2VBrn@2@B@@YAXXZ 00484ef0 f   libohNetCore:Http.obj
 0001:00083f10       ??__F?kHeaderLastModified@Http@OpenHome@@2VBrn@2@B@@YAXXZ 00484f10 f   libohNetCore:Http.obj
 0001:00083f30       ??__F?kUriPrefix@Http@OpenHome@@2VBrn@2@B@@YAXXZ 00484f30 f   libohNetCore:Http.obj
 0001:00083f50       ??__F?kValueZero@Http@OpenHome@@2VBrn@2@B@@YAXXZ 00484f50 f   libohNetCore:Http.obj
 0001:00083f70       ??__F?kHeaderSeparator@Http@OpenHome@@2VBrn@2@B@@YAXXZ 00484f70 f   libohNetCore:Http.obj
 0001:00083f90       ??__F?kHeaderTerminator@Http@OpenHome@@2VBrn@2@B@@YAXXZ 00484f90 f   libohNetCore:Http.obj
 0001:00083fb0       ??__F?kChunkedCountSeparator@Http@OpenHome@@2VBrn@2@B@@YAXXZ 00484fb0 f   libohNetCore:Http.obj
 0001:00083fd0       ??__F?kConnectionClose@Http@OpenHome@@2VBrn@2@B@@YAXXZ 00484fd0 f   libohNetCore:Http.obj
 0001:00083ff0       ??__F?kConnectionUpgrade@Http@OpenHome@@2VBrn@2@B@@YAXXZ 00484ff0 f   libohNetCore:Http.obj
 0001:00084010       ??__F?kContentLanguageEnglish@Http@OpenHome@@2VBrn@2@B@@YAXXZ 00485010 f   libohNetCore:Http.obj
 0001:00084030       ??__F?kRangeBytes@Http@OpenHome@@2VBrn@2@B@@YAXXZ 00485030 f   libohNetCore:Http.obj
 0001:00084050       ??__F?kRangeSeparator@Http@OpenHome@@2VBrn@2@B@@YAXXZ 00485050 f   libohNetCore:Http.obj
 0001:00084070       ??__F?kExpect100Continue@Http@OpenHome@@2VBrn@2@B@@YAXXZ 00485070 f   libohNetCore:Http.obj
 0001:00084090       ??__F?kTransferEncodingChunked@Http@OpenHome@@2VBrn@2@B@@YAXXZ 00485090 f   libohNetCore:Http.obj
 0001:000840b0       ??__F?kTransferEncodingIdentity@Http@OpenHome@@2VBrn@2@B@@YAXXZ 004850b0 f   libohNetCore:Http.obj
 0001:000840d0       ??__FkHttpVersion09@@YAXXZ 004850d0 f   libohNetCore:Http.obj
 0001:000840f0       ??__FkHttpVersion10@@YAXXZ 004850f0 f   libohNetCore:Http.obj
 0001:00084110       ??__FkHttpVersion11@@YAXXZ 00485110 f   libohNetCore:Http.obj
 0001:00084130       ??__FkRtspVersion10@@YAXXZ 00485130 f   libohNetCore:Http.obj
 0001:00084150       ??__F?kContinue@HttpStatus@OpenHome@@2V12@B@@YAXXZ 00485150 f   libohNetCore:Http.obj
 0001:00084170       ??__F?kSwitchingProtocols@HttpStatus@OpenHome@@2V12@B@@YAXXZ 00485170 f   libohNetCore:Http.obj
 0001:00084190       ??__F?kOk@HttpStatus@OpenHome@@2V12@B@@YAXXZ 00485190 f   libohNetCore:Http.obj
 0001:000841b0       ??__F?kCreated@HttpStatus@OpenHome@@2V12@B@@YAXXZ 004851b0 f   libohNetCore:Http.obj
 0001:000841d0       ??__F?kAccepted@HttpStatus@OpenHome@@2V12@B@@YAXXZ 004851d0 f   libohNetCore:Http.obj
 0001:000841f0       ??__F?kNonAuthoritativeInformation@HttpStatus@OpenHome@@2V12@B@@YAXXZ 004851f0 f   libohNetCore:Http.obj
 0001:00084210       ??__F?kNoContent@HttpStatus@OpenHome@@2V12@B@@YAXXZ 00485210 f   libohNetCore:Http.obj
 0001:00084230       ??__F?kResetContent@HttpStatus@OpenHome@@2V12@B@@YAXXZ 00485230 f   libohNetCore:Http.obj
 0001:00084250       ??__F?kPartialContent@HttpStatus@OpenHome@@2V12@B@@YAXXZ 00485250 f   libohNetCore:Http.obj
 0001:00084270       ??__F?kMultipleChoices@HttpStatus@OpenHome@@2V12@B@@YAXXZ 00485270 f   libohNetCore:Http.obj
 0001:00084290       ??__F?kMovedPermanently@HttpStatus@OpenHome@@2V12@B@@YAXXZ 00485290 f   libohNetCore:Http.obj
 0001:000842b0       ??__F?kFound@HttpStatus@OpenHome@@2V12@B@@YAXXZ 004852b0 f   libohNetCore:Http.obj
 0001:000842d0       ??__F?kSeeOther@HttpStatus@OpenHome@@2V12@B@@YAXXZ 004852d0 f   libohNetCore:Http.obj
 0001:000842f0       ??__F?kNotModified@HttpStatus@OpenHome@@2V12@B@@YAXXZ 004852f0 f   libohNetCore:Http.obj
 0001:00084310       ??__F?kUseProxy@HttpStatus@OpenHome@@2V12@B@@YAXXZ 00485310 f   libohNetCore:Http.obj
 0001:00084330       ??__F?kTemporaryRedirect@HttpStatus@OpenHome@@2V12@B@@YAXXZ 00485330 f   libohNetCore:Http.obj
 0001:00084350       ??__F?kBadRequest@HttpStatus@OpenHome@@2V12@B@@YAXXZ 00485350 f   libohNetCore:Http.obj
 0001:00084370       ??__F?kUnauthorized@HttpStatus@OpenHome@@2V12@B@@YAXXZ 00485370 f   libohNetCore:Http.obj
 0001:00084390       ??__F?kPaymentRequired@HttpStatus@OpenHome@@2V12@B@@YAXXZ 00485390 f   libohNetCore:Http.obj
 0001:000843b0       ??__F?kForbidden@HttpStatus@OpenHome@@2V12@B@@YAXXZ 004853b0 f   libohNetCore:Http.obj
 0001:000843d0       ??__F?kNotFound@HttpStatus@OpenHome@@2V12@B@@YAXXZ 004853d0 f   libohNetCore:Http.obj
 0001:000843f0       ??__F?kMethodNotAllowed@HttpStatus@OpenHome@@2V12@B@@YAXXZ 004853f0 f   libohNetCore:Http.obj
 0001:00084410       ??__F?kNotAcceptable@HttpStatus@OpenHome@@2V12@B@@YAXXZ 00485410 f   libohNetCore:Http.obj
 0001:00084430       ??__F?kProxyAuthenticationRequired@HttpStatus@OpenHome@@2V12@B@@YAXXZ 00485430 f   libohNetCore:Http.obj
 0001:00084450       ??__F?kRequestTimeout@HttpStatus@OpenHome@@2V12@B@@YAXXZ 00485450 f   libohNetCore:Http.obj
 0001:00084470       ??__F?kConflict@HttpStatus@OpenHome@@2V12@B@@YAXXZ 00485470 f   libohNetCore:Http.obj
 0001:00084490       ??__F?kGone@HttpStatus@OpenHome@@2V12@B@@YAXXZ 00485490 f   libohNetCore:Http.obj
 0001:000844b0       ??__F?kLengthRequired@HttpStatus@OpenHome@@2V12@B@@YAXXZ 004854b0 f   libohNetCore:Http.obj
 0001:000844d0       ??__F?kPreconditionFailed@HttpStatus@OpenHome@@2V12@B@@YAXXZ 004854d0 f   libohNetCore:Http.obj
 0001:000844f0       ??__F?kRequestEntityTooLarge@HttpStatus@OpenHome@@2V12@B@@YAXXZ 004854f0 f   libohNetCore:Http.obj
 0001:00084510       ??__F?kRequestUriTooLarge@HttpStatus@OpenHome@@2V12@B@@YAXXZ 00485510 f   libohNetCore:Http.obj
 0001:00084530       ??__F?kUnsupportedMediaType@HttpStatus@OpenHome@@2V12@B@@YAXXZ 00485530 f   libohNetCore:Http.obj
 0001:00084550       ??__F?kRequestedRangeNotSatisfiable@HttpStatus@OpenHome@@2V12@B@@YAXXZ 00485550 f   libohNetCore:Http.obj
 0001:00084570       ??__F?kExpectationFailure@HttpStatus@OpenHome@@2V12@B@@YAXXZ 00485570 f   libohNetCore:Http.obj
 0001:00084590       ??__F?kInternalServerError@HttpStatus@OpenHome@@2V12@B@@YAXXZ 00485590 f   libohNetCore:Http.obj
 0001:000845b0       ??__F?kNotImplemented@HttpStatus@OpenHome@@2V12@B@@YAXXZ 004855b0 f   libohNetCore:Http.obj
 0001:000845d0       ??__F?kBadGateway@HttpStatus@OpenHome@@2V12@B@@YAXXZ 004855d0 f   libohNetCore:Http.obj
 0001:000845f0       ??__F?kServiceUnavailable@HttpStatus@OpenHome@@2V12@B@@YAXXZ 004855f0 f   libohNetCore:Http.obj
 0001:00084610       ??__F?kGatewayTimeout@HttpStatus@OpenHome@@2V12@B@@YAXXZ 00485610 f   libohNetCore:Http.obj
 0001:00084630       ??__F?kHttpVersionNotSupported@HttpStatus@OpenHome@@2V12@B@@YAXXZ 00485630 f   libohNetCore:Http.obj
 0001:00084650       ??__Finitlocks@std@@YAXXZ  00485650 f   libcpmtd:xlock.obj
 0001:00084670       ??__Fnomem@?5???2@YAPAXI@Z@YAXXZ 00485670 f   LIBCMTD:new.obj
