 TestTimer

 Timestamp is 4e1c1b8a (Tue Jul 12 11:01:46 2011)

 Preferred load address is 00400000

 Start         Length     Name                   Class
 0001:00000000 000772bcH .text                   CODE
 0001:000772c0 00004f83H .text$x                 CODE
 0001:0007c250 000034beH .text$yc                CODE
 0001:0007f710 00001431H .text$yd                CODE
 0002:00000000 000001e4H .idata$5                DATA
 0002:000001e4 00000004H .CRT$XCA                DATA
 0002:000001e8 00000004H .CRT$XCC                DATA
 0002:000001ec 00000284H .CRT$XCU                DATA
 0002:00000470 00000004H .CRT$XCZ                DATA
 0002:00000474 00000004H .CRT$XIA                DATA
 0002:00000478 00000010H .CRT$XIC                DATA
 0002:00000488 00000004H .CRT$XIY                DATA
 0002:0000048c 00000004H .CRT$XIZ                DATA
 0002:00000490 00000004H .CRT$XPA                DATA
 0002:00000494 00000008H .CRT$XPX                DATA
 0002:0000049c 00000004H .CRT$XPXA               DATA
 0002:000004a0 00000004H .CRT$XPZ                DATA
 0002:000004a4 00000004H .CRT$XTA                DATA
 0002:000004a8 00000004H .CRT$XTZ                DATA
 0002:000004b0 00013b60H .rdata                  DATA
 0002:00014010 00000050H .rdata$debug            DATA
 0002:00014060 00002154H .rdata$r                DATA
 0002:000161c0 0000064cH .rdata$sxdata           DATA
 0002:0001680c 00000004H .rtc$IAA                DATA
 0002:00016810 0000005cH .rtc$IMZ                DATA
 0002:0001686c 00000004H .rtc$IZZ                DATA
 0002:00016870 00000004H .rtc$TAA                DATA
 0002:00016874 0000005cH .rtc$TMZ                DATA
 0002:000168d0 00000004H .rtc$TZZ                DATA
 0002:000168d8 000065b4H .xdata$x                DATA
 0002:0001ce8c 0000003cH .idata$2                DATA
 0002:0001cec8 00000014H .idata$3                DATA
 0002:0001cedc 000001e4H .idata$4                DATA
 0002:0001d0c0 00000776H .idata$6                DATA
 0002:0001d840 0000049dH .edata                  DATA
 0003:00000000 00001f70H .data                   DATA
 0003:00001f80 000031acH .bss                    DATA

  Address         Publics by Value              Rva+Base       Lib:Object

 0000:00000000       __except_list              00000000     <absolute>
 0000:00000193       ___safe_se_handler_count   00000193     <absolute>
 0000:00000000       ___ImageBase               00400000     <linker-defined>
 0001:00000000       ?FireIn@MicrosecondTimer@@QAEXI@Z 00401000 f   TestTimer.obj
 0001:00000080       ?Calibrate@MicrosecondTimer@@QAEXXZ 00401080 f   TestTimer.obj
 0001:00000100       ?Expired@MicrosecondTimer@@AAEXXZ 00401100 f   TestTimer.obj
 0001:00000130       ?Test@SuiteTimerBasic@@UAEXXZ 00401130 f   TestTimer.obj
 0001:00000900       ?Test@SuiteTimerThrash@@UAEXXZ 00401900 f   TestTimer.obj
 0001:00000b20       ?Main@Runner@TestFramework@OpenHome@@SGXHQAPADPAVInitialisationParams@Net@3@@Z 00401b20 f   TestTimer.obj
 0001:00000c60       ??0MyTimer@@QAE@XZ         00401c60 f i TestTimer.obj
 0001:00000d40       ?Wait@MyTimer@@QAEXXZ      00401d40 f i TestTimer.obj
 0001:00000d70       ?Count@MyTimer@@QAEIXZ     00401d70 f i TestTimer.obj
 0001:00000d90       ??1MyTimer@@QAE@XZ         00401d90 f i TestTimer.obj
 0001:00000e10       ?Run@MyTimer@@AAEXXZ       00401e10 f i TestTimer.obj
 0001:00000e60       ??_GMyTimer@@QAEPAXI@Z     00401e60 f i TestTimer.obj
 0001:00000ea0       ?Fire@SuiteTimerThrash@@QAEXXZ 00401ea0 f i TestTimer.obj
 0001:00000ed0       ??_GTimer@OpenHome@@QAEPAXI@Z 00401ed0 f i TestTimer.obj
 0001:00000f10       ??0SuiteTimerBasic@@QAE@XZ 00401f10 f i TestTimer.obj
 0001:00000f50       ??_ESuiteTimerBasic@@UAEPAXI@Z 00401f50 f i TestTimer.obj
 0001:00000f50       ??_GSuiteTimerBasic@@UAEPAXI@Z 00401f50 f i TestTimer.obj
 0001:00000f90       ??1SuiteTimerBasic@@UAE@XZ 00401f90 f i TestTimer.obj
 0001:00000fc0       ??0SuiteTimerThrash@@QAE@XZ 00401fc0 f i TestTimer.obj
 0001:00001000       ??_ESuiteTimerThrash@@UAEPAXI@Z 00402000 f i TestTimer.obj
 0001:00001000       ??_GSuiteTimerThrash@@UAEPAXI@Z 00402000 f i TestTimer.obj
 0001:00001040       ??1SuiteTimerThrash@@UAE@XZ 00402040 f i TestTimer.obj
 0001:00001070       ??$MakeFunctor@VMyTimer@@XV1@@OpenHome@@YG?AV?$MemberTranslator@VMyTimer@@P81@AEXXZ@0@AAVMyTimer@@ABQ82@AEXXZ@Z 00402070 f i TestTimer.obj
 0001:000010a0       ??$MakeFunctor@VSuiteTimerThrash@@XV1@@OpenHome@@YG?AV?$MemberTranslator@VSuiteTimerThrash@@P81@AEXXZ@0@AAVSuiteTimerThrash@@ABQ82@AEXXZ@Z 004020a0 f i TestTimer.obj
 0001:000010d0       ??0?$MemberTranslator@VMyTimer@@P81@AEXXZ@OpenHome@@QAE@AAVMyTimer@@ABQ82@AEXXZ@Z 004020d0 f i TestTimer.obj
 0001:00001110       ??0Functor@OpenHome@@IAE@P6GXABV01@@ZPBX2I@Z 00402110 f i TestTimer.obj
 0001:00001160       ??0?$MemberTranslator@VSuiteTimerThrash@@P81@AEXXZ@OpenHome@@QAE@AAVSuiteTimerThrash@@ABQ82@AEXXZ@Z 00402160 f i TestTimer.obj
 0001:000011a0       ?Thunk@?$MemberTranslator@VMyTimer@@P81@AEXXZ@OpenHome@@SGXABVFunctor@2@@Z 004021a0 f i TestTimer.obj
 0001:000011f0       ?Thunk@?$MemberTranslator@VSuiteTimerThrash@@P81@AEXXZ@OpenHome@@SGXABVFunctor@2@@Z 004021f0 f i TestTimer.obj
 0001:00001240       ?Log@TestConsole@@QAEXPBD@Z 00402240 f   libTestFramework:TestFramework.obj
 0001:00001270       ?AssertHandlerTest@TestFramework@OpenHome@@YGXPBDI@Z 00402270 f   libTestFramework:TestFramework.obj
 0001:00001320       ??0Suite@TestFramework@OpenHome@@IAE@PBD@Z 00402320 f   libTestFramework:TestFramework.obj
 0001:00001360       ??1Suite@TestFramework@OpenHome@@MAE@XZ 00402360 f   libTestFramework:TestFramework.obj
 0001:00001380       ?Description@Suite@TestFramework@OpenHome@@QBEPBDXZ 00402380 f   libTestFramework:TestFramework.obj
 0001:000013a0       ??0Runner@TestFramework@OpenHome@@QAE@PBD@Z 004023a0 f   libTestFramework:TestFramework.obj
 0001:000013e0       ??1Runner@TestFramework@OpenHome@@QAE@XZ 004023e0 f   libTestFramework:TestFramework.obj
 0001:00001400       ?Add@Runner@TestFramework@OpenHome@@QAEXPAVSuite@23@@Z 00402400 f   libTestFramework:TestFramework.obj
 0001:00001480       ?Run@Runner@TestFramework@OpenHome@@QAEXXZ 00402480 f   libTestFramework:TestFramework.obj
 0001:00001730       ?Fail@TestFramework@OpenHome@@YGXPBDI00@Z 00402730 f   libTestFramework:TestFramework.obj
 0001:00001790       ?Succeed@TestFramework@OpenHome@@YGXPBDI@Z 00402790 f   libTestFramework:TestFramework.obj
 0001:000017c0       ?SucceedQuietly@TestFramework@OpenHome@@YGXPBDI@Z 004027c0 f   libTestFramework:TestFramework.obj
 0001:000017f0       ?TimeStart@TestFramework@OpenHome@@YGIXZ 004027f0 f   libTestFramework:TestFramework.obj
 0001:00001810       ?TimeStop@TestFramework@OpenHome@@YGII@Z 00402810 f   libTestFramework:TestFramework.obj
 0001:00001840       ?Print@TestFramework@OpenHome@@YAHPBDZZ 00402840 f   libTestFramework:TestFramework.obj
 0001:00001900       ?Print@TestFramework@OpenHome@@YGHPBDPAD@Z 00402900 f   libTestFramework:TestFramework.obj
 0001:000019b0       ?Print@TestFramework@OpenHome@@YGHABVBrx@2@@Z 004029b0 f   libTestFramework:TestFramework.obj
 0001:00001a60       ?PrintHex@TestFramework@OpenHome@@YGHABVBrx@2@@Z 00402a60 f   libTestFramework:TestFramework.obj
 0001:00001b10       ??0Blocker@TestFramework@OpenHome@@QAE@XZ 00402b10 f   libTestFramework:TestFramework.obj
 0001:00001c10       ??1Blocker@TestFramework@OpenHome@@QAE@XZ 00402c10 f   libTestFramework:TestFramework.obj
 0001:00001cb0       ?Wait@Blocker@TestFramework@OpenHome@@QAEXI@Z 00402cb0 f   libTestFramework:TestFramework.obj
 0001:00001cf0       ?TimerExpired@Blocker@TestFramework@OpenHome@@AAEXXZ 00402cf0 f   libTestFramework:TestFramework.obj
 0001:00001d20       ?ConsoleWrite@Os@OpenHome@@SGXPBD@Z 00402d20 f i libTestFramework:TestFramework.obj
 0001:00001d40       ??0AssertionFailed@OpenHome@@QAE@PBDI@Z 00402d40 f i libTestFramework:TestFramework.obj
 0001:00001d80       ??1AssertionFailed@OpenHome@@QAE@XZ 00402d80 f i libTestFramework:TestFramework.obj
 0001:00001db0       ??_ESuite@TestFramework@OpenHome@@MAEPAXI@Z 00402db0 f i libTestFramework:TestFramework.obj
 0001:00001db0       ??_GSuite@TestFramework@OpenHome@@MAEPAXI@Z 00402db0 f i libTestFramework:TestFramework.obj
 0001:00001df0       ?TimeInMs@Os@OpenHome@@SGIXZ 00402df0 f i libTestFramework:TestFramework.obj
 0001:00001e10       ?TimeInUs@Os@OpenHome@@SG_KXZ 00402e10 f i libTestFramework:TestFramework.obj
 0001:00001e30       ??$MakeFunctorMsg@VTestConsole@@V1@@OpenHome@@YG?AV?$MemberTranslatorMsg@VTestConsole@@P81@AEXPBD@Z@0@AAVTestConsole@@ABQ82@AEXPBD@Z@Z 00402e30 f i libTestFramework:TestFramework.obj
 0001:00001e60       ??$MakeFunctor@VBlocker@TestFramework@OpenHome@@XV123@@OpenHome@@YG?AV?$MemberTranslator@VBlocker@TestFramework@OpenHome@@P8123@AEXXZ@0@AAVBlocker@TestFramework@0@ABQ8230@AEXXZ@Z 00402e60 f i libTestFramework:TestFramework.obj
 0001:00001e90       ??0?$MemberTranslatorMsg@VTestConsole@@P81@AEXPBD@Z@OpenHome@@QAE@AAVTestConsole@@ABQ82@AEXPBD@Z@Z 00402e90 f i libTestFramework:TestFramework.obj
 0001:00001ed0       ??0FunctorMsg@OpenHome@@IAE@P6GXABV01@PBD@ZPBX3I@Z 00402ed0 f i libTestFramework:TestFramework.obj
 0001:00001f20       ??0?$MemberTranslator@VBlocker@TestFramework@OpenHome@@P8123@AEXXZ@OpenHome@@QAE@AAVBlocker@TestFramework@1@ABQ8231@AEXXZ@Z 00402f20 f i libTestFramework:TestFramework.obj
 0001:00001f60       ?Thunk@?$MemberTranslatorMsg@VTestConsole@@P81@AEXPBD@Z@OpenHome@@SGXABVFunctorMsg@2@PBD@Z 00402f60 f i libTestFramework:TestFramework.obj
 0001:00001fb0       ?Thunk@?$MemberTranslator@VBlocker@TestFramework@OpenHome@@P8123@AEXXZ@OpenHome@@SGXABVFunctor@2@@Z 00402fb0 f i libTestFramework:TestFramework.obj
 0001:00002000       ?Now@Time@OpenHome@@SGIXZ  00403000 f   libohNetCore:Timer.obj
 0001:00002020       ?IsBeforeOrAt@Time@OpenHome@@SG_NII@Z 00403020 f   libohNetCore:Timer.obj
 0001:00002050       ?IsAfter@Time@OpenHome@@SG_NII@Z 00403050 f   libohNetCore:Timer.obj
 0001:00002080       ?IsInPastOrNow@Time@OpenHome@@SG_NI@Z 00403080 f   libohNetCore:Timer.obj
 0001:000020a0       ?IsInFuture@Time@OpenHome@@SG_NI@Z 004030a0 f   libohNetCore:Timer.obj
 0001:000020c0       ?TimeToWaitFor@Time@OpenHome@@SGHI@Z 004030c0 f   libohNetCore:Timer.obj
 0001:000020e0       ??0Timer@OpenHome@@QAE@VFunctor@1@@Z 004030e0 f   libohNetCore:Timer.obj
 0001:00002130       ?FireIn@Timer@OpenHome@@QAEXI@Z 00403130 f   libohNetCore:Timer.obj
 0001:000021a0       ?FireAt@Timer@OpenHome@@QAEXI@Z 004031a0 f   libohNetCore:Timer.obj
 0001:00002230       ?Cancel@Timer@OpenHome@@QAEXXZ 00403230 f   libohNetCore:Timer.obj
 0001:00002280       ?DoCancel@Timer@OpenHome@@AAEXXZ 00403280 f   libohNetCore:Timer.obj
 0001:000022f0       ??1Timer@OpenHome@@QAE@XZ  004032f0 f   libohNetCore:Timer.obj
 0001:00002370       ??0TimerManager@OpenHome@@QAE@XZ 00403370 f   libohNetCore:Timer.obj
 0001:00002560       ??1TimerManager@OpenHome@@UAE@XZ 00403560 f   libohNetCore:Timer.obj
 0001:000026a0       ?Stop@TimerManager@OpenHome@@QAEXXZ 004036a0 f   libohNetCore:Timer.obj
 0001:00002780       ?CallbackLock@TimerManager@OpenHome@@QAEXXZ 00403780 f   libohNetCore:Timer.obj
 0001:000027b0       ?CallbackUnlock@TimerManager@OpenHome@@QAEXXZ 004037b0 f   libohNetCore:Timer.obj
 0001:000027e0       ?HeadChanged@TimerManager@OpenHome@@EAEXAAVQueueSortedEntry@2@@Z 004037e0 f   libohNetCore:Timer.obj
 0001:00002900       ?Fire@TimerManager@OpenHome@@AAEXXZ 00403900 f   libohNetCore:Timer.obj
 0001:00002a00       ?Thread@TimerManager@OpenHome@@ABEPAV02@XZ 00403a00 f   libohNetCore:Timer.obj
 0001:00002a20       ?Compare@TimerManager@OpenHome@@EAEHAAVQueueSortedEntry@2@0@Z 00403a20 f   libohNetCore:Timer.obj
 0001:00002a70       ?Run@TimerManager@OpenHome@@AAEXXZ 00403a70 f   libohNetCore:Timer.obj
 0001:00002b80       ??0QueueSortedEntryTimer@OpenHome@@QAE@XZ 00403b80 f i libohNetCore:Timer.obj
 0001:00002bb0       ??_ETimerManager@OpenHome@@UAEPAXI@Z 00403bb0 f i libohNetCore:Timer.obj
 0001:00002bb0       ??_GTimerManager@OpenHome@@UAEPAXI@Z 00403bb0 f i libohNetCore:Timer.obj
 0001:00002bf0       ??0?$QueueSorted@VTimer@OpenHome@@@OpenHome@@QAE@XZ 00403bf0 f i libohNetCore:Timer.obj
 0001:00002c20       ??1?$QueueSorted@VTimer@OpenHome@@@OpenHome@@UAE@XZ 00403c20 f i libohNetCore:Timer.obj
 0001:00002c50       ??_E?$QueueSorted@VTimer@OpenHome@@@OpenHome@@UAEPAXI@Z 00403c50 f i libohNetCore:Timer.obj
 0001:00002c50       ??_G?$QueueSorted@VTimer@OpenHome@@@OpenHome@@UAEPAXI@Z 00403c50 f i libohNetCore:Timer.obj
 0001:00002c90       ??RFunctor@OpenHome@@QBEXXZ 00403c90 f i libohNetCore:Timer.obj
 0001:00002cd0       ?Add@?$QueueSorted@VTimer@OpenHome@@@OpenHome@@QAEXAAVTimer@2@@Z 00403cd0 f i libohNetCore:Timer.obj
 0001:00002d00       ?Remove@?$QueueSorted@VTimer@OpenHome@@@OpenHome@@QAEXAAVTimer@2@@Z 00403d00 f i libohNetCore:Timer.obj
 0001:00002d30       ?RemoveHead@?$QueueSorted@VTimer@OpenHome@@@OpenHome@@QAEAAVTimer@2@XZ 00403d30 f i libohNetCore:Timer.obj
 0001:00002d60       ?Entry@?$QueueSorted@VTimer@OpenHome@@@OpenHome@@IAEAAVTimer@2@AAVQueueSortedEntry@2@@Z 00403d60 f i libohNetCore:Timer.obj
 0001:00002d80       ??$MakeFunctor@VTimerManager@OpenHome@@XV12@@OpenHome@@YG?AV?$MemberTranslator@VTimerManager@OpenHome@@P812@AEXXZ@0@AAVTimerManager@0@ABQ820@AEXXZ@Z 00403d80 f i libohNetCore:Timer.obj
 0001:00002db0       ??0?$MemberTranslator@VTimerManager@OpenHome@@P812@AEXXZ@OpenHome@@QAE@AAVTimerManager@1@ABQ821@AEXXZ@Z 00403db0 f i libohNetCore:Timer.obj
 0001:00002df0       ?Thunk@?$MemberTranslator@VTimerManager@OpenHome@@P812@AEXXZ@OpenHome@@SGXABVFunctor@2@@Z 00403df0 f i libohNetCore:Timer.obj
 0001:00002e40       ??0Semaphore@OpenHome@@QAE@PBDI@Z 00403e40 f   libohNetCore:Thread.obj
 0001:00002ec0       ??1Semaphore@OpenHome@@UAE@XZ 00403ec0 f   libohNetCore:Thread.obj
 0001:00002f00       ?Wait@Semaphore@OpenHome@@QAEXXZ 00403f00 f   libohNetCore:Thread.obj
 0001:00002f30       ?Wait@Semaphore@OpenHome@@QAEXI@Z 00403f30 f   libohNetCore:Thread.obj
 0001:00003020       ?Clear@Semaphore@OpenHome@@QAE_NXZ 00404020 f   libohNetCore:Thread.obj
 0001:00003060       ?Signal@Semaphore@OpenHome@@QAEXXZ 00404060 f   libohNetCore:Thread.obj
 0001:00003090       ??0Mutex@OpenHome@@QAE@PBD@Z 00404090 f   libohNetCore:Thread.obj
 0001:00003120       ??1Mutex@OpenHome@@UAE@XZ  00404120 f   libohNetCore:Thread.obj
 0001:00003160       ?Wait@Mutex@OpenHome@@QAEXXZ 00404160 f   libohNetCore:Thread.obj
 0001:00003290       ?Signal@Mutex@OpenHome@@QAEXXZ 00404290 f   libohNetCore:Thread.obj
 0001:000032c0       ??0SemaphoreActive@OpenHome@@QAE@AAVSemaphore@1@@Z 004042c0 f   libohNetCore:Thread.obj
 0001:00003310       ??0SemaphoreActive@OpenHome@@QAE@AAVThread@1@@Z 00404310 f   libohNetCore:Thread.obj
 0001:00003360       ?Signal@SemaphoreActive@OpenHome@@QAEXXZ 00404360 f   libohNetCore:Thread.obj
 0001:000033b0       ?Signalled@SemaphoreActive@OpenHome@@QAE_NXZ 004043b0 f   libohNetCore:Thread.obj
 0001:00003430       ?ConsumeOne@SemaphoreActive@OpenHome@@QAEXXZ 00404430 f   libohNetCore:Thread.obj
 0001:00003490       ?ConsumeAll@SemaphoreActive@OpenHome@@QAEXXZ 00404490 f   libohNetCore:Thread.obj
 0001:000034e0       ??0Thread@OpenHome@@IAE@PBDII@Z 004044e0 f   libohNetCore:Thread.obj
 0001:00003600       ??1Thread@OpenHome@@UAE@XZ 00404600 f   libohNetCore:Thread.obj
 0001:000036e0       ?Start@Thread@OpenHome@@QAEXXZ 004046e0 f   libohNetCore:Thread.obj
 0001:00003740       ?EntryPoint@Thread@OpenHome@@CGXPAX@Z 00404740 f   libohNetCore:Thread.obj
 0001:000038e0       ?Wait@Thread@OpenHome@@QAEXXZ 004048e0 f   libohNetCore:Thread.obj
 0001:00003910       ?Signal@Thread@OpenHome@@QAEXXZ 00404910 f   libohNetCore:Thread.obj
 0001:00003940       ?TryWait@Thread@OpenHome@@QAE_NXZ 00404940 f   libohNetCore:Thread.obj
 0001:00003970       ?Sleep@Thread@OpenHome@@SGXI@Z 00404970 f   libohNetCore:Thread.obj
 0001:00003a40       ?Current@Thread@OpenHome@@SGPAV12@XZ 00404a40 f   libohNetCore:Thread.obj
 0001:00003a60       ?SupportsPriorities@Thread@OpenHome@@SG_NXZ 00404a60 f   libohNetCore:Thread.obj
 0001:00003a80       ?CheckForKill@Thread@OpenHome@@IBEXXZ 00404a80 f   libohNetCore:Thread.obj
 0001:00003b50       ?Kill@Thread@OpenHome@@QAEXXZ 00404b50 f   libohNetCore:Thread.obj
 0001:00003bc0       ?Name@Thread@OpenHome@@QBEABVBrx@2@XZ 00404bc0 f   libohNetCore:Thread.obj
 0001:00003be0       ??8Thread@OpenHome@@QBE_NABV01@@Z 00404be0 f   libohNetCore:Thread.obj
 0001:00003c10       ??9Thread@OpenHome@@QBE_NABV01@@Z 00404c10 f   libohNetCore:Thread.obj
 0001:00003c50       ?Join@Thread@OpenHome@@IAEXXZ 00404c50 f   libohNetCore:Thread.obj
 0001:00003cb0       ??0ThreadFunctor@OpenHome@@QAE@PBDVFunctor@1@II@Z 00404cb0 f   libohNetCore:Thread.obj
 0001:00003d60       ??1ThreadFunctor@OpenHome@@UAE@XZ 00404d60 f   libohNetCore:Thread.obj
 0001:00003de0       ?Run@ThreadFunctor@OpenHome@@EAEXXZ 00404de0 f   libohNetCore:Thread.obj
 0001:00003e20       ??0AutoMutex@OpenHome@@QAE@AAVMutex@1@@Z 00404e20 f   libohNetCore:Thread.obj
 0001:00003e60       ??1AutoMutex@OpenHome@@QAE@XZ 00404e60 f   libohNetCore:Thread.obj
 0001:00003e90       ??0AtomicInt@OpenHome@@QAE@H@Z 00404e90 f   libohNetCore:Thread.obj
 0001:00003ed0       ??0AtomicInt@OpenHome@@QAE@XZ 00404ed0 f   libohNetCore:Thread.obj
 0001:00003f00       ?Inc@AtomicInt@OpenHome@@QAEHXZ 00404f00 f   libohNetCore:Thread.obj
 0001:00003f60       ?Dec@AtomicInt@OpenHome@@QAEHXZ 00404f60 f   libohNetCore:Thread.obj
 0001:00003fc0       ??0bad_alloc@std@@QAE@XZ   00404fc0 f i libohNetCore:Thread.obj
 0001:00004010       ??1bad_alloc@std@@UAE@XZ   00405010 f i libohNetCore:Thread.obj
 0001:00004040       ??_Ebad_alloc@std@@UAEPAXI@Z 00405040 f i libohNetCore:Thread.obj
 0001:00004040       ??_Gbad_alloc@std@@UAEPAXI@Z 00405040 f i libohNetCore:Thread.obj
 0001:00004080       ??0INonCopyable@OpenHome@@IAE@XZ 00405080 f i libohNetCore:Thread.obj
 0001:000040a0       ?SemaphoreCreate@Os@OpenHome@@SGPAXPBDI@Z 004050a0 f i libohNetCore:Thread.obj
 0001:000040c0       ??_GSemaphore@OpenHome@@UAEPAXI@Z 004050c0 f i libohNetCore:Thread.obj
 0001:000040c0       ??_ESemaphore@OpenHome@@UAEPAXI@Z 004050c0 f i libohNetCore:Thread.obj
 0001:00004100       ??0bad_alloc@std@@QAE@ABV01@@Z 00405100 f i libohNetCore:Thread.obj
 0001:00004140       ?SemaphoreDestroy@Os@OpenHome@@SGXPAX@Z 00405140 f i libohNetCore:Thread.obj
 0001:00004160       ?SemaphoreWait@Os@OpenHome@@SGXPAX@Z 00405160 f i libohNetCore:Thread.obj
 0001:000041b0       ??0Timeout@OpenHome@@QAE@PBDI@Z 004051b0 f i libohNetCore:Thread.obj
 0001:000041f0       ?SemaphoreTimedWait@Os@OpenHome@@SG_NPAXI@Z 004051f0 f i libohNetCore:Thread.obj
 0001:00004240       ??1Timeout@OpenHome@@QAE@XZ 00405240 f i libohNetCore:Thread.obj
 0001:00004270       ?SemaphoreClear@Os@OpenHome@@SG_NPAX@Z 00405270 f i libohNetCore:Thread.obj
 0001:000042a0       ?SemaphoreSignal@Os@OpenHome@@SGXPAX@Z 004052a0 f i libohNetCore:Thread.obj
 0001:000042f0       ??_EMutex@OpenHome@@UAEPAXI@Z 004052f0 f i libohNetCore:Thread.obj
 0001:00004370       ?MutexCreate@Os@OpenHome@@SGPAXPBD@Z 00405370 f i libohNetCore:Thread.obj
 0001:00004390       ?MutexDestroy@Os@OpenHome@@SGXPAX@Z 00405390 f i libohNetCore:Thread.obj
 0001:000043b0       ??0Brhz@OpenHome@@QAE@XZ   004053b0 f i libohNetCore:Thread.obj
 0001:000043e0       ??0Brv@OpenHome@@IAE@XZ    004053e0 f i libohNetCore:Thread.obj
 0001:00004460       ??1Brx@OpenHome@@UAE@XZ    00405460 f i libohNetCore:Thread.obj
 0001:00004480       ??_GBrx@OpenHome@@UAEPAXI@Z 00405480 f i libohNetCore:Thread.obj
 0001:00004480       ??_EBrx@OpenHome@@UAEPAXI@Z 00405480 f i libohNetCore:Thread.obj
 0001:000044c0       ??_EBrv@OpenHome@@UAEPAXI@Z 004054c0 f i libohNetCore:Thread.obj
 0001:00004540       ??0Brx@OpenHome@@IAE@I@Z   00405540 f i libohNetCore:Thread.obj
 0001:00004570       ??_EBrhz@OpenHome@@UAEPAXI@Z 00405570 f i libohNetCore:Thread.obj
 0001:00004570       ??_GBrhz@OpenHome@@UAEPAXI@Z 00405570 f i libohNetCore:Thread.obj
 0001:000045b0       ??1Brhz@OpenHome@@UAE@XZ   004055b0 f i libohNetCore:Thread.obj
 0001:000045e0       ?Set@Brhz@OpenHome@@QAEXABVBrx@2@@Z 004055e0 f i libohNetCore:Thread.obj
 0001:00004630       ?Bytes@Brx@OpenHome@@QBEIXZ 00405630 f i libohNetCore:Thread.obj
 0001:00004650       ?MutexLock@Os@OpenHome@@SGHPAX@Z 00405650 f i libohNetCore:Thread.obj
 0001:00004680       ?MutexUnlock@Os@OpenHome@@SGXPAX@Z 00405680 f i libohNetCore:Thread.obj
 0001:000046d0       ??_GThread@OpenHome@@UAEPAXI@Z 004056d0 f i libohNetCore:Thread.obj
 0001:000046d0       ??_EThread@OpenHome@@UAEPAXI@Z 004056d0 f i libohNetCore:Thread.obj
 0001:00004710       ??1?$Bws@$04@OpenHome@@UAE@XZ 00405710 f i libohNetCore:Thread.obj
 0001:00004740       ??1Bwx@OpenHome@@UAE@XZ    00405740 f i libohNetCore:Thread.obj
 0001:00004770       ?ThreadDestroy@Os@OpenHome@@SGXPAX@Z 00405770 f i libohNetCore:Thread.obj
 0001:00004790       ?ThreadCreate@Os@OpenHome@@SGPAXPBDIIP6GXPAX@Z1@Z 00405790 f i libohNetCore:Thread.obj
 0001:000047c0       ?ThreadTls@Os@OpenHome@@SGPAXXZ 004057c0 f i libohNetCore:Thread.obj
 0001:000047e0       ?ThreadSupportsPriorities@Os@OpenHome@@SG_NXZ 004057e0 f i libohNetCore:Thread.obj
 0001:00004800       ??0ThreadKill@OpenHome@@QAE@PBDI@Z 00405800 f i libohNetCore:Thread.obj
 0001:00004840       ??1ThreadKill@OpenHome@@QAE@XZ 00405840 f i libohNetCore:Thread.obj
 0001:00004870       ??_GThreadFunctor@OpenHome@@UAEPAXI@Z 00405870 f i libohNetCore:Thread.obj
 0001:00004870       ??_EThreadFunctor@OpenHome@@UAEPAXI@Z 00405870 f i libohNetCore:Thread.obj
 0001:000048b0       ??0?$Bws@$04@OpenHome@@QAE@XZ 004058b0 f i libohNetCore:Thread.obj
 0001:000048f0       ?Ptr@?$Bws@$04@OpenHome@@UBEPBEXZ 004058f0 f i libohNetCore:Thread.obj
 0001:00004910       ??_E?$Bws@$04@OpenHome@@UAEPAXI@Z 00405910 f i libohNetCore:Thread.obj
 0001:00004910       ??_G?$Bws@$04@OpenHome@@UAEPAXI@Z 00405910 f i libohNetCore:Thread.obj
 0001:00004950       ?Twiddle@@YGIII@Z          00405950 f   libohNetCore:Maths.obj
 0001:00004980       ?SetRandomSeed@OpenHome@@YGXABVBrx@1@@Z 00405980 f   libohNetCore:Maths.obj
 0001:00004a70       ?SetRandomSeed@OpenHome@@YGXI@Z 00405a70 f   libohNetCore:Maths.obj
 0001:00004b00       ?Random@OpenHome@@YGIII@Z  00405b00 f   libohNetCore:Maths.obj
 0001:00004ca0       ?LittleEndian4@Arch@OpenHome@@SGII@Z 00405ca0 f i libohNetCore:Maths.obj
 0001:00004cb0       ?SetAssertHandler@OpenHome@@YGP6GXPBDI@ZP6GX0I@Z@Z 00405cb0 f   libohNetCore:Exception.obj
 0001:00004ce0       ?CallAssertHandler@OpenHome@@YGXPBDI@Z 00405ce0 f   libohNetCore:Exception.obj
 0001:00004d10       ?AssertHandlerDefault@OpenHome@@YGXPBDI@Z 00405d10 f   libohNetCore:Exception.obj
 0001:00004e00       ?UnhandledExceptionHandler@OpenHome@@YGXPBD0I@Z 00405e00 f   libohNetCore:Exception.obj
 0001:00004ea0       ?UnhandledExceptionHandler@OpenHome@@YGXAAVException@1@@Z 00405ea0 f   libohNetCore:Exception.obj
 0001:00004f50       ?UnhandledExceptionHandler@OpenHome@@YGXAAVexception@std@@@Z 00405f50 f   libohNetCore:Exception.obj
 0001:00005000       ??0Exception@OpenHome@@QAE@PBD0I@Z 00406000 f   libohNetCore:Exception.obj
 0001:00005040       ??0Exception@OpenHome@@QAE@PBD@Z 00406040 f   libohNetCore:Exception.obj
 0001:00005080       ??1Exception@OpenHome@@QAE@XZ 00406080 f   libohNetCore:Exception.obj
 0001:000050a0       ?Message@Exception@OpenHome@@QAEPBDXZ 004060a0 f   libohNetCore:Exception.obj
 0001:000050c0       ?File@Exception@OpenHome@@QAEPBDXZ 004060c0 f   libohNetCore:Exception.obj
 0001:000050e0       ?Line@Exception@OpenHome@@QAEIXZ 004060e0 f   libohNetCore:Exception.obj
 0001:00005100       ?Quit@Os@OpenHome@@SGXXZ   00406100 f i libohNetCore:Exception.obj
 0001:00005120       ??RFunctorMsg@OpenHome@@QBEXPBD@Z 00406120 f i libohNetCore:Exception.obj
 0001:00005160       ??0NetworkAdapter@OpenHome@@QAE@IIPBD@Z 00406160 f   libohNetCore:OhNet.obj
 0001:00005200       ??1NetworkAdapter@OpenHome@@AAE@XZ 00406200 f   libohNetCore:OhNet.obj
 0001:00005270       ?AddRef@NetworkAdapter@OpenHome@@QAEXXZ 00406270 f   libohNetCore:OhNet.obj
 0001:000052c0       ?RemoveRef@NetworkAdapter@OpenHome@@QAEXXZ 004062c0 f   libohNetCore:OhNet.obj
 0001:00005350       ?Address@NetworkAdapter@OpenHome@@QBEIXZ 00406350 f   libohNetCore:OhNet.obj
 0001:00005370       ?Subnet@NetworkAdapter@OpenHome@@QBEIXZ 00406370 f   libohNetCore:OhNet.obj
 0001:00005390       ?Mask@NetworkAdapter@OpenHome@@QBEIXZ 00406390 f   libohNetCore:OhNet.obj
 0001:000053b0       ?ContainsAddress@NetworkAdapter@OpenHome@@QAE_NI@Z 004063b0 f   libohNetCore:OhNet.obj
 0001:000053f0       ?Name@NetworkAdapter@OpenHome@@QBEPBDXZ 004063f0 f   libohNetCore:OhNet.obj
 0001:00005430       ?FullName@NetworkAdapter@OpenHome@@QBEPADXZ 00406430 f   libohNetCore:OhNet.obj
 0001:00005590       ?Log@DefaultLogger@Net@OpenHome@@QAEXPBD@Z 00406590 f   libohNetCore:OhNet.obj
 0001:000055e0       ?LogError@DefaultAsyncHandler@Net@OpenHome@@QAEXAAVIAsync@23@@Z 004065e0 f   libohNetCore:OhNet.obj
 0001:00005640       ?Output@DefaultAsyncHandler@Net@OpenHome@@EAEXPBD0@Z 00406640 f   libohNetCore:OhNet.obj
 0001:00005680       ?Create@InitialisationParams@Net@OpenHome@@SGPAV123@XZ 00406680 f   libohNetCore:OhNet.obj
 0001:00005720       ??1InitialisationParams@Net@OpenHome@@QAE@XZ 00406720 f   libohNetCore:OhNet.obj
 0001:00005780       ?SetLogOutput@InitialisationParams@Net@OpenHome@@QAEXVFunctorMsg@3@@Z 00406780 f   libohNetCore:OhNet.obj
 0001:000057b0       ?SetFatalErrorHandler@InitialisationParams@Net@OpenHome@@QAEXVFunctorMsg@3@@Z 004067b0 f   libohNetCore:OhNet.obj
 0001:00005810       ?SetAsyncBeginHandler@InitialisationParams@Net@OpenHome@@QAEXVFunctorAsync@23@@Z 00406810 f   libohNetCore:OhNet.obj
 0001:00005850       ?SetAsyncEndHandler@InitialisationParams@Net@OpenHome@@QAEXVFunctorAsync@23@@Z 00406850 f   libohNetCore:OhNet.obj
 0001:00005890       ?SetAsyncErrorHandler@InitialisationParams@Net@OpenHome@@QAEXVFunctorAsync@23@@Z 00406890 f   libohNetCore:OhNet.obj
 0001:000058d0       ?SetSubnetListChangedListener@InitialisationParams@Net@OpenHome@@QAEXVFunctor@3@@Z 004068d0 f   libohNetCore:OhNet.obj
 0001:00005910       ?SetTcpConnectTimeout@InitialisationParams@Net@OpenHome@@QAEXI@Z 00406910 f   libohNetCore:OhNet.obj
 0001:00005950       ?SetMsearchTime@InitialisationParams@Net@OpenHome@@QAEXI@Z 00406950 f   libohNetCore:OhNet.obj
 0001:000059a0       ?SetMsearchTtl@InitialisationParams@Net@OpenHome@@QAEXI@Z 004069a0 f   libohNetCore:OhNet.obj
 0001:000059e0       ?SetNumEventSessionThreads@InitialisationParams@Net@OpenHome@@QAEXI@Z 004069e0 f   libohNetCore:OhNet.obj
 0001:00005a30       ?SetNumXmlFetcherThreads@InitialisationParams@Net@OpenHome@@QAEXI@Z 00406a30 f   libohNetCore:OhNet.obj
 0001:00005a80       ?SetNumActionInvokerThreads@InitialisationParams@Net@OpenHome@@QAEXI@Z 00406a80 f   libohNetCore:OhNet.obj
 0001:00005ad0       ?SetNumInvocations@InitialisationParams@Net@OpenHome@@QAEXI@Z 00406ad0 f   libohNetCore:OhNet.obj
 0001:00005b10       ?SetNumSubscriberThreads@InitialisationParams@Net@OpenHome@@QAEXI@Z 00406b10 f   libohNetCore:OhNet.obj
 0001:00005b60       ?SetPendingSubscriptionTimeout@InitialisationParams@Net@OpenHome@@QAEXI@Z 00406b60 f   libohNetCore:OhNet.obj
 0001:00005ba0       ?SetFreeExternalCallback@InitialisationParams@Net@OpenHome@@QAEXP6GXPAX@Z@Z 00406ba0 f   libohNetCore:OhNet.obj
 0001:00005bc0       ?SetUseLoopbackNetworkAdapter@InitialisationParams@Net@OpenHome@@QAEXXZ 00406bc0 f   libohNetCore:OhNet.obj
 0001:00005be0       ?SetDvMaxUpdateTime@InitialisationParams@Net@OpenHome@@QAEXI@Z 00406be0 f   libohNetCore:OhNet.obj
 0001:00005c00       ?SetDvNumServerThreads@InitialisationParams@Net@OpenHome@@QAEXI@Z 00406c00 f   libohNetCore:OhNet.obj
 0001:00005c50       ?SetDvNumPublisherThreads@InitialisationParams@Net@OpenHome@@QAEXI@Z 00406c50 f   libohNetCore:OhNet.obj
 0001:00005ca0       ?SetDvNumWebSocketThreads@InitialisationParams@Net@OpenHome@@QAEXI@Z 00406ca0 f   libohNetCore:OhNet.obj
 0001:00005cf0       ?SetDvWebSocketPort@InitialisationParams@Net@OpenHome@@QAEXI@Z 00406cf0 f   libohNetCore:OhNet.obj
 0001:00005d10       ?SetDvEnableBonjour@InitialisationParams@Net@OpenHome@@QAEXXZ 00406d10 f   libohNetCore:OhNet.obj
 0001:00005d30       ?LogOutput@InitialisationParams@Net@OpenHome@@QAEAAVFunctorMsg@3@XZ 00406d30 f   libohNetCore:OhNet.obj
 0001:00005d50       ?FatalErrorHandler@InitialisationParams@Net@OpenHome@@QAEAAVFunctorMsg@3@XZ 00406d50 f   libohNetCore:OhNet.obj
 0001:00005d70       ?AsyncBeginHandler@InitialisationParams@Net@OpenHome@@QAEAAVFunctorAsync@23@XZ 00406d70 f   libohNetCore:OhNet.obj
 0001:00005d90       ?AsyncEndHandler@InitialisationParams@Net@OpenHome@@QAEAAVFunctorAsync@23@XZ 00406d90 f   libohNetCore:OhNet.obj
 0001:00005db0       ?AsyncErrorHandler@InitialisationParams@Net@OpenHome@@QAEAAVFunctorAsync@23@XZ 00406db0 f   libohNetCore:OhNet.obj
 0001:00005dd0       ?SubnetListChangedListener@InitialisationParams@Net@OpenHome@@QAEAAVFunctor@3@XZ 00406dd0 f   libohNetCore:OhNet.obj
 0001:00005df0       ?TcpConnectTimeoutMs@InitialisationParams@Net@OpenHome@@QBEIXZ 00406df0 f   libohNetCore:OhNet.obj
 0001:00005e10       ?MsearchTimeSecs@InitialisationParams@Net@OpenHome@@QBEIXZ 00406e10 f   libohNetCore:OhNet.obj
 0001:00005e30       ?MsearchTtl@InitialisationParams@Net@OpenHome@@QBEIXZ 00406e30 f   libohNetCore:OhNet.obj
 0001:00005e50       ?NumEventSessionThreads@InitialisationParams@Net@OpenHome@@QBEIXZ 00406e50 f   libohNetCore:OhNet.obj
 0001:00005e70       ?NumXmlFetcherThreads@InitialisationParams@Net@OpenHome@@QBEIXZ 00406e70 f   libohNetCore:OhNet.obj
 0001:00005e90       ?NumActionInvokerThreads@InitialisationParams@Net@OpenHome@@QBEIXZ 00406e90 f   libohNetCore:OhNet.obj
 0001:00005eb0       ?NumInvocations@InitialisationParams@Net@OpenHome@@QBEIXZ 00406eb0 f   libohNetCore:OhNet.obj
 0001:00005ed0       ?NumSubscriberThreads@InitialisationParams@Net@OpenHome@@QBEIXZ 00406ed0 f   libohNetCore:OhNet.obj
 0001:00005ef0       ?PendingSubscriptionTimeoutMs@InitialisationParams@Net@OpenHome@@QBEIXZ 00406ef0 f   libohNetCore:OhNet.obj
 0001:00005f10       ?FreeExternal@InitialisationParams@Net@OpenHome@@QBEP6GXPAX@ZXZ 00406f10 f   libohNetCore:OhNet.obj
 0001:00005f30       ?UseLoopbackNetworkAdapter@InitialisationParams@Net@OpenHome@@QBE_NXZ 00406f30 f   libohNetCore:OhNet.obj
 0001:00005f50       ?DvMaxUpdateTimeSecs@InitialisationParams@Net@OpenHome@@QBEIXZ 00406f50 f   libohNetCore:OhNet.obj
 0001:00005f70       ?DvNumServerThreads@InitialisationParams@Net@OpenHome@@QBEIXZ 00406f70 f   libohNetCore:OhNet.obj
 0001:00005f90       ?DvNumPublisherThreads@InitialisationParams@Net@OpenHome@@QBEIXZ 00406f90 f   libohNetCore:OhNet.obj
 0001:00005fb0       ?DvNumWebSocketThreads@InitialisationParams@Net@OpenHome@@QBEIXZ 00406fb0 f   libohNetCore:OhNet.obj
 0001:00005fd0       ?DvWebSocketPort@InitialisationParams@Net@OpenHome@@QBEIXZ 00406fd0 f   libohNetCore:OhNet.obj
 0001:00005ff0       ?DvIsBonjourEnabled@InitialisationParams@Net@OpenHome@@QBE_NXZ 00406ff0 f   libohNetCore:OhNet.obj
 0001:00006010       ??0InitialisationParams@Net@OpenHome@@AAE@XZ 00407010 f   libohNetCore:OhNet.obj
 0001:00006280       ?FatalErrorHandlerDefault@InitialisationParams@Net@OpenHome@@AAEXPBD@Z 00407280 f   libohNetCore:OhNet.obj
 0001:000062b0       ?Initialise@UpnpLibrary@Net@OpenHome@@SGXPAVInitialisationParams@23@@Z 004072b0 f   libohNetCore:OhNet.obj
 0001:000063b0       ?InitialiseMinimal@UpnpLibrary@Net@OpenHome@@SGXPAVInitialisationParams@23@@Z 004073b0 f   libohNetCore:OhNet.obj
 0001:00006450       ?Close@UpnpLibrary@Net@OpenHome@@SGXXZ 00407450 f   libohNetCore:OhNet.obj
 0001:00006470       ?CreateSubnetList@UpnpLibrary@Net@OpenHome@@SGPAV?$vector@PAVNetworkAdapter@OpenHome@@V?$allocator@PAVNetworkAdapter@OpenHome@@@std@@@std@@XZ 00407470 f   libohNetCore:OhNet.obj
 0001:00006490       ?DestroySubnetList@UpnpLibrary@Net@OpenHome@@SGXPAV?$vector@PAVNetworkAdapter@OpenHome@@V?$allocator@PAVNetworkAdapter@OpenHome@@@std@@@std@@@Z 00407490 f   libohNetCore:OhNet.obj
 0001:00006520       ?SetCurrentSubnet@UpnpLibrary@Net@OpenHome@@SGXI@Z 00407520 f   libohNetCore:OhNet.obj
 0001:00006540       ?CurrentSubnetAdapter@UpnpLibrary@Net@OpenHome@@SGPAVNetworkAdapter@3@XZ 00407540 f   libohNetCore:OhNet.obj
 0001:00006560       ??_GNetworkAdapter@OpenHome@@AAEPAXI@Z 00407560 f i libohNetCore:OhNet.obj
 0001:000065a0       ?Append@Bwx@OpenHome@@QAEXD@Z 004075a0 f i libohNetCore:OhNet.obj
 0001:000065d0       ??BFunctorMsg@OpenHome@@QBE_NXZ 004075d0 f i libohNetCore:OhNet.obj
 0001:00006610       ??0Functor@OpenHome@@QAE@XZ 00407610 f i libohNetCore:OhNet.obj
 0001:00006640       ??0FunctorAsync@Net@OpenHome@@QAE@XZ 00407640 f i libohNetCore:OhNet.obj
 0001:00006670       ??0FunctorMsg@OpenHome@@QAE@XZ 00407670 f i libohNetCore:OhNet.obj
 0001:000066a0       ??0DefaultAsyncHandler@Net@OpenHome@@QAE@XZ 004076a0 f i libohNetCore:OhNet.obj
 0001:000066d0       ??0IAsyncOutput@Net@OpenHome@@QAE@XZ 004076d0 f i libohNetCore:OhNet.obj
 0001:000066f0       ?Create@Os@OpenHome@@SGHXZ 004076f0 f i libohNetCore:OhNet.obj
 0001:00006710       ?Destroy@Os@OpenHome@@SGXXZ 00407710 f i libohNetCore:OhNet.obj
 0001:00006730       ??_G?$vector@PAVNetworkAdapter@OpenHome@@V?$allocator@PAVNetworkAdapter@OpenHome@@@std@@@std@@QAEPAXI@Z 00407730 f i libohNetCore:OhNet.obj
 0001:00006770       ??1?$vector@PAVNetworkAdapter@OpenHome@@V?$allocator@PAVNetworkAdapter@OpenHome@@@std@@@std@@QAE@XZ 00407770 f i libohNetCore:OhNet.obj
 0001:000067e0       ?size@?$vector@PAVNetworkAdapter@OpenHome@@V?$allocator@PAVNetworkAdapter@OpenHome@@@std@@@std@@QBEIXZ 004077e0 f i libohNetCore:OhNet.obj
 0001:00006810       ??A?$vector@PAVNetworkAdapter@OpenHome@@V?$allocator@PAVNetworkAdapter@OpenHome@@@std@@@std@@QAEAAPAVNetworkAdapter@OpenHome@@I@Z 00407810 f i libohNetCore:OhNet.obj
 0001:000068b0       ?_Tidy@?$vector@PAVNetworkAdapter@OpenHome@@V?$allocator@PAVNetworkAdapter@OpenHome@@@std@@@std@@IAEXXZ 004078b0 f i libohNetCore:OhNet.obj
 0001:00006940       ?_Orphan_all@_Container_base12@std@@QAEXXZ 00407940 f i libohNetCore:OhNet.obj
 0001:000069f0       ??1?$_Vector_val@PAVNetworkAdapter@OpenHome@@V?$allocator@PAVNetworkAdapter@OpenHome@@@std@@@std@@QAE@XZ 004079f0 f i libohNetCore:OhNet.obj
 0001:00006ad0       ??1_Container_base12@std@@QAE@XZ 00407ad0 f i libohNetCore:OhNet.obj
 0001:00006b00       ?_Destroy@?$vector@PAVNetworkAdapter@OpenHome@@V?$allocator@PAVNetworkAdapter@OpenHome@@@std@@@std@@IAEXPAPAVNetworkAdapter@OpenHome@@0@Z 00407b00 f i libohNetCore:OhNet.obj
 0001:00006b40       ?deallocate@?$allocator@PAVNetworkAdapter@OpenHome@@@std@@QAEXPAPAVNetworkAdapter@OpenHome@@I@Z 00407b40 f i libohNetCore:OhNet.obj
 0001:00006b70       ?deallocate@?$allocator@U_Container_proxy@std@@@std@@QAEXPAU_Container_proxy@2@I@Z 00407b70 f i libohNetCore:OhNet.obj
 0001:00006ba0       ??$MakeFunctorMsg@VDefaultLogger@Net@OpenHome@@V123@@OpenHome@@YG?AV?$MemberTranslatorMsg@VDefaultLogger@Net@OpenHome@@P8123@AEXPBD@Z@0@AAVDefaultLogger@Net@0@ABQ8230@AEXPBD@Z@Z 00407ba0 f i libohNetCore:OhNet.obj
 0001:00006bd0       ??$MakeFunctorAsync@VDefaultAsyncHandler@Net@OpenHome@@V123@@Net@OpenHome@@YG?AV?$MemberTranslatorAsync@VDefaultAsyncHandler@Net@OpenHome@@P8123@AEXAAVIAsync@23@@Z@01@AAVDefaultAsyncHandler@01@ABQ8301@AEXAAVIAsync@01@@Z@Z 00407bd0 f i libohNetCore:OhNet.obj
 0001:00006c00       ??$MakeFunctorMsg@VInitialisationParams@Net@OpenHome@@V123@@OpenHome@@YG?AV?$MemberTranslatorMsg@VInitialisationParams@Net@OpenHome@@P8123@AEXPBD@Z@0@AAVInitialisationParams@Net@0@ABQ8230@AEXPBD@Z@Z 00407c00 f i libohNetCore:OhNet.obj
 0001:00006c30       ??$?0PAVNetworkAdapter@OpenHome@@@?$allocator@U_Container_proxy@std@@@std@@QAE@ABV?$allocator@PAVNetworkAdapter@OpenHome@@@1@@Z 00407c30 f i libohNetCore:OhNet.obj
 0001:00006c50       ??$_Dest_val@V?$allocator@U_Container_proxy@std@@@std@@U_Container_proxy@2@@std@@YGXAAV?$allocator@U_Container_proxy@std@@@0@PAU_Container_proxy@0@@Z 00407c50 f i libohNetCore:OhNet.obj
 0001:00006c70       ??$_Destroy_range@V?$allocator@PAVNetworkAdapter@OpenHome@@@std@@@std@@YGXPAPAVNetworkAdapter@OpenHome@@0AAV?$allocator@PAVNetworkAdapter@OpenHome@@@0@@Z 00407c70 f i libohNetCore:OhNet.obj
 0001:00006cc0       ??0?$MemberTranslatorMsg@VDefaultLogger@Net@OpenHome@@P8123@AEXPBD@Z@OpenHome@@QAE@AAVDefaultLogger@Net@1@ABQ8231@AEXPBD@Z@Z 00407cc0 f i libohNetCore:OhNet.obj
 0001:00006d00       ??0?$MemberTranslatorAsync@VDefaultAsyncHandler@Net@OpenHome@@P8123@AEXAAVIAsync@23@@Z@Net@OpenHome@@QAE@AAVDefaultAsyncHandler@12@ABQ8312@AEXAAVIAsync@12@@Z@Z 00407d00 f i libohNetCore:OhNet.obj
 0001:00006d40       ??0FunctorAsync@Net@OpenHome@@IAE@P6GXABV012@AAVIAsync@12@@ZPBX3I@Z 00407d40 f i libohNetCore:OhNet.obj
 0001:00006d90       ??0?$MemberTranslatorMsg@VInitialisationParams@Net@OpenHome@@P8123@AEXPBD@Z@OpenHome@@QAE@AAVInitialisationParams@Net@1@ABQ8231@AEXPBD@Z@Z 00407d90 f i libohNetCore:OhNet.obj
 0001:00006dd0       ?destroy@?$allocator@U_Container_proxy@std@@@std@@QAEXPAU_Container_proxy@2@@Z 00407dd0 f i libohNetCore:OhNet.obj
 0001:00006e00       ?Thunk@?$MemberTranslatorMsg@VDefaultLogger@Net@OpenHome@@P8123@AEXPBD@Z@OpenHome@@SGXABVFunctorMsg@2@PBD@Z 00407e00 f i libohNetCore:OhNet.obj
 0001:00006e50       ?Thunk@?$MemberTranslatorAsync@VDefaultAsyncHandler@Net@OpenHome@@P8123@AEXAAVIAsync@23@@Z@Net@OpenHome@@SGXABVFunctorAsync@23@AAVIAsync@23@@Z 00407e50 f i libohNetCore:OhNet.obj
 0001:00006ea0       ?Thunk@?$MemberTranslatorMsg@VInitialisationParams@Net@OpenHome@@P8123@AEXPBD@Z@OpenHome@@SGXABVFunctorMsg@2@PBD@Z 00407ea0 f i libohNetCore:OhNet.obj
 0001:00006ef0       ??$_Ptr_cat@PAVNetworkAdapter@OpenHome@@PAV12@@std@@YG?AU_Scalar_ptr_iterator_tag@0@PAPAVNetworkAdapter@OpenHome@@0@Z 00407ef0 f i libohNetCore:OhNet.obj
 0001:00006f50       ??$_Destroy_range@V?$allocator@PAVNetworkAdapter@OpenHome@@@std@@@std@@YGXPAPAVNetworkAdapter@OpenHome@@0AAV?$allocator@PAVNetworkAdapter@OpenHome@@@0@U_Scalar_ptr_iterator_tag@0@@Z 00407f50 f i libohNetCore:OhNet.obj
 0001:00006f60       ??$_Destroy@U_Container_proxy@std@@@std@@YGXPAU_Container_proxy@0@@Z 00407f60 f i libohNetCore:OhNet.obj
 0001:00006f70       _OsCreate@0                00407f70 f   libohNetCore:Os.obj
 0001:00007140       _OsDestroy@0               00408140 f   libohNetCore:Os.obj
 0001:00007250       _OsQuit@0                  00408250 f   libohNetCore:Os.obj
 0001:00007270       _OsTimeInUs@0              00408270 f   libohNetCore:Os.obj
 0001:00007350       _OsConsoleWrite@4          00408350 f   libohNetCore:Os.obj
 0001:00007390       _OsGetPlatformNameAndVersion@12 00408390 f   libohNetCore:Os.obj
 0001:00007460       _OsSemaphoreCreate@8       00408460 f   libohNetCore:Os.obj
 0001:000074a0       _OsSemaphoreDestroy@4      004084a0 f   libohNetCore:Os.obj
 0001:000074d0       _OsSemaphoreWait@4         004084d0 f   libohNetCore:Os.obj
 0001:00007510       _OsSemaphoreTimedWait@8    00408510 f   libohNetCore:Os.obj
 0001:00007570       _OsSemaphoreClear@4        00408570 f   libohNetCore:Os.obj
 0001:000075c0       _OsSemaphoreSignal@4       004085c0 f   libohNetCore:Os.obj
 0001:00007610       _OsMutexCreate@4           00408610 f   libohNetCore:Os.obj
 0001:00007670       _OsMutexDestroy@4          00408670 f   libohNetCore:Os.obj
 0001:000076c0       _OsMutexLock@4             004086c0 f   libohNetCore:Os.obj
 0001:00007730       _OsMutexUnlock@4           00408730 f   libohNetCore:Os.obj
 0001:00007790       _threadEntrypoint@4        00408790 f   libohNetCore:Os.obj
 0001:00007890       _OsThreadCreate@20         00408890 f   libohNetCore:Os.obj
 0001:00007970       _OsThreadTls@0             00408970 f   libohNetCore:Os.obj
 0001:000079a0       _OsThreadDestroy@4         004089a0 f   libohNetCore:Os.obj
 0001:000079c0       _OsThreadSupportsPriorities@0 004089c0 f   libohNetCore:Os.obj
 0001:000079d0       _OsNetworkCreate@4         004089d0 f   libohNetCore:Os.obj
 0001:00007ad0       _OsNetworkBind@12          00408ad0 f   libohNetCore:Os.obj
 0001:00007bd0       _OsNetworkPort@8           00408bd0 f   libohNetCore:Os.obj
 0001:00007ca0       _OsNetworkConnect@16       00408ca0 f   libohNetCore:Os.obj
 0001:00007f30       _OsNetworkSend@12          00408f30 f   libohNetCore:Os.obj
 0001:00007fd0       _OsNetworkSendTo@20        00408fd0 f   libohNetCore:Os.obj
 0001:000080c0       _OsNetworkReceive@12       004090c0 f   libohNetCore:Os.obj
 0001:00008250       _OsNetworkReceiveFrom@20   00409250 f   libohNetCore:Os.obj
 0001:00008450       _OsNetworkInterrupt@8      00409450 f   libohNetCore:Os.obj
 0001:000084e0       _OsNetworkClose@4          004094e0 f   libohNetCore:Os.obj
 0001:00008550       _OsNetworkListen@8         00409550 f   libohNetCore:Os.obj
 0001:000085b0       _OsNetworkAccept@4         004095b0 f   libohNetCore:Os.obj
 0001:00008750       _OsNetworkGetHostByName@8  00409750 f   libohNetCore:Os.obj
 0001:000087c0       _OsNetworkSocketSetSendBufBytes@8 004097c0 f   libohNetCore:Os.obj
 0001:00008820       _OsNetworkSocketSetRecvBufBytes@8 00409820 f   libohNetCore:Os.obj
 0001:00008880       _OsNetworkSocketSetReceiveTimeout@8 00409880 f   libohNetCore:Os.obj
 0001:00008930       _OsNetworkTcpSetNoDelay@4  00409930 f   libohNetCore:Os.obj
 0001:000089c0       _OsNetworkSocketSetReuseAddress@4 004099c0 f   libohNetCore:Os.obj
 0001:00008a60       _OsNetworkSocketSetMulticastTtl@8 00409a60 f   libohNetCore:Os.obj
 0001:00008ac0       _OsNetworkSocketMulticastAddMembership@12 00409ac0 f   libohNetCore:Os.obj
 0001:00008ba0       _OsNetworkSocketMulticastDropMembership@12 00409ba0 f   libohNetCore:Os.obj
 0001:00008c40       _OsNetworkListAdapters@8   00409c40 f   libohNetCore:Os.obj
 0001:00009060       _OsNetworkFreeInterfaces@4 0040a060 f   libohNetCore:Os.obj
 0001:000090b0       _interfaceChangeThread@4   0040a0b0 f   libohNetCore:Os.obj
 0001:00009210       _OsNetworkSetInterfaceChangedObserver@8 0040a210 f   libohNetCore:Os.obj
 0001:00009330       _OsNetworkSetTestInterfaceIndex@4 0040a330 f   libohNetCore:Os.obj
 0001:00009370       ?hexChar@@YGDE@Z           0040a370 f   libohNetCore:Printer.obj
 0001:000093b0       ?RegisterOutput@Log@OpenHome@@SGXAAVFunctorMsg@2@@Z 0040a3b0 f   libohNetCore:Printer.obj
 0001:000093e0       ?Print@Log@OpenHome@@SGHABVBrx@2@@Z 0040a3e0 f   libohNetCore:Printer.obj
 0001:00009400       ?PrintHex@Log@OpenHome@@SGHABVBrx@2@@Z 0040a400 f   libohNetCore:Printer.obj
 0001:00009420       ?Print@Log@OpenHome@@SAHPBDZZ 0040a420 f   libohNetCore:Printer.obj
 0001:00009470       ?Print@Log@OpenHome@@SGHPBDPAD@Z 0040a470 f   libohNetCore:Printer.obj
 0001:00009490       ?PrintHex@Log@OpenHome@@SGHAAVFunctorMsg@2@ABVBrx@2@@Z 0040a490 f   libohNetCore:Printer.obj
 0001:000097f0       ?Print@Log@OpenHome@@SGHAAVFunctorMsg@2@ABVBrx@2@@Z 0040a7f0 f   libohNetCore:Printer.obj
 0001:00009980       ?Print@Log@OpenHome@@SGHAAVFunctorMsg@2@PBDPAD@Z 0040a980 f   libohNetCore:Printer.obj
 0001:00009ad0       ?DoPrint@Log@OpenHome@@CGHAAVFunctorMsg@2@PBE@Z 0040aad0 f   libohNetCore:Printer.obj
 0001:00009b10       ??ABrx@OpenHome@@QBEABEI@Z 0040ab10 f i libohNetCore:Printer.obj
 0001:00009b40       ??ABwx@OpenHome@@QAEAAEI@Z 0040ab40 f i libohNetCore:Printer.obj
 0001:00009b70       ??1?$Bws@$0EAB@@OpenHome@@UAE@XZ 0040ab70 f i libohNetCore:Printer.obj
 0001:00009ba0       ??1Bwn@OpenHome@@UAE@XZ    0040aba0 f i libohNetCore:Printer.obj
 0001:00009bd0       ??0?$Bws@$0EAB@@OpenHome@@QAE@I@Z 0040abd0 f i libohNetCore:Printer.obj
 0001:00009c10       ?Ptr@?$Bws@$0EAB@@OpenHome@@UBEPBEXZ 0040ac10 f i libohNetCore:Printer.obj
 0001:00009c30       ??_G?$Bws@$0EAB@@OpenHome@@UAEPAXI@Z 0040ac30 f i libohNetCore:Printer.obj
 0001:00009c30       ??_E?$Bws@$0EAB@@OpenHome@@UAEPAXI@Z 0040ac30 f i libohNetCore:Printer.obj
 0001:00009c70       ??0QueueBase@OpenHome@@IAE@XZ 0040ac70 f   libohNetCore:Queue.obj
 0001:00009cb0       ?Count@QueueBase@OpenHome@@QBEIXZ 0040acb0 f   libohNetCore:Queue.obj
 0001:00009cd0       ?DoAdd@QueueBase@OpenHome@@IAEXPAVQueueEntryBase@2@@Z 0040acd0 f   libohNetCore:Queue.obj
 0001:00009d30       ?DoMoveAllTo@QueueBase@OpenHome@@IAEXAAV12@@Z 0040ad30 f   libohNetCore:Queue.obj
 0001:00009df0       ?DoMoveHeadTo@QueueBase@OpenHome@@IAEAAVQueueEntryBase@2@AAV12@@Z 0040adf0 f   libohNetCore:Queue.obj
 0001:00009ef0       ?DoMoveTo@QueueEntryBase@OpenHome@@QAEXAAVQueueBase@2@@Z 0040aef0 f   libohNetCore:Queue.obj
 0001:00009fb0       ??1QueueBase@OpenHome@@IAE@XZ 0040afb0 f   libohNetCore:Queue.obj
 0001:0000a010       ??0QueueSortedEntry@OpenHome@@IAE@XZ 0040b010 f   libohNetCore:Queue.obj
 0001:0000a050       ?Next@QueueSortedEntry@OpenHome@@IAEAAV12@XZ 0040b050 f   libohNetCore:Queue.obj
 0001:0000a090       ?Prev@QueueSortedEntry@OpenHome@@IAEAAV12@XZ 0040b090 f   libohNetCore:Queue.obj
 0001:0000a0d0       ?AddBefore@QueueSortedEntry@OpenHome@@IAEXAAV12@@Z 0040b0d0 f   libohNetCore:Queue.obj
 0001:0000a140       ?Remove@QueueSortedEntry@OpenHome@@IAEXXZ 0040b140 f   libohNetCore:Queue.obj
 0001:0000a1b0       ??0QueueSortedEntryHead@OpenHome@@IAE@AAVQueueSortedEntry@1@@Z 0040b1b0 f   libohNetCore:Queue.obj
 0001:0000a1f0       ??0QueueSortedEntryTail@OpenHome@@IAE@AAVQueueSortedEntry@1@@Z 0040b1f0 f   libohNetCore:Queue.obj
 0001:0000a230       ??0QueueSortedBase@OpenHome@@IAE@XZ 0040b230 f   libohNetCore:Queue.obj
 0001:0000a2d0       ?IsEmpty@QueueSortedBase@OpenHome@@QAE_NXZ 0040b2d0 f   libohNetCore:Queue.obj
 0001:0000a300       ?IsTail@QueueSortedBase@OpenHome@@IBE_NAAVQueueSortedEntry@2@@Z 0040b300 f   libohNetCore:Queue.obj
 0001:0000a330       ?DoAdd@QueueSortedBase@OpenHome@@IAEXAAVQueueSortedEntry@2@@Z 0040b330 f   libohNetCore:Queue.obj
 0001:0000a440       ?DoRemove@QueueSortedBase@OpenHome@@IAEXAAVQueueSortedEntry@2@@Z 0040b440 f   libohNetCore:Queue.obj
 0001:0000a4e0       ?DoRemoveHead@QueueSortedBase@OpenHome@@IAEAAVQueueSortedEntry@2@XZ 0040b4e0 f   libohNetCore:Queue.obj
 0001:0000a590       ?HeadChanged@QueueSortedBase@OpenHome@@EAEXAAVQueueSortedEntry@2@@Z 0040b590 f   libohNetCore:Queue.obj
 0001:0000a5b0       ??1QueueSortedBase@OpenHome@@UAE@XZ 0040b5b0 f   libohNetCore:Queue.obj
 0001:0000a5e0       ??0?$QueueEntry@VQueueBase@OpenHome@@@OpenHome@@QAE@XZ 0040b5e0 f i libohNetCore:Queue.obj
 0001:0000a610       ??0QueueEntryBase@OpenHome@@QAE@XZ 0040b610 f i libohNetCore:Queue.obj
 0001:0000a640       ??0QueueEmpty@OpenHome@@QAE@PBDI@Z 0040b640 f i libohNetCore:Queue.obj
 0001:0000a680       ??1QueueEmpty@OpenHome@@QAE@XZ 0040b680 f i libohNetCore:Queue.obj
 0001:0000a6b0       ??_GQueueSortedBase@OpenHome@@UAEPAXI@Z 0040b6b0 f i libohNetCore:Queue.obj
 0001:0000a6b0       ??_EQueueSortedBase@OpenHome@@UAEPAXI@Z 0040b6b0 f i libohNetCore:Queue.obj
 0001:0000a6f0       ?Level@Debug@OpenHome@@SGIXZ 0040b6f0 f   libohNetCore:Debug.obj
 0001:0000a700       ?SetLevel@Debug@OpenHome@@SGXI@Z 0040b700 f   libohNetCore:Debug.obj
 0001:0000a710       ?TestLevel@Debug@OpenHome@@SG_NI@Z 0040b710 f   libohNetCore:Debug.obj
 0001:0000a730       ?BreakBeforeThrow@Debug@OpenHome@@SG_NXZ 0040b730 f   libohNetCore:Debug.obj
 0001:0000a740       ?SetBreakBeforeThrow@Debug@OpenHome@@SGX_N@Z 0040b740 f   libohNetCore:Debug.obj
 0001:0000a750       ??0AutoLog@@QAE@IPBD@Z     0040b750 f   libohNetCore:Debug.obj
 0001:0000a7b0       ??1AutoLog@@QAE@XZ         0040b7b0 f   libohNetCore:Debug.obj
 0001:0000a800       ??0Stack@Net@OpenHome@@QAE@XZ 0040b800 f   libohNetCore:Stack.obj
 0001:0000a900       ??0Stack@Net@OpenHome@@QAE@PAVInitialisationParams@12@@Z 0040b900 f   libohNetCore:Stack.obj
 0001:0000ab20       ?Destroy@Stack@Net@OpenHome@@SGXXZ 0040bb20 f   libohNetCore:Stack.obj
 0001:0000ab80       ??1Stack@Net@OpenHome@@AAE@XZ 0040bb80 f   libohNetCore:Stack.obj
 0001:0000ad90       ?IsInitialised@Stack@Net@OpenHome@@SG_NXZ 0040bd90 f   libohNetCore:Stack.obj
 0001:0000adb0       ?GetVersion@Stack@Net@OpenHome@@SGXAAI0@Z 0040bdb0 f   libohNetCore:Stack.obj
 0001:0000add0       ?TimerManager@Stack@Net@OpenHome@@SGAAV03@XZ 0040bdd0 f   libohNetCore:Stack.obj
 0001:0000ade0       ?Mutex@Stack@Net@OpenHome@@SGAAV03@XZ 0040bde0 f   libohNetCore:Stack.obj
 0001:0000adf0       ?NetworkAdapterList@Stack@Net@OpenHome@@SGAAV03@XZ 0040bdf0 f   libohNetCore:Stack.obj
 0001:0000ae00       ?MulticastListenerClaim@Stack@Net@OpenHome@@SGAAVSsdpListenerMulticast@23@I@Z 0040be00 f   libohNetCore:Stack.obj
 0001:0000afb0       ?MulticastListenerRelease@Stack@Net@OpenHome@@SGXI@Z 0040bfb0 f   libohNetCore:Stack.obj
 0001:0000b150       ?SequenceNumber@Stack@Net@OpenHome@@SGIXZ 0040c150 f   libohNetCore:Stack.obj
 0001:0000b1b0       ?InitParams@Stack@Net@OpenHome@@SGAAVInitialisationParams@23@XZ 0040c1b0 f   libohNetCore:Stack.obj
 0001:0000b1c0       ?AddObject@Stack@Net@OpenHome@@SGXPAXPBD@Z 0040c1c0 f   libohNetCore:Stack.obj
 0001:0000b1f0       ?RemoveObject@Stack@Net@OpenHome@@SGXPAXPBD@Z 0040c1f0 f   libohNetCore:Stack.obj
 0001:0000b220       ?ListObjects@Stack@Net@OpenHome@@SGXXZ 0040c220 f   libohNetCore:Stack.obj
 0001:0000b240       ?DoAddObject@Stack@Net@OpenHome@@AAEXPAXPBD@Z 0040c240 f   libohNetCore:Stack.obj
 0001:0000b4a0       ?DoRemoveObject@Stack@Net@OpenHome@@AAEXPAXPBD@Z 0040c4a0 f   libohNetCore:Stack.obj
 0001:0000b740       ?DoListObjects@Stack@Net@OpenHome@@AAEXXZ 0040c740 f   libohNetCore:Stack.obj
 0001:0000b950       ?SetCpiStack@Stack@Net@OpenHome@@CGXPAVIStack@23@@Z 0040c950 f   libohNetCore:Stack.obj
 0001:0000b970       ?SetDviStack@Stack@Net@OpenHome@@CGXPAVIStack@23@@Z 0040c970 f   libohNetCore:Stack.obj
 0001:0000b990       ?CpiStack@Stack@Net@OpenHome@@CGPAVIStack@23@XZ 0040c990 f   libohNetCore:Stack.obj
 0001:0000b9a0       ?DviStack@Stack@Net@OpenHome@@CGPAVIStack@23@XZ 0040c9a0 f   libohNetCore:Stack.obj
 0001:0000b9b0       ??0MListener@Stack@Net@OpenHome@@QAE@I@Z 0040c9b0 f   libohNetCore:Stack.obj
 0001:0000b9f0       ?Listener@MListener@Stack@Net@OpenHome@@QAEAAVSsdpListenerMulticast@34@XZ 0040c9f0 f   libohNetCore:Stack.obj
 0001:0000ba10       ?Interface@MListener@Stack@Net@OpenHome@@QBEIXZ 0040ca10 f   libohNetCore:Stack.obj
 0001:0000ba40       ?AddRef@MListener@Stack@Net@OpenHome@@QAEXXZ 0040ca40 f   libohNetCore:Stack.obj
 0001:0000ba70       ?RemoveRef@MListener@Stack@Net@OpenHome@@QAE_NXZ 0040ca70 f   libohNetCore:Stack.obj
 0001:0000bab0       ??0ObjectType@Stack@Net@OpenHome@@QAE@PBD@Z 0040cab0 f   libohNetCore:Stack.obj
 0001:0000bb20       ??1ObjectType@Stack@Net@OpenHome@@QAE@XZ 0040cb20 f   libohNetCore:Stack.obj
 0001:0000bbb0       ??1?$map@VBrn@OpenHome@@PAVObjectType@Stack@Net@2@VBufferCmp@2@V?$allocator@U?$pair@$$CBVBrn@OpenHome@@PAVObjectType@Stack@Net@2@@std@@@std@@@std@@QAE@XZ 0040cbb0 f i libohNetCore:Stack.obj
 0001:0000bbe0       ??BFunctor@OpenHome@@QBE_NXZ 0040cbe0 f i libohNetCore:Stack.obj
 0001:0000bc20       ??_GStack@Net@OpenHome@@AAEPAXI@Z 0040cc20 f i libohNetCore:Stack.obj
 0001:0000bc60       ??_GNetworkAdapterList@OpenHome@@QAEPAXI@Z 0040cc60 f i libohNetCore:Stack.obj
 0001:0000bca0       ??_GInitialisationParams@Net@OpenHome@@QAEPAXI@Z 0040cca0 f i libohNetCore:Stack.obj
 0001:0000bce0       ??_GMListener@Stack@Net@OpenHome@@QAEPAXI@Z 0040cce0 f i libohNetCore:Stack.obj
 0001:0000bd20       ??1?$_Vector_iterator@V?$_Vector_val@PAVMListener@Stack@Net@OpenHome@@V?$allocator@PAVMListener@Stack@Net@OpenHome@@@std@@@std@@@std@@QAE@XZ 0040cd20 f i libohNetCore:Stack.obj
 0001:0000bd50       ??0?$_Vector_const_iterator@V?$_Vector_val@PAVMListener@Stack@Net@OpenHome@@V?$allocator@PAVMListener@Stack@Net@OpenHome@@@std@@@std@@@std@@QAE@ABV01@@Z 0040cd50 f i libohNetCore:Stack.obj
 0001:0000bd90       ??1?$_Vector_const_iterator@V?$_Vector_val@PAVMListener@Stack@Net@OpenHome@@V?$allocator@PAVMListener@Stack@Net@OpenHome@@@std@@@std@@@std@@QAE@XZ 0040cd90 f i libohNetCore:Stack.obj
 0001:0000bdc0       ??1MListener@Stack@Net@OpenHome@@QAE@XZ 0040cdc0 f i libohNetCore:Stack.obj
 0001:0000bdf0       ??0?$_Iterator012@Urandom_access_iterator_tag@std@@PAVMListener@Stack@Net@OpenHome@@HPBQAV3456@ABQAV3456@U_Iterator_base12@2@@std@@QAE@ABU01@@Z 0040cdf0 f i libohNetCore:Stack.obj
 0001:0000be20       ??0_Iterator_base12@std@@QAE@ABU01@@Z 0040ce20 f i libohNetCore:Stack.obj
 0001:0000be60       ??4_Iterator_base12@std@@QAEAAU01@ABU01@@Z 0040ce60 f i libohNetCore:Stack.obj
 0001:0000bea0       ?_Adopt@_Iterator_base12@std@@QAEXPBU_Container_base12@2@@Z 0040cea0 f i libohNetCore:Stack.obj
 0001:0000bf90       ?_Orphan_me@_Iterator_base12@std@@QAEXXZ 0040cf90 f i libohNetCore:Stack.obj
 0001:0000c020       ??1?$_Iterator012@Urandom_access_iterator_tag@std@@PAVMListener@Stack@Net@OpenHome@@HPBQAV3456@ABQAV3456@U_Iterator_base12@2@@std@@QAE@XZ 0040d020 f i libohNetCore:Stack.obj
 0001:0000c050       ??1_Iterator_base12@std@@QAE@XZ 0040d050 f i libohNetCore:Stack.obj
 0001:0000c100       ??1Brn@OpenHome@@UAE@XZ    0040d100 f i libohNetCore:Stack.obj
 0001:0000c130       ?Set@Brn@OpenHome@@QAEXABVBrx@2@@Z 0040d130 f i libohNetCore:Stack.obj
 0001:0000c180       ?Name@ObjectType@Stack@Net@OpenHome@@QAEABVBrx@4@XZ 0040d180 f i libohNetCore:Stack.obj
 0001:0000c1a0       ?Map@ObjectType@Stack@Net@OpenHome@@QAEAAV?$map@PAXPAXU?$less@PAX@std@@V?$allocator@U?$pair@QAXPAX@std@@@2@@std@@XZ 0040d1a0 f i libohNetCore:Stack.obj
 0001:0000c1c0       ??1?$_Tree_iterator@V?$_Tree_val@V?$_Tmap_traits@VBrn@OpenHome@@PAVObjectType@Stack@Net@2@VBufferCmp@2@V?$allocator@U?$pair@$$CBVBrn@OpenHome@@PAVObjectType@Stack@Net@2@@std@@@std@@$0A@@std@@@std@@@std@@QAE@XZ 0040d1c0 f i libohNetCore:Stack.obj
 0001:0000c1f0       ??1?$pair@VBrn@OpenHome@@PAVObjectType@Stack@Net@2@@std@@QAE@XZ 0040d1f0 f i libohNetCore:Stack.obj
 0001:0000c220       ??1?$pair@V?$_Tree_iterator@V?$_Tree_val@V?$_Tmap_traits@VBrn@OpenHome@@PAVObjectType@Stack@Net@2@VBufferCmp@2@V?$allocator@U?$pair@$$CBVBrn@OpenHome@@PAVObjectType@Stack@Net@2@@std@@@std@@$0A@@std@@@std@@@std@@_N@std@@QAE@XZ 0040d220 f i libohNetCore:Stack.obj
 0001:0000c250       ??1?$pair@V?$_Tree_iterator@V?$_Tree_val@V?$_Tmap_traits@PAXPAXU?$less@PAX@std@@V?$allocator@U?$pair@QAXPAX@std@@@2@$0A@@std@@@std@@@std@@_N@std@@QAE@XZ 0040d250 f i libohNetCore:Stack.obj
 0001:0000c280       ??1?$_Tree_const_iterator@V?$_Tree_val@V?$_Tmap_traits@VBrn@OpenHome@@PAVObjectType@Stack@Net@2@VBufferCmp@2@V?$allocator@U?$pair@$$CBVBrn@OpenHome@@PAVObjectType@Stack@Net@2@@std@@@std@@$0A@@std@@@std@@@std@@QAE@XZ 0040d280 f i libohNetCore:Stack.obj
 0001:0000c2b0       ??1?$_Pair_base@VBrn@OpenHome@@PAVObjectType@Stack@Net@2@@std@@QAE@XZ 0040d2b0 f i libohNetCore:Stack.obj
 0001:0000c2e0       ??1?$_Pair_base@V?$_Tree_iterator@V?$_Tree_val@V?$_Tmap_traits@VBrn@OpenHome@@PAVObjectType@Stack@Net@2@VBufferCmp@2@V?$allocator@U?$pair@$$CBVBrn@OpenHome@@PAVObjectType@Stack@Net@2@@std@@@std@@$0A@@std@@@std@@@std@@_N@std@@QAE@XZ 0040d2e0 f i libohNetCore:Stack.obj
 0001:0000c310       ??1?$_Pair_base@V?$_Tree_iterator@V?$_Tree_val@V?$_Tmap_traits@PAXPAXU?$less@PAX@std@@V?$allocator@U?$pair@QAXPAX@std@@@2@$0A@@std@@@std@@@std@@_N@std@@QAE@XZ 0040d310 f i libohNetCore:Stack.obj
 0001:0000c340       ??1?$_Tree_unchecked_const_iterator@V?$_Tree_val@V?$_Tmap_traits@VBrn@OpenHome@@PAVObjectType@Stack@Net@2@VBufferCmp@2@V?$allocator@U?$pair@$$CBVBrn@OpenHome@@PAVObjectType@Stack@Net@2@@std@@@std@@$0A@@std@@@std@@U_Iterator_base12@2@@std@@QAE@XZ 0040d340 f i libohNetCore:Stack.obj
 0001:0000c370       ??1?$_Tree_iterator@V?$_Tree_val@V?$_Tmap_traits@PAXPAXU?$less@PAX@std@@V?$allocator@U?$pair@QAXPAX@std@@@2@$0A@@std@@@std@@@std@@QAE@XZ 0040d370 f i libohNetCore:Stack.obj
 0001:0000c3a0       ??1?$_Iterator012@Ubidirectional_iterator_tag@std@@U?$pair@$$CBVBrn@OpenHome@@PAVObjectType@Stack@Net@2@@2@HPBU32@ABU32@U_Iterator_base12@2@@std@@QAE@XZ 0040d3a0 f i libohNetCore:Stack.obj
 0001:0000c3d0       ??1?$_Tree_const_iterator@V?$_Tree_val@V?$_Tmap_traits@PAXPAXU?$less@PAX@std@@V?$allocator@U?$pair@QAXPAX@std@@@2@$0A@@std@@@std@@@std@@QAE@XZ 0040d3d0 f i libohNetCore:Stack.obj
 0001:0000c400       ??1?$_Tree_unchecked_const_iterator@V?$_Tree_val@V?$_Tmap_traits@PAXPAXU?$less@PAX@std@@V?$allocator@U?$pair@QAXPAX@std@@@2@$0A@@std@@@std@@U_Iterator_base12@2@@std@@QAE@XZ 0040d400 f i libohNetCore:Stack.obj
 0001:0000c430       ??1?$_Iterator012@Ubidirectional_iterator_tag@std@@U?$pair@QAXPAX@2@HPBU32@ABU32@U_Iterator_base12@2@@std@@QAE@XZ 0040d430 f i libohNetCore:Stack.obj
 0001:0000c460       ??0?$_Tree_const_iterator@V?$_Tree_val@V?$_Tmap_traits@PAXPAXU?$less@PAX@std@@V?$allocator@U?$pair@QAXPAX@std@@@2@$0A@@std@@@std@@@std@@QAE@ABV01@@Z 0040d460 f i libohNetCore:Stack.obj
 0001:0000c490       ??_GObjectType@Stack@Net@OpenHome@@QAEPAXI@Z 0040d490 f i libohNetCore:Stack.obj
 0001:0000c4d0       ??0?$_Tree_const_iterator@V?$_Tree_val@V?$_Tmap_traits@VBrn@OpenHome@@PAVObjectType@Stack@Net@2@VBufferCmp@2@V?$allocator@U?$pair@$$CBVBrn@OpenHome@@PAVObjectType@Stack@Net@2@@std@@@std@@$0A@@std@@@std@@@std@@QAE@ABV01@@Z 0040d4d0 f i libohNetCore:Stack.obj
 0001:0000c500       ??0?$_Tree_unchecked_const_iterator@V?$_Tree_val@V?$_Tmap_traits@PAXPAXU?$less@PAX@std@@V?$allocator@U?$pair@QAXPAX@std@@@2@$0A@@std@@@std@@U_Iterator_base12@2@@std@@QAE@ABV01@@Z 0040d500 f i libohNetCore:Stack.obj
 0001:0000c540       ??0?$_Tree_unchecked_const_iterator@V?$_Tree_val@V?$_Tmap_traits@VBrn@OpenHome@@PAVObjectType@Stack@Net@2@VBufferCmp@2@V?$allocator@U?$pair@$$CBVBrn@OpenHome@@PAVObjectType@Stack@Net@2@@std@@@std@@$0A@@std@@@std@@U_Iterator_base12@2@@std@@QAE@ABV01@@Z 0040d540 f i libohNetCore:Stack.obj
 0001:0000c580       ??0?$_Iterator012@Ubidirectional_iterator_tag@std@@U?$pair@QAXPAX@2@HPBU32@ABU32@U_Iterator_base12@2@@std@@QAE@ABU01@@Z 0040d580 f i libohNetCore:Stack.obj
 0001:0000c5b0       ??0?$_Iterator012@Ubidirectional_iterator_tag@std@@U?$pair@$$CBVBrn@OpenHome@@PAVObjectType@Stack@Net@2@@2@HPBU32@ABU32@U_Iterator_base12@2@@std@@QAE@ABU01@@Z 0040d5b0 f i libohNetCore:Stack.obj
 0001:0000c5e0       ??1Brh@OpenHome@@UAE@XZ    0040d5e0 f i libohNetCore:Stack.obj
 0001:0000c610       ??1?$map@PAXPAXU?$less@PAX@std@@V?$allocator@U?$pair@QAXPAX@std@@@2@@std@@QAE@XZ 0040d610 f i libohNetCore:Stack.obj
 0001:0000c640       ??0?$map@PAXPAXU?$less@PAX@std@@V?$allocator@U?$pair@QAXPAX@std@@@2@@std@@QAE@XZ 0040d640 f i libohNetCore:Stack.obj
 0001:0000c680       ??1?$_Tree@V?$_Tmap_traits@PAXPAXU?$less@PAX@std@@V?$allocator@U?$pair@QAXPAX@std@@@2@$0A@@std@@@std@@QAE@XZ 0040d680 f i libohNetCore:Stack.obj
 0001:0000c6f0       ?begin@?$_Tree@V?$_Tmap_traits@PAXPAXU?$less@PAX@std@@V?$allocator@U?$pair@QAXPAX@std@@@2@$0A@@std@@@std@@QAE?AV?$_Tree_iterator@V?$_Tree_val@V?$_Tmap_traits@PAXPAXU?$less@PAX@std@@V?$allocator@U?$pair@QAXPAX@std@@@2@$0A@@std@@@std@@@2@XZ 0040d6f0 f i libohNetCore:Stack.obj
 0001:0000c750       ?end@?$_Tree@V?$_Tmap_traits@PAXPAXU?$less@PAX@std@@V?$allocator@U?$pair@QAXPAX@std@@@2@$0A@@std@@@std@@QAE?AV?$_Tree_iterator@V?$_Tree_val@V?$_Tmap_traits@PAXPAXU?$less@PAX@std@@V?$allocator@U?$pair@QAXPAX@std@@@2@$0A@@std@@@std@@@2@XZ 0040d750 f i libohNetCore:Stack.obj
 0001:0000c7a0       ?size@?$_Tree@V?$_Tmap_traits@PAXPAXU?$less@PAX@std@@V?$allocator@U?$pair@QAXPAX@std@@@2@$0A@@std@@@std@@QBEIXZ 0040d7a0 f i libohNetCore:Stack.obj
 0001:0000c7c0       ?erase@?$_Tree@V?$_Tmap_traits@PAXPAXU?$less@PAX@std@@V?$allocator@U?$pair@QAXPAX@std@@@2@$0A@@std@@@std@@QAE?AV?$_Tree_iterator@V?$_Tree_val@V?$_Tmap_traits@PAXPAXU?$less@PAX@std@@V?$allocator@U?$pair@QAXPAX@std@@@2@$0A@@std@@@std@@@2@V?$_Tree_const_iterator@V?$_Tree_val@V?$_Tmap_traits@PAXPAXU?$less@PAX@std@@V?$allocator@U?$pair@QAXPAX@std@@@2@$0A@@std@@@std@@@2@@Z 0040d7c0 f i libohNetCore:Stack.obj
 0001:0000ced0       ?_Getcont@_Iterator_base12@std@@QBEPBU_Container_base12@2@XZ 0040ded0 f i libohNetCore:Stack.obj
 0001:0000cf10       ?find@?$_Tree@V?$_Tmap_traits@PAXPAXU?$less@PAX@std@@V?$allocator@U?$pair@QAXPAX@std@@@2@$0A@@std@@@std@@QAE?AV?$_Tree_iterator@V?$_Tree_val@V?$_Tmap_traits@PAXPAXU?$less@PAX@std@@V?$allocator@U?$pair@QAXPAX@std@@@2@$0A@@std@@@std@@@2@ABQAX@Z 0040df10 f i libohNetCore:Stack.obj
 0001:0000d0f0       ??0?$vector@PAVMListener@Stack@Net@OpenHome@@V?$allocator@PAVMListener@Stack@Net@OpenHome@@@std@@@std@@QAE@XZ 0040e0f0 f i libohNetCore:Stack.obj
 0001:0000d130       ??1?$vector@PAVMListener@Stack@Net@OpenHome@@V?$allocator@PAVMListener@Stack@Net@OpenHome@@@std@@@std@@QAE@XZ 0040e130 f i libohNetCore:Stack.obj
 0001:0000d1a0       ?begin@?$vector@PAVMListener@Stack@Net@OpenHome@@V?$allocator@PAVMListener@Stack@Net@OpenHome@@@std@@@std@@QAE?AV?$_Vector_iterator@V?$_Vector_val@PAVMListener@Stack@Net@OpenHome@@V?$allocator@PAVMListener@Stack@Net@OpenHome@@@std@@@std@@@2@XZ 0040e1a0 f i libohNetCore:Stack.obj
 0001:0000d1f0       ?size@?$vector@PAVMListener@Stack@Net@OpenHome@@V?$allocator@PAVMListener@Stack@Net@OpenHome@@@std@@@std@@QBEIXZ 0040e1f0 f i libohNetCore:Stack.obj
 0001:0000d220       ??A?$vector@PAVMListener@Stack@Net@OpenHome@@V?$allocator@PAVMListener@Stack@Net@OpenHome@@@std@@@std@@QAEAAPAVMListener@Stack@Net@OpenHome@@I@Z 0040e220 f i libohNetCore:Stack.obj
 0001:0000d2c0       ?push_back@?$vector@PAVMListener@Stack@Net@OpenHome@@V?$allocator@PAVMListener@Stack@Net@OpenHome@@@std@@@std@@QAEXABQAVMListener@Stack@Net@OpenHome@@@Z 0040e2c0 f i libohNetCore:Stack.obj
 0001:0000d3d0       ?erase@?$vector@PAVMListener@Stack@Net@OpenHome@@V?$allocator@PAVMListener@Stack@Net@OpenHome@@@std@@@std@@QAE?AV?$_Vector_iterator@V?$_Vector_val@PAVMListener@Stack@Net@OpenHome@@V?$allocator@PAVMListener@Stack@Net@OpenHome@@@std@@@std@@@2@V?$_Vector_const_iterator@V?$_Vector_val@PAVMListener@Stack@Net@OpenHome@@V?$allocator@PAVMListener@Stack@Net@OpenHome@@@std@@@std@@@2@@Z 0040e3d0 f i libohNetCore:Stack.obj
 0001:0000d500       ??0?$map@VBrn@OpenHome@@PAVObjectType@Stack@Net@2@VBufferCmp@2@V?$allocator@U?$pair@$$CBVBrn@OpenHome@@PAVObjectType@Stack@Net@2@@std@@@std@@@std@@QAE@XZ 0040e500 f i libohNetCore:Stack.obj
 0001:0000d550       ??1?$_Tree@V?$_Tmap_traits@VBrn@OpenHome@@PAVObjectType@Stack@Net@2@VBufferCmp@2@V?$allocator@U?$pair@$$CBVBrn@OpenHome@@PAVObjectType@Stack@Net@2@@std@@@std@@$0A@@std@@@std@@QAE@XZ 0040e550 f i libohNetCore:Stack.obj
 0001:0000d5c0       ?begin@?$_Tree@V?$_Tmap_traits@VBrn@OpenHome@@PAVObjectType@Stack@Net@2@VBufferCmp@2@V?$allocator@U?$pair@$$CBVBrn@OpenHome@@PAVObjectType@Stack@Net@2@@std@@@std@@$0A@@std@@@std@@QAE?AV?$_Tree_iterator@V?$_Tree_val@V?$_Tmap_traits@VBrn@OpenHome@@PAVObjectType@Stack@Net@2@VBufferCmp@2@V?$allocator@U?$pair@$$CBVBrn@OpenHome@@PAVObjectType@Stack@Net@2@@std@@@std@@$0A@@std@@@std@@@2@XZ 0040e5c0 f i libohNetCore:Stack.obj
 0001:0000d620       ?end@?$_Tree@V?$_Tmap_traits@VBrn@OpenHome@@PAVObjectType@Stack@Net@2@VBufferCmp@2@V?$allocator@U?$pair@$$CBVBrn@OpenHome@@PAVObjectType@Stack@Net@2@@std@@@std@@$0A@@std@@@std@@QAE?AV?$_Tree_iterator@V?$_Tree_val@V?$_Tmap_traits@VBrn@OpenHome@@PAVObjectType@Stack@Net@2@VBufferCmp@2@V?$allocator@U?$pair@$$CBVBrn@OpenHome@@PAVObjectType@Stack@Net@2@@std@@@std@@$0A@@std@@@std@@@2@XZ 0040e620 f i libohNetCore:Stack.obj
 0001:0000d670       ?size@?$_Tree@V?$_Tmap_traits@VBrn@OpenHome@@PAVObjectType@Stack@Net@2@VBufferCmp@2@V?$allocator@U?$pair@$$CBVBrn@OpenHome@@PAVObjectType@Stack@Net@2@@std@@@std@@$0A@@std@@@std@@QBEIXZ 0040e670 f i libohNetCore:Stack.obj
 0001:0000d690       ?erase@?$_Tree@V?$_Tmap_traits@VBrn@OpenHome@@PAVObjectType@Stack@Net@2@VBufferCmp@2@V?$allocator@U?$pair@$$CBVBrn@OpenHome@@PAVObjectType@Stack@Net@2@@std@@@std@@$0A@@std@@@std@@QAE?AV?$_Tree_iterator@V?$_Tree_val@V?$_Tmap_traits@VBrn@OpenHome@@PAVObjectType@Stack@Net@2@VBufferCmp@2@V?$allocator@U?$pair@$$CBVBrn@OpenHome@@PAVObjectType@Stack@Net@2@@std@@@std@@$0A@@std@@@std@@@2@V?$_Tree_const_iterator@V?$_Tree_val@V?$_Tmap_traits@VBrn@OpenHome@@PAVObjectType@Stack@Net@2@VBufferCmp@2@V?$allocator@U?$pair@$$CBVBrn@OpenHome@@PAVObjectType@Stack@Net@2@@std@@@std@@$0A@@std@@@std@@@2@@Z 0040e690 f i libohNetCore:Stack.obj
 0001:0000dda0       ?find@?$_Tree@V?$_Tmap_traits@VBrn@OpenHome@@PAVObjectType@Stack@Net@2@VBufferCmp@2@V?$allocator@U?$pair@$$CBVBrn@OpenHome@@PAVObjectType@Stack@Net@2@@std@@@std@@$0A@@std@@@std@@QAE?AV?$_Tree_iterator@V?$_Tree_val@V?$_Tmap_traits@VBrn@OpenHome@@PAVObjectType@Stack@Net@2@VBufferCmp@2@V?$allocator@U?$pair@$$CBVBrn@OpenHome@@PAVObjectType@Stack@Net@2@@std@@@std@@$0A@@std@@@std@@@2@ABVBrn@OpenHome@@@Z 0040eda0 f i libohNetCore:Stack.obj
 0001:0000df80       ??H?$_Vector_iterator@V?$_Vector_val@PAVMListener@Stack@Net@OpenHome@@V?$allocator@PAVMListener@Stack@Net@OpenHome@@@std@@@std@@@std@@QBE?AV01@H@Z 0040ef80 f i libohNetCore:Stack.obj
 0001:0000e060       ??C?$_Tree_iterator@V?$_Tree_val@V?$_Tmap_traits@VBrn@OpenHome@@PAVObjectType@Stack@Net@2@VBufferCmp@2@V?$allocator@U?$pair@$$CBVBrn@OpenHome@@PAVObjectType@Stack@Net@2@@std@@@std@@$0A@@std@@@std@@@std@@QBEPAU?$pair@$$CBVBrn@OpenHome@@PAVObjectType@Stack@Net@2@@1@XZ 0040f060 f i libohNetCore:Stack.obj
 0001:0000e090       ??E?$_Tree_iterator@V?$_Tree_val@V?$_Tmap_traits@VBrn@OpenHome@@PAVObjectType@Stack@Net@2@VBufferCmp@2@V?$allocator@U?$pair@$$CBVBrn@OpenHome@@PAVObjectType@Stack@Net@2@@std@@@std@@$0A@@std@@@std@@@std@@QAE?AV01@H@Z 0040f090 f i libohNetCore:Stack.obj
 0001:0000e160       ??9?$_Tree_const_iterator@V?$_Tree_val@V?$_Tmap_traits@VBrn@OpenHome@@PAVObjectType@Stack@Net@2@VBufferCmp@2@V?$allocator@U?$pair@$$CBVBrn@OpenHome@@PAVObjectType@Stack@Net@2@@std@@@std@@$0A@@std@@@std@@@std@@QBE_NABV01@@Z 0040f160 f i libohNetCore:Stack.obj
 0001:0000e1a0       ??C?$_Tree_iterator@V?$_Tree_val@V?$_Tmap_traits@PAXPAXU?$less@PAX@std@@V?$allocator@U?$pair@QAXPAX@std@@@2@$0A@@std@@@std@@@std@@QBEPAU?$pair@QAXPAX@1@XZ 0040f1a0 f i libohNetCore:Stack.obj
 0001:0000e1d0       ??E?$_Tree_iterator@V?$_Tree_val@V?$_Tmap_traits@PAXPAXU?$less@PAX@std@@V?$allocator@U?$pair@QAXPAX@std@@@2@$0A@@std@@@std@@@std@@QAE?AV01@H@Z 0040f1d0 f i libohNetCore:Stack.obj
 0001:0000e2a0       ??9?$_Tree_const_iterator@V?$_Tree_val@V?$_Tmap_traits@PAXPAXU?$less@PAX@std@@V?$allocator@U?$pair@QAXPAX@std@@@2@$0A@@std@@@std@@@std@@QBE_NABV01@@Z 0040f2a0 f i libohNetCore:Stack.obj
 0001:0000e2e0       ??0?$_Tree_iterator@V?$_Tree_val@V?$_Tmap_traits@PAXPAXU?$less@PAX@std@@V?$allocator@U?$pair@QAXPAX@std@@@2@$0A@@std@@@std@@@std@@QAE@ABV01@@Z 0040f2e0 f i libohNetCore:Stack.obj
 0001:0000e310       ??0?$_Tree_iterator@V?$_Tree_val@V?$_Tmap_traits@VBrn@OpenHome@@PAVObjectType@Stack@Net@2@VBufferCmp@2@V?$allocator@U?$pair@$$CBVBrn@OpenHome@@PAVObjectType@Stack@Net@2@@std@@@std@@$0A@@std@@@std@@@std@@QAE@ABV01@@Z 0040f310 f i libohNetCore:Stack.obj
 0001:0000e340       ??0?$_Vector_iterator@V?$_Vector_val@PAVMListener@Stack@Net@OpenHome@@V?$allocator@PAVMListener@Stack@Net@OpenHome@@@std@@@std@@@std@@QAE@ABV01@@Z 0040f340 f i libohNetCore:Stack.obj
 0001:0000e370       ??0?$_Tree@V?$_Tmap_traits@PAXPAXU?$less@PAX@std@@V?$allocator@U?$pair@QAXPAX@std@@@2@$0A@@std@@@std@@QAE@ABU?$less@PAX@1@ABV?$allocator@U?$pair@QAXPAX@std@@@1@@Z 0040f370 f i libohNetCore:Stack.obj
 0001:0000e3c0       ?lower_bound@?$_Tree@V?$_Tmap_traits@PAXPAXU?$less@PAX@std@@V?$allocator@U?$pair@QAXPAX@std@@@2@$0A@@std@@@std@@QAE?AV?$_Tree_iterator@V?$_Tree_val@V?$_Tmap_traits@PAXPAXU?$less@PAX@std@@V?$allocator@U?$pair@QAXPAX@std@@@2@$0A@@std@@@std@@@2@ABQAX@Z 0040f3c0 f i libohNetCore:Stack.obj
 0001:0000e420       ?_Lmost@?$_Tree@V?$_Tmap_traits@PAXPAXU?$less@PAX@std@@V?$allocator@U?$pair@QAXPAX@std@@@2@$0A@@std@@@std@@IBEAAPAU_Node@?$_Tree_nod@V?$_Tmap_traits@PAXPAXU?$less@PAX@std@@V?$allocator@U?$pair@QAXPAX@std@@@2@$0A@@std@@@2@XZ 0040f420 f i libohNetCore:Stack.obj
 0001:0000e450       ?_Lrotate@?$_Tree@V?$_Tmap_traits@PAXPAXU?$less@PAX@std@@V?$allocator@U?$pair@QAXPAX@std@@@2@$0A@@std@@@std@@IAEXPAU_Node@?$_Tree_nod@V?$_Tmap_traits@PAXPAXU?$less@PAX@std@@V?$allocator@U?$pair@QAXPAX@std@@@2@$0A@@std@@@2@@Z 0040f450 f i libohNetCore:Stack.obj
 0001:0000e570       ?_Rmost@?$_Tree@V?$_Tmap_traits@PAXPAXU?$less@PAX@std@@V?$allocator@U?$pair@QAXPAX@std@@@2@$0A@@std@@@std@@IBEAAPAU_Node@?$_Tree_nod@V?$_Tmap_traits@PAXPAXU?$less@PAX@std@@V?$allocator@U?$pair@QAXPAX@std@@@2@$0A@@std@@@2@XZ 0040f570 f i libohNetCore:Stack.obj
 0001:0000e5a0       ?_Root@?$_Tree@V?$_Tmap_traits@PAXPAXU?$less@PAX@std@@V?$allocator@U?$pair@QAXPAX@std@@@2@$0A@@std@@@std@@IBEAAPAU_Node@?$_Tree_nod@V?$_Tmap_traits@PAXPAXU?$less@PAX@std@@V?$allocator@U?$pair@QAXPAX@std@@@2@$0A@@std@@@2@XZ 0040f5a0 f i libohNetCore:Stack.obj
 0001:0000e5d0       ?_Rrotate@?$_Tree@V?$_Tmap_traits@PAXPAXU?$less@PAX@std@@V?$allocator@U?$pair@QAXPAX@std@@@2@$0A@@std@@@std@@IAEXPAU_Node@?$_Tree_nod@V?$_Tmap_traits@PAXPAXU?$less@PAX@std@@V?$allocator@U?$pair@QAXPAX@std@@@2@$0A@@std@@@2@@Z 0040f5d0 f i libohNetCore:Stack.obj
 0001:0000e6f0       ?_Orphan_ptr@?$_Tree@V?$_Tmap_traits@PAXPAXU?$less@PAX@std@@V?$allocator@U?$pair@QAXPAX@std@@@2@$0A@@std@@@std@@IBEXAAV12@PAU_Node@?$_Tree_nod@V?$_Tmap_traits@PAXPAXU?$less@PAX@std@@V?$allocator@U?$pair@QAXPAX@std@@@2@$0A@@std@@@2@@Z 0040f6f0 f i libohNetCore:Stack.obj
 0001:0000e800       ?_Getpfirst@_Container_base12@std@@QBEPAPAU_Iterator_base12@2@XZ 0040f800 f i libohNetCore:Stack.obj
 0001:0000e840       ?_Clrcont@_Iterator_base12@std@@QAEXXZ 0040f840 f i libohNetCore:Stack.obj
 0001:0000e860       ?_Getpnext@_Iterator_base12@std@@QAEPAPAU12@XZ 0040f860 f i libohNetCore:Stack.obj
 0001:0000e880       ?_Tidy@?$_Tree@V?$_Tmap_traits@PAXPAXU?$less@PAX@std@@V?$allocator@U?$pair@QAXPAX@std@@@2@$0A@@std@@@std@@IAEXXZ 0040f880 f i libohNetCore:Stack.obj
 0001:0000e980       ??1?$_Tree_val@V?$_Tmap_traits@PAXPAXU?$less@PAX@std@@V?$allocator@U?$pair@QAXPAX@std@@@2@$0A@@std@@@std@@QAE@XZ 0040f980 f i libohNetCore:Stack.obj
 0001:0000e9f0       ?_Color@?$_Tree_val@V?$_Tmap_traits@PAXPAXU?$less@PAX@std@@V?$allocator@U?$pair@QAXPAX@std@@@2@$0A@@std@@@std@@SGAADPAU_Node@?$_Tree_nod@V?$_Tmap_traits@PAXPAXU?$less@PAX@std@@V?$allocator@U?$pair@QAXPAX@std@@@2@$0A@@std@@@2@@Z 0040f9f0 f i libohNetCore:Stack.obj
 0001:0000ea00       ?_Isnil@?$_Tree_val@V?$_Tmap_traits@PAXPAXU?$less@PAX@std@@V?$allocator@U?$pair@QAXPAX@std@@@2@$0A@@std@@@std@@SGAADPAU_Node@?$_Tree_nod@V?$_Tmap_traits@PAXPAXU?$less@PAX@std@@V?$allocator@U?$pair@QAXPAX@std@@@2@$0A@@std@@@2@@Z 0040fa00 f i libohNetCore:Stack.obj
 0001:0000ea10       ?_Key@?$_Tree_val@V?$_Tmap_traits@PAXPAXU?$less@PAX@std@@V?$allocator@U?$pair@QAXPAX@std@@@2@$0A@@std@@@std@@SGAAPAXPAU_Node@?$_Tree_nod@V?$_Tmap_traits@PAXPAXU?$less@PAX@std@@V?$allocator@U?$pair@QAXPAX@std@@@2@$0A@@std@@@2@@Z 0040fa10 f i libohNetCore:Stack.obj
 0001:0000ea30       ?_Left@?$_Tree_val@V?$_Tmap_traits@PAXPAXU?$less@PAX@std@@V?$allocator@U?$pair@QAXPAX@std@@@2@$0A@@std@@@std@@SGAAPAU_Node@?$_Tree_nod@V?$_Tmap_traits@PAXPAXU?$less@PAX@std@@V?$allocator@U?$pair@QAXPAX@std@@@2@$0A@@std@@@2@PAU342@@Z 0040fa30 f i libohNetCore:Stack.obj
 0001:0000ea40       ?_Parent@?$_Tree_val@V?$_Tmap_traits@PAXPAXU?$less@PAX@std@@V?$allocator@U?$pair@QAXPAX@std@@@2@$0A@@std@@@std@@SGAAPAU_Node@?$_Tree_nod@V?$_Tmap_traits@PAXPAXU?$less@PAX@std@@V?$allocator@U?$pair@QAXPAX@std@@@2@$0A@@std@@@2@PAU342@@Z 0040fa40 f i libohNetCore:Stack.obj
 0001:0000ea50       ?_Right@?$_Tree_val@V?$_Tmap_traits@PAXPAXU?$less@PAX@std@@V?$allocator@U?$pair@QAXPAX@std@@@2@$0A@@std@@@std@@SGAAPAU_Node@?$_Tree_nod@V?$_Tmap_traits@PAXPAXU?$less@PAX@std@@V?$allocator@U?$pair@QAXPAX@std@@@2@$0A@@std@@@2@PAU342@@Z 0040fa50 f i libohNetCore:Stack.obj
 0001:0000ea60       ?_Myval@?$_Tree_val@V?$_Tmap_traits@PAXPAXU?$less@PAX@std@@V?$allocator@U?$pair@QAXPAX@std@@@2@$0A@@std@@@std@@SGAAU?$pair@QAXPAX@2@PAU_Node@?$_Tree_nod@V?$_Tmap_traits@PAXPAXU?$less@PAX@std@@V?$allocator@U?$pair@QAXPAX@std@@@2@$0A@@std@@@2@@Z 0040fa60 f i libohNetCore:Stack.obj
 0001:0000ea70       ?_Max@?$_Tree_val@V?$_Tmap_traits@PAXPAXU?$less@PAX@std@@V?$allocator@U?$pair@QAXPAX@std@@@2@$0A@@std@@@std@@SGPAU_Node@?$_Tree_nod@V?$_Tmap_traits@PAXPAXU?$less@PAX@std@@V?$allocator@U?$pair@QAXPAX@std@@@2@$0A@@std@@@2@PAU342@@Z 0040fa70 f i libohNetCore:Stack.obj
 0001:0000eab0       ?_Min@?$_Tree_val@V?$_Tmap_traits@PAXPAXU?$less@PAX@std@@V?$allocator@U?$pair@QAXPAX@std@@@2@$0A@@std@@@std@@SGPAU_Node@?$_Tree_nod@V?$_Tmap_traits@PAXPAXU?$less@PAX@std@@V?$allocator@U?$pair@QAXPAX@std@@@2@$0A@@std@@@2@PAU342@@Z 0040fab0 f i libohNetCore:Stack.obj
 0001:0000eaf0       ??0?$allocator@U?$pair@QAXPAX@std@@@std@@QAE@XZ 0040faf0 f i libohNetCore:Stack.obj
 0001:0000eb10       ?deallocate@?$allocator@U_Node@?$_Tree_nod@V?$_Tmap_traits@PAXPAXU?$less@PAX@std@@V?$allocator@U?$pair@QAXPAX@std@@@2@$0A@@std@@@std@@@std@@QAEXPAU_Node@?$_Tree_nod@V?$_Tmap_traits@PAXPAXU?$less@PAX@std@@V?$allocator@U?$pair@QAXPAX@std@@@2@$0A@@std@@@2@I@Z 0040fb10 f i libohNetCore:Stack.obj
 0001:0000eb40       ?_Make_iter@?$vector@PAVMListener@Stack@Net@OpenHome@@V?$allocator@PAVMListener@Stack@Net@OpenHome@@@std@@@std@@QBE?AV?$_Vector_iterator@V?$_Vector_val@PAVMListener@Stack@Net@OpenHome@@V?$allocator@PAVMListener@Stack@Net@OpenHome@@@std@@@std@@@2@V?$_Vector_const_iterator@V?$_Vector_val@PAVMListener@Stack@Net@OpenHome@@V?$allocator@PAVMListener@Stack@Net@OpenHome@@@std@@@std@@@2@@Z 0040fb40 f i libohNetCore:Stack.obj
 0001:0000ebd0       ?_Destroy@?$vector@PAVMListener@Stack@Net@OpenHome@@V?$allocator@PAVMListener@Stack@Net@OpenHome@@@std@@@std@@IAEXPAPAVMListener@Stack@Net@OpenHome@@0@Z 0040fbd0 f i libohNetCore:Stack.obj
 0001:0000ec10       ?_Inside@?$vector@PAVMListener@Stack@Net@OpenHome@@V?$allocator@PAVMListener@Stack@Net@OpenHome@@@std@@@std@@IBE_NPBQAVMListener@Stack@Net@OpenHome@@@Z 0040fc10 f i libohNetCore:Stack.obj
 0001:0000ec60       ?_Reserve@?$vector@PAVMListener@Stack@Net@OpenHome@@V?$allocator@PAVMListener@Stack@Net@OpenHome@@@std@@@std@@IAEXI@Z 0040fc60 f i libohNetCore:Stack.obj
 0001:0000ece0       ?_Tidy@?$vector@PAVMListener@Stack@Net@OpenHome@@V?$allocator@PAVMListener@Stack@Net@OpenHome@@@std@@@std@@IAEXXZ 0040fce0 f i libohNetCore:Stack.obj
 0001:0000ed70       ?_Orphan_range@?$vector@PAVMListener@Stack@Net@OpenHome@@V?$allocator@PAVMListener@Stack@Net@OpenHome@@@std@@@std@@IBEXPAPAVMListener@Stack@Net@OpenHome@@0@Z 0040fd70 f i libohNetCore:Stack.obj
 0001:0000ee80       ??0?$_Vector_val@PAVMListener@Stack@Net@OpenHome@@V?$allocator@PAVMListener@Stack@Net@OpenHome@@@std@@@std@@QAE@V?$allocator@PAVMListener@Stack@Net@OpenHome@@@1@@Z 0040fe80 f i libohNetCore:Stack.obj
 0001:0000efa0       ??0_Container_proxy@std@@QAE@XZ 0040ffa0 f i libohNetCore:Stack.obj
 0001:0000efd0       ??0_Container_base12@std@@QAE@XZ 0040ffd0 f i libohNetCore:Stack.obj
 0001:0000eff0       ??1?$_Vector_val@PAVMListener@Stack@Net@OpenHome@@V?$allocator@PAVMListener@Stack@Net@OpenHome@@@std@@@std@@QAE@XZ 0040fff0 f i libohNetCore:Stack.obj
 0001:0000f0d0       ??0?$allocator@PAVMListener@Stack@Net@OpenHome@@@std@@QAE@XZ 004100d0 f i libohNetCore:Stack.obj
 0001:0000f0f0       ??0?$_Tree@V?$_Tmap_traits@VBrn@OpenHome@@PAVObjectType@Stack@Net@2@VBufferCmp@2@V?$allocator@U?$pair@$$CBVBrn@OpenHome@@PAVObjectType@Stack@Net@2@@std@@@std@@$0A@@std@@@std@@QAE@ABVBufferCmp@OpenHome@@ABV?$allocator@U?$pair@$$CBVBrn@OpenHome@@PAVObjectType@Stack@Net@2@@std@@@1@@Z 004100f0 f i libohNetCore:Stack.obj
 0001:0000f140       ?lower_bound@?$_Tree@V?$_Tmap_traits@VBrn@OpenHome@@PAVObjectType@Stack@Net@2@VBufferCmp@2@V?$allocator@U?$pair@$$CBVBrn@OpenHome@@PAVObjectType@Stack@Net@2@@std@@@std@@$0A@@std@@@std@@QAE?AV?$_Tree_iterator@V?$_Tree_val@V?$_Tmap_traits@VBrn@OpenHome@@PAVObjectType@Stack@Net@2@VBufferCmp@2@V?$allocator@U?$pair@$$CBVBrn@OpenHome@@PAVObjectType@Stack@Net@2@@std@@@std@@$0A@@std@@@std@@@2@ABVBrn@OpenHome@@@Z 00410140 f i libohNetCore:Stack.obj
 0001:0000f1a0       ?_Lmost@?$_Tree@V?$_Tmap_traits@VBrn@OpenHome@@PAVObjectType@Stack@Net@2@VBufferCmp@2@V?$allocator@U?$pair@$$CBVBrn@OpenHome@@PAVObjectType@Stack@Net@2@@std@@@std@@$0A@@std@@@std@@IBEAAPAU_Node@?$_Tree_nod@V?$_Tmap_traits@VBrn@OpenHome@@PAVObjectType@Stack@Net@2@VBufferCmp@2@V?$allocator@U?$pair@$$CBVBrn@OpenHome@@PAVObjectType@Stack@Net@2@@std@@@std@@$0A@@std@@@2@XZ 004101a0 f i libohNetCore:Stack.obj
 0001:0000f1d0       ?_Lrotate@?$_Tree@V?$_Tmap_traits@VBrn@OpenHome@@PAVObjectType@Stack@Net@2@VBufferCmp@2@V?$allocator@U?$pair@$$CBVBrn@OpenHome@@PAVObjectType@Stack@Net@2@@std@@@std@@$0A@@std@@@std@@IAEXPAU_Node@?$_Tree_nod@V?$_Tmap_traits@VBrn@OpenHome@@PAVObjectType@Stack@Net@2@VBufferCmp@2@V?$allocator@U?$pair@$$CBVBrn@OpenHome@@PAVObjectType@Stack@Net@2@@std@@@std@@$0A@@std@@@2@@Z 004101d0 f i libohNetCore:Stack.obj
 0001:0000f2f0       ?_Rmost@?$_Tree@V?$_Tmap_traits@VBrn@OpenHome@@PAVObjectType@Stack@Net@2@VBufferCmp@2@V?$allocator@U?$pair@$$CBVBrn@OpenHome@@PAVObjectType@Stack@Net@2@@std@@@std@@$0A@@std@@@std@@IBEAAPAU_Node@?$_Tree_nod@V?$_Tmap_traits@VBrn@OpenHome@@PAVObjectType@Stack@Net@2@VBufferCmp@2@V?$allocator@U?$pair@$$CBVBrn@OpenHome@@PAVObjectType@Stack@Net@2@@std@@@std@@$0A@@std@@@2@XZ 004102f0 f i libohNetCore:Stack.obj
 0001:0000f320       ?_Root@?$_Tree@V?$_Tmap_traits@VBrn@OpenHome@@PAVObjectType@Stack@Net@2@VBufferCmp@2@V?$allocator@U?$pair@$$CBVBrn@OpenHome@@PAVObjectType@Stack@Net@2@@std@@@std@@$0A@@std@@@std@@IBEAAPAU_Node@?$_Tree_nod@V?$_Tmap_traits@VBrn@OpenHome@@PAVObjectType@Stack@Net@2@VBufferCmp@2@V?$allocator@U?$pair@$$CBVBrn@OpenHome@@PAVObjectType@Stack@Net@2@@std@@@std@@$0A@@std@@@2@XZ 00410320 f i libohNetCore:Stack.obj
 0001:0000f350       ?_Rrotate@?$_Tree@V?$_Tmap_traits@VBrn@OpenHome@@PAVObjectType@Stack@Net@2@VBufferCmp@2@V?$allocator@U?$pair@$$CBVBrn@OpenHome@@PAVObjectType@Stack@Net@2@@std@@@std@@$0A@@std@@@std@@IAEXPAU_Node@?$_Tree_nod@V?$_Tmap_traits@VBrn@OpenHome@@PAVObjectType@Stack@Net@2@VBufferCmp@2@V?$allocator@U?$pair@$$CBVBrn@OpenHome@@PAVObjectType@Stack@Net@2@@std@@@std@@$0A@@std@@@2@@Z 00410350 f i libohNetCore:Stack.obj
 0001:0000f470       ?_Orphan_ptr@?$_Tree@V?$_Tmap_traits@VBrn@OpenHome@@PAVObjectType@Stack@Net@2@VBufferCmp@2@V?$allocator@U?$pair@$$CBVBrn@OpenHome@@PAVObjectType@Stack@Net@2@@std@@@std@@$0A@@std@@@std@@IBEXAAV12@PAU_Node@?$_Tree_nod@V?$_Tmap_traits@VBrn@OpenHome@@PAVObjectType@Stack@Net@2@VBufferCmp@2@V?$allocator@U?$pair@$$CBVBrn@OpenHome@@PAVObjectType@Stack@Net@2@@std@@@std@@$0A@@std@@@2@@Z 00410470 f i libohNetCore:Stack.obj
 0001:0000f580       ?_Tidy@?$_Tree@V?$_Tmap_traits@VBrn@OpenHome@@PAVObjectType@Stack@Net@2@VBufferCmp@2@V?$allocator@U?$pair@$$CBVBrn@OpenHome@@PAVObjectType@Stack@Net@2@@std@@@std@@$0A@@std@@@std@@IAEXXZ 00410580 f i libohNetCore:Stack.obj
 0001:0000f680       ??1?$_Tree_val@V?$_Tmap_traits@VBrn@OpenHome@@PAVObjectType@Stack@Net@2@VBufferCmp@2@V?$allocator@U?$pair@$$CBVBrn@OpenHome@@PAVObjectType@Stack@Net@2@@std@@@std@@$0A@@std@@@std@@QAE@XZ 00410680 f i libohNetCore:Stack.obj
 0001:0000f6f0       ?_Color@?$_Tree_val@V?$_Tmap_traits@VBrn@OpenHome@@PAVObjectType@Stack@Net@2@VBufferCmp@2@V?$allocator@U?$pair@$$CBVBrn@OpenHome@@PAVObjectType@Stack@Net@2@@std@@@std@@$0A@@std@@@std@@SGAADPAU_Node@?$_Tree_nod@V?$_Tmap_traits@VBrn@OpenHome@@PAVObjectType@Stack@Net@2@VBufferCmp@2@V?$allocator@U?$pair@$$CBVBrn@OpenHome@@PAVObjectType@Stack@Net@2@@std@@@std@@$0A@@std@@@2@@Z 004106f0 f i libohNetCore:Stack.obj
[...]
 0001:0007f300       ??__E?kMethodNotify@Ssdp@Net@OpenHome@@2VBrn@3@B@@YAXXZ 00480300 f   libohNetCore:Ssdp.obj
 0001:0007f330       ??__E?kMethodMsearch@Ssdp@Net@OpenHome@@2VBrn@3@B@@YAXXZ 00480330 f   libohNetCore:Ssdp.obj
 0001:0007f360       ??__E?kMethodUri@Ssdp@Net@OpenHome@@2VBrn@3@B@@YAXXZ 00480360 f   libohNetCore:Ssdp.obj
 0001:0007f390       ??__E?kStatusOk@Ssdp@Net@OpenHome@@2VBrn@3@B@@YAXXZ 00480390 f   libohNetCore:Ssdp.obj
 0001:0007f3c0       ??__E?kHeaderHost@Ssdp@Net@OpenHome@@2VBrn@3@B@@YAXXZ 004803c0 f   libohNetCore:Ssdp.obj
 0001:0007f3f0       ??__E?kHeaderServer@Ssdp@Net@OpenHome@@2VBrn@3@B@@YAXXZ 004803f0 f   libohNetCore:Ssdp.obj
 0001:0007f420       ??__E?kHeaderCacheControl@Ssdp@Net@OpenHome@@2VBrn@3@B@@YAXXZ 00480420 f   libohNetCore:Ssdp.obj
 0001:0007f450       ??__E?kHeaderLocation@Ssdp@Net@OpenHome@@2VBrn@3@B@@YAXXZ 00480450 f   libohNetCore:Ssdp.obj
 0001:0007f480       ??__E?kHeaderNt@Ssdp@Net@OpenHome@@2VBrn@3@B@@YAXXZ 00480480 f   libohNetCore:Ssdp.obj
 0001:0007f4b0       ??__E?kHeaderSt@Ssdp@Net@OpenHome@@2VBrn@3@B@@YAXXZ 004804b0 f   libohNetCore:Ssdp.obj
 0001:0007f4e0       ??__E?kHeaderUsn@Ssdp@Net@OpenHome@@2VBrn@3@B@@YAXXZ 004804e0 f   libohNetCore:Ssdp.obj
 0001:0007f510       ??__E?kHeaderNts@Ssdp@Net@OpenHome@@2VBrn@3@B@@YAXXZ 00480510 f   libohNetCore:Ssdp.obj
 0001:0007f540       ??__E?kHeaderExt@Ssdp@Net@OpenHome@@2VBrn@3@B@@YAXXZ 00480540 f   libohNetCore:Ssdp.obj
 0001:0007f570       ??__E?kHeaderMan@Ssdp@Net@OpenHome@@2VBrn@3@B@@YAXXZ 00480570 f   libohNetCore:Ssdp.obj
 0001:0007f5a0       ??__E?kHeaderMx@Ssdp@Net@OpenHome@@2VBrn@3@B@@YAXXZ 004805a0 f   libohNetCore:Ssdp.obj
 0001:0007f5d0       ??__E?kHeaderBootId@Ssdp@Net@OpenHome@@2VBrn@3@B@@YAXXZ 004805d0 f   libohNetCore:Ssdp.obj
 0001:0007f600       ??__E?kHeaderNextBootId@Ssdp@Net@OpenHome@@2VBrn@3@B@@YAXXZ 00480600 f   libohNetCore:Ssdp.obj
 0001:0007f630       ??__E?kHeaderConfigId@Ssdp@Net@OpenHome@@2VBrn@3@B@@YAXXZ 00480630 f   libohNetCore:Ssdp.obj
 0001:0007f660       ??__E?kHeaderSearchPort@Ssdp@Net@OpenHome@@2VBrn@3@B@@YAXXZ 00480660 f   libohNetCore:Ssdp.obj
 0001:0007f690       ??__E?kDeviceSeparator@Ssdp@Net@OpenHome@@2VBrn@3@B@@YAXXZ 00480690 f   libohNetCore:Ssdp.obj
 0001:0007f6c0       ??__E?kServiceSeparator@Ssdp@Net@OpenHome@@2VBrn@3@B@@YAXXZ 004806c0 f   libohNetCore:Ssdp.obj
 0001:0007f6f0       ??__Einitlocks@std@@YAXXZ  004806f0 f   libcpmtd:xlock.obj
 0001:0007f710       ??__FkBrnEmpty@@YAXXZ      00480710 f   libohNetCore:Buffer.obj
 0001:0007f730       ??__FkAsciiNewline@@YAXXZ  00480730 f   libohNetCore:Ascii.obj
 0001:0007f750       ??__FkAsciiHexPrefix@@YAXXZ 00480750 f   libohNetCore:Ascii.obj
 0001:0007f770       ??__F?kMethodOptions@Http@OpenHome@@2VBrn@2@B@@YAXXZ 00480770 f   libohNetCore:Http.obj
 0001:0007f790       ??__F?kMethodGet@Http@OpenHome@@2VBrn@2@B@@YAXXZ 00480790 f   libohNetCore:Http.obj
 0001:0007f7b0       ??__F?kMethodHead@Http@OpenHome@@2VBrn@2@B@@YAXXZ 004807b0 f   libohNetCore:Http.obj
 0001:0007f7d0       ??__F?kMethodPost@Http@OpenHome@@2VBrn@2@B@@YAXXZ 004807d0 f   libohNetCore:Http.obj
 0001:0007f7f0       ??__F?kMethodPut@Http@OpenHome@@2VBrn@2@B@@YAXXZ 004807f0 f   libohNetCore:Http.obj
 0001:0007f810       ??__F?kMethodDelete@Http@OpenHome@@2VBrn@2@B@@YAXXZ 00480810 f   libohNetCore:Http.obj
 0001:0007f830       ??__F?kMethodTrace@Http@OpenHome@@2VBrn@2@B@@YAXXZ 00480830 f   libohNetCore:Http.obj
 0001:0007f850       ??__F?kMethodConnect@Http@OpenHome@@2VBrn@2@B@@YAXXZ 00480850 f   libohNetCore:Http.obj
 0001:0007f870       ??__F?kMethodExtension@Http@OpenHome@@2VBrn@2@B@@YAXXZ 00480870 f   libohNetCore:Http.obj
 0001:0007f890       ??__F?kHeaderCacheControl@Http@OpenHome@@2VBrn@2@B@@YAXXZ 00480890 f   libohNetCore:Http.obj
 0001:0007f8b0       ??__F?kHeaderConnection@Http@OpenHome@@2VBrn@2@B@@YAXXZ 004808b0 f   libohNetCore:Http.obj
 0001:0007f8d0       ??__F?kHeaderDate@Http@OpenHome@@2VBrn@2@B@@YAXXZ 004808d0 f   libohNetCore:Http.obj
 0001:0007f8f0       ??__F?kHeaderPragma@Http@OpenHome@@2VBrn@2@B@@YAXXZ 004808f0 f   libohNetCore:Http.obj
 0001:0007f910       ??__F?kHeaderTrailer@Http@OpenHome@@2VBrn@2@B@@YAXXZ 00480910 f   libohNetCore:Http.obj
 0001:0007f930       ??__F?kHeaderTransferEncoding@Http@OpenHome@@2VBrn@2@B@@YAXXZ 00480930 f   libohNetCore:Http.obj
 0001:0007f950       ??__F?kHeaderUpgrade@Http@OpenHome@@2VBrn@2@B@@YAXXZ 00480950 f   libohNetCore:Http.obj
 0001:0007f970       ??__F?kHeaderVia@Http@OpenHome@@2VBrn@2@B@@YAXXZ 00480970 f   libohNetCore:Http.obj
 0001:0007f990       ??__F?kHeaderWarning@Http@OpenHome@@2VBrn@2@B@@YAXXZ 00480990 f   libohNetCore:Http.obj
 0001:0007f9b0       ??__F?kHeaderAccept@Http@OpenHome@@2VBrn@2@B@@YAXXZ 004809b0 f   libohNetCore:Http.obj
 0001:0007f9d0       ??__F?kHeaderAcceptCharset@Http@OpenHome@@2VBrn@2@B@@YAXXZ 004809d0 f   libohNetCore:Http.obj
 0001:0007f9f0       ??__F?kHeaderAcceptEncoding@Http@OpenHome@@2VBrn@2@B@@YAXXZ 004809f0 f   libohNetCore:Http.obj
 0001:0007fa10       ??__F?kHeaderAcceptLanguage@Http@OpenHome@@2VBrn@2@B@@YAXXZ 00480a10 f   libohNetCore:Http.obj
 0001:0007fa30       ??__F?kHeaderAuthorization@Http@OpenHome@@2VBrn@2@B@@YAXXZ 00480a30 f   libohNetCore:Http.obj
 0001:0007fa50       ??__F?kHeaderExpect@Http@OpenHome@@2VBrn@2@B@@YAXXZ 00480a50 f   libohNetCore:Http.obj
 0001:0007fa70       ??__F?kHeaderFrom@Http@OpenHome@@2VBrn@2@B@@YAXXZ 00480a70 f   libohNetCore:Http.obj
 0001:0007fa90       ??__F?kHeaderHost@Http@OpenHome@@2VBrn@2@B@@YAXXZ 00480a90 f   libohNetCore:Http.obj
 0001:0007fab0       ??__F?kHeaderIfMatch@Http@OpenHome@@2VBrn@2@B@@YAXXZ 00480ab0 f   libohNetCore:Http.obj
 0001:0007fad0       ??__F?kHeaderIfModifiedSince@Http@OpenHome@@2VBrn@2@B@@YAXXZ 00480ad0 f   libohNetCore:Http.obj
 0001:0007faf0       ??__F?kHeaderIfNoneMatch@Http@OpenHome@@2VBrn@2@B@@YAXXZ 00480af0 f   libohNetCore:Http.obj
 0001:0007fb10       ??__F?kHeaderIfRange@Http@OpenHome@@2VBrn@2@B@@YAXXZ 00480b10 f   libohNetCore:Http.obj
 0001:0007fb30       ??__F?kHeaderIfUnmodifiedSince@Http@OpenHome@@2VBrn@2@B@@YAXXZ 00480b30 f   libohNetCore:Http.obj
 0001:0007fb50       ??__F?kHeaderMaxForwards@Http@OpenHome@@2VBrn@2@B@@YAXXZ 00480b50 f   libohNetCore:Http.obj
 0001:0007fb70       ??__F?kHeaderProxyAuthorization@Http@OpenHome@@2VBrn@2@B@@YAXXZ 00480b70 f   libohNetCore:Http.obj
 0001:0007fb90       ??__F?kHeaderRange@Http@OpenHome@@2VBrn@2@B@@YAXXZ 00480b90 f   libohNetCore:Http.obj
 0001:0007fbb0       ??__F?kHeaderReferer@Http@OpenHome@@2VBrn@2@B@@YAXXZ 00480bb0 f   libohNetCore:Http.obj
 0001:0007fbd0       ??__F?kHeaderTe@Http@OpenHome@@2VBrn@2@B@@YAXXZ 00480bd0 f   libohNetCore:Http.obj
 0001:0007fbf0       ??__F?kHeaderUserAgent@Http@OpenHome@@2VBrn@2@B@@YAXXZ 00480bf0 f   libohNetCore:Http.obj
 0001:0007fc10       ??__F?kHeaderAcceptRanges@Http@OpenHome@@2VBrn@2@B@@YAXXZ 00480c10 f   libohNetCore:Http.obj
 0001:0007fc30       ??__F?kHeaderAge@Http@OpenHome@@2VBrn@2@B@@YAXXZ 00480c30 f   libohNetCore:Http.obj
 0001:0007fc50       ??__F?kHeaderETag@Http@OpenHome@@2VBrn@2@B@@YAXXZ 00480c50 f   libohNetCore:Http.obj
 0001:0007fc70       ??__F?kHeaderLocation@Http@OpenHome@@2VBrn@2@B@@YAXXZ 00480c70 f   libohNetCore:Http.obj
 0001:0007fc90       ??__F?kHeaderProxyAuthenticate@Http@OpenHome@@2VBrn@2@B@@YAXXZ 00480c90 f   libohNetCore:Http.obj
 0001:0007fcb0       ??__F?kHeaderRetryAfter@Http@OpenHome@@2VBrn@2@B@@YAXXZ 00480cb0 f   libohNetCore:Http.obj
 0001:0007fcd0       ??__F?kHeaderServer@Http@OpenHome@@2VBrn@2@B@@YAXXZ 00480cd0 f   libohNetCore:Http.obj
 0001:0007fcf0       ??__F?kHeaderVary@Http@OpenHome@@2VBrn@2@B@@YAXXZ 00480cf0 f   libohNetCore:Http.obj
 0001:0007fd10       ??__F?kHeaderWwwAuthenticate@Http@OpenHome@@2VBrn@2@B@@YAXXZ 00480d10 f   libohNetCore:Http.obj
 0001:0007fd30       ??__F?kHeaderAllow@Http@OpenHome@@2VBrn@2@B@@YAXXZ 00480d30 f   libohNetCore:Http.obj
 0001:0007fd50       ??__F?kHeaderContentEncoding@Http@OpenHome@@2VBrn@2@B@@YAXXZ 00480d50 f   libohNetCore:Http.obj
 0001:0007fd70       ??__F?kHeaderContentLanguage@Http@OpenHome@@2VBrn@2@B@@YAXXZ 00480d70 f   libohNetCore:Http.obj
 0001:0007fd90       ??__F?kHeaderContentLength@Http@OpenHome@@2VBrn@2@B@@YAXXZ 00480d90 f   libohNetCore:Http.obj
 0001:0007fdb0       ??__F?kHeaderContentLocation@Http@OpenHome@@2VBrn@2@B@@YAXXZ 00480db0 f   libohNetCore:Http.obj
 0001:0007fdd0       ??__F?kHeaderContentMd5@Http@OpenHome@@2VBrn@2@B@@YAXXZ 00480dd0 f   libohNetCore:Http.obj
 0001:0007fdf0       ??__F?kHeaderContentRange@Http@OpenHome@@2VBrn@2@B@@YAXXZ 00480df0 f   libohNetCore:Http.obj
 0001:0007fe10       ??__F?kHeaderContentType@Http@OpenHome@@2VBrn@2@B@@YAXXZ 00480e10 f   libohNetCore:Http.obj
 0001:0007fe30       ??__F?kHeaderExpires@Http@OpenHome@@2VBrn@2@B@@YAXXZ 00480e30 f   libohNetCore:Http.obj
 0001:0007fe50       ??__F?kHeaderLastModified@Http@OpenHome@@2VBrn@2@B@@YAXXZ 00480e50 f   libohNetCore:Http.obj
 0001:0007fe70       ??__F?kUriPrefix@Http@OpenHome@@2VBrn@2@B@@YAXXZ 00480e70 f   libohNetCore:Http.obj
 0001:0007fe90       ??__F?kValueZero@Http@OpenHome@@2VBrn@2@B@@YAXXZ 00480e90 f   libohNetCore:Http.obj
 0001:0007feb0       ??__F?kHeaderSeparator@Http@OpenHome@@2VBrn@2@B@@YAXXZ 00480eb0 f   libohNetCore:Http.obj
 0001:0007fed0       ??__F?kHeaderTerminator@Http@OpenHome@@2VBrn@2@B@@YAXXZ 00480ed0 f   libohNetCore:Http.obj
 0001:0007fef0       ??__F?kChunkedCountSeparator@Http@OpenHome@@2VBrn@2@B@@YAXXZ 00480ef0 f   libohNetCore:Http.obj
 0001:0007ff10       ??__F?kConnectionClose@Http@OpenHome@@2VBrn@2@B@@YAXXZ 00480f10 f   libohNetCore:Http.obj
 0001:0007ff30       ??__F?kConnectionUpgrade@Http@OpenHome@@2VBrn@2@B@@YAXXZ 00480f30 f   libohNetCore:Http.obj
 0001:0007ff50       ??__F?kContentLanguageEnglish@Http@OpenHome@@2VBrn@2@B@@YAXXZ 00480f50 f   libohNetCore:Http.obj
 0001:0007ff70       ??__F?kRangeBytes@Http@OpenHome@@2VBrn@2@B@@YAXXZ 00480f70 f   libohNetCore:Http.obj
 0001:0007ff90       ??__F?kRangeSeparator@Http@OpenHome@@2VBrn@2@B@@YAXXZ 00480f90 f   libohNetCore:Http.obj
 0001:0007ffb0       ??__F?kExpect100Continue@Http@OpenHome@@2VBrn@2@B@@YAXXZ 00480fb0 f   libohNetCore:Http.obj
 0001:0007ffd0       ??__F?kTransferEncodingChunked@Http@OpenHome@@2VBrn@2@B@@YAXXZ 00480fd0 f   libohNetCore:Http.obj
 0001:0007fff0       ??__F?kTransferEncodingIdentity@Http@OpenHome@@2VBrn@2@B@@YAXXZ 00480ff0 f   libohNetCore:Http.obj
 0001:00080010       ??__FkHttpVersion09@@YAXXZ 00481010 f   libohNetCore:Http.obj
 0001:00080030       ??__FkHttpVersion10@@YAXXZ 00481030 f   libohNetCore:Http.obj
 0001:00080050       ??__FkHttpVersion11@@YAXXZ 00481050 f   libohNetCore:Http.obj
 0001:00080070       ??__FkRtspVersion10@@YAXXZ 00481070 f   libohNetCore:Http.obj
 0001:00080090       ??__F?kContinue@HttpStatus@OpenHome@@2V12@B@@YAXXZ 00481090 f   libohNetCore:Http.obj
 0001:000800b0       ??__F?kSwitchingProtocols@HttpStatus@OpenHome@@2V12@B@@YAXXZ 004810b0 f   libohNetCore:Http.obj
 0001:000800d0       ??__F?kOk@HttpStatus@OpenHome@@2V12@B@@YAXXZ 004810d0 f   libohNetCore:Http.obj
 0001:000800f0       ??__F?kCreated@HttpStatus@OpenHome@@2V12@B@@YAXXZ 004810f0 f   libohNetCore:Http.obj
 0001:00080110       ??__F?kAccepted@HttpStatus@OpenHome@@2V12@B@@YAXXZ 00481110 f   libohNetCore:Http.obj
 0001:00080130       ??__F?kNonAuthoritativeInformation@HttpStatus@OpenHome@@2V12@B@@YAXXZ 00481130 f   libohNetCore:Http.obj
 0001:00080150       ??__F?kNoContent@HttpStatus@OpenHome@@2V12@B@@YAXXZ 00481150 f   libohNetCore:Http.obj
 0001:00080170       ??__F?kResetContent@HttpStatus@OpenHome@@2V12@B@@YAXXZ 00481170 f   libohNetCore:Http.obj
 0001:00080190       ??__F?kPartialContent@HttpStatus@OpenHome@@2V12@B@@YAXXZ 00481190 f   libohNetCore:Http.obj
 0001:000801b0       ??__F?kMultipleChoices@HttpStatus@OpenHome@@2V12@B@@YAXXZ 004811b0 f   libohNetCore:Http.obj
 0001:000801d0       ??__F?kMovedPermanently@HttpStatus@OpenHome@@2V12@B@@YAXXZ 004811d0 f   libohNetCore:Http.obj
 0001:000801f0       ??__F?kFound@HttpStatus@OpenHome@@2V12@B@@YAXXZ 004811f0 f   libohNetCore:Http.obj
 0001:00080210       ??__F?kSeeOther@HttpStatus@OpenHome@@2V12@B@@YAXXZ 00481210 f   libohNetCore:Http.obj
 0001:00080230       ??__F?kNotModified@HttpStatus@OpenHome@@2V12@B@@YAXXZ 00481230 f   libohNetCore:Http.obj
 0001:00080250       ??__F?kUseProxy@HttpStatus@OpenHome@@2V12@B@@YAXXZ 00481250 f   libohNetCore:Http.obj
 0001:00080270       ??__F?kTemporaryRedirect@HttpStatus@OpenHome@@2V12@B@@YAXXZ 00481270 f   libohNetCore:Http.obj
 0001:00080290       ??__F?kBadRequest@HttpStatus@OpenHome@@2V12@B@@YAXXZ 00481290 f   libohNetCore:Http.obj
 0001:000802b0       ??__F?kUnauthorized@HttpStatus@OpenHome@@2V12@B@@YAXXZ 004812b0 f   libohNetCore:Http.obj
 0001:000802d0       ??__F?kPaymentRequired@HttpStatus@OpenHome@@2V12@B@@YAXXZ 004812d0 f   libohNetCore:Http.obj
 0001:000802f0       ??__F?kForbidden@HttpStatus@OpenHome@@2V12@B@@YAXXZ 004812f0 f   libohNetCore:Http.obj
 0001:00080310       ??__F?kNotFound@HttpStatus@OpenHome@@2V12@B@@YAXXZ 00481310 f   libohNetCore:Http.obj
 0001:00080330       ??__F?kMethodNotAllowed@HttpStatus@OpenHome@@2V12@B@@YAXXZ 00481330 f   libohNetCore:Http.obj
 0001:00080350       ??__F?kNotAcceptable@HttpStatus@OpenHome@@2V12@B@@YAXXZ 00481350 f   libohNetCore:Http.obj
 0001:00080370       ??__F?kProxyAuthenticationRequired@HttpStatus@OpenHome@@2V12@B@@YAXXZ 00481370 f   libohNetCore:Http.obj
 0001:00080390       ??__F?kRequestTimeout@HttpStatus@OpenHome@@2V12@B@@YAXXZ 00481390 f   libohNetCore:Http.obj
 0001:000803b0       ??__F?kConflict@HttpStatus@OpenHome@@2V12@B@@YAXXZ 004813b0 f   libohNetCore:Http.obj
 0001:000803d0       ??__F?kGone@HttpStatus@OpenHome@@2V12@B@@YAXXZ 004813d0 f   libohNetCore:Http.obj
 0001:000803f0       ??__F?kLengthRequired@HttpStatus@OpenHome@@2V12@B@@YAXXZ 004813f0 f   libohNetCore:Http.obj
 0001:00080410       ??__F?kPreconditionFailed@HttpStatus@OpenHome@@2V12@B@@YAXXZ 00481410 f   libohNetCore:Http.obj
 0001:00080430       ??__F?kRequestEntityTooLarge@HttpStatus@OpenHome@@2V12@B@@YAXXZ 00481430 f   libohNetCore:Http.obj
 0001:00080450       ??__F?kRequestUriTooLarge@HttpStatus@OpenHome@@2V12@B@@YAXXZ 00481450 f   libohNetCore:Http.obj
 0001:00080470       ??__F?kUnsupportedMediaType@HttpStatus@OpenHome@@2V12@B@@YAXXZ 00481470 f   libohNetCore:Http.obj
 0001:00080490       ??__F?kRequestedRangeNotSatisfiable@HttpStatus@OpenHome@@2V12@B@@YAXXZ 00481490 f   libohNetCore:Http.obj
 0001:000804b0       ??__F?kExpectationFailure@HttpStatus@OpenHome@@2V12@B@@YAXXZ 004814b0 f   libohNetCore:Http.obj
 0001:000804d0       ??__F?kInternalServerError@HttpStatus@OpenHome@@2V12@B@@YAXXZ 004814d0 f   libohNetCore:Http.obj
 0001:000804f0       ??__F?kNotImplemented@HttpStatus@OpenHome@@2V12@B@@YAXXZ 004814f0 f   libohNetCore:Http.obj
 0001:00080510       ??__F?kBadGateway@HttpStatus@OpenHome@@2V12@B@@YAXXZ 00481510 f   libohNetCore:Http.obj
 0001:00080530       ??__F?kServiceUnavailable@HttpStatus@OpenHome@@2V12@B@@YAXXZ 00481530 f   libohNetCore:Http.obj
 0001:00080550       ??__F?kGatewayTimeout@HttpStatus@OpenHome@@2V12@B@@YAXXZ 00481550 f   libohNetCore:Http.obj
 0001:00080570       ??__F?kHttpVersionNotSupported@HttpStatus@OpenHome@@2V12@B@@YAXXZ 00481570 f   libohNetCore:Http.obj
 0001:00080590       ??__FkAlive@@YAXXZ         00481590 f   libohNetCore:Ssdp.obj
 0001:000805b0       ??__FkByeBye@@YAXXZ        004815b0 f   libohNetCore:Ssdp.obj
 0001:000805d0       ??__FkMaxAge@@YAXXZ        004815d0 f   libohNetCore:Ssdp.obj
 0001:000805f0       ??__FkUuid@@YAXXZ          004815f0 f   libohNetCore:Ssdp.obj
 0001:00080610       ??__FkUpnpRoot@@YAXXZ      00481610 f   libohNetCore:Ssdp.obj
 0001:00080630       ??__FkMsearchDiscover@@YAXXZ 00481630 f   libohNetCore:Ssdp.obj
 0001:00080650       ??__FkMsearchAll@@YAXXZ    00481650 f   libohNetCore:Ssdp.obj
 0001:00080670       ??__FkMsearchUpnpRoot@@YAXXZ 00481670 f   libohNetCore:Ssdp.obj
 0001:00080690       ??__FkMsearchUuid@@YAXXZ   00481690 f   libohNetCore:Ssdp.obj
 0001:000806b0       ??__FkMsearchUrn@@YAXXZ    004816b0 f   libohNetCore:Ssdp.obj
 0001:000806d0       ??__FkMsearchDevice@@YAXXZ 004816d0 f   libohNetCore:Ssdp.obj
 0001:000806f0       ??__FkMsearchService@@YAXXZ 004816f0 f   libohNetCore:Ssdp.obj
 0001:00080710       ??__FkUsnSeparator@@YAXXZ  00481710 f   libohNetCore:Ssdp.obj
 0001:00080730       ??__FkVersionSeparator@@YAXXZ 00481730 f   libohNetCore:Ssdp.obj
 0001:00080750       ??__FkSsdpPortSeparator@@YAXXZ 00481750 f   libohNetCore:Ssdp.obj
 0001:00080770       ??__FkSsdpUrlSeparator@@YAXXZ 00481770 f   libohNetCore:Ssdp.obj
 0001:00080790       ??__FkSsdpHttp@@YAXXZ      00481790 f   libohNetCore:Ssdp.obj
 0001:000807b0       ??__FkSsdpMaxAge@@YAXXZ    004817b0 f   libohNetCore:Ssdp.obj
 0001:000807d0       ??__FkSchemasUpnpOrg@@YAXXZ 004817d0 f   libohNetCore:Ssdp.obj
 0001:000807f0       ??__FkUpnpOrg@@YAXXZ       004817f0 f   libohNetCore:Ssdp.obj
 0001:00080810       ??__F?kUrn@Ssdp@Net@OpenHome@@2VBrn@3@B@@YAXXZ 00481810 f   libohNetCore:Ssdp.obj
 0001:00080830       ??__F?kMulticastAddress@Ssdp@Net@OpenHome@@2VBrn@3@B@@YAXXZ 00481830 f   libohNetCore:Ssdp.obj
 0001:00080850       ??__F?kMulticastAddressAndPort@Ssdp@Net@OpenHome@@2VBrn@3@B@@YAXXZ 00481850 f   libohNetCore:Ssdp.obj
 0001:00080870       ??__F?kMethodNotify@Ssdp@Net@OpenHome@@2VBrn@3@B@@YAXXZ 00481870 f   libohNetCore:Ssdp.obj
 0001:00080890       ??__F?kMethodMsearch@Ssdp@Net@OpenHome@@2VBrn@3@B@@YAXXZ 00481890 f   libohNetCore:Ssdp.obj
 0001:000808b0       ??__F?kMethodUri@Ssdp@Net@OpenHome@@2VBrn@3@B@@YAXXZ 004818b0 f   libohNetCore:Ssdp.obj
 0001:000808d0       ??__F?kStatusOk@Ssdp@Net@OpenHome@@2VBrn@3@B@@YAXXZ 004818d0 f   libohNetCore:Ssdp.obj
 0001:000808f0       ??__F?kHeaderHost@Ssdp@Net@OpenHome@@2VBrn@3@B@@YAXXZ 004818f0 f   libohNetCore:Ssdp.obj
 0001:00080910       ??__F?kHeaderServer@Ssdp@Net@OpenHome@@2VBrn@3@B@@YAXXZ 00481910 f   libohNetCore:Ssdp.obj
 0001:00080930       ??__F?kHeaderCacheControl@Ssdp@Net@OpenHome@@2VBrn@3@B@@YAXXZ 00481930 f   libohNetCore:Ssdp.obj
 0001:00080950       ??__F?kHeaderLocation@Ssdp@Net@OpenHome@@2VBrn@3@B@@YAXXZ 00481950 f   libohNetCore:Ssdp.obj
 0001:00080970       ??__F?kHeaderNt@Ssdp@Net@OpenHome@@2VBrn@3@B@@YAXXZ 00481970 f   libohNetCore:Ssdp.obj
 0001:00080990       ??__F?kHeaderSt@Ssdp@Net@OpenHome@@2VBrn@3@B@@YAXXZ 00481990 f   libohNetCore:Ssdp.obj
 0001:000809b0       ??__F?kHeaderUsn@Ssdp@Net@OpenHome@@2VBrn@3@B@@YAXXZ 004819b0 f   libohNetCore:Ssdp.obj
 0001:000809d0       ??__F?kHeaderNts@Ssdp@Net@OpenHome@@2VBrn@3@B@@YAXXZ 004819d0 f   libohNetCore:Ssdp.obj
 0001:000809f0       ??__F?kHeaderExt@Ssdp@Net@OpenHome@@2VBrn@3@B@@YAXXZ 004819f0 f   libohNetCore:Ssdp.obj
 0001:00080a10       ??__F?kHeaderMan@Ssdp@Net@OpenHome@@2VBrn@3@B@@YAXXZ 00481a10 f   libohNetCore:Ssdp.obj
 0001:00080a30       ??__F?kHeaderMx@Ssdp@Net@OpenHome@@2VBrn@3@B@@YAXXZ 00481a30 f   libohNetCore:Ssdp.obj
 0001:00080a50       ??__F?kHeaderBootId@Ssdp@Net@OpenHome@@2VBrn@3@B@@YAXXZ 00481a50 f   libohNetCore:Ssdp.obj
 0001:00080a70       ??__F?kHeaderNextBootId@Ssdp@Net@OpenHome@@2VBrn@3@B@@YAXXZ 00481a70 f   libohNetCore:Ssdp.obj
 0001:00080a90       ??__F?kHeaderConfigId@Ssdp@Net@OpenHome@@2VBrn@3@B@@YAXXZ 00481a90 f   libohNetCore:Ssdp.obj
 0001:00080ab0       ??__F?kHeaderSearchPort@Ssdp@Net@OpenHome@@2VBrn@3@B@@YAXXZ 00481ab0 f   libohNetCore:Ssdp.obj
 0001:00080ad0       ??__F?kDeviceSeparator@Ssdp@Net@OpenHome@@2VBrn@3@B@@YAXXZ 00481ad0 f   libohNetCore:Ssdp.obj
 0001:00080af0       ??__F?kServiceSeparator@Ssdp@Net@OpenHome@@2VBrn@3@B@@YAXXZ 00481af0 f   libohNetCore:Ssdp.obj
 0001:00080b10       ??__Finitlocks@std@@YAXXZ  00481b10 f   libcpmtd:xlock.obj
 0001:00080b30       ??__Fnomem@?5???2@YAPAXI@Z@YAXXZ 00481b30 f   LIBCMTD:new.obj
