 TestFifo

 Timestamp is 4e1c1b89 (Tue Jul 12 11:01:45 2011)

 Preferred load address is 00400000

 Start         Length     Name                   Class
 0001:00000000 0007a36cH .text                   CODE
 0001:0007a370 000050b3H .text$x                 CODE
 0001:0007f430 0000353eH .text$yc                CODE
 0001:00082970 00001431H .text$yd                CODE
 0002:00000000 000001e4H .idata$5                DATA
 0002:000001e4 00000004H .CRT$XCA                DATA
 0002:000001e8 00000004H .CRT$XCC                DATA
 0002:000001ec 00000294H .CRT$XCU                DATA
 0002:00000480 00000004H .CRT$XCZ                DATA
 0002:00000484 00000004H .CRT$XIA                DATA
 0002:00000488 00000010H .CRT$XIC                DATA
 0002:00000498 00000004H .CRT$XIY                DATA
 0002:0000049c 00000004H .CRT$XIZ                DATA
 0002:000004a0 00000004H .CRT$XPA                DATA
 0002:000004a4 00000008H .CRT$XPX                DATA
 0002:000004ac 00000004H .CRT$XPXA               DATA
 0002:000004b0 00000004H .CRT$XPZ                DATA
 0002:000004b4 00000004H .CRT$XTA                DATA
 0002:000004b8 00000004H .CRT$XTZ                DATA
 0002:000004c0 00014858H .rdata                  DATA
 0002:00014d18 0000004fH .rdata$debug            DATA
 0002:00014d68 000021f0H .rdata$r                DATA
 0002:00016f60 00000664H .rdata$sxdata           DATA
 0002:000175c4 00000004H .rtc$IAA                DATA
 0002:000175c8 00000060H .rtc$IMZ                DATA
 0002:00017628 00000004H .rtc$IZZ                DATA
 0002:0001762c 00000004H .rtc$TAA                DATA
 0002:00017630 00000060H .rtc$TMZ                DATA
 0002:00017690 00000004H .rtc$TZZ                DATA
 0002:00017698 000067dcH .xdata$x                DATA
 0002:0001de74 0000003cH .idata$2                DATA
 0002:0001deb0 00000014H .idata$3                DATA
 0002:0001dec4 000001e4H .idata$4                DATA
 0002:0001e0a8 00000776H .idata$6                DATA
 0002:0001e820 0000049cH .edata                  DATA
 0003:00000000 00001fe0H .data                   DATA
 0003:00001fe0 000031ccH .bss                    DATA

  Address         Publics by Value              Rva+Base       Lib:Object

 0000:00000000       __except_list              00000000     <absolute>
 0000:00000199       ___safe_se_handler_count   00000199     <absolute>
 0000:00000000       ___ImageBase               00400000     <linker-defined>
 0001:00000010       ?Test@SuiteFifoBasic@@UAEXXZ 00401010 f   TestFifo.obj
 0001:00000b40       ?Run@Reader@@QAEXXZ        00401b40 f   TestFifo.obj
 0001:00000d00       ?Run@Writer0@@QAEXXZ       00401d00 f   TestFifo.obj
 0001:00000df0       ?Run@Writer1@@QAEXXZ       00401df0 f   TestFifo.obj
 0001:00000ee0       ?MultipleWriteTest@@YGXIII@Z 00401ee0 f   TestFifo.obj
 0001:00001420       ?Run@ThreadSafetyTests@@UAEXXZ 00402420 f   TestFifo.obj
 0001:00001520       ?Test@SuiteFifoThreadSafety@@UAEXXZ 00402520 f   TestFifo.obj
 0001:00001650       ?Test@SuiteFifoLiteBasic@@UAEXXZ 00402650 f   TestFifo.obj
 0001:00002bd0       ?Main@Runner@TestFramework@OpenHome@@SGXHQAPADPAVInitialisationParams@Net@3@@Z 00403bd0 f   TestFifo.obj
 0001:00002d80       ?Value@I@@QBEIXZ           00403d80 f i TestFifo.obj
 0001:00002da0       ??0I@@QAE@I@Z              00403da0 f i TestFifo.obj
 0001:00002dc0       ??0Reader@@QAE@AAV?$Fifo@PAVI@@@OpenHome@@AAVThread@2@I@Z 00403dc0 f i TestFifo.obj
 0001:00002e10       ??0INonCopyable@OpenHome@@IAE@XZ 00403e10 f i TestFifo.obj
 0001:00002e30       ??0Writer0@@QAE@AAV?$Fifo@PAVI@@@OpenHome@@AAVThread@2@I@Z 00403e30 f i TestFifo.obj
 0001:00002e80       ??0Writer1@@QAE@AAV?$Fifo@PAVI@@@OpenHome@@AAVThread@2@I@Z 00403e80 f i TestFifo.obj
 0001:00002ed0       ??0ThreadSafetyTests@@QAE@AAVSemaphore@OpenHome@@@Z 00403ed0 f i TestFifo.obj
 0001:00002f20       ??_GThreadSafetyTests@@UAEPAXI@Z 00403f20 f i TestFifo.obj
 0001:00002f20       ??_EThreadSafetyTests@@UAEPAXI@Z 00403f20 f i TestFifo.obj
 0001:00002f60       ??1ThreadSafetyTests@@UAE@XZ 00403f60 f i TestFifo.obj
 0001:00002f90       ??0SuiteFifoBasic@@QAE@XZ  00403f90 f i TestFifo.obj
 0001:00002fd0       ??_ESuiteFifoBasic@@UAEPAXI@Z 00403fd0 f i TestFifo.obj
 0001:00002fd0       ??_GSuiteFifoBasic@@UAEPAXI@Z 00403fd0 f i TestFifo.obj
 0001:00003010       ??1SuiteFifoBasic@@UAE@XZ  00404010 f i TestFifo.obj
 0001:00003040       ??0SuiteFifoThreadSafety@@QAE@XZ 00404040 f i TestFifo.obj
 0001:00003080       ??_ESuiteFifoThreadSafety@@UAEPAXI@Z 00404080 f i TestFifo.obj
 0001:00003080       ??_GSuiteFifoThreadSafety@@UAEPAXI@Z 00404080 f i TestFifo.obj
 0001:000030c0       ??1SuiteFifoThreadSafety@@UAE@XZ 004040c0 f i TestFifo.obj
 0001:000030f0       ??0SuiteFifoLiteBasic@@QAE@XZ 004040f0 f i TestFifo.obj
 0001:00003130       ??_ESuiteFifoLiteBasic@@UAEPAXI@Z 00404130 f i TestFifo.obj
 0001:00003130       ??_GSuiteFifoLiteBasic@@UAEPAXI@Z 00404130 f i TestFifo.obj
 0001:00003170       ??1SuiteFifoLiteBasic@@UAE@XZ 00404170 f i TestFifo.obj
 0001:000031a0       ??_GInitialisationParams@Net@OpenHome@@QAEPAXI@Z 004041a0 f i TestFifo.obj
 0001:000031e0       ??0?$Fifo@PAVI@@@OpenHome@@QAE@I@Z 004041e0 f i TestFifo.obj
 0001:00003280       ??1?$Fifo@PAVI@@@OpenHome@@QAE@XZ 00404280 f i TestFifo.obj
 0001:000032d0       ??0?$FifoLite@PAVI@@$03@OpenHome@@QAE@XZ 004042d0 f i TestFifo.obj
 0001:00003300       ?Write@?$FifoLite@PAVI@@$03@OpenHome@@QAEXPAVI@@@Z 00404300 f i TestFifo.obj
 0001:00003330       ?WriteBack@?$FifoLite@PAVI@@$03@OpenHome@@QAEXPAVI@@@Z 00404330 f i TestFifo.obj
 0001:00003360       ?Read@?$FifoLite@PAVI@@$03@OpenHome@@QAEPAVI@@XZ 00404360 f i TestFifo.obj
 0001:00003390       ??0?$FifoLite@PAVI@@$00@OpenHome@@QAE@XZ 00404390 f i TestFifo.obj
 0001:000033c0       ?Write@?$FifoLite@PAVI@@$00@OpenHome@@QAEXPAVI@@@Z 004043c0 f i TestFifo.obj
 0001:000033f0       ?Read@?$FifoLite@PAVI@@$00@OpenHome@@QAEPAVI@@XZ 004043f0 f i TestFifo.obj
 0001:00003420       ??1FifoBase@OpenHome@@QAE@XZ 00404420 f i TestFifo.obj
 0001:000034a0       ?Write@?$Fifo@PAVI@@@OpenHome@@QAEXPAVI@@I@Z 004044a0 f i TestFifo.obj
 0001:000034e0       ?Write@?$Fifo@PAVI@@@OpenHome@@QAEXPAVI@@@Z 004044e0 f i TestFifo.obj
 0001:00003510       ?Read@?$Fifo@PAVI@@@OpenHome@@QAEPAVI@@I@Z 00404510 f i TestFifo.obj
 0001:00003560       ?Read@?$Fifo@PAVI@@@OpenHome@@QAEPAVI@@XZ 00404560 f i TestFifo.obj
 0001:00003590       ??$MakeFunctor@VWriter0@@XV1@@OpenHome@@YG?AV?$MemberTranslator@VWriter0@@P81@AEXXZ@0@AAVWriter0@@ABQ82@AEXXZ@Z 00404590 f i TestFifo.obj
 0001:000035c0       ??$MakeFunctor@VWriter1@@XV1@@OpenHome@@YG?AV?$MemberTranslator@VWriter1@@P81@AEXXZ@0@AAVWriter1@@ABQ82@AEXXZ@Z 004045c0 f i TestFifo.obj
 0001:000035f0       ??$MakeFunctor@VReader@@XV1@@OpenHome@@YG?AV?$MemberTranslator@VReader@@P81@AEXXZ@0@AAVReader@@ABQ82@AEXXZ@Z 004045f0 f i TestFifo.obj
 0001:00003620       ??0?$MemberTranslator@VWriter0@@P81@AEXXZ@OpenHome@@QAE@AAVWriter0@@ABQ82@AEXXZ@Z 00404620 f i TestFifo.obj
 0001:00003660       ??0Functor@OpenHome@@IAE@P6GXABV01@@ZPBX2I@Z 00404660 f i TestFifo.obj
 0001:000036b0       ??0?$MemberTranslator@VWriter1@@P81@AEXXZ@OpenHome@@QAE@AAVWriter1@@ABQ82@AEXXZ@Z 004046b0 f i TestFifo.obj
 0001:000036f0       ??0?$MemberTranslator@VReader@@P81@AEXXZ@OpenHome@@QAE@AAVReader@@ABQ82@AEXXZ@Z 004046f0 f i TestFifo.obj
 0001:00003730       ?Thunk@?$MemberTranslator@VWriter0@@P81@AEXXZ@OpenHome@@SGXABVFunctor@2@@Z 00404730 f i TestFifo.obj
 0001:00003780       ?Thunk@?$MemberTranslator@VWriter1@@P81@AEXXZ@OpenHome@@SGXABVFunctor@2@@Z 00404780 f i TestFifo.obj
 0001:000037d0       ?Thunk@?$MemberTranslator@VReader@@P81@AEXXZ@OpenHome@@SGXABVFunctor@2@@Z 004047d0 f i TestFifo.obj
 0001:00003820       ?Log@TestConsole@@QAEXPBD@Z 00404820 f   libTestFramework:TestFramework.obj
 0001:00003850       ?AssertHandlerTest@TestFramework@OpenHome@@YGXPBDI@Z 00404850 f   libTestFramework:TestFramework.obj
 0001:00003900       ??0Suite@TestFramework@OpenHome@@IAE@PBD@Z 00404900 f   libTestFramework:TestFramework.obj
 0001:00003940       ??1Suite@TestFramework@OpenHome@@MAE@XZ 00404940 f   libTestFramework:TestFramework.obj
 0001:00003960       ?Description@Suite@TestFramework@OpenHome@@QBEPBDXZ 00404960 f   libTestFramework:TestFramework.obj
 0001:00003980       ??0Runner@TestFramework@OpenHome@@QAE@PBD@Z 00404980 f   libTestFramework:TestFramework.obj
 0001:000039c0       ??1Runner@TestFramework@OpenHome@@QAE@XZ 004049c0 f   libTestFramework:TestFramework.obj
 0001:000039e0       ?Add@Runner@TestFramework@OpenHome@@QAEXPAVSuite@23@@Z 004049e0 f   libTestFramework:TestFramework.obj
 0001:00003a60       ?Run@Runner@TestFramework@OpenHome@@QAEXXZ 00404a60 f   libTestFramework:TestFramework.obj
 0001:00003d10       ?Fail@TestFramework@OpenHome@@YGXPBDI00@Z 00404d10 f   libTestFramework:TestFramework.obj
 0001:00003d70       ?Succeed@TestFramework@OpenHome@@YGXPBDI@Z 00404d70 f   libTestFramework:TestFramework.obj
 0001:00003da0       ?SucceedQuietly@TestFramework@OpenHome@@YGXPBDI@Z 00404da0 f   libTestFramework:TestFramework.obj
 0001:00003dd0       ?TimeStart@TestFramework@OpenHome@@YGIXZ 00404dd0 f   libTestFramework:TestFramework.obj
 0001:00003df0       ?TimeStop@TestFramework@OpenHome@@YGII@Z 00404df0 f   libTestFramework:TestFramework.obj
 0001:00003e20       ?Print@TestFramework@OpenHome@@YAHPBDZZ 00404e20 f   libTestFramework:TestFramework.obj
 0001:00003ee0       ?Print@TestFramework@OpenHome@@YGHPBDPAD@Z 00404ee0 f   libTestFramework:TestFramework.obj
 0001:00003f90       ?Print@TestFramework@OpenHome@@YGHABVBrx@2@@Z 00404f90 f   libTestFramework:TestFramework.obj
 0001:00004040       ?PrintHex@TestFramework@OpenHome@@YGHABVBrx@2@@Z 00405040 f   libTestFramework:TestFramework.obj
 0001:000040f0       ??0Blocker@TestFramework@OpenHome@@QAE@XZ 004050f0 f   libTestFramework:TestFramework.obj
 0001:000041f0       ??1Blocker@TestFramework@OpenHome@@QAE@XZ 004051f0 f   libTestFramework:TestFramework.obj
 0001:00004290       ?Wait@Blocker@TestFramework@OpenHome@@QAEXI@Z 00405290 f   libTestFramework:TestFramework.obj
 0001:000042d0       ?TimerExpired@Blocker@TestFramework@OpenHome@@AAEXXZ 004052d0 f   libTestFramework:TestFramework.obj
 0001:00004300       ?ConsoleWrite@Os@OpenHome@@SGXPBD@Z 00405300 f i libTestFramework:TestFramework.obj
 0001:00004320       ??0AssertionFailed@OpenHome@@QAE@PBDI@Z 00405320 f i libTestFramework:TestFramework.obj
 0001:00004360       ??1AssertionFailed@OpenHome@@QAE@XZ 00405360 f i libTestFramework:TestFramework.obj
 0001:00004390       ??_GSuite@TestFramework@OpenHome@@MAEPAXI@Z 00405390 f i libTestFramework:TestFramework.obj
 0001:00004390       ??_ESuite@TestFramework@OpenHome@@MAEPAXI@Z 00405390 f i libTestFramework:TestFramework.obj
 0001:000043d0       ?TimeInMs@Os@OpenHome@@SGIXZ 004053d0 f i libTestFramework:TestFramework.obj
 0001:000043f0       ?TimeInUs@Os@OpenHome@@SG_KXZ 004053f0 f i libTestFramework:TestFramework.obj
 0001:00004410       ??_GTimer@OpenHome@@QAEPAXI@Z 00405410 f i libTestFramework:TestFramework.obj
 0001:00004450       ??$MakeFunctorMsg@VTestConsole@@V1@@OpenHome@@YG?AV?$MemberTranslatorMsg@VTestConsole@@P81@AEXPBD@Z@0@AAVTestConsole@@ABQ82@AEXPBD@Z@Z 00405450 f i libTestFramework:TestFramework.obj
 0001:00004480       ??$MakeFunctor@VBlocker@TestFramework@OpenHome@@XV123@@OpenHome@@YG?AV?$MemberTranslator@VBlocker@TestFramework@OpenHome@@P8123@AEXXZ@0@AAVBlocker@TestFramework@0@ABQ8230@AEXXZ@Z 00405480 f i libTestFramework:TestFramework.obj
 0001:000044b0       ??0?$MemberTranslatorMsg@VTestConsole@@P81@AEXPBD@Z@OpenHome@@QAE@AAVTestConsole@@ABQ82@AEXPBD@Z@Z 004054b0 f i libTestFramework:TestFramework.obj
 0001:000044f0       ??0FunctorMsg@OpenHome@@IAE@P6GXABV01@PBD@ZPBX3I@Z 004054f0 f i libTestFramework:TestFramework.obj
 0001:00004540       ??0?$MemberTranslator@VBlocker@TestFramework@OpenHome@@P8123@AEXXZ@OpenHome@@QAE@AAVBlocker@TestFramework@1@ABQ8231@AEXXZ@Z 00405540 f i libTestFramework:TestFramework.obj
 0001:00004580       ?Thunk@?$MemberTranslatorMsg@VTestConsole@@P81@AEXPBD@Z@OpenHome@@SGXABVFunctorMsg@2@PBD@Z 00405580 f i libTestFramework:TestFramework.obj
 0001:000045d0       ?Thunk@?$MemberTranslator@VBlocker@TestFramework@OpenHome@@P8123@AEXXZ@OpenHome@@SGXABVFunctor@2@@Z 004055d0 f i libTestFramework:TestFramework.obj
 0001:00004620       ??0FifoBase@OpenHome@@IAE@I@Z 00405620 f   libohNetCore:Fifo.obj
 0001:00004700       ?Slots@FifoBase@OpenHome@@QBEIXZ 00405700 f   libohNetCore:Fifo.obj
 0001:00004720       ?SlotsFree@FifoBase@OpenHome@@QBEIXZ 00405720 f   libohNetCore:Fifo.obj
 0001:00004740       ?SlotsUsed@FifoBase@OpenHome@@QBEIXZ 00405740 f   libohNetCore:Fifo.obj
 0001:00004760       ?ReadInterrupt@FifoBase@OpenHome@@QAEX_N@Z 00405760 f   libohNetCore:Fifo.obj
 0001:000047a0       ?WriteOpen@FifoBase@OpenHome@@IAEII@Z 004057a0 f   libohNetCore:Fifo.obj
 0001:00004820       ?WriteClose@FifoBase@OpenHome@@IAEXXZ 00405820 f   libohNetCore:Fifo.obj
 0001:00004870       ?ReadOpen@FifoBase@OpenHome@@IAEII@Z 00405870 f   libohNetCore:Fifo.obj
 0001:00004970       ?ReadClose@FifoBase@OpenHome@@IAEXXZ 00405970 f   libohNetCore:Fifo.obj
 0001:000049b0       ?DoPeek@FifoBase@OpenHome@@IAEIXZ 004059b0 f   libohNetCore:Fifo.obj
 0001:000049d0       ??0FifoByte@OpenHome@@QAE@I@Z 004059d0 f   libohNetCore:Fifo.obj
 0001:00004a00       ?Write@FifoByte@OpenHome@@QAEXABVBrx@2@@Z 00405a00 f   libohNetCore:Fifo.obj
 0001:00004a60       ?Read@FifoByte@OpenHome@@QAEXAAVBwx@2@@Z 00405a60 f   libohNetCore:Fifo.obj
 0001:00004aa0       ?Read@FifoByte@OpenHome@@QAEXAAVBwx@2@I@Z 00405aa0 f   libohNetCore:Fifo.obj
 0001:00004b10       ??0FifoThresholdBase@OpenHome@@IAE@IAAVFifoThresholdObserver@1@@Z 00405b10 f   libohNetCore:Fifo.obj
 0001:00004b70       ?SetThresholdLow@FifoThresholdBase@OpenHome@@QAEXI@Z 00405b70 f   libohNetCore:Fifo.obj
 0001:00004bc0       ?SetThresholdHigh@FifoThresholdBase@OpenHome@@QAEXI@Z 00405bc0 f   libohNetCore:Fifo.obj
 0001:00004c10       ?CheckThresholdHigh@FifoThresholdBase@OpenHome@@IAEXXZ 00405c10 f   libohNetCore:Fifo.obj
 0001:00004c90       ?CheckThresholdLow@FifoThresholdBase@OpenHome@@IAEXXZ 00405c90 f   libohNetCore:Fifo.obj
 0001:00004d10       ??0FifoLiteBase@OpenHome@@IAE@I@Z 00405d10 f   libohNetCore:Fifo.obj
 0001:00004d60       ?Slots@FifoLiteBase@OpenHome@@QBEIXZ 00405d60 f   libohNetCore:Fifo.obj
 0001:00004d80       ?SlotsFree@FifoLiteBase@OpenHome@@QBEIXZ 00405d80 f   libohNetCore:Fifo.obj
 0001:00004da0       ?SlotsUsed@FifoLiteBase@OpenHome@@QBEIXZ 00405da0 f   libohNetCore:Fifo.obj
 0001:00004dc0       ?Write@FifoLiteBase@OpenHome@@IAEIXZ 00405dc0 f   libohNetCore:Fifo.obj
 0001:00004e50       ?WriteBack@FifoLiteBase@OpenHome@@IAEIXZ 00405e50 f   libohNetCore:Fifo.obj
 0001:00004ed0       ?Read@FifoLiteBase@OpenHome@@IAEIXZ 00405ed0 f   libohNetCore:Fifo.obj
 0001:00004f50       ??0FifoReadError@OpenHome@@QAE@PBDI@Z 00405f50 f i libohNetCore:Fifo.obj
 0001:00004f90       ??1FifoReadError@OpenHome@@QAE@XZ 00405f90 f i libohNetCore:Fifo.obj
 0001:00004fc0       ?Bytes@Brx@OpenHome@@QBEIXZ 00405fc0 f i libohNetCore:Fifo.obj
 0001:00004fe0       ?MaxBytes@Bwx@OpenHome@@QBEIXZ 00405fe0 f i libohNetCore:Fifo.obj
 0001:00005000       ?Append@Bwx@OpenHome@@QAEXE@Z 00406000 f i libohNetCore:Fifo.obj
 0001:00005030       ??0?$Fifo@E@OpenHome@@QAE@I@Z 00406030 f i libohNetCore:Fifo.obj
 0001:000050c0       ?Write@?$Fifo@E@OpenHome@@QAEXE@Z 004060c0 f i libohNetCore:Fifo.obj
 0001:000050f0       ?Read@?$Fifo@E@OpenHome@@QAEEXZ 004060f0 f i libohNetCore:Fifo.obj
 0001:00005120       ?Write@?$Fifo@E@OpenHome@@QAEXEI@Z 00406120 f i libohNetCore:Fifo.obj
 0001:00005160       ?Read@?$Fifo@E@OpenHome@@QAEEI@Z 00406160 f i libohNetCore:Fifo.obj
 0001:000051b0       ??0Semaphore@OpenHome@@QAE@PBDI@Z 004061b0 f   libohNetCore:Thread.obj
 0001:00005230       ??1Semaphore@OpenHome@@UAE@XZ 00406230 f   libohNetCore:Thread.obj
 0001:00005270       ?Wait@Semaphore@OpenHome@@QAEXXZ 00406270 f   libohNetCore:Thread.obj
 0001:000052a0       ?Wait@Semaphore@OpenHome@@QAEXI@Z 004062a0 f   libohNetCore:Thread.obj
 0001:00005390       ?Clear@Semaphore@OpenHome@@QAE_NXZ 00406390 f   libohNetCore:Thread.obj
 0001:000053d0       ?Signal@Semaphore@OpenHome@@QAEXXZ 004063d0 f   libohNetCore:Thread.obj
 0001:00005400       ??0Mutex@OpenHome@@QAE@PBD@Z 00406400 f   libohNetCore:Thread.obj
 0001:00005490       ??1Mutex@OpenHome@@UAE@XZ  00406490 f   libohNetCore:Thread.obj
 0001:000054d0       ?Wait@Mutex@OpenHome@@QAEXXZ 004064d0 f   libohNetCore:Thread.obj
 0001:00005600       ?Signal@Mutex@OpenHome@@QAEXXZ 00406600 f   libohNetCore:Thread.obj
 0001:00005630       ??0SemaphoreActive@OpenHome@@QAE@AAVSemaphore@1@@Z 00406630 f   libohNetCore:Thread.obj
 0001:00005680       ??0SemaphoreActive@OpenHome@@QAE@AAVThread@1@@Z 00406680 f   libohNetCore:Thread.obj
 0001:000056d0       ?Signal@SemaphoreActive@OpenHome@@QAEXXZ 004066d0 f   libohNetCore:Thread.obj
 0001:00005720       ?Signalled@SemaphoreActive@OpenHome@@QAE_NXZ 00406720 f   libohNetCore:Thread.obj
 0001:000057a0       ?ConsumeOne@SemaphoreActive@OpenHome@@QAEXXZ 004067a0 f   libohNetCore:Thread.obj
 0001:00005800       ?ConsumeAll@SemaphoreActive@OpenHome@@QAEXXZ 00406800 f   libohNetCore:Thread.obj
 0001:00005850       ??0Thread@OpenHome@@IAE@PBDII@Z 00406850 f   libohNetCore:Thread.obj
 0001:00005970       ??1Thread@OpenHome@@UAE@XZ 00406970 f   libohNetCore:Thread.obj
 0001:00005a50       ?Start@Thread@OpenHome@@QAEXXZ 00406a50 f   libohNetCore:Thread.obj
 0001:00005ab0       ?EntryPoint@Thread@OpenHome@@CGXPAX@Z 00406ab0 f   libohNetCore:Thread.obj
 0001:00005c50       ?Wait@Thread@OpenHome@@QAEXXZ 00406c50 f   libohNetCore:Thread.obj
 0001:00005c80       ?Signal@Thread@OpenHome@@QAEXXZ 00406c80 f   libohNetCore:Thread.obj
 0001:00005cb0       ?TryWait@Thread@OpenHome@@QAE_NXZ 00406cb0 f   libohNetCore:Thread.obj
 0001:00005ce0       ?Sleep@Thread@OpenHome@@SGXI@Z 00406ce0 f   libohNetCore:Thread.obj
 0001:00005db0       ?Current@Thread@OpenHome@@SGPAV12@XZ 00406db0 f   libohNetCore:Thread.obj
 0001:00005dd0       ?SupportsPriorities@Thread@OpenHome@@SG_NXZ 00406dd0 f   libohNetCore:Thread.obj
 0001:00005df0       ?CheckForKill@Thread@OpenHome@@IBEXXZ 00406df0 f   libohNetCore:Thread.obj
 0001:00005ec0       ?Kill@Thread@OpenHome@@QAEXXZ 00406ec0 f   libohNetCore:Thread.obj
 0001:00005f30       ?Name@Thread@OpenHome@@QBEABVBrx@2@XZ 00406f30 f   libohNetCore:Thread.obj
 0001:00005f50       ??8Thread@OpenHome@@QBE_NABV01@@Z 00406f50 f   libohNetCore:Thread.obj
 0001:00005f80       ??9Thread@OpenHome@@QBE_NABV01@@Z 00406f80 f   libohNetCore:Thread.obj
 0001:00005fc0       ?Join@Thread@OpenHome@@IAEXXZ 00406fc0 f   libohNetCore:Thread.obj
 0001:00006020       ??0ThreadFunctor@OpenHome@@QAE@PBDVFunctor@1@II@Z 00407020 f   libohNetCore:Thread.obj
 0001:000060d0       ??1ThreadFunctor@OpenHome@@UAE@XZ 004070d0 f   libohNetCore:Thread.obj
 0001:00006150       ?Run@ThreadFunctor@OpenHome@@EAEXXZ 00407150 f   libohNetCore:Thread.obj
 0001:00006190       ??0AutoMutex@OpenHome@@QAE@AAVMutex@1@@Z 00407190 f   libohNetCore:Thread.obj
 0001:000061d0       ??1AutoMutex@OpenHome@@QAE@XZ 004071d0 f   libohNetCore:Thread.obj
 0001:00006200       ??0AtomicInt@OpenHome@@QAE@H@Z 00407200 f   libohNetCore:Thread.obj
 0001:00006240       ??0AtomicInt@OpenHome@@QAE@XZ 00407240 f   libohNetCore:Thread.obj
 0001:00006270       ?Inc@AtomicInt@OpenHome@@QAEHXZ 00407270 f   libohNetCore:Thread.obj
 0001:000062d0       ?Dec@AtomicInt@OpenHome@@QAEHXZ 004072d0 f   libohNetCore:Thread.obj
 0001:00006330       ??0bad_alloc@std@@QAE@XZ   00407330 f i libohNetCore:Thread.obj
 0001:00006380       ??1bad_alloc@std@@UAE@XZ   00407380 f i libohNetCore:Thread.obj
 0001:000063b0       ??_Gbad_alloc@std@@UAEPAXI@Z 004073b0 f i libohNetCore:Thread.obj
 0001:000063b0       ??_Ebad_alloc@std@@UAEPAXI@Z 004073b0 f i libohNetCore:Thread.obj
 0001:000063f0       ?SemaphoreCreate@Os@OpenHome@@SGPAXPBDI@Z 004073f0 f i libohNetCore:Thread.obj
 0001:00006410       ??_ESemaphore@OpenHome@@UAEPAXI@Z 00407410 f i libohNetCore:Thread.obj
 0001:00006410       ??_GSemaphore@OpenHome@@UAEPAXI@Z 00407410 f i libohNetCore:Thread.obj
 0001:00006450       ??0bad_alloc@std@@QAE@ABV01@@Z 00407450 f i libohNetCore:Thread.obj
 0001:00006490       ?SemaphoreDestroy@Os@OpenHome@@SGXPAX@Z 00407490 f i libohNetCore:Thread.obj
 0001:000064b0       ?SemaphoreWait@Os@OpenHome@@SGXPAX@Z 004074b0 f i libohNetCore:Thread.obj
 0001:00006500       ??0Timeout@OpenHome@@QAE@PBDI@Z 00407500 f i libohNetCore:Thread.obj
 0001:00006540       ?SemaphoreTimedWait@Os@OpenHome@@SG_NPAXI@Z 00407540 f i libohNetCore:Thread.obj
 0001:00006590       ??1Timeout@OpenHome@@QAE@XZ 00407590 f i libohNetCore:Thread.obj
 0001:000065c0       ?SemaphoreClear@Os@OpenHome@@SG_NPAX@Z 004075c0 f i libohNetCore:Thread.obj
 0001:000065f0       ?SemaphoreSignal@Os@OpenHome@@SGXPAX@Z 004075f0 f i libohNetCore:Thread.obj
 0001:00006640       ??_EMutex@OpenHome@@UAEPAXI@Z 00407640 f i libohNetCore:Thread.obj
 0001:000066c0       ?MutexCreate@Os@OpenHome@@SGPAXPBD@Z 004076c0 f i libohNetCore:Thread.obj
 0001:000066e0       ?MutexDestroy@Os@OpenHome@@SGXPAX@Z 004076e0 f i libohNetCore:Thread.obj
 0001:00006700       ??0Brhz@OpenHome@@QAE@XZ   00407700 f i libohNetCore:Thread.obj
 0001:00006730       ??0Brv@OpenHome@@IAE@XZ    00407730 f i libohNetCore:Thread.obj
 0001:000067b0       ??1Brx@OpenHome@@UAE@XZ    004077b0 f i libohNetCore:Thread.obj
 0001:000067d0       ??_GBrx@OpenHome@@UAEPAXI@Z 004077d0 f i libohNetCore:Thread.obj
 0001:000067d0       ??_EBrx@OpenHome@@UAEPAXI@Z 004077d0 f i libohNetCore:Thread.obj
 0001:00006810       ??_EBrv@OpenHome@@UAEPAXI@Z 00407810 f i libohNetCore:Thread.obj
 0001:00006890       ??0Brx@OpenHome@@IAE@I@Z   00407890 f i libohNetCore:Thread.obj
 0001:000068c0       ??_EBrhz@OpenHome@@UAEPAXI@Z 004078c0 f i libohNetCore:Thread.obj
 0001:000068c0       ??_GBrhz@OpenHome@@UAEPAXI@Z 004078c0 f i libohNetCore:Thread.obj
 0001:00006900       ??1Brhz@OpenHome@@UAE@XZ   00407900 f i libohNetCore:Thread.obj
 0001:00006930       ?Set@Brhz@OpenHome@@QAEXABVBrx@2@@Z 00407930 f i libohNetCore:Thread.obj
 0001:00006980       ?MutexLock@Os@OpenHome@@SGHPAX@Z 00407980 f i libohNetCore:Thread.obj
 0001:000069b0       ?MutexUnlock@Os@OpenHome@@SGXPAX@Z 004079b0 f i libohNetCore:Thread.obj
 0001:00006a00       ??_GThread@OpenHome@@UAEPAXI@Z 00407a00 f i libohNetCore:Thread.obj
 0001:00006a00       ??_EThread@OpenHome@@UAEPAXI@Z 00407a00 f i libohNetCore:Thread.obj
 0001:00006a40       ??1?$Bws@$04@OpenHome@@UAE@XZ 00407a40 f i libohNetCore:Thread.obj
 0001:00006a70       ??1Bwx@OpenHome@@UAE@XZ    00407a70 f i libohNetCore:Thread.obj
 0001:00006aa0       ?ThreadDestroy@Os@OpenHome@@SGXPAX@Z 00407aa0 f i libohNetCore:Thread.obj
 0001:00006ac0       ?ThreadCreate@Os@OpenHome@@SGPAXPBDIIP6GXPAX@Z1@Z 00407ac0 f i libohNetCore:Thread.obj
 0001:00006af0       ?ThreadTls@Os@OpenHome@@SGPAXXZ 00407af0 f i libohNetCore:Thread.obj
 0001:00006b10       ?ThreadSupportsPriorities@Os@OpenHome@@SG_NXZ 00407b10 f i libohNetCore:Thread.obj
 0001:00006b30       ??0ThreadKill@OpenHome@@QAE@PBDI@Z 00407b30 f i libohNetCore:Thread.obj
 0001:00006b70       ??1ThreadKill@OpenHome@@QAE@XZ 00407b70 f i libohNetCore:Thread.obj
 0001:00006ba0       ??_EThreadFunctor@OpenHome@@UAEPAXI@Z 00407ba0 f i libohNetCore:Thread.obj
 0001:00006ba0       ??_GThreadFunctor@OpenHome@@UAEPAXI@Z 00407ba0 f i libohNetCore:Thread.obj
 0001:00006be0       ??RFunctor@OpenHome@@QBEXXZ 00407be0 f i libohNetCore:Thread.obj
 0001:00006c20       ??0?$Bws@$04@OpenHome@@QAE@XZ 00407c20 f i libohNetCore:Thread.obj
 0001:00006c60       ?Ptr@?$Bws@$04@OpenHome@@UBEPBEXZ 00407c60 f i libohNetCore:Thread.obj
 0001:00006c80       ??_E?$Bws@$04@OpenHome@@UAEPAXI@Z 00407c80 f i libohNetCore:Thread.obj
 0001:00006c80       ??_G?$Bws@$04@OpenHome@@UAEPAXI@Z 00407c80 f i libohNetCore:Thread.obj
 0001:00006cc0       ?SetAssertHandler@OpenHome@@YGP6GXPBDI@ZP6GX0I@Z@Z 00407cc0 f   libohNetCore:Exception.obj
 0001:00006cf0       ?CallAssertHandler@OpenHome@@YGXPBDI@Z 00407cf0 f   libohNetCore:Exception.obj
 0001:00006d20       ?AssertHandlerDefault@OpenHome@@YGXPBDI@Z 00407d20 f   libohNetCore:Exception.obj
 0001:00006e10       ?UnhandledExceptionHandler@OpenHome@@YGXPBD0I@Z 00407e10 f   libohNetCore:Exception.obj
 0001:00006eb0       ?UnhandledExceptionHandler@OpenHome@@YGXAAVException@1@@Z 00407eb0 f   libohNetCore:Exception.obj
 0001:00006f60       ?UnhandledExceptionHandler@OpenHome@@YGXAAVexception@std@@@Z 00407f60 f   libohNetCore:Exception.obj
 0001:00007010       ??0Exception@OpenHome@@QAE@PBD0I@Z 00408010 f   libohNetCore:Exception.obj
 0001:00007050       ??0Exception@OpenHome@@QAE@PBD@Z 00408050 f   libohNetCore:Exception.obj
 0001:00007090       ??1Exception@OpenHome@@QAE@XZ 00408090 f   libohNetCore:Exception.obj
 0001:000070b0       ?Message@Exception@OpenHome@@QAEPBDXZ 004080b0 f   libohNetCore:Exception.obj
 0001:000070d0       ?File@Exception@OpenHome@@QAEPBDXZ 004080d0 f   libohNetCore:Exception.obj
 0001:000070f0       ?Line@Exception@OpenHome@@QAEIXZ 004080f0 f   libohNetCore:Exception.obj
 0001:00007110       ?Quit@Os@OpenHome@@SGXXZ   00408110 f i libohNetCore:Exception.obj
 0001:00007130       ??RFunctorMsg@OpenHome@@QBEXPBD@Z 00408130 f i libohNetCore:Exception.obj
 0001:00007170       ??0NetworkAdapter@OpenHome@@QAE@IIPBD@Z 00408170 f   libohNetCore:OhNet.obj
 0001:00007210       ??1NetworkAdapter@OpenHome@@AAE@XZ 00408210 f   libohNetCore:OhNet.obj
 0001:00007280       ?AddRef@NetworkAdapter@OpenHome@@QAEXXZ 00408280 f   libohNetCore:OhNet.obj
 0001:000072d0       ?RemoveRef@NetworkAdapter@OpenHome@@QAEXXZ 004082d0 f   libohNetCore:OhNet.obj
 0001:00007360       ?Address@NetworkAdapter@OpenHome@@QBEIXZ 00408360 f   libohNetCore:OhNet.obj
 0001:00007380       ?Subnet@NetworkAdapter@OpenHome@@QBEIXZ 00408380 f   libohNetCore:OhNet.obj
 0001:000073a0       ?Mask@NetworkAdapter@OpenHome@@QBEIXZ 004083a0 f   libohNetCore:OhNet.obj
 0001:000073c0       ?ContainsAddress@NetworkAdapter@OpenHome@@QAE_NI@Z 004083c0 f   libohNetCore:OhNet.obj
 0001:00007400       ?Name@NetworkAdapter@OpenHome@@QBEPBDXZ 00408400 f   libohNetCore:OhNet.obj
 0001:00007440       ?FullName@NetworkAdapter@OpenHome@@QBEPADXZ 00408440 f   libohNetCore:OhNet.obj
 0001:000075a0       ?Log@DefaultLogger@Net@OpenHome@@QAEXPBD@Z 004085a0 f   libohNetCore:OhNet.obj
 0001:000075f0       ?LogError@DefaultAsyncHandler@Net@OpenHome@@QAEXAAVIAsync@23@@Z 004085f0 f   libohNetCore:OhNet.obj
 0001:00007650       ?Output@DefaultAsyncHandler@Net@OpenHome@@EAEXPBD0@Z 00408650 f   libohNetCore:OhNet.obj
 0001:00007690       ?Create@InitialisationParams@Net@OpenHome@@SGPAV123@XZ 00408690 f   libohNetCore:OhNet.obj
 0001:00007730       ??1InitialisationParams@Net@OpenHome@@QAE@XZ 00408730 f   libohNetCore:OhNet.obj
 0001:00007790       ?SetLogOutput@InitialisationParams@Net@OpenHome@@QAEXVFunctorMsg@3@@Z 00408790 f   libohNetCore:OhNet.obj
 0001:000077c0       ?SetFatalErrorHandler@InitialisationParams@Net@OpenHome@@QAEXVFunctorMsg@3@@Z 004087c0 f   libohNetCore:OhNet.obj
 0001:00007820       ?SetAsyncBeginHandler@InitialisationParams@Net@OpenHome@@QAEXVFunctorAsync@23@@Z 00408820 f   libohNetCore:OhNet.obj
 0001:00007860       ?SetAsyncEndHandler@InitialisationParams@Net@OpenHome@@QAEXVFunctorAsync@23@@Z 00408860 f   libohNetCore:OhNet.obj
 0001:000078a0       ?SetAsyncErrorHandler@InitialisationParams@Net@OpenHome@@QAEXVFunctorAsync@23@@Z 004088a0 f   libohNetCore:OhNet.obj
 0001:000078e0       ?SetSubnetListChangedListener@InitialisationParams@Net@OpenHome@@QAEXVFunctor@3@@Z 004088e0 f   libohNetCore:OhNet.obj
 0001:00007920       ?SetTcpConnectTimeout@InitialisationParams@Net@OpenHome@@QAEXI@Z 00408920 f   libohNetCore:OhNet.obj
 0001:00007960       ?SetMsearchTime@InitialisationParams@Net@OpenHome@@QAEXI@Z 00408960 f   libohNetCore:OhNet.obj
 0001:000079b0       ?SetMsearchTtl@InitialisationParams@Net@OpenHome@@QAEXI@Z 004089b0 f   libohNetCore:OhNet.obj
 0001:000079f0       ?SetNumEventSessionThreads@InitialisationParams@Net@OpenHome@@QAEXI@Z 004089f0 f   libohNetCore:OhNet.obj
 0001:00007a40       ?SetNumXmlFetcherThreads@InitialisationParams@Net@OpenHome@@QAEXI@Z 00408a40 f   libohNetCore:OhNet.obj
 0001:00007a90       ?SetNumActionInvokerThreads@InitialisationParams@Net@OpenHome@@QAEXI@Z 00408a90 f   libohNetCore:OhNet.obj
 0001:00007ae0       ?SetNumInvocations@InitialisationParams@Net@OpenHome@@QAEXI@Z 00408ae0 f   libohNetCore:OhNet.obj
 0001:00007b20       ?SetNumSubscriberThreads@InitialisationParams@Net@OpenHome@@QAEXI@Z 00408b20 f   libohNetCore:OhNet.obj
 0001:00007b70       ?SetPendingSubscriptionTimeout@InitialisationParams@Net@OpenHome@@QAEXI@Z 00408b70 f   libohNetCore:OhNet.obj
 0001:00007bb0       ?SetFreeExternalCallback@InitialisationParams@Net@OpenHome@@QAEXP6GXPAX@Z@Z 00408bb0 f   libohNetCore:OhNet.obj
 0001:00007bd0       ?SetUseLoopbackNetworkAdapter@InitialisationParams@Net@OpenHome@@QAEXXZ 00408bd0 f   libohNetCore:OhNet.obj
 0001:00007bf0       ?SetDvMaxUpdateTime@InitialisationParams@Net@OpenHome@@QAEXI@Z 00408bf0 f   libohNetCore:OhNet.obj
 0001:00007c10       ?SetDvNumServerThreads@InitialisationParams@Net@OpenHome@@QAEXI@Z 00408c10 f   libohNetCore:OhNet.obj
 0001:00007c60       ?SetDvNumPublisherThreads@InitialisationParams@Net@OpenHome@@QAEXI@Z 00408c60 f   libohNetCore:OhNet.obj
 0001:00007cb0       ?SetDvNumWebSocketThreads@InitialisationParams@Net@OpenHome@@QAEXI@Z 00408cb0 f   libohNetCore:OhNet.obj
 0001:00007d00       ?SetDvWebSocketPort@InitialisationParams@Net@OpenHome@@QAEXI@Z 00408d00 f   libohNetCore:OhNet.obj
 0001:00007d20       ?SetDvEnableBonjour@InitialisationParams@Net@OpenHome@@QAEXXZ 00408d20 f   libohNetCore:OhNet.obj
 0001:00007d40       ?LogOutput@InitialisationParams@Net@OpenHome@@QAEAAVFunctorMsg@3@XZ 00408d40 f   libohNetCore:OhNet.obj
 0001:00007d60       ?FatalErrorHandler@InitialisationParams@Net@OpenHome@@QAEAAVFunctorMsg@3@XZ 00408d60 f   libohNetCore:OhNet.obj
 0001:00007d80       ?AsyncBeginHandler@InitialisationParams@Net@OpenHome@@QAEAAVFunctorAsync@23@XZ 00408d80 f   libohNetCore:OhNet.obj
 0001:00007da0       ?AsyncEndHandler@InitialisationParams@Net@OpenHome@@QAEAAVFunctorAsync@23@XZ 00408da0 f   libohNetCore:OhNet.obj
 0001:00007dc0       ?AsyncErrorHandler@InitialisationParams@Net@OpenHome@@QAEAAVFunctorAsync@23@XZ 00408dc0 f   libohNetCore:OhNet.obj
 0001:00007de0       ?SubnetListChangedListener@InitialisationParams@Net@OpenHome@@QAEAAVFunctor@3@XZ 00408de0 f   libohNetCore:OhNet.obj
 0001:00007e00       ?TcpConnectTimeoutMs@InitialisationParams@Net@OpenHome@@QBEIXZ 00408e00 f   libohNetCore:OhNet.obj
 0001:00007e20       ?MsearchTimeSecs@InitialisationParams@Net@OpenHome@@QBEIXZ 00408e20 f   libohNetCore:OhNet.obj
 0001:00007e40       ?MsearchTtl@InitialisationParams@Net@OpenHome@@QBEIXZ 00408e40 f   libohNetCore:OhNet.obj
 0001:00007e60       ?NumEventSessionThreads@InitialisationParams@Net@OpenHome@@QBEIXZ 00408e60 f   libohNetCore:OhNet.obj
 0001:00007e80       ?NumXmlFetcherThreads@InitialisationParams@Net@OpenHome@@QBEIXZ 00408e80 f   libohNetCore:OhNet.obj
 0001:00007ea0       ?NumActionInvokerThreads@InitialisationParams@Net@OpenHome@@QBEIXZ 00408ea0 f   libohNetCore:OhNet.obj
 0001:00007ec0       ?NumInvocations@InitialisationParams@Net@OpenHome@@QBEIXZ 00408ec0 f   libohNetCore:OhNet.obj
 0001:00007ee0       ?NumSubscriberThreads@InitialisationParams@Net@OpenHome@@QBEIXZ 00408ee0 f   libohNetCore:OhNet.obj
 0001:00007f00       ?PendingSubscriptionTimeoutMs@InitialisationParams@Net@OpenHome@@QBEIXZ 00408f00 f   libohNetCore:OhNet.obj
 0001:00007f20       ?FreeExternal@InitialisationParams@Net@OpenHome@@QBEP6GXPAX@ZXZ 00408f20 f   libohNetCore:OhNet.obj
 0001:00007f40       ?UseLoopbackNetworkAdapter@InitialisationParams@Net@OpenHome@@QBE_NXZ 00408f40 f   libohNetCore:OhNet.obj
 0001:00007f60       ?DvMaxUpdateTimeSecs@InitialisationParams@Net@OpenHome@@QBEIXZ 00408f60 f   libohNetCore:OhNet.obj
 0001:00007f80       ?DvNumServerThreads@InitialisationParams@Net@OpenHome@@QBEIXZ 00408f80 f   libohNetCore:OhNet.obj
 0001:00007fa0       ?DvNumPublisherThreads@InitialisationParams@Net@OpenHome@@QBEIXZ 00408fa0 f   libohNetCore:OhNet.obj
 0001:00007fc0       ?DvNumWebSocketThreads@InitialisationParams@Net@OpenHome@@QBEIXZ 00408fc0 f   libohNetCore:OhNet.obj
 0001:00007fe0       ?DvWebSocketPort@InitialisationParams@Net@OpenHome@@QBEIXZ 00408fe0 f   libohNetCore:OhNet.obj
 0001:00008000       ?DvIsBonjourEnabled@InitialisationParams@Net@OpenHome@@QBE_NXZ 00409000 f   libohNetCore:OhNet.obj
 0001:00008020       ??0InitialisationParams@Net@OpenHome@@AAE@XZ 00409020 f   libohNetCore:OhNet.obj
 0001:00008290       ?FatalErrorHandlerDefault@InitialisationParams@Net@OpenHome@@AAEXPBD@Z 00409290 f   libohNetCore:OhNet.obj
 0001:000082c0       ?Initialise@UpnpLibrary@Net@OpenHome@@SGXPAVInitialisationParams@23@@Z 004092c0 f   libohNetCore:OhNet.obj
 0001:000083c0       ?InitialiseMinimal@UpnpLibrary@Net@OpenHome@@SGXPAVInitialisationParams@23@@Z 004093c0 f   libohNetCore:OhNet.obj
 0001:00008460       ?Close@UpnpLibrary@Net@OpenHome@@SGXXZ 00409460 f   libohNetCore:OhNet.obj
 0001:00008480       ?CreateSubnetList@UpnpLibrary@Net@OpenHome@@SGPAV?$vector@PAVNetworkAdapter@OpenHome@@V?$allocator@PAVNetworkAdapter@OpenHome@@@std@@@std@@XZ 00409480 f   libohNetCore:OhNet.obj
 0001:000084a0       ?DestroySubnetList@UpnpLibrary@Net@OpenHome@@SGXPAV?$vector@PAVNetworkAdapter@OpenHome@@V?$allocator@PAVNetworkAdapter@OpenHome@@@std@@@std@@@Z 004094a0 f   libohNetCore:OhNet.obj
 0001:00008530       ?SetCurrentSubnet@UpnpLibrary@Net@OpenHome@@SGXI@Z 00409530 f   libohNetCore:OhNet.obj
 0001:00008550       ?CurrentSubnetAdapter@UpnpLibrary@Net@OpenHome@@SGPAVNetworkAdapter@3@XZ 00409550 f   libohNetCore:OhNet.obj
 0001:00008570       ??_GNetworkAdapter@OpenHome@@AAEPAXI@Z 00409570 f i libohNetCore:OhNet.obj
 0001:000085b0       ?Append@Bwx@OpenHome@@QAEXD@Z 004095b0 f i libohNetCore:OhNet.obj
 0001:000085e0       ??BFunctorMsg@OpenHome@@QBE_NXZ 004095e0 f i libohNetCore:OhNet.obj
 0001:00008620       ??0Functor@OpenHome@@QAE@XZ 00409620 f i libohNetCore:OhNet.obj
 0001:00008650       ??0FunctorAsync@Net@OpenHome@@QAE@XZ 00409650 f i libohNetCore:OhNet.obj
 0001:00008680       ??0FunctorMsg@OpenHome@@QAE@XZ 00409680 f i libohNetCore:OhNet.obj
 0001:000086b0       ??0DefaultAsyncHandler@Net@OpenHome@@QAE@XZ 004096b0 f i libohNetCore:OhNet.obj
 0001:000086e0       ??0IAsyncOutput@Net@OpenHome@@QAE@XZ 004096e0 f i libohNetCore:OhNet.obj
 0001:00008700       ?Create@Os@OpenHome@@SGHXZ 00409700 f i libohNetCore:OhNet.obj
 0001:00008720       ?Destroy@Os@OpenHome@@SGXXZ 00409720 f i libohNetCore:OhNet.obj
 0001:00008740       ??_G?$vector@PAVNetworkAdapter@OpenHome@@V?$allocator@PAVNetworkAdapter@OpenHome@@@std@@@std@@QAEPAXI@Z 00409740 f i libohNetCore:OhNet.obj
 0001:00008780       ??1?$vector@PAVNetworkAdapter@OpenHome@@V?$allocator@PAVNetworkAdapter@OpenHome@@@std@@@std@@QAE@XZ 00409780 f i libohNetCore:OhNet.obj
 0001:000087f0       ?size@?$vector@PAVNetworkAdapter@OpenHome@@V?$allocator@PAVNetworkAdapter@OpenHome@@@std@@@std@@QBEIXZ 004097f0 f i libohNetCore:OhNet.obj
 0001:00008820       ??A?$vector@PAVNetworkAdapter@OpenHome@@V?$allocator@PAVNetworkAdapter@OpenHome@@@std@@@std@@QAEAAPAVNetworkAdapter@OpenHome@@I@Z 00409820 f i libohNetCore:OhNet.obj
 0001:000088c0       ?_Tidy@?$vector@PAVNetworkAdapter@OpenHome@@V?$allocator@PAVNetworkAdapter@OpenHome@@@std@@@std@@IAEXXZ 004098c0 f i libohNetCore:OhNet.obj
 0001:00008950       ?_Orphan_all@_Container_base12@std@@QAEXXZ 00409950 f i libohNetCore:OhNet.obj
 0001:00008a00       ??1?$_Vector_val@PAVNetworkAdapter@OpenHome@@V?$allocator@PAVNetworkAdapter@OpenHome@@@std@@@std@@QAE@XZ 00409a00 f i libohNetCore:OhNet.obj
 0001:00008ae0       ??1_Container_base12@std@@QAE@XZ 00409ae0 f i libohNetCore:OhNet.obj
 0001:00008b10       ?_Destroy@?$vector@PAVNetworkAdapter@OpenHome@@V?$allocator@PAVNetworkAdapter@OpenHome@@@std@@@std@@IAEXPAPAVNetworkAdapter@OpenHome@@0@Z 00409b10 f i libohNetCore:OhNet.obj
 0001:00008b50       ?deallocate@?$allocator@PAVNetworkAdapter@OpenHome@@@std@@QAEXPAPAVNetworkAdapter@OpenHome@@I@Z 00409b50 f i libohNetCore:OhNet.obj
 0001:00008b80       ?deallocate@?$allocator@U_Container_proxy@std@@@std@@QAEXPAU_Container_proxy@2@I@Z 00409b80 f i libohNetCore:OhNet.obj
 0001:00008bb0       ??$MakeFunctorMsg@VDefaultLogger@Net@OpenHome@@V123@@OpenHome@@YG?AV?$MemberTranslatorMsg@VDefaultLogger@Net@OpenHome@@P8123@AEXPBD@Z@0@AAVDefaultLogger@Net@0@ABQ8230@AEXPBD@Z@Z 00409bb0 f i libohNetCore:OhNet.obj
 0001:00008be0       ??$MakeFunctorAsync@VDefaultAsyncHandler@Net@OpenHome@@V123@@Net@OpenHome@@YG?AV?$MemberTranslatorAsync@VDefaultAsyncHandler@Net@OpenHome@@P8123@AEXAAVIAsync@23@@Z@01@AAVDefaultAsyncHandler@01@ABQ8301@AEXAAVIAsync@01@@Z@Z 00409be0 f i libohNetCore:OhNet.obj
 0001:00008c10       ??$MakeFunctorMsg@VInitialisationParams@Net@OpenHome@@V123@@OpenHome@@YG?AV?$MemberTranslatorMsg@VInitialisationParams@Net@OpenHome@@P8123@AEXPBD@Z@0@AAVInitialisationParams@Net@0@ABQ8230@AEXPBD@Z@Z 00409c10 f i libohNetCore:OhNet.obj
 0001:00008c40       ??$?0PAVNetworkAdapter@OpenHome@@@?$allocator@U_Container_proxy@std@@@std@@QAE@ABV?$allocator@PAVNetworkAdapter@OpenHome@@@1@@Z 00409c40 f i libohNetCore:OhNet.obj
 0001:00008c60       ??$_Dest_val@V?$allocator@U_Container_proxy@std@@@std@@U_Container_proxy@2@@std@@YGXAAV?$allocator@U_Container_proxy@std@@@0@PAU_Container_proxy@0@@Z 00409c60 f i libohNetCore:OhNet.obj
 0001:00008c80       ??$_Destroy_range@V?$allocator@PAVNetworkAdapter@OpenHome@@@std@@@std@@YGXPAPAVNetworkAdapter@OpenHome@@0AAV?$allocator@PAVNetworkAdapter@OpenHome@@@0@@Z 00409c80 f i libohNetCore:OhNet.obj
 0001:00008cd0       ??0?$MemberTranslatorMsg@VDefaultLogger@Net@OpenHome@@P8123@AEXPBD@Z@OpenHome@@QAE@AAVDefaultLogger@Net@1@ABQ8231@AEXPBD@Z@Z 00409cd0 f i libohNetCore:OhNet.obj
 0001:00008d10       ??0?$MemberTranslatorAsync@VDefaultAsyncHandler@Net@OpenHome@@P8123@AEXAAVIAsync@23@@Z@Net@OpenHome@@QAE@AAVDefaultAsyncHandler@12@ABQ8312@AEXAAVIAsync@12@@Z@Z 00409d10 f i libohNetCore:OhNet.obj
 0001:00008d50       ??0FunctorAsync@Net@OpenHome@@IAE@P6GXABV012@AAVIAsync@12@@ZPBX3I@Z 00409d50 f i libohNetCore:OhNet.obj
 0001:00008da0       ??0?$MemberTranslatorMsg@VInitialisationParams@Net@OpenHome@@P8123@AEXPBD@Z@OpenHome@@QAE@AAVInitialisationParams@Net@1@ABQ8231@AEXPBD@Z@Z 00409da0 f i libohNetCore:OhNet.obj
 0001:00008de0       ?destroy@?$allocator@U_Container_proxy@std@@@std@@QAEXPAU_Container_proxy@2@@Z 00409de0 f i libohNetCore:OhNet.obj
 0001:00008e10       ?Thunk@?$MemberTranslatorMsg@VDefaultLogger@Net@OpenHome@@P8123@AEXPBD@Z@OpenHome@@SGXABVFunctorMsg@2@PBD@Z 00409e10 f i libohNetCore:OhNet.obj
 0001:00008e60       ?Thunk@?$MemberTranslatorAsync@VDefaultAsyncHandler@Net@OpenHome@@P8123@AEXAAVIAsync@23@@Z@Net@OpenHome@@SGXABVFunctorAsync@23@AAVIAsync@23@@Z 00409e60 f i libohNetCore:OhNet.obj
 0001:00008eb0       ?Thunk@?$MemberTranslatorMsg@VInitialisationParams@Net@OpenHome@@P8123@AEXPBD@Z@OpenHome@@SGXABVFunctorMsg@2@PBD@Z 00409eb0 f i libohNetCore:OhNet.obj
 0001:00008f00       ??$_Ptr_cat@PAVNetworkAdapter@OpenHome@@PAV12@@std@@YG?AU_Scalar_ptr_iterator_tag@0@PAPAVNetworkAdapter@OpenHome@@0@Z 00409f00 f i libohNetCore:OhNet.obj
 0001:00008f60       ??$_Destroy_range@V?$allocator@PAVNetworkAdapter@OpenHome@@@std@@@std@@YGXPAPAVNetworkAdapter@OpenHome@@0AAV?$allocator@PAVNetworkAdapter@OpenHome@@@0@U_Scalar_ptr_iterator_tag@0@@Z 00409f60 f i libohNetCore:OhNet.obj
 0001:00008f70       ??$_Destroy@U_Container_proxy@std@@@std@@YGXPAU_Container_proxy@0@@Z 00409f70 f i libohNetCore:OhNet.obj
 0001:00008f80       ?Level@Debug@OpenHome@@SGIXZ 00409f80 f   libohNetCore:Debug.obj
 0001:00008f90       ?SetLevel@Debug@OpenHome@@SGXI@Z 00409f90 f   libohNetCore:Debug.obj
 0001:00008fa0       ?TestLevel@Debug@OpenHome@@SG_NI@Z 00409fa0 f   libohNetCore:Debug.obj
 0001:00008fc0       ?BreakBeforeThrow@Debug@OpenHome@@SG_NXZ 00409fc0 f   libohNetCore:Debug.obj
 0001:00008fd0       ?SetBreakBeforeThrow@Debug@OpenHome@@SGX_N@Z 00409fd0 f   libohNetCore:Debug.obj
 0001:00008fe0       ??0AutoLog@@QAE@IPBD@Z     00409fe0 f   libohNetCore:Debug.obj
 0001:00009040       ??1AutoLog@@QAE@XZ         0040a040 f   libohNetCore:Debug.obj
 0001:00009090       _OsCreate@0                0040a090 f   libohNetCore:Os.obj
 0001:00009260       _OsDestroy@0               0040a260 f   libohNetCore:Os.obj
 0001:00009370       _OsQuit@0                  0040a370 f   libohNetCore:Os.obj
 0001:00009390       _OsTimeInUs@0              0040a390 f   libohNetCore:Os.obj
 0001:00009470       _OsConsoleWrite@4          0040a470 f   libohNetCore:Os.obj
 0001:000094b0       _OsGetPlatformNameAndVersion@12 0040a4b0 f   libohNetCore:Os.obj
 0001:00009580       _OsSemaphoreCreate@8       0040a580 f   libohNetCore:Os.obj
 0001:000095c0       _OsSemaphoreDestroy@4      0040a5c0 f   libohNetCore:Os.obj
 0001:000095f0       _OsSemaphoreWait@4         0040a5f0 f   libohNetCore:Os.obj
 0001:00009630       _OsSemaphoreTimedWait@8    0040a630 f   libohNetCore:Os.obj
 0001:00009690       _OsSemaphoreClear@4        0040a690 f   libohNetCore:Os.obj
 0001:000096e0       _OsSemaphoreSignal@4       0040a6e0 f   libohNetCore:Os.obj
 0001:00009730       _OsMutexCreate@4           0040a730 f   libohNetCore:Os.obj
 0001:00009790       _OsMutexDestroy@4          0040a790 f   libohNetCore:Os.obj
 0001:000097e0       _OsMutexLock@4             0040a7e0 f   libohNetCore:Os.obj
 0001:00009850       _OsMutexUnlock@4           0040a850 f   libohNetCore:Os.obj
 0001:000098b0       _threadEntrypoint@4        0040a8b0 f   libohNetCore:Os.obj
 0001:000099b0       _OsThreadCreate@20         0040a9b0 f   libohNetCore:Os.obj
 0001:00009a90       _OsThreadTls@0             0040aa90 f   libohNetCore:Os.obj
 0001:00009ac0       _OsThreadDestroy@4         0040aac0 f   libohNetCore:Os.obj
 0001:00009ae0       _OsThreadSupportsPriorities@0 0040aae0 f   libohNetCore:Os.obj
 0001:00009af0       _OsNetworkCreate@4         0040aaf0 f   libohNetCore:Os.obj
 0001:00009bf0       _OsNetworkBind@12          0040abf0 f   libohNetCore:Os.obj
 0001:00009cf0       _OsNetworkPort@8           0040acf0 f   libohNetCore:Os.obj
 0001:00009dc0       _OsNetworkConnect@16       0040adc0 f   libohNetCore:Os.obj
 0001:0000a050       _OsNetworkSend@12          0040b050 f   libohNetCore:Os.obj
 0001:0000a0f0       _OsNetworkSendTo@20        0040b0f0 f   libohNetCore:Os.obj
 0001:0000a1e0       _OsNetworkReceive@12       0040b1e0 f   libohNetCore:Os.obj
 0001:0000a370       _OsNetworkReceiveFrom@20   0040b370 f   libohNetCore:Os.obj
 0001:0000a570       _OsNetworkInterrupt@8      0040b570 f   libohNetCore:Os.obj
 0001:0000a600       _OsNetworkClose@4          0040b600 f   libohNetCore:Os.obj
 0001:0000a670       _OsNetworkListen@8         0040b670 f   libohNetCore:Os.obj
 0001:0000a6d0       _OsNetworkAccept@4         0040b6d0 f   libohNetCore:Os.obj
 0001:0000a870       _OsNetworkGetHostByName@8  0040b870 f   libohNetCore:Os.obj
 0001:0000a8e0       _OsNetworkSocketSetSendBufBytes@8 0040b8e0 f   libohNetCore:Os.obj
 0001:0000a940       _OsNetworkSocketSetRecvBufBytes@8 0040b940 f   libohNetCore:Os.obj
 0001:0000a9a0       _OsNetworkSocketSetReceiveTimeout@8 0040b9a0 f   libohNetCore:Os.obj
 0001:0000aa50       _OsNetworkTcpSetNoDelay@4  0040ba50 f   libohNetCore:Os.obj
 0001:0000aae0       _OsNetworkSocketSetReuseAddress@4 0040bae0 f   libohNetCore:Os.obj
 0001:0000ab80       _OsNetworkSocketSetMulticastTtl@8 0040bb80 f   libohNetCore:Os.obj
 0001:0000abe0       _OsNetworkSocketMulticastAddMembership@12 0040bbe0 f   libohNetCore:Os.obj
 0001:0000acc0       _OsNetworkSocketMulticastDropMembership@12 0040bcc0 f   libohNetCore:Os.obj
 0001:0000ad60       _OsNetworkListAdapters@8   0040bd60 f   libohNetCore:Os.obj
 0001:0000b180       _OsNetworkFreeInterfaces@4 0040c180 f   libohNetCore:Os.obj
 0001:0000b1d0       _interfaceChangeThread@4   0040c1d0 f   libohNetCore:Os.obj
 0001:0000b330       _OsNetworkSetInterfaceChangedObserver@8 0040c330 f   libohNetCore:Os.obj
 0001:0000b450       _OsNetworkSetTestInterfaceIndex@4 0040c450 f   libohNetCore:Os.obj
 0001:0000b490       ?hexChar@@YGDE@Z           0040c490 f   libohNetCore:Printer.obj
 0001:0000b4d0       ?RegisterOutput@Log@OpenHome@@SGXAAVFunctorMsg@2@@Z 0040c4d0 f   libohNetCore:Printer.obj
 0001:0000b500       ?Print@Log@OpenHome@@SGHABVBrx@2@@Z 0040c500 f   libohNetCore:Printer.obj
 0001:0000b520       ?PrintHex@Log@OpenHome@@SGHABVBrx@2@@Z 0040c520 f   libohNetCore:Printer.obj
 0001:0000b540       ?Print@Log@OpenHome@@SAHPBDZZ 0040c540 f   libohNetCore:Printer.obj
 0001:0000b590       ?Print@Log@OpenHome@@SGHPBDPAD@Z 0040c590 f   libohNetCore:Printer.obj
 0001:0000b5b0       ?PrintHex@Log@OpenHome@@SGHAAVFunctorMsg@2@ABVBrx@2@@Z 0040c5b0 f   libohNetCore:Printer.obj
 0001:0000b910       ?Print@Log@OpenHome@@SGHAAVFunctorMsg@2@ABVBrx@2@@Z 0040c910 f   libohNetCore:Printer.obj
 0001:0000baa0       ?Print@Log@OpenHome@@SGHAAVFunctorMsg@2@PBDPAD@Z 0040caa0 f   libohNetCore:Printer.obj
 0001:0000bbf0       ?DoPrint@Log@OpenHome@@CGHAAVFunctorMsg@2@PBE@Z 0040cbf0 f   libohNetCore:Printer.obj
 0001:0000bc30       ??ABrx@OpenHome@@QBEABEI@Z 0040cc30 f i libohNetCore:Printer.obj
 0001:0000bc60       ??ABwx@OpenHome@@QAEAAEI@Z 0040cc60 f i libohNetCore:Printer.obj
 0001:0000bc90       ??1?$Bws@$0EAB@@OpenHome@@UAE@XZ 0040cc90 f i libohNetCore:Printer.obj
 0001:0000bcc0       ??1Bwn@OpenHome@@UAE@XZ    0040ccc0 f i libohNetCore:Printer.obj
 0001:0000bcf0       ??0?$Bws@$0EAB@@OpenHome@@QAE@I@Z 0040ccf0 f i libohNetCore:Printer.obj
 0001:0000bd30       ?Ptr@?$Bws@$0EAB@@OpenHome@@UBEPBEXZ 0040cd30 f i libohNetCore:Printer.obj
 0001:0000bd50       ??_E?$Bws@$0EAB@@OpenHome@@UAEPAXI@Z 0040cd50 f i libohNetCore:Printer.obj
 0001:0000bd50       ??_G?$Bws@$0EAB@@OpenHome@@UAEPAXI@Z 0040cd50 f i libohNetCore:Printer.obj
 0001:0000bd90       ?Now@Time@OpenHome@@SGIXZ  0040cd90 f   libohNetCore:Timer.obj
 0001:0000bdb0       ?IsBeforeOrAt@Time@OpenHome@@SG_NII@Z 0040cdb0 f   libohNetCore:Timer.obj
 0001:0000bde0       ?IsAfter@Time@OpenHome@@SG_NII@Z 0040cde0 f   libohNetCore:Timer.obj
 0001:0000be10       ?IsInPastOrNow@Time@OpenHome@@SG_NI@Z 0040ce10 f   libohNetCore:Timer.obj
 0001:0000be30       ?IsInFuture@Time@OpenHome@@SG_NI@Z 0040ce30 f   libohNetCore:Timer.obj
 0001:0000be50       ?TimeToWaitFor@Time@OpenHome@@SGHI@Z 0040ce50 f   libohNetCore:Timer.obj
 0001:0000be70       ??0Timer@OpenHome@@QAE@VFunctor@1@@Z 0040ce70 f   libohNetCore:Timer.obj
 0001:0000bec0       ?FireIn@Timer@OpenHome@@QAEXI@Z 0040cec0 f   libohNetCore:Timer.obj
 0001:0000bf30       ?FireAt@Timer@OpenHome@@QAEXI@Z 0040cf30 f   libohNetCore:Timer.obj
 0001:0000bfc0       ?Cancel@Timer@OpenHome@@QAEXXZ 0040cfc0 f   libohNetCore:Timer.obj
 0001:0000c010       ?DoCancel@Timer@OpenHome@@AAEXXZ 0040d010 f   libohNetCore:Timer.obj
 0001:0000c080       ??1Timer@OpenHome@@QAE@XZ  0040d080 f   libohNetCore:Timer.obj
 0001:0000c100       ??0TimerManager@OpenHome@@QAE@XZ 0040d100 f   libohNetCore:Timer.obj
 0001:0000c2f0       ??1TimerManager@OpenHome@@UAE@XZ 0040d2f0 f   libohNetCore:Timer.obj
 0001:0000c430       ?Stop@TimerManager@OpenHome@@QAEXXZ 0040d430 f   libohNetCore:Timer.obj
 0001:0000c510       ?CallbackLock@TimerManager@OpenHome@@QAEXXZ 0040d510 f   libohNetCore:Timer.obj
 0001:0000c540       ?CallbackUnlock@TimerManager@OpenHome@@QAEXXZ 0040d540 f   libohNetCore:Timer.obj
 0001:0000c570       ?HeadChanged@TimerManager@OpenHome@@EAEXAAVQueueSortedEntry@2@@Z 0040d570 f   libohNetCore:Timer.obj
 0001:0000c690       ?Fire@TimerManager@OpenHome@@AAEXXZ 0040d690 f   libohNetCore:Timer.obj
 0001:0000c790       ?Thread@TimerManager@OpenHome@@ABEPAV02@XZ 0040d790 f   libohNetCore:Timer.obj
 0001:0000c7b0       ?Compare@TimerManager@OpenHome@@EAEHAAVQueueSortedEntry@2@0@Z 0040d7b0 f   libohNetCore:Timer.obj
 0001:0000c800       ?Run@TimerManager@OpenHome@@AAEXXZ 0040d800 f   libohNetCore:Timer.obj
 0001:0000c910       ??0QueueSortedEntryTimer@OpenHome@@QAE@XZ 0040d910 f i libohNetCore:Timer.obj
 0001:0000c940       ??_GTimerManager@OpenHome@@UAEPAXI@Z 0040d940 f i libohNetCore:Timer.obj
 0001:0000c940       ??_ETimerManager@OpenHome@@UAEPAXI@Z 0040d940 f i libohNetCore:Timer.obj
 0001:0000c980       ??0?$QueueSorted@VTimer@OpenHome@@@OpenHome@@QAE@XZ 0040d980 f i libohNetCore:Timer.obj
 0001:0000c9b0       ??1?$QueueSorted@VTimer@OpenHome@@@OpenHome@@UAE@XZ 0040d9b0 f i libohNetCore:Timer.obj
 0001:0000c9e0       ??_G?$QueueSorted@VTimer@OpenHome@@@OpenHome@@UAEPAXI@Z 0040d9e0 f i libohNetCore:Timer.obj
 0001:0000c9e0       ??_E?$QueueSorted@VTimer@OpenHome@@@OpenHome@@UAEPAXI@Z 0040d9e0 f i libohNetCore:Timer.obj
 0001:0000ca20       ?Add@?$QueueSorted@VTimer@OpenHome@@@OpenHome@@QAEXAAVTimer@2@@Z 0040da20 f i libohNetCore:Timer.obj
 0001:0000ca50       ?Remove@?$QueueSorted@VTimer@OpenHome@@@OpenHome@@QAEXAAVTimer@2@@Z 0040da50 f i libohNetCore:Timer.obj
 0001:0000ca80       ?RemoveHead@?$QueueSorted@VTimer@OpenHome@@@OpenHome@@QAEAAVTimer@2@XZ 0040da80 f i libohNetCore:Timer.obj
 0001:0000cab0       ?Entry@?$QueueSorted@VTimer@OpenHome@@@OpenHome@@IAEAAVTimer@2@AAVQueueSortedEntry@2@@Z 0040dab0 f i libohNetCore:Timer.obj
 0001:0000cad0       ??$MakeFunctor@VTimerManager@OpenHome@@XV12@@OpenHome@@YG?AV?$MemberTranslator@VTimerManager@OpenHome@@P812@AEXXZ@0@AAVTimerManager@0@ABQ820@AEXXZ@Z 0040dad0 f i libohNetCore:Timer.obj
 0001:0000cb00       ??0?$MemberTranslator@VTimerManager@OpenHome@@P812@AEXXZ@OpenHome@@QAE@AAVTimerManager@1@ABQ821@AEXXZ@Z 0040db00 f i libohNetCore:Timer.obj
 0001:0000cb40       ?Thunk@?$MemberTranslator@VTimerManager@OpenHome@@P812@AEXXZ@OpenHome@@SGXABVFunctor@2@@Z 0040db40 f i libohNetCore:Timer.obj
 0001:0000cb90       ?Empty@Brx@OpenHome@@SGABVBrn@2@XZ 0040db90 f   libohNetCore:Buffer.obj
 0001:0000cba0       ?Equals@Brx@OpenHome@@QBE_NABV12@@Z 0040dba0 f   libohNetCore:Buffer.obj
 0001:0000cc20       ?At@Brx@OpenHome@@QBEABEI@Z 0040dc20 f   libohNetCore:Buffer.obj
 0001:0000cc80       ?Split@Brx@OpenHome@@QBE?AVBrn@2@I@Z 0040dc80 f   libohNetCore:Buffer.obj
 0001:0000cd10       ?Split@Brx@OpenHome@@QBE?AVBrn@2@II@Z 0040dd10 f   libohNetCore:Buffer.obj
 0001:0000cd90       ?BeginsWith@Brx@OpenHome@@QBE_NABV12@@Z 0040dd90 f   libohNetCore:Buffer.obj
 0001:0000ce10       ??0Brn@OpenHome@@QAE@PBD@Z 0040de10 f   libohNetCore:Buffer.obj
 0001:0000ce60       ?Set@Brn@OpenHome@@QAEXPBD@Z 0040de60 f   libohNetCore:Buffer.obj
 0001:0000cea0       ?Ptr@Brn@OpenHome@@UBEPBEXZ 0040dea0 f   libohNetCore:Buffer.obj
 0001:0000cee0       ??1Brv@OpenHome@@UAE@XZ    0040dee0 f   libohNetCore:Buffer.obj
 0001:0000cf20       ?Ptr@Brv@OpenHome@@UBEPBEXZ 0040df20 f   libohNetCore:Buffer.obj
 0001:0000cf40       ??0Brh@OpenHome@@QAE@ABVBrx@1@@Z 0040df40 f   libohNetCore:Buffer.obj
 0001:0000cfc0       ??0Brh@OpenHome@@QAE@PBD@Z 0040dfc0 f   libohNetCore:Buffer.obj
 0001:0000d040       ?Set@Brh@OpenHome@@QAEXPBEI@Z 0040e040 f   libohNetCore:Buffer.obj
 0001:0000d0a0       ?Set@Brh@OpenHome@@QAEXPBD@Z 0040e0a0 f   libohNetCore:Buffer.obj
 0001:0000d0e0       ?TransferTo@Brh@OpenHome@@QAEXAAV12@@Z 0040e0e0 f   libohNetCore:Buffer.obj
 0001:0000d140       ?Extract@Brh@OpenHome@@QAEPADXZ 0040e140 f   libohNetCore:Buffer.obj
 0001:0000d180       ??0Brhz@OpenHome@@QAE@ABVBrx@1@@Z 0040e180 f   libohNetCore:Buffer.obj
 0001:0000d200       ??0Brhz@OpenHome@@QAE@PBD@Z 0040e200 f   libohNetCore:Buffer.obj
 0001:0000d280       ?Set@Brhz@OpenHome@@QAEXPBEI@Z 0040e280 f   libohNetCore:Buffer.obj
 0001:0000d340       ?Set@Brhz@OpenHome@@QAEXPBD@Z 0040e340 f   libohNetCore:Buffer.obj
 0001:0000d380       ?Shrink@Brhz@OpenHome@@QAEXI@Z 0040e380 f   libohNetCore:Buffer.obj
 0001:0000d420       ?TransferTo@Brhz@OpenHome@@QAEXAAVBrh@2@@Z 0040e420 f   libohNetCore:Buffer.obj
 0001:0000d480       ?TransferTo@Brhz@OpenHome@@QAEXAAV12@@Z 0040e480 f   libohNetCore:Buffer.obj
 0001:0000d4e0       ?Transfer@Brhz@OpenHome@@QAEPADXZ 0040e4e0 f   libohNetCore:Buffer.obj
 0001:0000d520       ??0Bwx@OpenHome@@IAE@II@Z  0040e520 f   libohNetCore:Buffer.obj
 0001:0000d5c0       ?Replace@Bwx@OpenHome@@QAEXABVBrx@2@@Z 0040e5c0 f   libohNetCore:Buffer.obj
 0001:0000d650       ?ReplaceThrow@Bwx@OpenHome@@QAEXABVBrx@2@@Z 0040e650 f   libohNetCore:Buffer.obj
 0001:0000d770       ?Replace@Bwx@OpenHome@@QAEXPBEI@Z 0040e770 f   libohNetCore:Buffer.obj
 0001:0000d7e0       ?Replace@Bwx@OpenHome@@QAEXPBD@Z 0040e7e0 f   libohNetCore:Buffer.obj
 0001:0000d870       ?Append@Bwx@OpenHome@@QAEXPBD@Z 0040e870 f   libohNetCore:Buffer.obj
 0001:0000d8b0       ?Append@Bwx@OpenHome@@QAEXABVBrx@2@@Z 0040e8b0 f   libohNetCore:Buffer.obj
 0001:0000d900       ?Append@Bwx@OpenHome@@QAEXPBEI@Z 0040e900 f   libohNetCore:Buffer.obj
 0001:0000d990       ?AppendPrintf@Bwx@OpenHome@@QAAXPBDZZ 0040e990 f   libohNetCore:Buffer.obj
 0001:0000dad0       ?PtrZ@Bwx@OpenHome@@QBEPBDXZ 0040ead0 f   libohNetCore:Buffer.obj
 0001:0000db50       ?Fill@Bwx@OpenHome@@QAEXE@Z 0040eb50 f   libohNetCore:Buffer.obj
 0001:0000dba0       ?SetBytes@Bwx@OpenHome@@QAEXI@Z 0040eba0 f   libohNetCore:Buffer.obj
 0001:0000dbf0       ?At@Bwx@OpenHome@@QAEAAEI@Z 0040ebf0 f   libohNetCore:Buffer.obj
 0001:0000dc50       ??0Bwn@OpenHome@@QAE@XZ    0040ec50 f   libohNetCore:Buffer.obj
 0001:0000dc90       ??0Bwn@OpenHome@@QAE@ABVBwx@1@@Z 0040ec90 f   libohNetCore:Buffer.obj
 0001:0000dd30       ??0Bwn@OpenHome@@QAE@ABV01@@Z 0040ed30 f   libohNetCore:Buffer.obj
 0001:0000ddd0       ??0Bwn@OpenHome@@QAE@PBEI@Z 0040edd0 f   libohNetCore:Buffer.obj
 0001:0000de20       ??0Bwn@OpenHome@@QAE@PBEII@Z 0040ee20 f   libohNetCore:Buffer.obj
 0001:0000de70       ??0Bwn@OpenHome@@QAE@PBDI@Z 0040ee70 f   libohNetCore:Buffer.obj
 0001:0000dec0       ??0Bwn@OpenHome@@QAE@PBDII@Z 0040eec0 f   libohNetCore:Buffer.obj
 0001:0000df10       ?Set@Bwn@OpenHome@@QAEXABVBwx@2@@Z 0040ef10 f   libohNetCore:Buffer.obj
 0001:0000df70       ?Set@Bwn@OpenHome@@QAEXPBEI@Z 0040ef70 f   libohNetCore:Buffer.obj
 0001:0000dfa0       ?Set@Bwn@OpenHome@@QAEXPBEII@Z 0040efa0 f   libohNetCore:Buffer.obj
 0001:0000dff0       ?Ptr@Bwn@OpenHome@@UBEPBEXZ 0040eff0 f   libohNetCore:Buffer.obj
 0001:0000e010       ??0Bwh@OpenHome@@QAE@XZ    0040f010 f   libohNetCore:Buffer.obj
 0001:0000e050       ??0Bwh@OpenHome@@QAE@I@Z   0040f050 f   libohNetCore:Buffer.obj
 0001:0000e0a0       ??0Bwh@OpenHome@@QAE@II@Z  0040f0a0 f   libohNetCore:Buffer.obj
 0001:0000e0f0       ??1Bwh@OpenHome@@UAE@XZ    0040f0f0 f   libohNetCore:Buffer.obj
 0001:0000e130       ?Ptr@Bwh@OpenHome@@UBEPBEXZ 0040f130 f   libohNetCore:Buffer.obj
 0001:0000e170       ??0Bwh@OpenHome@@QAE@PBD@Z 0040f170 f   libohNetCore:Buffer.obj
 0001:0000e210       ??0Bwh@OpenHome@@QAE@PBEI@Z 0040f210 f   libohNetCore:Buffer.obj
 0001:0000e2b0       ??0Bwh@OpenHome@@QAE@ABVBrx@1@@Z 0040f2b0 f   libohNetCore:Buffer.obj
 0001:0000e350       ??0Bwh@OpenHome@@QAE@ABV01@@Z 0040f350 f   libohNetCore:Buffer.obj
 0001:0000e3f0       ?Grow@Bwh@OpenHome@@QAEXI@Z 0040f3f0 f   libohNetCore:Buffer.obj
 0001:0000e4a0       ?TransferTo@Bwh@OpenHome@@QAEXAAVBrh@2@@Z 0040f4a0 f   libohNetCore:Buffer.obj
 0001:0000e500       ?TransferTo@Bwh@OpenHome@@QAEXAAVBrhz@2@@Z 0040f500 f   libohNetCore:Buffer.obj
 0001:0000e560       ?TransferTo@Bwh@OpenHome@@QAEXAAV12@@Z 0040f560 f   libohNetCore:Buffer.obj
 0001:0000e5c0       ??RBufferCmp@OpenHome@@QBE_NABVBrx@1@0@Z 0040f5c0 f   libohNetCore:Buffer.obj
 0001:0000e6c0       ??0Brn@OpenHome@@QAE@PBEI@Z 0040f6c0 f i libohNetCore:Buffer.obj
 0001:0000e700       ??_GBrn@OpenHome@@UAEPAXI@Z 0040f700 f i libohNetCore:Buffer.obj
 0001:0000e700       ??_EBrn@OpenHome@@UAEPAXI@Z 0040f700 f i libohNetCore:Buffer.obj
 0001:0000e740       ??1Brn@OpenHome@@UAE@XZ    0040f740 f i libohNetCore:Buffer.obj
 0001:0000e770       ??_GBrh@OpenHome@@UAEPAXI@Z 0040f770 f i libohNetCore:Buffer.obj
 0001:0000e770       ??_EBrh@OpenHome@@UAEPAXI@Z 0040f770 f i libohNetCore:Buffer.obj
 0001:0000e7b0       ??1Brh@OpenHome@@UAE@XZ    0040f7b0 f i libohNetCore:Buffer.obj
 0001:0000e7e0       ?Set@Brh@OpenHome@@QAEXABVBrx@2@@Z 0040f7e0 f i libohNetCore:Buffer.obj
 0001:0000e830       ??_GBwx@OpenHome@@UAEPAXI@Z 0040f830 f i libohNetCore:Buffer.obj
 0001:0000e830       ??_EBwx@OpenHome@@UAEPAXI@Z 0040f830 f i libohNetCore:Buffer.obj
 0001:0000e870       ??0BufferOverflow@OpenHome@@QAE@PBDI@Z 0040f870 f i libohNetCore:Buffer.obj
 0001:0000e8b0       ??1BufferOverflow@OpenHome@@QAE@XZ 0040f8b0 f i libohNetCore:Buffer.obj
 0001:0000e8e0       ??0BufferFull@OpenHome@@QAE@PBDI@Z 0040f8e0 f i libohNetCore:Buffer.obj
 0001:0000e920       ??1BufferFull@OpenHome@@QAE@XZ 0040f920 f i libohNetCore:Buffer.obj
 0001:0000e950       ??_GBwn@OpenHome@@UAEPAXI@Z 0040f950 f i libohNetCore:Buffer.obj
 0001:0000e950       ??_EBwn@OpenHome@@UAEPAXI@Z 0040f950 f i libohNetCore:Buffer.obj
 0001:0000e990       ??_GBwh@OpenHome@@UAEPAXI@Z 0040f990 f i libohNetCore:Buffer.obj
 0001:0000e990       ??_EBwh@OpenHome@@UAEPAXI@Z 0040f990 f i libohNetCore:Buffer.obj
 0001:0000e9d0       ??0Stack@Net@OpenHome@@QAE@XZ 0040f9d0 f   libohNetCore:Stack.obj
 0001:0000ead0       ??0Stack@Net@OpenHome@@QAE@PAVInitialisationParams@12@@Z 0040fad0 f   libohNetCore:Stack.obj
 0001:0000ecf0       ?Destroy@Stack@Net@OpenHome@@SGXXZ 0040fcf0 f   libohNetCore:Stack.obj
 0001:0000ed50       ??1Stack@Net@OpenHome@@AAE@XZ 0040fd50 f   libohNetCore:Stack.obj
 0001:0000ef60       ?IsInitialised@Stack@Net@OpenHome@@SG_NXZ 0040ff60 f   libohNetCore:Stack.obj
 0001:0000ef80       ?GetVersion@Stack@Net@OpenHome@@SGXAAI0@Z 0040ff80 f   libohNetCore:Stack.obj
 0001:0000efa0       ?TimerManager@Stack@Net@OpenHome@@SGAAV03@XZ 0040ffa0 f   libohNetCore:Stack.obj
 0001:0000efb0       ?Mutex@Stack@Net@OpenHome@@SGAAV03@XZ 0040ffb0 f   libohNetCore:Stack.obj
 0001:0000efc0       ?NetworkAdapterList@Stack@Net@OpenHome@@SGAAV03@XZ 0040ffc0 f   libohNetCore:Stack.obj
 0001:0000efd0       ?MulticastListenerClaim@Stack@Net@OpenHome@@SGAAVSsdpListenerMulticast@23@I@Z 0040ffd0 f   libohNetCore:Stack.obj
 0001:0000f180       ?MulticastListenerRelease@Stack@Net@OpenHome@@SGXI@Z 00410180 f   libohNetCore:Stack.obj
 0001:0000f320       ?SequenceNumber@Stack@Net@OpenHome@@SGIXZ 00410320 f   libohNetCore:Stack.obj
 0001:0000f380       ?InitParams@Stack@Net@OpenHome@@SGAAVInitialisationParams@23@XZ 00410380 f   libohNetCore:Stack.obj
 0001:0000f390       ?AddObject@Stack@Net@OpenHome@@SGXPAXPBD@Z 00410390 f   libohNetCore:Stack.obj
 0001:0000f3c0       ?RemoveObject@Stack@Net@OpenHome@@SGXPAXPBD@Z 004103c0 f   libohNetCore:Stack.obj
 0001:0000f3f0       ?ListObjects@Stack@Net@OpenHome@@SGXXZ 004103f0 f   libohNetCore:Stack.obj
 0001:0000f410       ?DoAddObject@Stack@Net@OpenHome@@AAEXPAXPBD@Z 00410410 f   libohNetCore:Stack.obj
 0001:0000f670       ?DoRemoveObject@Stack@Net@OpenHome@@AAEXPAXPBD@Z 00410670 f   libohNetCore:Stack.obj
 0001:0000f910       ?DoListObjects@Stack@Net@OpenHome@@AAEXXZ 00410910 f   libohNetCore:Stack.obj
 0001:0000fb20       ?SetCpiStack@Stack@Net@OpenHome@@CGXPAVIStack@23@@Z 00410b20 f   libohNetCore:Stack.obj
 0001:0000fb40       ?SetDviStack@Stack@Net@OpenHome@@CGXPAVIStack@23@@Z 00410b40 f   libohNetCore:Stack.obj
 0001:0000fb60       ?CpiStack@Stack@Net@OpenHome@@CGPAVIStack@23@XZ 00410b60 f   libohNetCore:Stack.obj
 0001:0000fb70       ?DviStack@Stack@Net@OpenHome@@CGPAVIStack@23@XZ 00410b70 f   libohNetCore:Stack.obj
 0001:0000fb80       ??0MListener@Stack@Net@OpenHome@@QAE@I@Z 00410b80 f   libohNetCore:Stack.obj
 0001:0000fbc0       ?Listener@MListener@Stack@Net@OpenHome@@QAEAAVSsdpListenerMulticast@34@XZ 00410bc0 f   libohNetCore:Stack.obj
 0001:0000fbe0       ?Interface@MListener@Stack@Net@OpenHome@@QBEIXZ 00410be0 f   libohNetCore:Stack.obj
 0001:0000fc10       ?AddRef@MListener@Stack@Net@OpenHome@@QAEXXZ 00410c10 f   libohNetCore:Stack.obj
 0001:0000fc40       ?RemoveRef@MListener@Stack@Net@OpenHome@@QAE_NXZ 00410c40 f   libohNetCore:Stack.obj
 0001:0000fc80       ??0ObjectType@Stack@Net@OpenHome@@QAE@PBD@Z 00410c80 f   libohNetCore:Stack.obj
 0001:0000fcf0       ??1ObjectType@Stack@Net@OpenHome@@QAE@XZ 00410cf0 f   libohNetCore:Stack.obj
 0001:0000fd80       ??1?$map@VBrn@OpenHome@@PAVObjectType@Stack@Net@2@VBufferCmp@2@V?$allocator@U?$pair@$$CBVBrn@OpenHome@@PAVObjectType@Stack@Net@2@@std@@@std@@@std@@QAE@XZ 00410d80 f i libohNetCore:Stack.obj
 0001:0000fdb0       ??BFunctor@OpenHome@@QBE_NXZ 00410db0 f i libohNetCore:Stack.obj
 0001:0000fdf0       ??_GStack@Net@OpenHome@@AAEPAXI@Z 00410df0 f i libohNetCore:Stack.obj
 0001:0000fe30       ??_GNetworkAdapterList@OpenHome@@QAEPAXI@Z 00410e30 f i libohNetCore:Stack.obj
 0001:0000fe70       ??_GMListener@Stack@Net@OpenHome@@QAEPAXI@Z 00410e70 f i libohNetCore:Stack.obj
 0001:0000feb0       ??1?$_Vector_iterator@V?$_Vector_val@PAVMListener@Stack@Net@OpenHome@@V?$allocator@PAVMListener@Stack@Net@OpenHome@@@std@@@std@@@std@@QAE@XZ 00410eb0 f i libohNetCore:Stack.obj
 0001:0000fee0       ??0?$_Vector_const_iterator@V?$_Vector_val@PAVMListener@Stack@Net@OpenHome@@V?$allocator@PAVMListener@Stack@Net@OpenHome@@@std@@@std@@@std@@QAE@ABV01@@Z 00410ee0 f i libohNetCore:Stack.obj
 0001:0000ff20       ??1?$_Vector_const_iterator@V?$_Vector_val@PAVMListener@Stack@Net@OpenHome@@V?$allocator@PAVMListener@Stack@Net@OpenHome@@@std@@@std@@@std@@QAE@XZ 00410f20 f i libohNetCore:Stack.obj
 0001:0000ff50       ??1MListener@Stack@Net@OpenHome@@QAE@XZ 00410f50 f i libohNetCore:Stack.obj
 0001:0000ff80       ??0?$_Iterator012@Urandom_access_iterator_tag@std@@PAVMListener@Stack@Net@OpenHome@@HPBQAV3456@ABQAV3456@U_Iterator_base12@2@@std@@QAE@ABU01@@Z 00410f80 f i libohNetCore:Stack.obj
 0001:0000ffb0       ??0_Iterator_base12@std@@QAE@ABU01@@Z 00410fb0 f i libohNetCore:Stack.obj
 0001:0000fff0       ??4_Iterator_base12@std@@QAEAAU01@ABU01@@Z 00410ff0 f i libohNetCore:Stack.obj
 0001:00010030       ?_Adopt@_Iterator_base12@std@@QAEXPBU_Container_base12@2@@Z 00411030 f i libohNetCore:Stack.obj
 0001:00010120       ?_Orphan_me@_Iterator_base12@std@@QAEXXZ 00411120 f i libohNetCore:Stack.obj
 0001:000101b0       ??1?$_Iterator012@Urandom_access_iterator_tag@std@@PAVMListener@Stack@Net@OpenHome@@HPBQAV3456@ABQAV3456@U_Iterator_base12@2@@std@@QAE@XZ 004111b0 f i libohNetCore:Stack.obj
 0001:000101e0       ??1_Iterator_base12@std@@QAE@XZ 004111e0 f i libohNetCore:Stack.obj
 0001:00010290       ?Set@Brn@OpenHome@@QAEXABVBrx@2@@Z 00411290 f i libohNetCore:Stack.obj
 0001:000102e0       ?Name@ObjectType@Stack@Net@OpenHome@@QAEABVBrx@4@XZ 004112e0 f i libohNetCore:Stack.obj
 0001:00010300       ?Map@ObjectType@Stack@Net@OpenHome@@QAEAAV?$map@PAXPAXU?$less@PAX@std@@V?$allocator@U?$pair@QAXPAX@std@@@2@@std@@XZ 00411300 f i libohNetCore:Stack.obj
 0001:00010320       ??1?$_Tree_iterator@V?$_Tree_val@V?$_Tmap_traits@VBrn@OpenHome@@PAVObjectType@Stack@Net@2@VBufferCmp@2@V?$allocator@U?$pair@$$CBVBrn@OpenHome@@PAVObjectType@Stack@Net@2@@std@@@std@@$0A@@std@@@std@@@std@@QAE@XZ 00411320 f i libohNetCore:Stack.obj
 0001:00010350       ??1?$pair@VBrn@OpenHome@@PAVObjectType@Stack@Net@2@@std@@QAE@XZ 00411350 f i libohNetCore:Stack.obj
 0001:00010380       ??1?$pair@V?$_Tree_iterator@V?$_Tree_val@V?$_Tmap_traits@VBrn@OpenHome@@PAVObjectType@Stack@Net@2@VBufferCmp@2@V?$allocator@U?$pair@$$CBVBrn@OpenHome@@PAVObjectType@Stack@Net@2@@std@@@std@@$0A@@std@@@std@@@std@@_N@std@@QAE@XZ 00411380 f i libohNetCore:Stack.obj
 0001:000103b0       ??1?$pair@V?$_Tree_iterator@V?$_Tree_val@V?$_Tmap_traits@PAXPAXU?$less@PAX@std@@V?$allocator@U?$pair@QAXPAX@std@@@2@$0A@@std@@@std@@@std@@_N@std@@QAE@XZ 004113b0 f i libohNetCore:Stack.obj
 0001:000103e0       ??1?$_Tree_const_iterator@V?$_Tree_val@V?$_Tmap_traits@VBrn@OpenHome@@PAVObjectType@Stack@Net@2@VBufferCmp@2@V?$allocator@U?$pair@$$CBVBrn@OpenHome@@PAVObjectType@Stack@Net@2@@std@@@std@@$0A@@std@@@std@@@std@@QAE@XZ 004113e0 f i libohNetCore:Stack.obj
 0001:00010410       ??1?$_Pair_base@VBrn@OpenHome@@PAVObjectType@Stack@Net@2@@std@@QAE@XZ 00411410 f i libohNetCore:Stack.obj
 0001:00010440       ??1?$_Pair_base@V?$_Tree_iterator@V?$_Tree_val@V?$_Tmap_traits@VBrn@OpenHome@@PAVObjectType@Stack@Net@2@VBufferCmp@2@V?$allocator@U?$pair@$$CBVBrn@OpenHome@@PAVObjectType@Stack@Net@2@@std@@@std@@$0A@@std@@@std@@@std@@_N@std@@QAE@XZ 00411440 f i libohNetCore:Stack.obj
 0001:00010470       ??1?$_Pair_base@V?$_Tree_iterator@V?$_Tree_val@V?$_Tmap_traits@PAXPAXU?$less@PAX@std@@V?$allocator@U?$pair@QAXPAX@std@@@2@$0A@@std@@@std@@@std@@_N@std@@QAE@XZ 00411470 f i libohNetCore:Stack.obj
 0001:000104a0       ??1?$_Tree_unchecked_const_iterator@V?$_Tree_val@V?$_Tmap_traits@VBrn@OpenHome@@PAVObjectType@Stack@Net@2@VBufferCmp@2@V?$allocator@U?$pair@$$CBVBrn@OpenHome@@PAVObjectType@Stack@Net@2@@std@@@std@@$0A@@std@@@std@@U_Iterator_base12@2@@std@@QAE@XZ 004114a0 f i libohNetCore:Stack.obj
 0001:000104d0       ??1?$_Tree_iterator@V?$_Tree_val@V?$_Tmap_traits@PAXPAXU?$less@PAX@std@@V?$allocator@U?$pair@QAXPAX@std@@@2@$0A@@std@@@std@@@std@@QAE@XZ 004114d0 f i libohNetCore:Stack.obj
 0001:00010500       ??1?$_Iterator012@Ubidirectional_iterator_tag@std@@U?$pair@$$CBVBrn@OpenHome@@PAVObjectType@Stack@Net@2@@2@HPBU32@ABU32@U_Iterator_base12@2@@std@@QAE@XZ 00411500 f i libohNetCore:Stack.obj
 0001:00010530       ??1?$_Tree_const_iterator@V?$_Tree_val@V?$_Tmap_traits@PAXPAXU?$less@PAX@std@@V?$allocator@U?$pair@QAXPAX@std@@@2@$0A@@std@@@std@@@std@@QAE@XZ 00411530 f i libohNetCore:Stack.obj
 0001:00010560       ??1?$_Tree_unchecked_const_iterator@V?$_Tree_val@V?$_Tmap_traits@PAXPAXU?$less@PAX@std@@V?$allocator@U?$pair@QAXPAX@std@@@2@$0A@@std@@@std@@U_Iterator_base12@2@@std@@QAE@XZ 00411560 f i libohNetCore:Stack.obj
 0001:00010590       ??1?$_Iterator012@Ubidirectional_iterator_tag@std@@U?$pair@QAXPAX@2@HPBU32@ABU32@U_Iterator_base12@2@@std@@QAE@XZ 00411590 f i libohNetCore:Stack.obj
 0001:000105c0       ??0?$_Tree_const_iterator@V?$_Tree_val@V?$_Tmap_traits@PAXPAXU?$less@PAX@std@@V?$allocator@U?$pair@QAXPAX@std@@@2@$0A@@std@@@std@@@std@@QAE@ABV01@@Z 004115c0 f i libohNetCore:Stack.obj
 0001:000105f0       ??_GObjectType@Stack@Net@OpenHome@@QAEPAXI@Z 004115f0 f i libohNetCore:Stack.obj
 0001:00010630       ??0?$_Tree_const_iterator@V?$_Tree_val@V?$_Tmap_traits@VBrn@OpenHome@@PAVObjectType@Stack@Net@2@VBufferCmp@2@V?$allocator@U?$pair@$$CBVBrn@OpenHome@@PAVObjectType@Stack@Net@2@@std@@@std@@$0A@@std@@@std@@@std@@QAE@ABV01@@Z 00411630 f i libohNetCore:Stack.obj
 0001:00010660       ??0?$_Tree_unchecked_const_iterator@V?$_Tree_val@V?$_Tmap_traits@PAXPAXU?$less@PAX@std@@V?$allocator@U?$pair@QAXPAX@std@@@2@$0A@@std@@@std@@U_Iterator_base12@2@@std@@QAE@ABV01@@Z 00411660 f i libohNetCore:Stack.obj
 0001:000106a0       ??0?$_Tree_unchecked_const_iterator@V?$_Tree_val@V?$_Tmap_traits@VBrn@OpenHome@@PAVObjectType@Stack@Net@2@VBufferCmp@2@V?$allocator@U?$pair@$$CBVBrn@OpenHome@@PAVObjectType@Stack@Net@2@@std@@@std@@$0A@@std@@@std@@U_Iterator_base12@2@@std@@QAE@ABV01@@Z 004116a0 f i libohNetCore:Stack.obj
 0001:000106e0       ??0?$_Iterator012@Ubidirectional_iterator_tag@std@@U?$pair@QAXPAX@2@HPBU32@ABU32@U_Iterator_base12@2@@std@@QAE@ABU01@@Z 004116e0 f i libohNetCore:Stack.obj
 0001:00010710       ??0?$_Iterator012@Ubidirectional_iterator_tag@std@@U?$pair@$$CBVBrn@OpenHome@@PAVObjectType@Stack@Net@2@@2@HPBU32@ABU32@U_Iterator_base12@2@@std@@QAE@ABU01@@Z 00411710 f i libohNetCore:Stack.obj
 0001:00010740       ??1?$map@PAXPAXU?$less@PAX@std@@V?$allocator@U?$pair@QAXPAX@std@@@2@@std@@QAE@XZ 00411740 f i libohNetCore:Stack.obj
 0001:00010770       ??0?$map@PAXPAXU?$less@PAX@std@@V?$allocator@U?$pair@QAXPAX@std@@@2@@std@@QAE@XZ 00411770 f i libohNetCore:Stack.obj
 0001:000107b0       ??1?$_Tree@V?$_Tmap_traits@PAXPAXU?$less@PAX@std@@V?$allocator@U?$pair@QAXPAX@std@@@2@$0A@@std@@@std@@QAE@XZ 004117b0 f i libohNetCore:Stack.obj
 0001:00010820       ?begin@?$_Tree@V?$_Tmap_traits@PAXPAXU?$less@PAX@std@@V?$allocator@U?$pair@QAXPAX@std@@@2@$0A@@std@@@std@@QAE?AV?$_Tree_iterator@V?$_Tree_val@V?$_Tmap_traits@PAXPAXU?$less@PAX@std@@V?$allocator@U?$pair@QAXPAX@std@@@2@$0A@@std@@@std@@@2@XZ 00411820 f i libohNetCore:Stack.obj
 0001:00010880       ?end@?$_Tree@V?$_Tmap_traits@PAXPAXU?$less@PAX@std@@V?$allocator@U?$pair@QAXPAX@std@@@2@$0A@@std@@@std@@QAE?AV?$_Tree_iterator@V?$_Tree_val@V?$_Tmap_traits@PAXPAXU?$less@PAX@std@@V?$allocator@U?$pair@QAXPAX@std@@@2@$0A@@std@@@std@@@2@XZ 00411880 f i libohNetCore:Stack.obj
 0001:000108d0       ?size@?$_Tree@V?$_Tmap_traits@PAXPAXU?$less@PAX@std@@V?$allocator@U?$pair@QAXPAX@std@@@2@$0A@@std@@@std@@QBEIXZ 004118d0 f i libohNetCore:Stack.obj
 0001:000108f0       ?erase@?$_Tree@V?$_Tmap_traits@PAXPAXU?$less@PAX@std@@V?$allocator@U?$pair@QAXPAX@std@@@2@$0A@@std@@@std@@QAE?AV?$_Tree_iterator@V?$_Tree_val@V?$_Tmap_traits@PAXPAXU?$less@PAX@std@@V?$allocator@U?$pair@QAXPAX@std@@@2@$0A@@std@@@std@@@2@V?$_Tree_const_iterator@V?$_Tree_val@V?$_Tmap_traits@PAXPAXU?$less@PAX@std@@V?$allocator@U?$pair@QAXPAX@std@@@2@$0A@@std@@@std@@@2@@Z 004118f0 f i libohNetCore:Stack.obj
 0001:00011000       ?_Getcont@_Iterator_base12@std@@QBEPBU_Container_base12@2@XZ 00412000 f i libohNetCore:Stack.obj
 0001:00011040       ?find@?$_Tree@V?$_Tmap_traits@PAXPAXU?$less@PAX@std@@V?$allocator@U?$pair@QAXPAX@std@@@2@$0A@@std@@@std@@QAE?AV?$_Tree_iterator@V?$_Tree_val@V?$_Tmap_traits@PAXPAXU?$less@PAX@std@@V?$allocator@U?$pair@QAXPAX@std@@@2@$0A@@std@@@std@@@2@ABQAX@Z 00412040 f i libohNetCore:Stack.obj
 0001:00011220       ??0?$vector@PAVMListener@Stack@Net@OpenHome@@V?$allocator@PAVMListener@Stack@Net@OpenHome@@@std@@@std@@QAE@XZ 00412220 f i libohNetCore:Stack.obj
 0001:00011260       ??1?$vector@PAVMListener@Stack@Net@OpenHome@@V?$allocator@PAVMListener@Stack@Net@OpenHome@@@std@@@std@@QAE@XZ 00412260 f i libohNetCore:Stack.obj
 0001:000112d0       ?begin@?$vector@PAVMListener@Stack@Net@OpenHome@@V?$allocator@PAVMListener@Stack@Net@OpenHome@@@std@@@std@@QAE?AV?$_Vector_iterator@V?$_Vector_val@PAVMListener@Stack@Net@OpenHome@@V?$allocator@PAVMListener@Stack@Net@OpenHome@@@std@@@std@@@2@XZ 004122d0 f i libohNetCore:Stack.obj
 0001:00011320       ?size@?$vector@PAVMListener@Stack@Net@OpenHome@@V?$allocator@PAVMListener@Stack@Net@OpenHome@@@std@@@std@@QBEIXZ 00412320 f i libohNetCore:Stack.obj
 0001:00011350       ??A?$vector@PAVMListener@Stack@Net@OpenHome@@V?$allocator@PAVMListener@Stack@Net@OpenHome@@@std@@@std@@QAEAAPAVMListener@Stack@Net@OpenHome@@I@Z 00412350 f i libohNetCore:Stack.obj
 0001:000113f0       ?push_back@?$vector@PAVMListener@Stack@Net@OpenHome@@V?$allocator@PAVMListener@Stack@Net@OpenHome@@@std@@@std@@QAEXABQAVMListener@Stack@Net@OpenHome@@@Z 004123f0 f i libohNetCore:Stack.obj
 0001:00011500       ?erase@?$vector@PAVMListener@Stack@Net@OpenHome@@V?$allocator@PAVMListener@Stack@Net@OpenHome@@@std@@@std@@QAE?AV?$_Vector_iterator@V?$_Vector_val@PAVMListener@Stack@Net@OpenHome@@V?$allocator@PAVMListener@Stack@Net@OpenHome@@@std@@@std@@@2@V?$_Vector_const_iterator@V?$_Vector_val@PAVMListener@Stack@Net@OpenHome@@V?$allocator@PAVMListener@Stack@Net@OpenHome@@@std@@@std@@@2@@Z 00412500 f i libohNetCore:Stack.obj
 0001:00011630       ??0?$map@VBrn@OpenHome@@PAVObjectType@Stack@Net@2@VBufferCmp@2@V?$allocator@U?$pair@$$CBVBrn@OpenHome@@PAVObjectType@Stack@Net@2@@std@@@std@@@std@@QAE@XZ 00412630 f i libohNetCore:Stack.obj
 0001:00011680       ??1?$_Tree@V?$_Tmap_traits@VBrn@OpenHome@@PAVObjectType@Stack@Net@2@VBufferCmp@2@V?$allocator@U?$pair@$$CBVBrn@OpenHome@@PAVObjectType@Stack@Net@2@@std@@@std@@$0A@@std@@@std@@QAE@XZ 00412680 f i libohNetCore:Stack.obj
 0001:000116f0       ?begin@?$_Tree@V?$_Tmap_traits@VBrn@OpenHome@@PAVObjectType@Stack@Net@2@VBufferCmp@2@V?$allocator@U?$pair@$$CBVBrn@OpenHome@@PAVObjectType@Stack@Net@2@@std@@@std@@$0A@@std@@@std@@QAE?AV?$_Tree_iterator@V?$_Tree_val@V?$_Tmap_traits@VBrn@OpenHome@@PAVObjectType@Stack@Net@2@VBufferCmp@2@V?$allocator@U?$pair@$$CBVBrn@OpenHome@@PAVObjectType@Stack@Net@2@@std@@@std@@$0A@@std@@@std@@@2@XZ 004126f0 f i libohNetCore:Stack.obj
 0001:00011750       ?end@?$_Tree@V?$_Tmap_traits@VBrn@OpenHome@@PAVObjectType@Stack@Net@2@VBufferCmp@2@V?$allocator@U?$pair@$$CBVBrn@OpenHome@@PAVObjectType@Stack@Net@2@@std@@@std@@$0A@@std@@@std@@QAE?AV?$_Tree_iterator@V?$_Tree_val@V?$_Tmap_traits@VBrn@OpenHome@@PAVObjectType@Stack@Net@2@VBufferCmp@2@V?$allocator@U?$pair@$$CBVBrn@OpenHome@@PAVObjectType@Stack@Net@2@@std@@@std@@$0A@@std@@@std@@@2@XZ 00412750 f i libohNetCore:Stack.obj
 0001:000117a0       ?size@?$_Tree@V?$_Tmap_traits@VBrn@OpenHome@@PAVObjectType@Stack@Net@2@VBufferCmp@2@V?$allocator@U?$pair@$$CBVBrn@OpenHome@@PAVObjectType@Stack@Net@2@@std@@@std@@$0A@@std@@@std@@QBEIXZ 004127a0 f i libohNetCore:Stack.obj
 0001:000117c0       ?erase@?$_Tree@V?$_Tmap_traits@VBrn@OpenHome@@PAVObjectType@Stack@Net@2@VBufferCmp@2@V?$allocator@U?$pair@$$CBVBrn@OpenHome@@PAVObjectType@Stack@Net@2@@std@@@std@@$0A@@std@@@std@@QAE?AV?$_Tree_iterator@V?$_Tree_val@V?$_Tmap_traits@VBrn@OpenHome@@PAVObjectType@Stack@Net@2@VBufferCmp@2@V?$allocator@U?$pair@$$CBVBrn@OpenHome@@PAVObjectType@Stack@Net@2@@std@@@std@@$0A@@std@@@std@@@2@V?$_Tree_const_iterator@V?$_Tree_val@V?$_Tmap_traits@VBrn@OpenHome@@PAVObjectType@Stack@Net@2@VBufferCmp@2@V?$allocator@U?$pair@$$CBVBrn@OpenHome@@PAVObjectType@Stack@Net@2@@std@@@std@@$0A@@std@@@std@@@2@@Z 004127c0 f i libohNetCore:Stack.obj
 0001:00011ed0       ?find@?$_Tree@V?$_Tmap_traits@VBrn@OpenHome@@PAVObjectType@Stack@Net@2@VBufferCmp@2@V?$allocator@U?$pair@$$CBVBrn@OpenHome@@PAVObjectType@Stack@Net@2@@std@@@std@@$0A@@std@@@std@@QAE?AV?$_Tree_iterator@V?$_Tree_val@V?$_Tmap_traits@VBrn@OpenHome@@PAVObjectType@Stack@Net@2@VBufferCmp@2@V?$allocator@U?$pair@$$CBVBrn@OpenHome@@PAVObjectType@Stack@Net@2@@std@@@std@@$0A@@std@@@std@@@2@ABVBrn@OpenHome@@@Z 00412ed0 f i libohNetCore:Stack.obj
 0001:000120b0       ??H?$_Vector_iterator@V?$_Vector_val@PAVMListener@Stack@Net@OpenHome@@V?$allocator@PAVMListener@Stack@Net@OpenHome@@@std@@@std@@@std@@QBE?AV01@H@Z 004130b0 f i libohNetCore:Stack.obj
 0001:00012190       ??C?$_Tree_iterator@V?$_Tree_val@V?$_Tmap_traits@VBrn@OpenHome@@PAVObjectType@Stack@Net@2@VBufferCmp@2@V?$allocator@U?$pair@$$CBVBrn@OpenHome@@PAVObjectType@Stack@Net@2@@std@@@std@@$0A@@std@@@std@@@std@@QBEPAU?$pair@$$CBVBrn@OpenHome@@PAVObjectType@Stack@Net@2@@1@XZ 00413190 f i libohNetCore:Stack.obj
 0001:000121c0       ??E?$_Tree_iterator@V?$_Tree_val@V?$_Tmap_traits@VBrn@OpenHome@@PAVObjectType@Stack@Net@2@VBufferCmp@2@V?$allocator@U?$pair@$$CBVBrn@OpenHome@@PAVObjectType@Stack@Net@2@@std@@@std@@$0A@@std@@@std@@@std@@QAE?AV01@H@Z 004131c0 f i libohNetCore:Stack.obj
 0001:00012290       ??9?$_Tree_const_iterator@V?$_Tree_val@V?$_Tmap_traits@VBrn@OpenHome@@PAVObjectType@Stack@Net@2@VBufferCmp@2@V?$allocator@U?$pair@$$CBVBrn@OpenHome@@PAVObjectType@Stack@Net@2@@std@@@std@@$0A@@std@@@std@@@std@@QBE_NABV01@@Z 00413290 f i libohNetCore:Stack.obj
 0001:000122d0       ??C?$_Tree_iterator@V?$_Tree_val@V?$_Tmap_traits@PAXPAXU?$less@PAX@std@@V?$allocator@U?$pair@QAXPAX@std@@@2@$0A@@std@@@std@@@std@@QBEPAU?$pair@QAXPAX@1@XZ 004132d0 f i libohNetCore:Stack.obj
 0001:00012300       ??E?$_Tree_iterator@V?$_Tree_val@V?$_Tmap_traits@PAXPAXU?$less@PAX@std@@V?$allocator@U?$pair@QAXPAX@std@@@2@$0A@@std@@@std@@@std@@QAE?AV01@H@Z 00413300 f i libohNetCore:Stack.obj
 0001:000123d0       ??9?$_Tree_const_iterator@V?$_Tree_val@V?$_Tmap_traits@PAXPAXU?$less@PAX@std@@V?$allocator@U?$pair@QAXPAX@std@@@2@$0A@@std@@@std@@@std@@QBE_NABV01@@Z 004133d0 f i libohNetCore:Stack.obj
 0001:00012410       ??0?$_Tree_iterator@V?$_Tree_val@V?$_Tmap_traits@PAXPAXU?$less@PAX@std@@V?$allocator@U?$pair@QAXPAX@std@@@2@$0A@@std@@@std@@@std@@QAE@ABV01@@Z 00413410 f i libohNetCore:Stack.obj
 0001:00012440       ??0?$_Tree_iterator@V?$_Tree_val@V?$_Tmap_traits@VBrn@OpenHome@@PAVObjectType@Stack@Net@2@VBufferCmp@2@V?$allocator@U?$pair@$$CBVBrn@OpenHome@@PAVObjectType@Stack@Net@2@@std@@@std@@$0A@@std@@@std@@@std@@QAE@ABV01@@Z 00413440 f i libohNetCore:Stack.obj
 0001:00012470       ??0?$_Vector_iterator@V?$_Vector_val@PAVMListener@Stack@Net@OpenHome@@V?$allocator@PAVMListener@Stack@Net@OpenHome@@@std@@@std@@@std@@QAE@ABV01@@Z 00413470 f i libohNetCore:Stack.obj
 0001:000124a0       ??0?$_Tree@V?$_Tmap_traits@PAXPAXU?$less@PAX@std@@V?$allocator@U?$pair@QAXPAX@std@@@2@$0A@@std@@@std@@QAE@ABU?$less@PAX@1@ABV?$allocator@U?$pair@QAXPAX@std@@@1@@Z 004134a0 f i libohNetCore:Stack.obj
 0001:000124f0       ?lower_bound@?$_Tree@V?$_Tmap_traits@PAXPAXU?$less@PAX@std@@V?$allocator@U?$pair@QAXPAX@std@@@2@$0A@@std@@@std@@QAE?AV?$_Tree_iterator@V?$_Tree_val@V?$_Tmap_traits@PAXPAXU?$less@PAX@std@@V?$allocator@U?$pair@QAXPAX@std@@@2@$0A@@std@@@std@@@2@ABQAX@Z 004134f0 f i libohNetCore:Stack.obj
 0001:00012550       ?_Lmost@?$_Tree@V?$_Tmap_traits@PAXPAXU?$less@PAX@std@@V?$allocator@U?$pair@QAXPAX@std@@@2@$0A@@std@@@std@@IBEAAPAU_Node@?$_Tree_nod@V?$_Tmap_traits@PAXPAXU?$less@PAX@std@@V?$allocator@U?$pair@QAXPAX@std@@@2@$0A@@std@@@2@XZ 00413550 f i libohNetCore:Stack.obj
 0001:00012580       ?_Lrotate@?$_Tree@V?$_Tmap_traits@PAXPAXU?$less@PAX@std@@V?$allocator@U?$pair@QAXPAX@std@@@2@$0A@@std@@@std@@IAEXPAU_Node@?$_Tree_nod@V?$_Tmap_traits@PAXPAXU?$less@PAX@std@@V?$allocator@U?$pair@QAXPAX@std@@@2@$0A@@std@@@2@@Z 00413580 f i libohNetCore:Stack.obj
 0001:000126a0       ?_Rmost@?$_Tree@V?$_Tmap_traits@PAXPAXU?$less@PAX@std@@V?$allocator@U?$pair@QAXPAX@std@@@2@$0A@@std@@@std@@IBEAAPAU_Node@?$_Tree_nod@V?$_Tmap_traits@PAXPAXU?$less@PAX@std@@V?$allocator@U?$pair@QAXPAX@std@@@2@$0A@@std@@@2@XZ 004136a0 f i libohNetCore:Stack.obj
 0001:000126d0       ?_Root@?$_Tree@V?$_Tmap_traits@PAXPAXU?$less@PAX@std@@V?$allocator@U?$pair@QAXPAX@std@@@2@$0A@@std@@@std@@IBEAAPAU_Node@?$_Tree_nod@V?$_Tmap_traits@PAXPAXU?$less@PAX@std@@V?$allocator@U?$pair@QAXPAX@std@@@2@$0A@@std@@@2@XZ 004136d0 f i libohNetCore:Stack.obj
 0001:00012700       ?_Rrotate@?$_Tree@V?$_Tmap_traits@PAXPAXU?$less@PAX@std@@V?$allocator@U?$pair@QAXPAX@std@@@2@$0A@@std@@@std@@IAEXPAU_Node@?$_Tree_nod@V?$_Tmap_traits@PAXPAXU?$less@PAX@std@@V?$allocator@U?$pair@QAXPAX@std@@@2@$0A@@std@@@2@@Z 00413700 f i libohNetCore:Stack.obj
 0001:00012820       ?_Orphan_ptr@?$_Tree@V?$_Tmap_traits@PAXPAXU?$less@PAX@std@@V?$allocator@U?$pair@QAXPAX@std@@@2@$0A@@std@@@std@@IBEXAAV12@PAU_Node@?$_Tree_nod@V?$_Tmap_traits@PAXPAXU?$less@PAX@std@@V?$allocator@U?$pair@QAXPAX@std@@@2@$0A@@std@@@2@@Z 00413820 f i libohNetCore:Stack.obj
 0001:00012930       ?_Getpfirst@_Container_base12@std@@QBEPAPAU_Iterator_base12@2@XZ 00413930 f i libohNetCore:Stack.obj
 0001:00012970       ?_Clrcont@_Iterator_base12@std@@QAEXXZ 00413970 f i libohNetCore:Stack.obj
 0001:00012990       ?_Getpnext@_Iterator_base12@std@@QAEPAPAU12@XZ 00413990 f i libohNetCore:Stack.obj
 0001:000129b0       ?_Tidy@?$_Tree@V?$_Tmap_traits@PAXPAXU?$less@PAX@std@@V?$allocator@U?$pair@QAXPAX@std@@@2@$0A@@std@@@std@@IAEXXZ 004139b0 f i libohNetCore:Stack.obj
 0001:00012ab0       ??1?$_Tree_val@V?$_Tmap_traits@PAXPAXU?$less@PAX@std@@V?$allocator@U?$pair@QAXPAX@std@@@2@$0A@@std@@@std@@QAE@XZ 00413ab0 f i libohNetCore:Stack.obj
[...]
 0001:00082560       ??__E?kMethodNotify@Ssdp@Net@OpenHome@@2VBrn@3@B@@YAXXZ 00483560 f   libohNetCore:Ssdp.obj
 0001:00082590       ??__E?kMethodMsearch@Ssdp@Net@OpenHome@@2VBrn@3@B@@YAXXZ 00483590 f   libohNetCore:Ssdp.obj
 0001:000825c0       ??__E?kMethodUri@Ssdp@Net@OpenHome@@2VBrn@3@B@@YAXXZ 004835c0 f   libohNetCore:Ssdp.obj
 0001:000825f0       ??__E?kStatusOk@Ssdp@Net@OpenHome@@2VBrn@3@B@@YAXXZ 004835f0 f   libohNetCore:Ssdp.obj
 0001:00082620       ??__E?kHeaderHost@Ssdp@Net@OpenHome@@2VBrn@3@B@@YAXXZ 00483620 f   libohNetCore:Ssdp.obj
 0001:00082650       ??__E?kHeaderServer@Ssdp@Net@OpenHome@@2VBrn@3@B@@YAXXZ 00483650 f   libohNetCore:Ssdp.obj
 0001:00082680       ??__E?kHeaderCacheControl@Ssdp@Net@OpenHome@@2VBrn@3@B@@YAXXZ 00483680 f   libohNetCore:Ssdp.obj
 0001:000826b0       ??__E?kHeaderLocation@Ssdp@Net@OpenHome@@2VBrn@3@B@@YAXXZ 004836b0 f   libohNetCore:Ssdp.obj
 0001:000826e0       ??__E?kHeaderNt@Ssdp@Net@OpenHome@@2VBrn@3@B@@YAXXZ 004836e0 f   libohNetCore:Ssdp.obj
 0001:00082710       ??__E?kHeaderSt@Ssdp@Net@OpenHome@@2VBrn@3@B@@YAXXZ 00483710 f   libohNetCore:Ssdp.obj
 0001:00082740       ??__E?kHeaderUsn@Ssdp@Net@OpenHome@@2VBrn@3@B@@YAXXZ 00483740 f   libohNetCore:Ssdp.obj
 0001:00082770       ??__E?kHeaderNts@Ssdp@Net@OpenHome@@2VBrn@3@B@@YAXXZ 00483770 f   libohNetCore:Ssdp.obj
 0001:000827a0       ??__E?kHeaderExt@Ssdp@Net@OpenHome@@2VBrn@3@B@@YAXXZ 004837a0 f   libohNetCore:Ssdp.obj
 0001:000827d0       ??__E?kHeaderMan@Ssdp@Net@OpenHome@@2VBrn@3@B@@YAXXZ 004837d0 f   libohNetCore:Ssdp.obj
 0001:00082800       ??__E?kHeaderMx@Ssdp@Net@OpenHome@@2VBrn@3@B@@YAXXZ 00483800 f   libohNetCore:Ssdp.obj
 0001:00082830       ??__E?kHeaderBootId@Ssdp@Net@OpenHome@@2VBrn@3@B@@YAXXZ 00483830 f   libohNetCore:Ssdp.obj
 0001:00082860       ??__E?kHeaderNextBootId@Ssdp@Net@OpenHome@@2VBrn@3@B@@YAXXZ 00483860 f   libohNetCore:Ssdp.obj
 0001:00082890       ??__E?kHeaderConfigId@Ssdp@Net@OpenHome@@2VBrn@3@B@@YAXXZ 00483890 f   libohNetCore:Ssdp.obj
 0001:000828c0       ??__E?kHeaderSearchPort@Ssdp@Net@OpenHome@@2VBrn@3@B@@YAXXZ 004838c0 f   libohNetCore:Ssdp.obj
 0001:000828f0       ??__E?kDeviceSeparator@Ssdp@Net@OpenHome@@2VBrn@3@B@@YAXXZ 004838f0 f   libohNetCore:Ssdp.obj
 0001:00082920       ??__E?kServiceSeparator@Ssdp@Net@OpenHome@@2VBrn@3@B@@YAXXZ 00483920 f   libohNetCore:Ssdp.obj
 0001:00082950       ??__Einitlocks@std@@YAXXZ  00483950 f   libcpmtd:xlock.obj
 0001:00082970       ??__FkBrnEmpty@@YAXXZ      00483970 f   libohNetCore:Buffer.obj
 0001:00082990       ??__FkAsciiNewline@@YAXXZ  00483990 f   libohNetCore:Ascii.obj
 0001:000829b0       ??__FkAsciiHexPrefix@@YAXXZ 004839b0 f   libohNetCore:Ascii.obj
 0001:000829d0       ??__F?kMethodOptions@Http@OpenHome@@2VBrn@2@B@@YAXXZ 004839d0 f   libohNetCore:Http.obj
 0001:000829f0       ??__F?kMethodGet@Http@OpenHome@@2VBrn@2@B@@YAXXZ 004839f0 f   libohNetCore:Http.obj
 0001:00082a10       ??__F?kMethodHead@Http@OpenHome@@2VBrn@2@B@@YAXXZ 00483a10 f   libohNetCore:Http.obj
 0001:00082a30       ??__F?kMethodPost@Http@OpenHome@@2VBrn@2@B@@YAXXZ 00483a30 f   libohNetCore:Http.obj
 0001:00082a50       ??__F?kMethodPut@Http@OpenHome@@2VBrn@2@B@@YAXXZ 00483a50 f   libohNetCore:Http.obj
 0001:00082a70       ??__F?kMethodDelete@Http@OpenHome@@2VBrn@2@B@@YAXXZ 00483a70 f   libohNetCore:Http.obj
 0001:00082a90       ??__F?kMethodTrace@Http@OpenHome@@2VBrn@2@B@@YAXXZ 00483a90 f   libohNetCore:Http.obj
 0001:00082ab0       ??__F?kMethodConnect@Http@OpenHome@@2VBrn@2@B@@YAXXZ 00483ab0 f   libohNetCore:Http.obj
 0001:00082ad0       ??__F?kMethodExtension@Http@OpenHome@@2VBrn@2@B@@YAXXZ 00483ad0 f   libohNetCore:Http.obj
 0001:00082af0       ??__F?kHeaderCacheControl@Http@OpenHome@@2VBrn@2@B@@YAXXZ 00483af0 f   libohNetCore:Http.obj
 0001:00082b10       ??__F?kHeaderConnection@Http@OpenHome@@2VBrn@2@B@@YAXXZ 00483b10 f   libohNetCore:Http.obj
 0001:00082b30       ??__F?kHeaderDate@Http@OpenHome@@2VBrn@2@B@@YAXXZ 00483b30 f   libohNetCore:Http.obj
 0001:00082b50       ??__F?kHeaderPragma@Http@OpenHome@@2VBrn@2@B@@YAXXZ 00483b50 f   libohNetCore:Http.obj
 0001:00082b70       ??__F?kHeaderTrailer@Http@OpenHome@@2VBrn@2@B@@YAXXZ 00483b70 f   libohNetCore:Http.obj
 0001:00082b90       ??__F?kHeaderTransferEncoding@Http@OpenHome@@2VBrn@2@B@@YAXXZ 00483b90 f   libohNetCore:Http.obj
 0001:00082bb0       ??__F?kHeaderUpgrade@Http@OpenHome@@2VBrn@2@B@@YAXXZ 00483bb0 f   libohNetCore:Http.obj
 0001:00082bd0       ??__F?kHeaderVia@Http@OpenHome@@2VBrn@2@B@@YAXXZ 00483bd0 f   libohNetCore:Http.obj
 0001:00082bf0       ??__F?kHeaderWarning@Http@OpenHome@@2VBrn@2@B@@YAXXZ 00483bf0 f   libohNetCore:Http.obj
 0001:00082c10       ??__F?kHeaderAccept@Http@OpenHome@@2VBrn@2@B@@YAXXZ 00483c10 f   libohNetCore:Http.obj
 0001:00082c30       ??__F?kHeaderAcceptCharset@Http@OpenHome@@2VBrn@2@B@@YAXXZ 00483c30 f   libohNetCore:Http.obj
 0001:00082c50       ??__F?kHeaderAcceptEncoding@Http@OpenHome@@2VBrn@2@B@@YAXXZ 00483c50 f   libohNetCore:Http.obj
 0001:00082c70       ??__F?kHeaderAcceptLanguage@Http@OpenHome@@2VBrn@2@B@@YAXXZ 00483c70 f   libohNetCore:Http.obj
 0001:00082c90       ??__F?kHeaderAuthorization@Http@OpenHome@@2VBrn@2@B@@YAXXZ 00483c90 f   libohNetCore:Http.obj
 0001:00082cb0       ??__F?kHeaderExpect@Http@OpenHome@@2VBrn@2@B@@YAXXZ 00483cb0 f   libohNetCore:Http.obj
 0001:00082cd0       ??__F?kHeaderFrom@Http@OpenHome@@2VBrn@2@B@@YAXXZ 00483cd0 f   libohNetCore:Http.obj
 0001:00082cf0       ??__F?kHeaderHost@Http@OpenHome@@2VBrn@2@B@@YAXXZ 00483cf0 f   libohNetCore:Http.obj
 0001:00082d10       ??__F?kHeaderIfMatch@Http@OpenHome@@2VBrn@2@B@@YAXXZ 00483d10 f   libohNetCore:Http.obj
 0001:00082d30       ??__F?kHeaderIfModifiedSince@Http@OpenHome@@2VBrn@2@B@@YAXXZ 00483d30 f   libohNetCore:Http.obj
 0001:00082d50       ??__F?kHeaderIfNoneMatch@Http@OpenHome@@2VBrn@2@B@@YAXXZ 00483d50 f   libohNetCore:Http.obj
 0001:00082d70       ??__F?kHeaderIfRange@Http@OpenHome@@2VBrn@2@B@@YAXXZ 00483d70 f   libohNetCore:Http.obj
 0001:00082d90       ??__F?kHeaderIfUnmodifiedSince@Http@OpenHome@@2VBrn@2@B@@YAXXZ 00483d90 f   libohNetCore:Http.obj
 0001:00082db0       ??__F?kHeaderMaxForwards@Http@OpenHome@@2VBrn@2@B@@YAXXZ 00483db0 f   libohNetCore:Http.obj
 0001:00082dd0       ??__F?kHeaderProxyAuthorization@Http@OpenHome@@2VBrn@2@B@@YAXXZ 00483dd0 f   libohNetCore:Http.obj
 0001:00082df0       ??__F?kHeaderRange@Http@OpenHome@@2VBrn@2@B@@YAXXZ 00483df0 f   libohNetCore:Http.obj
 0001:00082e10       ??__F?kHeaderReferer@Http@OpenHome@@2VBrn@2@B@@YAXXZ 00483e10 f   libohNetCore:Http.obj
 0001:00082e30       ??__F?kHeaderTe@Http@OpenHome@@2VBrn@2@B@@YAXXZ 00483e30 f   libohNetCore:Http.obj
 0001:00082e50       ??__F?kHeaderUserAgent@Http@OpenHome@@2VBrn@2@B@@YAXXZ 00483e50 f   libohNetCore:Http.obj
 0001:00082e70       ??__F?kHeaderAcceptRanges@Http@OpenHome@@2VBrn@2@B@@YAXXZ 00483e70 f   libohNetCore:Http.obj
 0001:00082e90       ??__F?kHeaderAge@Http@OpenHome@@2VBrn@2@B@@YAXXZ 00483e90 f   libohNetCore:Http.obj
 0001:00082eb0       ??__F?kHeaderETag@Http@OpenHome@@2VBrn@2@B@@YAXXZ 00483eb0 f   libohNetCore:Http.obj
 0001:00082ed0       ??__F?kHeaderLocation@Http@OpenHome@@2VBrn@2@B@@YAXXZ 00483ed0 f   libohNetCore:Http.obj
 0001:00082ef0       ??__F?kHeaderProxyAuthenticate@Http@OpenHome@@2VBrn@2@B@@YAXXZ 00483ef0 f   libohNetCore:Http.obj
 0001:00082f10       ??__F?kHeaderRetryAfter@Http@OpenHome@@2VBrn@2@B@@YAXXZ 00483f10 f   libohNetCore:Http.obj
 0001:00082f30       ??__F?kHeaderServer@Http@OpenHome@@2VBrn@2@B@@YAXXZ 00483f30 f   libohNetCore:Http.obj
 0001:00082f50       ??__F?kHeaderVary@Http@OpenHome@@2VBrn@2@B@@YAXXZ 00483f50 f   libohNetCore:Http.obj
 0001:00082f70       ??__F?kHeaderWwwAuthenticate@Http@OpenHome@@2VBrn@2@B@@YAXXZ 00483f70 f   libohNetCore:Http.obj
 0001:00082f90       ??__F?kHeaderAllow@Http@OpenHome@@2VBrn@2@B@@YAXXZ 00483f90 f   libohNetCore:Http.obj
 0001:00082fb0       ??__F?kHeaderContentEncoding@Http@OpenHome@@2VBrn@2@B@@YAXXZ 00483fb0 f   libohNetCore:Http.obj
 0001:00082fd0       ??__F?kHeaderContentLanguage@Http@OpenHome@@2VBrn@2@B@@YAXXZ 00483fd0 f   libohNetCore:Http.obj
 0001:00082ff0       ??__F?kHeaderContentLength@Http@OpenHome@@2VBrn@2@B@@YAXXZ 00483ff0 f   libohNetCore:Http.obj
 0001:00083010       ??__F?kHeaderContentLocation@Http@OpenHome@@2VBrn@2@B@@YAXXZ 00484010 f   libohNetCore:Http.obj
 0001:00083030       ??__F?kHeaderContentMd5@Http@OpenHome@@2VBrn@2@B@@YAXXZ 00484030 f   libohNetCore:Http.obj
 0001:00083050       ??__F?kHeaderContentRange@Http@OpenHome@@2VBrn@2@B@@YAXXZ 00484050 f   libohNetCore:Http.obj
 0001:00083070       ??__F?kHeaderContentType@Http@OpenHome@@2VBrn@2@B@@YAXXZ 00484070 f   libohNetCore:Http.obj
 0001:00083090       ??__F?kHeaderExpires@Http@OpenHome@@2VBrn@2@B@@YAXXZ 00484090 f   libohNetCore:Http.obj
 0001:000830b0       ??__F?kHeaderLastModified@Http@OpenHome@@2VBrn@2@B@@YAXXZ 004840b0 f   libohNetCore:Http.obj
 0001:000830d0       ??__F?kUriPrefix@Http@OpenHome@@2VBrn@2@B@@YAXXZ 004840d0 f   libohNetCore:Http.obj
 0001:000830f0       ??__F?kValueZero@Http@OpenHome@@2VBrn@2@B@@YAXXZ 004840f0 f   libohNetCore:Http.obj
 0001:00083110       ??__F?kHeaderSeparator@Http@OpenHome@@2VBrn@2@B@@YAXXZ 00484110 f   libohNetCore:Http.obj
 0001:00083130       ??__F?kHeaderTerminator@Http@OpenHome@@2VBrn@2@B@@YAXXZ 00484130 f   libohNetCore:Http.obj
 0001:00083150       ??__F?kChunkedCountSeparator@Http@OpenHome@@2VBrn@2@B@@YAXXZ 00484150 f   libohNetCore:Http.obj
 0001:00083170       ??__F?kConnectionClose@Http@OpenHome@@2VBrn@2@B@@YAXXZ 00484170 f   libohNetCore:Http.obj
 0001:00083190       ??__F?kConnectionUpgrade@Http@OpenHome@@2VBrn@2@B@@YAXXZ 00484190 f   libohNetCore:Http.obj
 0001:000831b0       ??__F?kContentLanguageEnglish@Http@OpenHome@@2VBrn@2@B@@YAXXZ 004841b0 f   libohNetCore:Http.obj
 0001:000831d0       ??__F?kRangeBytes@Http@OpenHome@@2VBrn@2@B@@YAXXZ 004841d0 f   libohNetCore:Http.obj
 0001:000831f0       ??__F?kRangeSeparator@Http@OpenHome@@2VBrn@2@B@@YAXXZ 004841f0 f   libohNetCore:Http.obj
 0001:00083210       ??__F?kExpect100Continue@Http@OpenHome@@2VBrn@2@B@@YAXXZ 00484210 f   libohNetCore:Http.obj
 0001:00083230       ??__F?kTransferEncodingChunked@Http@OpenHome@@2VBrn@2@B@@YAXXZ 00484230 f   libohNetCore:Http.obj
 0001:00083250       ??__F?kTransferEncodingIdentity@Http@OpenHome@@2VBrn@2@B@@YAXXZ 00484250 f   libohNetCore:Http.obj
 0001:00083270       ??__FkHttpVersion09@@YAXXZ 00484270 f   libohNetCore:Http.obj
 0001:00083290       ??__FkHttpVersion10@@YAXXZ 00484290 f   libohNetCore:Http.obj
 0001:000832b0       ??__FkHttpVersion11@@YAXXZ 004842b0 f   libohNetCore:Http.obj
 0001:000832d0       ??__FkRtspVersion10@@YAXXZ 004842d0 f   libohNetCore:Http.obj
 0001:000832f0       ??__F?kContinue@HttpStatus@OpenHome@@2V12@B@@YAXXZ 004842f0 f   libohNetCore:Http.obj
 0001:00083310       ??__F?kSwitchingProtocols@HttpStatus@OpenHome@@2V12@B@@YAXXZ 00484310 f   libohNetCore:Http.obj
 0001:00083330       ??__F?kOk@HttpStatus@OpenHome@@2V12@B@@YAXXZ 00484330 f   libohNetCore:Http.obj
 0001:00083350       ??__F?kCreated@HttpStatus@OpenHome@@2V12@B@@YAXXZ 00484350 f   libohNetCore:Http.obj
 0001:00083370       ??__F?kAccepted@HttpStatus@OpenHome@@2V12@B@@YAXXZ 00484370 f   libohNetCore:Http.obj
 0001:00083390       ??__F?kNonAuthoritativeInformation@HttpStatus@OpenHome@@2V12@B@@YAXXZ 00484390 f   libohNetCore:Http.obj
 0001:000833b0       ??__F?kNoContent@HttpStatus@OpenHome@@2V12@B@@YAXXZ 004843b0 f   libohNetCore:Http.obj
 0001:000833d0       ??__F?kResetContent@HttpStatus@OpenHome@@2V12@B@@YAXXZ 004843d0 f   libohNetCore:Http.obj
 0001:000833f0       ??__F?kPartialContent@HttpStatus@OpenHome@@2V12@B@@YAXXZ 004843f0 f   libohNetCore:Http.obj
 0001:00083410       ??__F?kMultipleChoices@HttpStatus@OpenHome@@2V12@B@@YAXXZ 00484410 f   libohNetCore:Http.obj
 0001:00083430       ??__F?kMovedPermanently@HttpStatus@OpenHome@@2V12@B@@YAXXZ 00484430 f   libohNetCore:Http.obj
 0001:00083450       ??__F?kFound@HttpStatus@OpenHome@@2V12@B@@YAXXZ 00484450 f   libohNetCore:Http.obj
 0001:00083470       ??__F?kSeeOther@HttpStatus@OpenHome@@2V12@B@@YAXXZ 00484470 f   libohNetCore:Http.obj
 0001:00083490       ??__F?kNotModified@HttpStatus@OpenHome@@2V12@B@@YAXXZ 00484490 f   libohNetCore:Http.obj
 0001:000834b0       ??__F?kUseProxy@HttpStatus@OpenHome@@2V12@B@@YAXXZ 004844b0 f   libohNetCore:Http.obj
 0001:000834d0       ??__F?kTemporaryRedirect@HttpStatus@OpenHome@@2V12@B@@YAXXZ 004844d0 f   libohNetCore:Http.obj
 0001:000834f0       ??__F?kBadRequest@HttpStatus@OpenHome@@2V12@B@@YAXXZ 004844f0 f   libohNetCore:Http.obj
 0001:00083510       ??__F?kUnauthorized@HttpStatus@OpenHome@@2V12@B@@YAXXZ 00484510 f   libohNetCore:Http.obj
 0001:00083530       ??__F?kPaymentRequired@HttpStatus@OpenHome@@2V12@B@@YAXXZ 00484530 f   libohNetCore:Http.obj
 0001:00083550       ??__F?kForbidden@HttpStatus@OpenHome@@2V12@B@@YAXXZ 00484550 f   libohNetCore:Http.obj
 0001:00083570       ??__F?kNotFound@HttpStatus@OpenHome@@2V12@B@@YAXXZ 00484570 f   libohNetCore:Http.obj
 0001:00083590       ??__F?kMethodNotAllowed@HttpStatus@OpenHome@@2V12@B@@YAXXZ 00484590 f   libohNetCore:Http.obj
 0001:000835b0       ??__F?kNotAcceptable@HttpStatus@OpenHome@@2V12@B@@YAXXZ 004845b0 f   libohNetCore:Http.obj
 0001:000835d0       ??__F?kProxyAuthenticationRequired@HttpStatus@OpenHome@@2V12@B@@YAXXZ 004845d0 f   libohNetCore:Http.obj
 0001:000835f0       ??__F?kRequestTimeout@HttpStatus@OpenHome@@2V12@B@@YAXXZ 004845f0 f   libohNetCore:Http.obj
 0001:00083610       ??__F?kConflict@HttpStatus@OpenHome@@2V12@B@@YAXXZ 00484610 f   libohNetCore:Http.obj
 0001:00083630       ??__F?kGone@HttpStatus@OpenHome@@2V12@B@@YAXXZ 00484630 f   libohNetCore:Http.obj
 0001:00083650       ??__F?kLengthRequired@HttpStatus@OpenHome@@2V12@B@@YAXXZ 00484650 f   libohNetCore:Http.obj
 0001:00083670       ??__F?kPreconditionFailed@HttpStatus@OpenHome@@2V12@B@@YAXXZ 00484670 f   libohNetCore:Http.obj
 0001:00083690       ??__F?kRequestEntityTooLarge@HttpStatus@OpenHome@@2V12@B@@YAXXZ 00484690 f   libohNetCore:Http.obj
 0001:000836b0       ??__F?kRequestUriTooLarge@HttpStatus@OpenHome@@2V12@B@@YAXXZ 004846b0 f   libohNetCore:Http.obj
 0001:000836d0       ??__F?kUnsupportedMediaType@HttpStatus@OpenHome@@2V12@B@@YAXXZ 004846d0 f   libohNetCore:Http.obj
 0001:000836f0       ??__F?kRequestedRangeNotSatisfiable@HttpStatus@OpenHome@@2V12@B@@YAXXZ 004846f0 f   libohNetCore:Http.obj
 0001:00083710       ??__F?kExpectationFailure@HttpStatus@OpenHome@@2V12@B@@YAXXZ 00484710 f   libohNetCore:Http.obj
 0001:00083730       ??__F?kInternalServerError@HttpStatus@OpenHome@@2V12@B@@YAXXZ 00484730 f   libohNetCore:Http.obj
 0001:00083750       ??__F?kNotImplemented@HttpStatus@OpenHome@@2V12@B@@YAXXZ 00484750 f   libohNetCore:Http.obj
 0001:00083770       ??__F?kBadGateway@HttpStatus@OpenHome@@2V12@B@@YAXXZ 00484770 f   libohNetCore:Http.obj
 0001:00083790       ??__F?kServiceUnavailable@HttpStatus@OpenHome@@2V12@B@@YAXXZ 00484790 f   libohNetCore:Http.obj
 0001:000837b0       ??__F?kGatewayTimeout@HttpStatus@OpenHome@@2V12@B@@YAXXZ 004847b0 f   libohNetCore:Http.obj
 0001:000837d0       ??__F?kHttpVersionNotSupported@HttpStatus@OpenHome@@2V12@B@@YAXXZ 004847d0 f   libohNetCore:Http.obj
 0001:000837f0       ??__FkAlive@@YAXXZ         004847f0 f   libohNetCore:Ssdp.obj
 0001:00083810       ??__FkByeBye@@YAXXZ        00484810 f   libohNetCore:Ssdp.obj
 0001:00083830       ??__FkMaxAge@@YAXXZ        00484830 f   libohNetCore:Ssdp.obj
 0001:00083850       ??__FkUuid@@YAXXZ          00484850 f   libohNetCore:Ssdp.obj
 0001:00083870       ??__FkUpnpRoot@@YAXXZ      00484870 f   libohNetCore:Ssdp.obj
 0001:00083890       ??__FkMsearchDiscover@@YAXXZ 00484890 f   libohNetCore:Ssdp.obj
 0001:000838b0       ??__FkMsearchAll@@YAXXZ    004848b0 f   libohNetCore:Ssdp.obj
 0001:000838d0       ??__FkMsearchUpnpRoot@@YAXXZ 004848d0 f   libohNetCore:Ssdp.obj
 0001:000838f0       ??__FkMsearchUuid@@YAXXZ   004848f0 f   libohNetCore:Ssdp.obj
 0001:00083910       ??__FkMsearchUrn@@YAXXZ    00484910 f   libohNetCore:Ssdp.obj
 0001:00083930       ??__FkMsearchDevice@@YAXXZ 00484930 f   libohNetCore:Ssdp.obj
 0001:00083950       ??__FkMsearchService@@YAXXZ 00484950 f   libohNetCore:Ssdp.obj
 0001:00083970       ??__FkUsnSeparator@@YAXXZ  00484970 f   libohNetCore:Ssdp.obj
 0001:00083990       ??__FkVersionSeparator@@YAXXZ 00484990 f   libohNetCore:Ssdp.obj
 0001:000839b0       ??__FkSsdpPortSeparator@@YAXXZ 004849b0 f   libohNetCore:Ssdp.obj
 0001:000839d0       ??__FkSsdpUrlSeparator@@YAXXZ 004849d0 f   libohNetCore:Ssdp.obj
 0001:000839f0       ??__FkSsdpHttp@@YAXXZ      004849f0 f   libohNetCore:Ssdp.obj
 0001:00083a10       ??__FkSsdpMaxAge@@YAXXZ    00484a10 f   libohNetCore:Ssdp.obj
 0001:00083a30       ??__FkSchemasUpnpOrg@@YAXXZ 00484a30 f   libohNetCore:Ssdp.obj
 0001:00083a50       ??__FkUpnpOrg@@YAXXZ       00484a50 f   libohNetCore:Ssdp.obj
 0001:00083a70       ??__F?kUrn@Ssdp@Net@OpenHome@@2VBrn@3@B@@YAXXZ 00484a70 f   libohNetCore:Ssdp.obj
 0001:00083a90       ??__F?kMulticastAddress@Ssdp@Net@OpenHome@@2VBrn@3@B@@YAXXZ 00484a90 f   libohNetCore:Ssdp.obj
 0001:00083ab0       ??__F?kMulticastAddressAndPort@Ssdp@Net@OpenHome@@2VBrn@3@B@@YAXXZ 00484ab0 f   libohNetCore:Ssdp.obj
 0001:00083ad0       ??__F?kMethodNotify@Ssdp@Net@OpenHome@@2VBrn@3@B@@YAXXZ 00484ad0 f   libohNetCore:Ssdp.obj
 0001:00083af0       ??__F?kMethodMsearch@Ssdp@Net@OpenHome@@2VBrn@3@B@@YAXXZ 00484af0 f   libohNetCore:Ssdp.obj
 0001:00083b10       ??__F?kMethodUri@Ssdp@Net@OpenHome@@2VBrn@3@B@@YAXXZ 00484b10 f   libohNetCore:Ssdp.obj
 0001:00083b30       ??__F?kStatusOk@Ssdp@Net@OpenHome@@2VBrn@3@B@@YAXXZ 00484b30 f   libohNetCore:Ssdp.obj
 0001:00083b50       ??__F?kHeaderHost@Ssdp@Net@OpenHome@@2VBrn@3@B@@YAXXZ 00484b50 f   libohNetCore:Ssdp.obj
 0001:00083b70       ??__F?kHeaderServer@Ssdp@Net@OpenHome@@2VBrn@3@B@@YAXXZ 00484b70 f   libohNetCore:Ssdp.obj
 0001:00083b90       ??__F?kHeaderCacheControl@Ssdp@Net@OpenHome@@2VBrn@3@B@@YAXXZ 00484b90 f   libohNetCore:Ssdp.obj
 0001:00083bb0       ??__F?kHeaderLocation@Ssdp@Net@OpenHome@@2VBrn@3@B@@YAXXZ 00484bb0 f   libohNetCore:Ssdp.obj
 0001:00083bd0       ??__F?kHeaderNt@Ssdp@Net@OpenHome@@2VBrn@3@B@@YAXXZ 00484bd0 f   libohNetCore:Ssdp.obj
 0001:00083bf0       ??__F?kHeaderSt@Ssdp@Net@OpenHome@@2VBrn@3@B@@YAXXZ 00484bf0 f   libohNetCore:Ssdp.obj
 0001:00083c10       ??__F?kHeaderUsn@Ssdp@Net@OpenHome@@2VBrn@3@B@@YAXXZ 00484c10 f   libohNetCore:Ssdp.obj
 0001:00083c30       ??__F?kHeaderNts@Ssdp@Net@OpenHome@@2VBrn@3@B@@YAXXZ 00484c30 f   libohNetCore:Ssdp.obj
 0001:00083c50       ??__F?kHeaderExt@Ssdp@Net@OpenHome@@2VBrn@3@B@@YAXXZ 00484c50 f   libohNetCore:Ssdp.obj
 0001:00083c70       ??__F?kHeaderMan@Ssdp@Net@OpenHome@@2VBrn@3@B@@YAXXZ 00484c70 f   libohNetCore:Ssdp.obj
 0001:00083c90       ??__F?kHeaderMx@Ssdp@Net@OpenHome@@2VBrn@3@B@@YAXXZ 00484c90 f   libohNetCore:Ssdp.obj
 0001:00083cb0       ??__F?kHeaderBootId@Ssdp@Net@OpenHome@@2VBrn@3@B@@YAXXZ 00484cb0 f   libohNetCore:Ssdp.obj
 0001:00083cd0       ??__F?kHeaderNextBootId@Ssdp@Net@OpenHome@@2VBrn@3@B@@YAXXZ 00484cd0 f   libohNetCore:Ssdp.obj
 0001:00083cf0       ??__F?kHeaderConfigId@Ssdp@Net@OpenHome@@2VBrn@3@B@@YAXXZ 00484cf0 f   libohNetCore:Ssdp.obj
 0001:00083d10       ??__F?kHeaderSearchPort@Ssdp@Net@OpenHome@@2VBrn@3@B@@YAXXZ 00484d10 f   libohNetCore:Ssdp.obj
 0001:00083d30       ??__F?kDeviceSeparator@Ssdp@Net@OpenHome@@2VBrn@3@B@@YAXXZ 00484d30 f   libohNetCore:Ssdp.obj
 0001:00083d50       ??__F?kServiceSeparator@Ssdp@Net@OpenHome@@2VBrn@3@B@@YAXXZ 00484d50 f   libohNetCore:Ssdp.obj
 0001:00083d70       ??__Finitlocks@std@@YAXXZ  00484d70 f   libcpmtd:xlock.obj
 0001:00083d90       ??__Fnomem@?5???2@YAPAXI@Z@YAXXZ 00484d90 f   LIBCMTD:new.obj
