 TestMulticast

 Timestamp is 4e1c1b89 (Tue Jul 12 11:01:45 2011)

 Preferred load address is 00400000

 Start         Length     Name                   Class
 0001:00000000 0007a38cH .text                   CODE
 0001:0007a390 00005493H .text$x                 CODE
 0001:0007f830 000034beH .text$yc                CODE
 0001:00082cf0 00001431H .text$yd                CODE
 0002:00000000 000001e4H .idata$5                DATA
 0002:000001e4 00000004H .CRT$XCA                DATA
 0002:000001e8 00000004H .CRT$XCC                DATA
 0002:000001ec 00000284H .CRT$XCU                DATA
 0002:00000470 00000004H .CRT$XCZ                DATA
 0002:00000474 00000004H .CRT$XIA                DATA
 0002:00000478 00000010H .CRT$XIC                DATA
 0002:00000488 00000004H .CRT$XIY                DATA
 0002:0000048c 00000004H .CRT$XIZ                DATA
 0002:00000490 00000004H .CRT$XPA                DATA
 0002:00000494 00000008H .CRT$XPX                DATA
 0002:0000049c 00000004H .CRT$XPXA               DATA
 0002:000004a0 00000004H .CRT$XPZ                DATA
 0002:000004a4 00000004H .CRT$XTA                DATA
 0002:000004a8 00000004H .CRT$XTZ                DATA
 0002:000004b0 00013cc8H .rdata                  DATA
 0002:00014178 00000054H .rdata$debug            DATA
 0002:000141cc 00002284H .rdata$r                DATA
 0002:00016450 000006a8H .rdata$sxdata           DATA
 0002:00016af8 00000004H .rtc$IAA                DATA
 0002:00016afc 00000060H .rtc$IMZ                DATA
 0002:00016b5c 00000004H .rtc$IZZ                DATA
 0002:00016b60 00000004H .rtc$TAA                DATA
 0002:00016b64 00000060H .rtc$TMZ                DATA
 0002:00016bc4 00000004H .rtc$TZZ                DATA
 0002:00016bc8 00006b24H .xdata$x                DATA
 0002:0001d6ec 0000003cH .idata$2                DATA
 0002:0001d728 00000014H .idata$3                DATA
 0002:0001d73c 000001e4H .idata$4                DATA
 0002:0001d920 00000776H .idata$6                DATA
 0002:0001e0a0 000004a1H .edata                  DATA
 0003:00000000 00002050H .data                   DATA
 0003:00002060 000031ccH .bss                    DATA

  Address         Publics by Value              Rva+Base       Lib:Object

 0000:00000000       __except_list              00000000     <absolute>
 0000:000001aa       ___safe_se_handler_count   000001aa     <absolute>
 0000:00000000       ___ImageBase               00400000     <linker-defined>
 0001:00000000       ?Main@Runner@TestFramework@OpenHome@@SGXHQAPADPAVInitialisationParams@Net@3@@Z 00401000 f   TestMulticast.obj
 0001:00000770       ??8Brx@OpenHome@@QBE_NABV01@@Z 00401770 f i TestMulticast.obj
 0001:000007a0       ??1Brn@OpenHome@@UAE@XZ    004017a0 f i TestMulticast.obj
 0001:000007d0       ??1Brx@OpenHome@@UAE@XZ    004017d0 f i TestMulticast.obj
 0001:000007f0       ??_EBrx@OpenHome@@UAEPAXI@Z 004017f0 f i TestMulticast.obj
 0001:000007f0       ??_GBrx@OpenHome@@UAEPAXI@Z 004017f0 f i TestMulticast.obj
 0001:00000830       ??1OptionUint@TestFramework@OpenHome@@QAE@XZ 00401830 f i TestMulticast.obj
 0001:00000860       ??1OptionBool@TestFramework@OpenHome@@QAE@XZ 00401860 f i TestMulticast.obj
 0001:00000890       ??1OptionString@TestFramework@OpenHome@@QAE@XZ 00401890 f i TestMulticast.obj
 0001:00000910       ??1Brhz@OpenHome@@UAE@XZ   00401910 f i TestMulticast.obj
 0001:00000940       ??_G?$vector@PAVNetworkAdapter@OpenHome@@V?$allocator@PAVNetworkAdapter@OpenHome@@@std@@@std@@QAEPAXI@Z 00401940 f i TestMulticast.obj
 0001:00000980       ??1?$Bws@$0BA@@OpenHome@@UAE@XZ 00401980 f i TestMulticast.obj
 0001:000009b0       ??1?$Bws@$0GE@@OpenHome@@UAE@XZ 004019b0 f i TestMulticast.obj
 0001:000009e0       ??1?$Bws@$0CHBA@@OpenHome@@UAE@XZ 004019e0 f i TestMulticast.obj
 0001:00000a10       ??1Bwx@OpenHome@@UAE@XZ    00401a10 f i TestMulticast.obj
 0001:00000a40       ??1?$vector@PAVNetworkAdapter@OpenHome@@V?$allocator@PAVNetworkAdapter@OpenHome@@@std@@@std@@QAE@XZ 00401a40 f i TestMulticast.obj
 0001:00000ab0       ?size@?$vector@PAVNetworkAdapter@OpenHome@@V?$allocator@PAVNetworkAdapter@OpenHome@@@std@@@std@@QBEIXZ 00401ab0 f i TestMulticast.obj
 0001:00000ae0       ??A?$vector@PAVNetworkAdapter@OpenHome@@V?$allocator@PAVNetworkAdapter@OpenHome@@@std@@@std@@QAEAAPAVNetworkAdapter@OpenHome@@I@Z 00401ae0 f i TestMulticast.obj
 0001:00000b80       ?_Tidy@?$vector@PAVNetworkAdapter@OpenHome@@V?$allocator@PAVNetworkAdapter@OpenHome@@@std@@@std@@IAEXXZ 00401b80 f i TestMulticast.obj
 0001:00000c10       ?_Orphan_all@_Container_base12@std@@QAEXXZ 00401c10 f i TestMulticast.obj
 0001:00000cc0       ??1?$_Vector_val@PAVNetworkAdapter@OpenHome@@V?$allocator@PAVNetworkAdapter@OpenHome@@@std@@@std@@QAE@XZ 00401cc0 f i TestMulticast.obj
 0001:00000da0       ??1_Container_base12@std@@QAE@XZ 00401da0 f i TestMulticast.obj
 0001:00000dd0       ?_Destroy@?$vector@PAVNetworkAdapter@OpenHome@@V?$allocator@PAVNetworkAdapter@OpenHome@@@std@@@std@@IAEXPAPAVNetworkAdapter@OpenHome@@0@Z 00401dd0 f i TestMulticast.obj
 0001:00000e10       ?deallocate@?$allocator@PAVNetworkAdapter@OpenHome@@@std@@QAEXPAPAVNetworkAdapter@OpenHome@@I@Z 00401e10 f i TestMulticast.obj
 0001:00000e40       ?deallocate@?$allocator@U_Container_proxy@std@@@std@@QAEXPAU_Container_proxy@2@I@Z 00401e40 f i TestMulticast.obj
 0001:00000e70       ??0?$Bws@$0BA@@OpenHome@@QAE@XZ 00401e70 f i TestMulticast.obj
 0001:00000eb0       ?Ptr@?$Bws@$0BA@@OpenHome@@UBEPBEXZ 00401eb0 f i TestMulticast.obj
 0001:00000ed0       ??0?$Bws@$0GE@@OpenHome@@QAE@XZ 00401ed0 f i TestMulticast.obj
 0001:00000f10       ?Ptr@?$Bws@$0GE@@OpenHome@@UBEPBEXZ 00401f10 f i TestMulticast.obj
 0001:00000f30       ??0?$Bws@$0CHBA@@OpenHome@@QAE@XZ 00401f30 f i TestMulticast.obj
 0001:00000f70       ?Ptr@?$Bws@$0CHBA@@OpenHome@@UBEPBEXZ 00401f70 f i TestMulticast.obj
 0001:00000f90       ??$?0PAVNetworkAdapter@OpenHome@@@?$allocator@U_Container_proxy@std@@@std@@QAE@ABV?$allocator@PAVNetworkAdapter@OpenHome@@@1@@Z 00401f90 f i TestMulticast.obj
 0001:00000fb0       ??$_Dest_val@V?$allocator@U_Container_proxy@std@@@std@@U_Container_proxy@2@@std@@YGXAAV?$allocator@U_Container_proxy@std@@@0@PAU_Container_proxy@0@@Z 00401fb0 f i TestMulticast.obj
 0001:00000fd0       ??$_Destroy_range@V?$allocator@PAVNetworkAdapter@OpenHome@@@std@@@std@@YGXPAPAVNetworkAdapter@OpenHome@@0AAV?$allocator@PAVNetworkAdapter@OpenHome@@@0@@Z 00401fd0 f i TestMulticast.obj
 0001:00001020       ??_G?$Bws@$0BA@@OpenHome@@UAEPAXI@Z 00402020 f i TestMulticast.obj
 0001:00001020       ??_E?$Bws@$0BA@@OpenHome@@UAEPAXI@Z 00402020 f i TestMulticast.obj
 0001:00001060       ??_G?$Bws@$0GE@@OpenHome@@UAEPAXI@Z 00402060 f i TestMulticast.obj
 0001:00001060       ??_E?$Bws@$0GE@@OpenHome@@UAEPAXI@Z 00402060 f i TestMulticast.obj
 0001:000010a0       ??_E?$Bws@$0CHBA@@OpenHome@@UAEPAXI@Z 004020a0 f i TestMulticast.obj
 0001:000010a0       ??_G?$Bws@$0CHBA@@OpenHome@@UAEPAXI@Z 004020a0 f i TestMulticast.obj
 0001:000010e0       ?destroy@?$allocator@U_Container_proxy@std@@@std@@QAEXPAU_Container_proxy@2@@Z 004020e0 f i TestMulticast.obj
 0001:00001110       ??$_Ptr_cat@PAVNetworkAdapter@OpenHome@@PAV12@@std@@YG?AU_Scalar_ptr_iterator_tag@0@PAPAVNetworkAdapter@OpenHome@@0@Z 00402110 f i TestMulticast.obj
 0001:00001170       ??$_Destroy_range@V?$allocator@PAVNetworkAdapter@OpenHome@@@std@@@std@@YGXPAPAVNetworkAdapter@OpenHome@@0AAV?$allocator@PAVNetworkAdapter@OpenHome@@@0@U_Scalar_ptr_iterator_tag@0@@Z 00402170 f i TestMulticast.obj
 0001:00001180       ??$_Destroy@U_Container_proxy@std@@@std@@YGXPAU_Container_proxy@0@@Z 00402180 f i TestMulticast.obj
 0001:00001190       ??0Option@TestFramework@OpenHome@@QAE@PBD00@Z 00402190 f   libTestFramework:OptionParser.obj
 0001:000012e0       ??1Option@TestFramework@OpenHome@@QAE@XZ 004022e0 f   libTestFramework:OptionParser.obj
 0001:00001350       ?Match@Option@TestFramework@OpenHome@@QBE_NPBD@Z 00402350 f   libTestFramework:OptionParser.obj
 0001:000013c0       ?HelpText@Option@TestFramework@OpenHome@@QBEPBDXZ 004023c0 f   libTestFramework:OptionParser.obj
 0001:000013e0       ??0OptionString@TestFramework@OpenHome@@QAE@PBD0ABVBrx@2@0@Z 004023e0 f   libTestFramework:OptionParser.obj
 0001:00001480       ?Process@OptionString@TestFramework@OpenHome@@UAEXHQAPAD@Z 00402480 f   libTestFramework:OptionParser.obj
 0001:000014b0       ?Reset@OptionString@TestFramework@OpenHome@@UAEXXZ 004024b0 f   libTestFramework:OptionParser.obj
 0001:000014e0       ?ExpectedArgCount@OptionString@TestFramework@OpenHome@@UBEHXZ 004024e0 f   libTestFramework:OptionParser.obj
 0001:00001500       ?Value@OptionString@TestFramework@OpenHome@@QBEABVBrx@3@XZ 00402500 f   libTestFramework:OptionParser.obj
 0001:00001520       ?CString@OptionString@TestFramework@OpenHome@@QBEPBDXZ 00402520 f   libTestFramework:OptionParser.obj
 0001:00001550       ??0OptionInt@TestFramework@OpenHome@@QAE@PBD0H0@Z 00402550 f   libTestFramework:OptionParser.obj
 0001:000015a0       ?Process@OptionInt@TestFramework@OpenHome@@UAEXHQAPAD@Z 004025a0 f   libTestFramework:OptionParser.obj
 0001:00001660       ?Reset@OptionInt@TestFramework@OpenHome@@UAEXXZ 00402660 f   libTestFramework:OptionParser.obj
 0001:00001680       ?ExpectedArgCount@OptionInt@TestFramework@OpenHome@@UBEHXZ 00402680 f   libTestFramework:OptionParser.obj
 0001:000016a0       ?Value@OptionInt@TestFramework@OpenHome@@QBEHXZ 004026a0 f   libTestFramework:OptionParser.obj
 0001:000016c0       ??0OptionUint@TestFramework@OpenHome@@QAE@PBD0I0@Z 004026c0 f   libTestFramework:OptionParser.obj
 0001:00001710       ?Process@OptionUint@TestFramework@OpenHome@@UAEXHQAPAD@Z 00402710 f   libTestFramework:OptionParser.obj
 0001:000017d0       ?Reset@OptionUint@TestFramework@OpenHome@@UAEXXZ 004027d0 f   libTestFramework:OptionParser.obj
 0001:000017f0       ?ExpectedArgCount@OptionUint@TestFramework@OpenHome@@UBEHXZ 004027f0 f   libTestFramework:OptionParser.obj
 0001:00001810       ?Value@OptionUint@TestFramework@OpenHome@@QBEIXZ 00402810 f   libTestFramework:OptionParser.obj
 0001:00001830       ??0OptionBool@TestFramework@OpenHome@@QAE@PBD00@Z 00402830 f   libTestFramework:OptionParser.obj
 0001:00001880       ?Process@OptionBool@TestFramework@OpenHome@@UAEXHQAPAD@Z 00402880 f   libTestFramework:OptionParser.obj
 0001:000018a0       ?Reset@OptionBool@TestFramework@OpenHome@@UAEXXZ 004028a0 f   libTestFramework:OptionParser.obj
 0001:000018c0       ?ExpectedArgCount@OptionBool@TestFramework@OpenHome@@UBEHXZ 004028c0 f   libTestFramework:OptionParser.obj
 0001:000018e0       ?Value@OptionBool@TestFramework@OpenHome@@QBE_NXZ 004028e0 f   libTestFramework:OptionParser.obj
 0001:00001900       ??0OptionParser@TestFramework@OpenHome@@QAE@XZ 00402900 f   libTestFramework:OptionParser.obj
 0001:000019b0       ??1OptionParser@TestFramework@OpenHome@@QAE@XZ 004029b0 f   libTestFramework:OptionParser.obj
 0001:00001a50       ?AddOption@OptionParser@TestFramework@OpenHome@@QAEXPAVOption@23@@Z 00402a50 f   libTestFramework:OptionParser.obj
 0001:00001a80       ?Parse@OptionParser@TestFramework@OpenHome@@QAE_NHQAPAD@Z 00402a80 f   libTestFramework:OptionParser.obj
 0001:00001e30       ?HelpDisplayed@OptionParser@TestFramework@OpenHome@@QAE_NXZ 00402e30 f   libTestFramework:OptionParser.obj
 0001:00001e60       ?DisplayHelp@OptionParser@TestFramework@OpenHome@@QAEXXZ 00402e60 f   libTestFramework:OptionParser.obj
 0001:00001f00       ?SetUsage@OptionParser@TestFramework@OpenHome@@QAEXPBD@Z 00402f00 f   libTestFramework:OptionParser.obj
 0001:00001f90       ?PosArgs@OptionParser@TestFramework@OpenHome@@QAEAAV?$vector@PADV?$allocator@PAD@std@@@std@@XZ 00402f90 f   libTestFramework:OptionParser.obj
 0001:00001fb0       ?Find@OptionParser@TestFramework@OpenHome@@AAEPAVOption@23@PBD@Z 00402fb0 f   libTestFramework:OptionParser.obj
 0001:00002040       ??0Brhz@OpenHome@@QAE@XZ   00403040 f i libTestFramework:OptionParser.obj
 0001:00002070       ??0Brv@OpenHome@@IAE@XZ    00403070 f i libTestFramework:OptionParser.obj
 0001:000020f0       ??0INonCopyable@OpenHome@@IAE@XZ 004030f0 f i libTestFramework:OptionParser.obj
 0001:00002110       ??_EBrv@OpenHome@@UAEPAXI@Z 00403110 f i libTestFramework:OptionParser.obj
 0001:00002190       ??0Brx@OpenHome@@IAE@I@Z   00403190 f i libTestFramework:OptionParser.obj
 0001:000021c0       ??_EBrhz@OpenHome@@UAEPAXI@Z 004031c0 f i libTestFramework:OptionParser.obj
 0001:000021c0       ??_GBrhz@OpenHome@@UAEPAXI@Z 004031c0 f i libTestFramework:OptionParser.obj
 0001:00002200       ?Set@Brhz@OpenHome@@QAEXABVBrx@2@@Z 00403200 f i libTestFramework:OptionParser.obj
 0001:00002250       ?Bytes@Brx@OpenHome@@QBEIXZ 00403250 f i libTestFramework:OptionParser.obj
 0001:00002270       ?CString@Brhz@OpenHome@@QBEPBDXZ 00403270 f i libTestFramework:OptionParser.obj
 0001:00002290       ??1?$Bws@$0L@@OpenHome@@UAE@XZ 00403290 f i libTestFramework:OptionParser.obj
 0001:000022c0       ??1?$Bws@$09@OpenHome@@UAE@XZ 004032c0 f i libTestFramework:OptionParser.obj
 0001:000022f0       ??0OptionParserError@OpenHome@@QAE@PBDI@Z 004032f0 f i libTestFramework:OptionParser.obj
 0001:00002330       ??1OptionParserError@OpenHome@@QAE@XZ 00403330 f i libTestFramework:OptionParser.obj
 0001:00002360       ??0?$vector@PAVOption@TestFramework@OpenHome@@V?$allocator@PAVOption@TestFramework@OpenHome@@@std@@@std@@QAE@XZ 00403360 f i libTestFramework:OptionParser.obj
 0001:000023a0       ??1?$vector@PAVOption@TestFramework@OpenHome@@V?$allocator@PAVOption@TestFramework@OpenHome@@@std@@@std@@QAE@XZ 004033a0 f i libTestFramework:OptionParser.obj
 0001:00002410       ?size@?$vector@PAVOption@TestFramework@OpenHome@@V?$allocator@PAVOption@TestFramework@OpenHome@@@std@@@std@@QBEIXZ 00403410 f i libTestFramework:OptionParser.obj
 0001:00002440       ??A?$vector@PAVOption@TestFramework@OpenHome@@V?$allocator@PAVOption@TestFramework@OpenHome@@@std@@@std@@QAEAAPAVOption@TestFramework@OpenHome@@I@Z 00403440 f i libTestFramework:OptionParser.obj
 0001:000024e0       ?push_back@?$vector@PAVOption@TestFramework@OpenHome@@V?$allocator@PAVOption@TestFramework@OpenHome@@@std@@@std@@QAEXABQAVOption@TestFramework@OpenHome@@@Z 004034e0 f i libTestFramework:OptionParser.obj
 0001:000025f0       ??0?$vector@PADV?$allocator@PAD@std@@@std@@QAE@XZ 004035f0 f i libTestFramework:OptionParser.obj
 0001:00002630       ??1?$vector@PADV?$allocator@PAD@std@@@std@@QAE@XZ 00403630 f i libTestFramework:OptionParser.obj
 0001:000026a0       ?push_back@?$vector@PADV?$allocator@PAD@std@@@std@@QAEXABQAD@Z 004036a0 f i libTestFramework:OptionParser.obj
 0001:000027b0       ?clear@?$vector@PADV?$allocator@PAD@std@@@std@@QAEXXZ 004037b0 f i libTestFramework:OptionParser.obj
 0001:000028b0       ??1?$_Vector_iterator@V?$_Vector_val@PADV?$allocator@PAD@std@@@std@@@std@@QAE@XZ 004038b0 f i libTestFramework:OptionParser.obj
 0001:000028e0       ??0?$_Vector_const_iterator@V?$_Vector_val@PADV?$allocator@PAD@std@@@std@@@std@@QAE@ABV01@@Z 004038e0 f i libTestFramework:OptionParser.obj
 0001:00002920       ??1?$_Vector_const_iterator@V?$_Vector_val@PADV?$allocator@PAD@std@@@std@@@std@@QAE@XZ 00403920 f i libTestFramework:OptionParser.obj
 0001:00002950       ??0?$_Iterator012@Urandom_access_iterator_tag@std@@PADHPBQADABQADU_Iterator_base12@2@@std@@QAE@ABU01@@Z 00403950 f i libTestFramework:OptionParser.obj
 0001:00002980       ??0_Iterator_base12@std@@QAE@ABU01@@Z 00403980 f i libTestFramework:OptionParser.obj
 0001:000029c0       ??4_Iterator_base12@std@@QAEAAU01@ABU01@@Z 004039c0 f i libTestFramework:OptionParser.obj
 0001:00002a00       ?_Adopt@_Iterator_base12@std@@QAEXPBU_Container_base12@2@@Z 00403a00 f i libTestFramework:OptionParser.obj
 0001:00002af0       ?_Orphan_me@_Iterator_base12@std@@QAEXXZ 00403af0 f i libTestFramework:OptionParser.obj
 0001:00002b80       ??1?$_Iterator012@Urandom_access_iterator_tag@std@@PADHPBQADABQADU_Iterator_base12@2@@std@@QAE@XZ 00403b80 f i libTestFramework:OptionParser.obj
 0001:00002bb0       ??1_Iterator_base12@std@@QAE@XZ 00403bb0 f i libTestFramework:OptionParser.obj
 0001:00002c60       ?_Inside@?$vector@PAVOption@TestFramework@OpenHome@@V?$allocator@PAVOption@TestFramework@OpenHome@@@std@@@std@@IBE_NPBQAVOption@TestFramework@OpenHome@@@Z 00403c60 f i libTestFramework:OptionParser.obj
 0001:00002cb0       ?_Reserve@?$vector@PAVOption@TestFramework@OpenHome@@V?$allocator@PAVOption@TestFramework@OpenHome@@@std@@@std@@IAEXI@Z 00403cb0 f i libTestFramework:OptionParser.obj
 0001:00002d30       ?_Tidy@?$vector@PAVOption@TestFramework@OpenHome@@V?$allocator@PAVOption@TestFramework@OpenHome@@@std@@@std@@IAEXXZ 00403d30 f i libTestFramework:OptionParser.obj
 0001:00002dc0       ?_Orphan_range@?$vector@PAVOption@TestFramework@OpenHome@@V?$allocator@PAVOption@TestFramework@OpenHome@@@std@@@std@@IBEXPAPAVOption@TestFramework@OpenHome@@0@Z 00403dc0 f i libTestFramework:OptionParser.obj
 0001:00002ed0       ?_Getpfirst@_Container_base12@std@@QBEPAPAU_Iterator_base12@2@XZ 00403ed0 f i libTestFramework:OptionParser.obj
 0001:00002f10       ?_Clrcont@_Iterator_base12@std@@QAEXXZ 00403f10 f i libTestFramework:OptionParser.obj
 0001:00002f30       ?_Getpnext@_Iterator_base12@std@@QAEPAPAU12@XZ 00403f30 f i libTestFramework:OptionParser.obj
 0001:00002f50       ??0?$_Vector_val@PAVOption@TestFramework@OpenHome@@V?$allocator@PAVOption@TestFramework@OpenHome@@@std@@@std@@QAE@V?$allocator@PAVOption@TestFramework@OpenHome@@@1@@Z 00403f50 f i libTestFramework:OptionParser.obj
 0001:00003070       ??0_Container_proxy@std@@QAE@XZ 00404070 f i libTestFramework:OptionParser.obj
 0001:000030a0       ??0_Container_base12@std@@QAE@XZ 004040a0 f i libTestFramework:OptionParser.obj
 0001:000030c0       ??1?$_Vector_val@PAVOption@TestFramework@OpenHome@@V?$allocator@PAVOption@TestFramework@OpenHome@@@std@@@std@@QAE@XZ 004040c0 f i libTestFramework:OptionParser.obj
 0001:000031a0       ??0?$allocator@PAVOption@TestFramework@OpenHome@@@std@@QAE@XZ 004041a0 f i libTestFramework:OptionParser.obj
 0001:000031c0       ?begin@?$vector@PADV?$allocator@PAD@std@@@std@@QAE?AV?$_Vector_iterator@V?$_Vector_val@PADV?$allocator@PAD@std@@@std@@@2@XZ 004041c0 f i libTestFramework:OptionParser.obj
 0001:00003210       ?end@?$vector@PADV?$allocator@PAD@std@@@std@@QAE?AV?$_Vector_iterator@V?$_Vector_val@PADV?$allocator@PAD@std@@@std@@@2@XZ 00404210 f i libTestFramework:OptionParser.obj
 0001:00003260       ?erase@?$vector@PADV?$allocator@PAD@std@@@std@@QAE?AV?$_Vector_iterator@V?$_Vector_val@PADV?$allocator@PAD@std@@@std@@@2@V?$_Vector_const_iterator@V?$_Vector_val@PADV?$allocator@PAD@std@@@std@@@2@0@Z 00404260 f i libTestFramework:OptionParser.obj
 0001:00003450       ?_Getcont@_Iterator_base12@std@@QBEPBU_Container_base12@2@XZ 00404450 f i libTestFramework:OptionParser.obj
 0001:00003490       ?_Inside@?$vector@PADV?$allocator@PAD@std@@@std@@IBE_NPBQAD@Z 00404490 f i libTestFramework:OptionParser.obj
 0001:000034e0       ?_Reserve@?$vector@PADV?$allocator@PAD@std@@@std@@IAEXI@Z 004044e0 f i libTestFramework:OptionParser.obj
 0001:00003560       ?_Tidy@?$vector@PADV?$allocator@PAD@std@@@std@@IAEXXZ 00404560 f i libTestFramework:OptionParser.obj
 0001:000035f0       ?_Orphan_range@?$vector@PADV?$allocator@PAD@std@@@std@@IBEXPAPAD0@Z 004045f0 f i libTestFramework:OptionParser.obj
 0001:00003700       ??0?$_Vector_val@PADV?$allocator@PAD@std@@@std@@QAE@V?$allocator@PAD@1@@Z 00404700 f i libTestFramework:OptionParser.obj
 0001:00003820       ??1?$_Vector_val@PADV?$allocator@PAD@std@@@std@@QAE@XZ 00404820 f i libTestFramework:OptionParser.obj
 0001:00003900       ??0?$allocator@PAD@std@@QAE@XZ 00404900 f i libTestFramework:OptionParser.obj
 0001:00003920       ??0?$_Vector_iterator@V?$_Vector_val@PADV?$allocator@PAD@std@@@std@@@std@@QAE@ABV01@@Z 00404920 f i libTestFramework:OptionParser.obj
 0001:00003950       ?reserve@?$vector@PAVOption@TestFramework@OpenHome@@V?$allocator@PAVOption@TestFramework@OpenHome@@@std@@@std@@QAEXI@Z 00404950 f i libTestFramework:OptionParser.obj
 0001:00003ac0       ?capacity@?$vector@PAVOption@TestFramework@OpenHome@@V?$allocator@PAVOption@TestFramework@OpenHome@@@std@@@std@@QBEIXZ 00404ac0 f i libTestFramework:OptionParser.obj
 0001:00003af0       ?max_size@?$vector@PAVOption@TestFramework@OpenHome@@V?$allocator@PAVOption@TestFramework@OpenHome@@@std@@@std@@QBEIXZ 00404af0 f i libTestFramework:OptionParser.obj
 0001:00003b20       ?_Destroy@?$vector@PAVOption@TestFramework@OpenHome@@V?$allocator@PAVOption@TestFramework@OpenHome@@@std@@@std@@IAEXPAPAVOption@TestFramework@OpenHome@@0@Z 00404b20 f i libTestFramework:OptionParser.obj
 0001:00003b60       ?_Grow_to@?$vector@PAVOption@TestFramework@OpenHome@@V?$allocator@PAVOption@TestFramework@OpenHome@@@std@@@std@@IBEII@Z 00404b60 f i libTestFramework:OptionParser.obj
 0001:00003be0       ?_Xlen@?$vector@PAVOption@TestFramework@OpenHome@@V?$allocator@PAVOption@TestFramework@OpenHome@@@std@@@std@@IBEXXZ 00404be0 f i libTestFramework:OptionParser.obj
 0001:00003c10       ??0?$allocator@PAVOption@TestFramework@OpenHome@@@std@@QAE@ABV01@@Z 00404c10 f i libTestFramework:OptionParser.obj
 0001:00003c30       ?deallocate@?$allocator@PAVOption@TestFramework@OpenHome@@@std@@QAEXPAPAVOption@TestFramework@OpenHome@@I@Z 00404c30 f i libTestFramework:OptionParser.obj
 0001:00003c60       ?reserve@?$vector@PADV?$allocator@PAD@std@@@std@@QAEXI@Z 00404c60 f i libTestFramework:OptionParser.obj
 0001:00003dd0       ?capacity@?$vector@PADV?$allocator@PAD@std@@@std@@QBEIXZ 00404dd0 f i libTestFramework:OptionParser.obj
 0001:00003e00       ?_Make_iter@?$vector@PADV?$allocator@PAD@std@@@std@@QBE?AV?$_Vector_iterator@V?$_Vector_val@PADV?$allocator@PAD@std@@@std@@@2@V?$_Vector_const_iterator@V?$_Vector_val@PADV?$allocator@PAD@std@@@std@@@2@@Z 00404e00 f i libTestFramework:OptionParser.obj
 0001:00003e90       ?size@?$vector@PADV?$allocator@PAD@std@@@std@@QBEIXZ 00404e90 f i libTestFramework:OptionParser.obj
 0001:00003ec0       ?max_size@?$vector@PADV?$allocator@PAD@std@@@std@@QBEIXZ 00404ec0 f i libTestFramework:OptionParser.obj
 0001:00003ef0       ?_Destroy@?$vector@PADV?$allocator@PAD@std@@@std@@IAEXPAPAD0@Z 00404ef0 f i libTestFramework:OptionParser.obj
 0001:00003f30       ?_Grow_to@?$vector@PADV?$allocator@PAD@std@@@std@@IBEII@Z 00404f30 f i libTestFramework:OptionParser.obj
 0001:00003fb0       ?_Xlen@?$vector@PADV?$allocator@PAD@std@@@std@@IBEXXZ 00404fb0 f i libTestFramework:OptionParser.obj
 0001:00003fe0       ??0?$allocator@PAD@std@@QAE@ABV01@@Z 00404fe0 f i libTestFramework:OptionParser.obj
 0001:00004000       ?deallocate@?$allocator@PAD@std@@QAEXPAPADI@Z 00405000 f i libTestFramework:OptionParser.obj
 0001:00004030       ??0?$_Vector_iterator@V?$_Vector_val@PADV?$allocator@PAD@std@@@std@@@std@@QAE@PAPADPBU_Container_base12@1@@Z 00405030 f i libTestFramework:OptionParser.obj
 0001:00004070       ??9?$_Vector_const_iterator@V?$_Vector_val@PADV?$allocator@PAD@std@@@std@@@std@@QBE_NABV01@@Z 00405070 f i libTestFramework:OptionParser.obj
 0001:000040b0       ??M?$_Vector_const_iterator@V?$_Vector_val@PADV?$allocator@PAD@std@@@std@@@std@@QBE_NABV01@@Z 004050b0 f i libTestFramework:OptionParser.obj
 0001:000040f0       ?allocate@?$allocator@U_Container_proxy@std@@@std@@QAEPAU_Container_proxy@2@I@Z 004050f0 f i libTestFramework:OptionParser.obj
 0001:00004120       ?allocate@?$allocator@PAVOption@TestFramework@OpenHome@@@std@@QAEPAPAVOption@TestFramework@OpenHome@@I@Z 00405120 f i libTestFramework:OptionParser.obj
 0001:00004150       ?max_size@?$allocator@PAVOption@TestFramework@OpenHome@@@std@@QBEIXZ 00405150 f i libTestFramework:OptionParser.obj
 0001:000041a0       ?allocate@?$allocator@PAD@std@@QAEPAPADI@Z 004051a0 f i libTestFramework:OptionParser.obj
 0001:000041d0       ?max_size@?$allocator@PAD@std@@QBEIXZ 004051d0 f i libTestFramework:OptionParser.obj
 0001:00004220       ??0?$_Vector_const_iterator@V?$_Vector_val@PADV?$allocator@PAD@std@@@std@@@std@@QAE@PAPADPBU_Container_base12@1@@Z 00405220 f i libTestFramework:OptionParser.obj
 0001:000042a0       ??8?$_Vector_const_iterator@V?$_Vector_val@PADV?$allocator@PAD@std@@@std@@@std@@QBE_NABV01@@Z 004052a0 f i libTestFramework:OptionParser.obj
 0001:000042e0       ?_Compat@?$_Vector_const_iterator@V?$_Vector_val@PADV?$allocator@PAD@std@@@std@@@std@@QBEXABV12@@Z 004052e0 f i libTestFramework:OptionParser.obj
 0001:00004390       ??0?$_Iterator012@Urandom_access_iterator_tag@std@@PADHPBQADABQADU_Iterator_base12@2@@std@@QAE@XZ 00405390 f i libTestFramework:OptionParser.obj
 0001:000043c0       ??0_Iterator_base12@std@@QAE@XZ 004053c0 f i libTestFramework:OptionParser.obj
 0001:000043f0       ??0?$Bws@$0L@@OpenHome@@QAE@PBD@Z 004053f0 f i libTestFramework:OptionParser.obj
 0001:00004470       ?Ptr@?$Bws@$0L@@OpenHome@@UBEPBEXZ 00405470 f i libTestFramework:OptionParser.obj
 0001:00004490       ??0?$Bws@$09@OpenHome@@QAE@PBD@Z 00405490 f i libTestFramework:OptionParser.obj
 0001:00004510       ?Ptr@?$Bws@$09@OpenHome@@UBEPBEXZ 00405510 f i libTestFramework:OptionParser.obj
 0001:00004530       ??$addressof@QAVOption@TestFramework@OpenHome@@@std@@YGPBQAVOption@TestFramework@OpenHome@@ABQAV123@@Z 00405530 f i libTestFramework:OptionParser.obj
 0001:00004540       ??$_Cons_val@V?$allocator@PAVOption@TestFramework@OpenHome@@@std@@PAVOption@TestFramework@OpenHome@@AAPAV345@@std@@YGXAAV?$allocator@PAVOption@TestFramework@OpenHome@@@0@PAPAVOption@TestFramework@OpenHome@@AAPAV234@@Z 00405540 f i libTestFramework:OptionParser.obj
 0001:00004570       ??$_Cons_val@V?$allocator@PAVOption@TestFramework@OpenHome@@@std@@PAVOption@TestFramework@OpenHome@@ABQAV345@@std@@YGXAAV?$allocator@PAVOption@TestFramework@OpenHome@@@0@PAPAVOption@TestFramework@OpenHome@@ABQAV234@@Z 00405570 f i libTestFramework:OptionParser.obj
 0001:000045a0       ??$addressof@QAD@std@@YGPBQADABQAD@Z 004055a0 f i libTestFramework:OptionParser.obj
 0001:000045b0       ??$_Cons_val@V?$allocator@PAD@std@@PADAAPAD@std@@YGXAAV?$allocator@PAD@0@PAPADAAPAD@Z 004055b0 f i libTestFramework:OptionParser.obj
 0001:000045e0       ??$_Cons_val@V?$allocator@PAD@std@@PADABQAD@std@@YGXAAV?$allocator@PAD@0@PAPADABQAD@Z 004055e0 f i libTestFramework:OptionParser.obj
 0001:00004610       ??$?0PAVOption@TestFramework@OpenHome@@@?$allocator@U_Container_proxy@std@@@std@@QAE@ABV?$allocator@PAVOption@TestFramework@OpenHome@@@1@@Z 00405610 f i libTestFramework:OptionParser.obj
 0001:00004630       ??$_Cons_val@V?$allocator@U_Container_proxy@std@@@std@@U_Container_proxy@2@U32@@std@@YGXAAV?$allocator@U_Container_proxy@std@@@0@PAU_Container_proxy@0@$$QAU20@@Z 00405630 f i libTestFramework:OptionParser.obj
 0001:00004660       ??$_Move@PAPADPAPAD@std@@YGPAPADPAPAD00@Z 00405660 f i libTestFramework:OptionParser.obj
 0001:000046b0       ??$?0PAD@?$allocator@U_Container_proxy@std@@@std@@QAE@ABV?$allocator@PAD@1@@Z 004056b0 f i libTestFramework:OptionParser.obj
 0001:000046d0       ??$_Umove@PAPAVOption@TestFramework@OpenHome@@@?$vector@PAVOption@TestFramework@OpenHome@@V?$allocator@PAVOption@TestFramework@OpenHome@@@std@@@std@@IAEPAPAVOption@TestFramework@OpenHome@@PAPAV234@00@Z 004056d0 f i libTestFramework:OptionParser.obj
 0001:00004710       ??$_Destroy_range@V?$allocator@PAVOption@TestFramework@OpenHome@@@std@@@std@@YGXPAPAVOption@TestFramework@OpenHome@@0AAV?$allocator@PAVOption@TestFramework@OpenHome@@@0@@Z 00405710 f i libTestFramework:OptionParser.obj
 0001:00004760       ??$_Umove@PAPAD@?$vector@PADV?$allocator@PAD@std@@@std@@IAEPAPADPAPAD00@Z 00405760 f i libTestFramework:OptionParser.obj
 0001:000047a0       ??$_Destroy_range@V?$allocator@PAD@std@@@std@@YGXPAPAD0AAV?$allocator@PAD@0@@Z 004057a0 f i libTestFramework:OptionParser.obj
 0001:000047f0       ??$_Allocate@U_Container_proxy@std@@@std@@YGPAU_Container_proxy@0@IPAU10@@Z 004057f0 f i libTestFramework:OptionParser.obj
 0001:00004870       ??0bad_alloc@std@@QAE@PBD@Z 00405870 f i libTestFramework:OptionParser.obj
 0001:000048b0       ??1bad_alloc@std@@UAE@XZ   004058b0 f i libTestFramework:OptionParser.obj
 0001:000048e0       ??_Gbad_alloc@std@@UAEPAXI@Z 004058e0 f i libTestFramework:OptionParser.obj
 0001:000048e0       ??_Ebad_alloc@std@@UAEPAXI@Z 004058e0 f i libTestFramework:OptionParser.obj
 0001:00004920       ??$_Allocate@PAVOption@TestFramework@OpenHome@@@std@@YGPAPAVOption@TestFramework@OpenHome@@IPAPAV123@@Z 00405920 f i libTestFramework:OptionParser.obj
 0001:000049a0       ??$_Allocate@PAD@std@@YGPAPADIPAPAD@Z 004059a0 f i libTestFramework:OptionParser.obj
 0001:00004a20       ??_G?$Bws@$0L@@OpenHome@@UAEPAXI@Z 00405a20 f i libTestFramework:OptionParser.obj
 0001:00004a20       ??_E?$Bws@$0L@@OpenHome@@UAEPAXI@Z 00405a20 f i libTestFramework:OptionParser.obj
 0001:00004a60       ??_G?$Bws@$09@OpenHome@@UAEPAXI@Z 00405a60 f i libTestFramework:OptionParser.obj
 0001:00004a60       ??_E?$Bws@$09@OpenHome@@UAEPAXI@Z 00405a60 f i libTestFramework:OptionParser.obj
 0001:00004aa0       ??0bad_alloc@std@@QAE@ABV01@@Z 00405aa0 f i libTestFramework:OptionParser.obj
 0001:00004ae0       ?construct@?$allocator@PAVOption@TestFramework@OpenHome@@@std@@QAEXPAPAVOption@TestFramework@OpenHome@@ABQAV345@@Z 00405ae0 f i libTestFramework:OptionParser.obj
 0001:00004b10       ?construct@?$allocator@PAD@std@@QAEXPAPADABQAD@Z 00405b10 f i libTestFramework:OptionParser.obj
 0001:00004b40       ?construct@?$allocator@U_Container_proxy@std@@@std@@QAEXPAU_Container_proxy@2@$$QAU32@@Z 00405b40 f i libTestFramework:OptionParser.obj
 0001:00004bf0       ??2@YAPAXIPAX@Z            00405bf0 f i libTestFramework:OptionParser.obj
 0001:00004c00       ??3@YAXPAX0@Z              00405c00 f i libTestFramework:OptionParser.obj
 0001:00004c10       ??$forward@AAPAVOption@TestFramework@OpenHome@@@std@@YGAAPAVOption@TestFramework@OpenHome@@AAPAV123@@Z 00405c10 f i libTestFramework:OptionParser.obj
 0001:00004c20       ??$construct@AAPAVOption@TestFramework@OpenHome@@@?$allocator@PAVOption@TestFramework@OpenHome@@@std@@QAEXPAPAVOption@TestFramework@OpenHome@@AAPAV234@@Z 00405c20 f i libTestFramework:OptionParser.obj
 0001:00004cc0       ??$forward@ABQAVOption@TestFramework@OpenHome@@@std@@YGABQAVOption@TestFramework@OpenHome@@ABQAV123@@Z 00405cc0 f i libTestFramework:OptionParser.obj
 0001:00004cd0       ??$forward@AAPAD@std@@YGAAPADAAPAD@Z 00405cd0 f i libTestFramework:OptionParser.obj
 0001:00004ce0       ??$construct@AAPAD@?$allocator@PAD@std@@QAEXPAPADAAPAD@Z 00405ce0 f i libTestFramework:OptionParser.obj
 0001:00004d80       ??$forward@ABQAD@std@@YGABQADABQAD@Z 00405d80 f i libTestFramework:OptionParser.obj
 0001:00004d90       ??$forward@U_Container_proxy@std@@@std@@YG$$QAU_Container_proxy@0@AAU10@@Z 00405d90 f i libTestFramework:OptionParser.obj
 0001:00004da0       ??$_Ptr_cat@PADPAD@std@@YG?AU_Scalar_ptr_iterator_tag@0@PAPAD0@Z 00405da0 f i libTestFramework:OptionParser.obj
 0001:00004e00       ??$_Move@PAPADPAPAD@std@@YGPAPADPAPAD00U_Scalar_ptr_iterator_tag@0@@Z 00405e00 f i libTestFramework:OptionParser.obj
 0001:00004e50       ??$_Uninitialized_move@PAPAVOption@TestFramework@OpenHome@@PAPAV123@V?$allocator@PAVOption@TestFramework@OpenHome@@@std@@@std@@YGPAPAVOption@TestFramework@OpenHome@@PAPAV123@00AAV?$allocator@PAVOption@TestFramework@OpenHome@@@0@@Z 00405e50 f i libTestFramework:OptionParser.obj
 0001:00004ea0       ??$_Ptr_cat@PAVOption@TestFramework@OpenHome@@PAV123@@std@@YG?AU_Scalar_ptr_iterator_tag@0@PAPAVOption@TestFramework@OpenHome@@0@Z 00405ea0 f i libTestFramework:OptionParser.obj
 0001:00004f00       ??$_Destroy_range@V?$allocator@PAVOption@TestFramework@OpenHome@@@std@@@std@@YGXPAPAVOption@TestFramework@OpenHome@@0AAV?$allocator@PAVOption@TestFramework@OpenHome@@@0@U_Scalar_ptr_iterator_tag@0@@Z 00405f00 f i libTestFramework:OptionParser.obj
 0001:00004f10       ??$_Uninitialized_move@PAPADPAPADV?$allocator@PAD@std@@@std@@YGPAPADPAPAD00AAV?$allocator@PAD@0@@Z 00405f10 f i libTestFramework:OptionParser.obj
 0001:00004f60       ??$_Destroy_range@V?$allocator@PAD@std@@@std@@YGXPAPAD0AAV?$allocator@PAD@0@U_Scalar_ptr_iterator_tag@0@@Z 00405f60 f i libTestFramework:OptionParser.obj
 0001:00004f70       ??$_Construct@PAVOption@TestFramework@OpenHome@@ABQAV123@@std@@YGXPAPAVOption@TestFramework@OpenHome@@ABQAV123@@Z 00405f70 f i libTestFramework:OptionParser.obj
 0001:00005020       ??$_Construct@PADABQAD@std@@YGXPAPADABQAD@Z 00406020 f i libTestFramework:OptionParser.obj
 0001:000050d0       ??$_Val_type@PAPAVOption@TestFramework@OpenHome@@@std@@YGPAPAVOption@TestFramework@OpenHome@@PAPAV123@@Z 004060d0 f i libTestFramework:OptionParser.obj
 0001:000050e0       ??$_Uninit_move@PAVOption@TestFramework@OpenHome@@PAV123@PAV123@@std@@YGPAPAVOption@TestFramework@OpenHome@@PAPAV123@00AAV?$allocator@PAVOption@TestFramework@OpenHome@@@0@0U_Scalar_ptr_iterator_tag@0@@Z 004060e0 f i libTestFramework:OptionParser.obj
 0001:00005150       ??$_Val_type@PAPAD@std@@YGPAPADPAPAD@Z 00406150 f i libTestFramework:OptionParser.obj
 0001:00005160       ??$_Uninit_move@PADPADPAD@std@@YGPAPADPAPAD00AAV?$allocator@PAD@0@0U_Scalar_ptr_iterator_tag@0@@Z 00406160 f i libTestFramework:OptionParser.obj
 0001:000051d0       ??$_Debug_range@PAPAVOption@TestFramework@OpenHome@@@std@@YGXPAPAVOption@TestFramework@OpenHome@@0PB_WI@Z 004061d0 f i libTestFramework:OptionParser.obj
 0001:00005220       ??$_Debug_pointer@PAVOption@TestFramework@OpenHome@@@std@@YGXPAPAVOption@TestFramework@OpenHome@@PB_WI@Z 00406220 f i libTestFramework:OptionParser.obj
 0001:00005250       ??$_Debug_range@PAPAD@std@@YGXPAPAD0PB_WI@Z 00406250 f i libTestFramework:OptionParser.obj
 0001:000052a0       ??$_Debug_pointer@PAD@std@@YGXPAPADPB_WI@Z 004062a0 f i libTestFramework:OptionParser.obj
 0001:000052d0       ??$_Iter_cat@PAPAVOption@TestFramework@OpenHome@@@std@@YG?AUrandom_access_iterator_tag@0@ABQAPAVOption@TestFramework@OpenHome@@@Z 004062d0 f i libTestFramework:OptionParser.obj
 0001:00005330       ??$_Debug_range2@PAPAVOption@TestFramework@OpenHome@@@std@@YGXPAPAVOption@TestFramework@OpenHome@@0PB_WIUrandom_access_iterator_tag@0@@Z 00406330 f i libTestFramework:OptionParser.obj
 0001:00005390       ??$_Iter_cat@PAPAD@std@@YG?AUrandom_access_iterator_tag@0@ABQAPAD@Z 00406390 f i libTestFramework:OptionParser.obj
 0001:000053f0       ??$_Debug_range2@PAPAD@std@@YGXPAPAD0PB_WIUrandom_access_iterator_tag@0@@Z 004063f0 f i libTestFramework:OptionParser.obj
 0001:00005450       ?Log@TestConsole@@QAEXPBD@Z 00406450 f   libTestFramework:TestFramework.obj
 0001:00005480       ?AssertHandlerTest@TestFramework@OpenHome@@YGXPBDI@Z 00406480 f   libTestFramework:TestFramework.obj
 0001:00005530       ??0Suite@TestFramework@OpenHome@@IAE@PBD@Z 00406530 f   libTestFramework:TestFramework.obj
 0001:00005570       ??1Suite@TestFramework@OpenHome@@MAE@XZ 00406570 f   libTestFramework:TestFramework.obj
 0001:00005590       ?Description@Suite@TestFramework@OpenHome@@QBEPBDXZ 00406590 f   libTestFramework:TestFramework.obj
 0001:000055b0       ??0Runner@TestFramework@OpenHome@@QAE@PBD@Z 004065b0 f   libTestFramework:TestFramework.obj
 0001:000055f0       ??1Runner@TestFramework@OpenHome@@QAE@XZ 004065f0 f   libTestFramework:TestFramework.obj
 0001:00005610       ?Add@Runner@TestFramework@OpenHome@@QAEXPAVSuite@23@@Z 00406610 f   libTestFramework:TestFramework.obj
 0001:00005690       ?Run@Runner@TestFramework@OpenHome@@QAEXXZ 00406690 f   libTestFramework:TestFramework.obj
 0001:00005940       ?Fail@TestFramework@OpenHome@@YGXPBDI00@Z 00406940 f   libTestFramework:TestFramework.obj
 0001:000059a0       ?Succeed@TestFramework@OpenHome@@YGXPBDI@Z 004069a0 f   libTestFramework:TestFramework.obj
 0001:000059d0       ?SucceedQuietly@TestFramework@OpenHome@@YGXPBDI@Z 004069d0 f   libTestFramework:TestFramework.obj
 0001:00005a00       ?TimeStart@TestFramework@OpenHome@@YGIXZ 00406a00 f   libTestFramework:TestFramework.obj
 0001:00005a20       ?TimeStop@TestFramework@OpenHome@@YGII@Z 00406a20 f   libTestFramework:TestFramework.obj
 0001:00005a50       ?Print@TestFramework@OpenHome@@YAHPBDZZ 00406a50 f   libTestFramework:TestFramework.obj
 0001:00005b10       ?Print@TestFramework@OpenHome@@YGHPBDPAD@Z 00406b10 f   libTestFramework:TestFramework.obj
 0001:00005bc0       ?Print@TestFramework@OpenHome@@YGHABVBrx@2@@Z 00406bc0 f   libTestFramework:TestFramework.obj
 0001:00005c70       ?PrintHex@TestFramework@OpenHome@@YGHABVBrx@2@@Z 00406c70 f   libTestFramework:TestFramework.obj
 0001:00005d20       ??0Blocker@TestFramework@OpenHome@@QAE@XZ 00406d20 f   libTestFramework:TestFramework.obj
 0001:00005e20       ??1Blocker@TestFramework@OpenHome@@QAE@XZ 00406e20 f   libTestFramework:TestFramework.obj
 0001:00005ec0       ?Wait@Blocker@TestFramework@OpenHome@@QAEXI@Z 00406ec0 f   libTestFramework:TestFramework.obj
 0001:00005f00       ?TimerExpired@Blocker@TestFramework@OpenHome@@AAEXXZ 00406f00 f   libTestFramework:TestFramework.obj
 0001:00005f30       ?ConsoleWrite@Os@OpenHome@@SGXPBD@Z 00406f30 f i libTestFramework:TestFramework.obj
 0001:00005f50       ??0AssertionFailed@OpenHome@@QAE@PBDI@Z 00406f50 f i libTestFramework:TestFramework.obj
 0001:00005f90       ??1AssertionFailed@OpenHome@@QAE@XZ 00406f90 f i libTestFramework:TestFramework.obj
 0001:00005fc0       ??_ESuite@TestFramework@OpenHome@@MAEPAXI@Z 00406fc0 f i libTestFramework:TestFramework.obj
 0001:00005fc0       ??_GSuite@TestFramework@OpenHome@@MAEPAXI@Z 00406fc0 f i libTestFramework:TestFramework.obj
 0001:00006000       ?TimeInMs@Os@OpenHome@@SGIXZ 00407000 f i libTestFramework:TestFramework.obj
 0001:00006020       ?TimeInUs@Os@OpenHome@@SG_KXZ 00407020 f i libTestFramework:TestFramework.obj
 0001:00006040       ??_GTimer@OpenHome@@QAEPAXI@Z 00407040 f i libTestFramework:TestFramework.obj
 0001:00006080       ??$MakeFunctorMsg@VTestConsole@@V1@@OpenHome@@YG?AV?$MemberTranslatorMsg@VTestConsole@@P81@AEXPBD@Z@0@AAVTestConsole@@ABQ82@AEXPBD@Z@Z 00407080 f i libTestFramework:TestFramework.obj
 0001:000060b0       ??$MakeFunctor@VBlocker@TestFramework@OpenHome@@XV123@@OpenHome@@YG?AV?$MemberTranslator@VBlocker@TestFramework@OpenHome@@P8123@AEXXZ@0@AAVBlocker@TestFramework@0@ABQ8230@AEXXZ@Z 004070b0 f i libTestFramework:TestFramework.obj
 0001:000060e0       ??0?$MemberTranslatorMsg@VTestConsole@@P81@AEXPBD@Z@OpenHome@@QAE@AAVTestConsole@@ABQ82@AEXPBD@Z@Z 004070e0 f i libTestFramework:TestFramework.obj
 0001:00006120       ??0FunctorMsg@OpenHome@@IAE@P6GXABV01@PBD@ZPBX3I@Z 00407120 f i libTestFramework:TestFramework.obj
 0001:00006170       ??0?$MemberTranslator@VBlocker@TestFramework@OpenHome@@P8123@AEXXZ@OpenHome@@QAE@AAVBlocker@TestFramework@1@ABQ8231@AEXXZ@Z 00407170 f i libTestFramework:TestFramework.obj
 0001:000061b0       ??0Functor@OpenHome@@IAE@P6GXABV01@@ZPBX2I@Z 004071b0 f i libTestFramework:TestFramework.obj
 0001:00006200       ?Thunk@?$MemberTranslatorMsg@VTestConsole@@P81@AEXPBD@Z@OpenHome@@SGXABVFunctorMsg@2@PBD@Z 00407200 f i libTestFramework:TestFramework.obj
 0001:00006250       ?Thunk@?$MemberTranslator@VBlocker@TestFramework@OpenHome@@P8123@AEXXZ@OpenHome@@SGXABVFunctor@2@@Z 00407250 f i libTestFramework:TestFramework.obj
 0001:000062a0       ??0NetworkAdapter@OpenHome@@QAE@IIPBD@Z 004072a0 f   libohNetCore:OhNet.obj
 0001:00006340       ??1NetworkAdapter@OpenHome@@AAE@XZ 00407340 f   libohNetCore:OhNet.obj
 0001:000063b0       ?AddRef@NetworkAdapter@OpenHome@@QAEXXZ 004073b0 f   libohNetCore:OhNet.obj
 0001:00006400       ?RemoveRef@NetworkAdapter@OpenHome@@QAEXXZ 00407400 f   libohNetCore:OhNet.obj
 0001:00006490       ?Address@NetworkAdapter@OpenHome@@QBEIXZ 00407490 f   libohNetCore:OhNet.obj
 0001:000064b0       ?Subnet@NetworkAdapter@OpenHome@@QBEIXZ 004074b0 f   libohNetCore:OhNet.obj
 0001:000064d0       ?Mask@NetworkAdapter@OpenHome@@QBEIXZ 004074d0 f   libohNetCore:OhNet.obj
 0001:000064f0       ?ContainsAddress@NetworkAdapter@OpenHome@@QAE_NI@Z 004074f0 f   libohNetCore:OhNet.obj
 0001:00006530       ?Name@NetworkAdapter@OpenHome@@QBEPBDXZ 00407530 f   libohNetCore:OhNet.obj
 0001:00006570       ?FullName@NetworkAdapter@OpenHome@@QBEPADXZ 00407570 f   libohNetCore:OhNet.obj
 0001:000066d0       ?Log@DefaultLogger@Net@OpenHome@@QAEXPBD@Z 004076d0 f   libohNetCore:OhNet.obj
 0001:00006720       ?LogError@DefaultAsyncHandler@Net@OpenHome@@QAEXAAVIAsync@23@@Z 00407720 f   libohNetCore:OhNet.obj
 0001:00006780       ?Output@DefaultAsyncHandler@Net@OpenHome@@EAEXPBD0@Z 00407780 f   libohNetCore:OhNet.obj
 0001:000067c0       ?Create@InitialisationParams@Net@OpenHome@@SGPAV123@XZ 004077c0 f   libohNetCore:OhNet.obj
 0001:00006860       ??1InitialisationParams@Net@OpenHome@@QAE@XZ 00407860 f   libohNetCore:OhNet.obj
 0001:000068c0       ?SetLogOutput@InitialisationParams@Net@OpenHome@@QAEXVFunctorMsg@3@@Z 004078c0 f   libohNetCore:OhNet.obj
 0001:000068f0       ?SetFatalErrorHandler@InitialisationParams@Net@OpenHome@@QAEXVFunctorMsg@3@@Z 004078f0 f   libohNetCore:OhNet.obj
 0001:00006950       ?SetAsyncBeginHandler@InitialisationParams@Net@OpenHome@@QAEXVFunctorAsync@23@@Z 00407950 f   libohNetCore:OhNet.obj
 0001:00006990       ?SetAsyncEndHandler@InitialisationParams@Net@OpenHome@@QAEXVFunctorAsync@23@@Z 00407990 f   libohNetCore:OhNet.obj
 0001:000069d0       ?SetAsyncErrorHandler@InitialisationParams@Net@OpenHome@@QAEXVFunctorAsync@23@@Z 004079d0 f   libohNetCore:OhNet.obj
 0001:00006a10       ?SetSubnetListChangedListener@InitialisationParams@Net@OpenHome@@QAEXVFunctor@3@@Z 00407a10 f   libohNetCore:OhNet.obj
 0001:00006a50       ?SetTcpConnectTimeout@InitialisationParams@Net@OpenHome@@QAEXI@Z 00407a50 f   libohNetCore:OhNet.obj
 0001:00006a90       ?SetMsearchTime@InitialisationParams@Net@OpenHome@@QAEXI@Z 00407a90 f   libohNetCore:OhNet.obj
 0001:00006ae0       ?SetMsearchTtl@InitialisationParams@Net@OpenHome@@QAEXI@Z 00407ae0 f   libohNetCore:OhNet.obj
 0001:00006b20       ?SetNumEventSessionThreads@InitialisationParams@Net@OpenHome@@QAEXI@Z 00407b20 f   libohNetCore:OhNet.obj
 0001:00006b70       ?SetNumXmlFetcherThreads@InitialisationParams@Net@OpenHome@@QAEXI@Z 00407b70 f   libohNetCore:OhNet.obj
 0001:00006bc0       ?SetNumActionInvokerThreads@InitialisationParams@Net@OpenHome@@QAEXI@Z 00407bc0 f   libohNetCore:OhNet.obj
 0001:00006c10       ?SetNumInvocations@InitialisationParams@Net@OpenHome@@QAEXI@Z 00407c10 f   libohNetCore:OhNet.obj
 0001:00006c50       ?SetNumSubscriberThreads@InitialisationParams@Net@OpenHome@@QAEXI@Z 00407c50 f   libohNetCore:OhNet.obj
 0001:00006ca0       ?SetPendingSubscriptionTimeout@InitialisationParams@Net@OpenHome@@QAEXI@Z 00407ca0 f   libohNetCore:OhNet.obj
 0001:00006ce0       ?SetFreeExternalCallback@InitialisationParams@Net@OpenHome@@QAEXP6GXPAX@Z@Z 00407ce0 f   libohNetCore:OhNet.obj
 0001:00006d00       ?SetUseLoopbackNetworkAdapter@InitialisationParams@Net@OpenHome@@QAEXXZ 00407d00 f   libohNetCore:OhNet.obj
 0001:00006d20       ?SetDvMaxUpdateTime@InitialisationParams@Net@OpenHome@@QAEXI@Z 00407d20 f   libohNetCore:OhNet.obj
 0001:00006d40       ?SetDvNumServerThreads@InitialisationParams@Net@OpenHome@@QAEXI@Z 00407d40 f   libohNetCore:OhNet.obj
 0001:00006d90       ?SetDvNumPublisherThreads@InitialisationParams@Net@OpenHome@@QAEXI@Z 00407d90 f   libohNetCore:OhNet.obj
 0001:00006de0       ?SetDvNumWebSocketThreads@InitialisationParams@Net@OpenHome@@QAEXI@Z 00407de0 f   libohNetCore:OhNet.obj
 0001:00006e30       ?SetDvWebSocketPort@InitialisationParams@Net@OpenHome@@QAEXI@Z 00407e30 f   libohNetCore:OhNet.obj
 0001:00006e50       ?SetDvEnableBonjour@InitialisationParams@Net@OpenHome@@QAEXXZ 00407e50 f   libohNetCore:OhNet.obj
 0001:00006e70       ?LogOutput@InitialisationParams@Net@OpenHome@@QAEAAVFunctorMsg@3@XZ 00407e70 f   libohNetCore:OhNet.obj
 0001:00006e90       ?FatalErrorHandler@InitialisationParams@Net@OpenHome@@QAEAAVFunctorMsg@3@XZ 00407e90 f   libohNetCore:OhNet.obj
 0001:00006eb0       ?AsyncBeginHandler@InitialisationParams@Net@OpenHome@@QAEAAVFunctorAsync@23@XZ 00407eb0 f   libohNetCore:OhNet.obj
 0001:00006ed0       ?AsyncEndHandler@InitialisationParams@Net@OpenHome@@QAEAAVFunctorAsync@23@XZ 00407ed0 f   libohNetCore:OhNet.obj
 0001:00006ef0       ?AsyncErrorHandler@InitialisationParams@Net@OpenHome@@QAEAAVFunctorAsync@23@XZ 00407ef0 f   libohNetCore:OhNet.obj
 0001:00006f10       ?SubnetListChangedListener@InitialisationParams@Net@OpenHome@@QAEAAVFunctor@3@XZ 00407f10 f   libohNetCore:OhNet.obj
 0001:00006f30       ?TcpConnectTimeoutMs@InitialisationParams@Net@OpenHome@@QBEIXZ 00407f30 f   libohNetCore:OhNet.obj
 0001:00006f50       ?MsearchTimeSecs@InitialisationParams@Net@OpenHome@@QBEIXZ 00407f50 f   libohNetCore:OhNet.obj
 0001:00006f70       ?MsearchTtl@InitialisationParams@Net@OpenHome@@QBEIXZ 00407f70 f   libohNetCore:OhNet.obj
 0001:00006f90       ?NumEventSessionThreads@InitialisationParams@Net@OpenHome@@QBEIXZ 00407f90 f   libohNetCore:OhNet.obj
 0001:00006fb0       ?NumXmlFetcherThreads@InitialisationParams@Net@OpenHome@@QBEIXZ 00407fb0 f   libohNetCore:OhNet.obj
 0001:00006fd0       ?NumActionInvokerThreads@InitialisationParams@Net@OpenHome@@QBEIXZ 00407fd0 f   libohNetCore:OhNet.obj
 0001:00006ff0       ?NumInvocations@InitialisationParams@Net@OpenHome@@QBEIXZ 00407ff0 f   libohNetCore:OhNet.obj
 0001:00007010       ?NumSubscriberThreads@InitialisationParams@Net@OpenHome@@QBEIXZ 00408010 f   libohNetCore:OhNet.obj
 0001:00007030       ?PendingSubscriptionTimeoutMs@InitialisationParams@Net@OpenHome@@QBEIXZ 00408030 f   libohNetCore:OhNet.obj
 0001:00007050       ?FreeExternal@InitialisationParams@Net@OpenHome@@QBEP6GXPAX@ZXZ 00408050 f   libohNetCore:OhNet.obj
 0001:00007070       ?UseLoopbackNetworkAdapter@InitialisationParams@Net@OpenHome@@QBE_NXZ 00408070 f   libohNetCore:OhNet.obj
 0001:00007090       ?DvMaxUpdateTimeSecs@InitialisationParams@Net@OpenHome@@QBEIXZ 00408090 f   libohNetCore:OhNet.obj
 0001:000070b0       ?DvNumServerThreads@InitialisationParams@Net@OpenHome@@QBEIXZ 004080b0 f   libohNetCore:OhNet.obj
 0001:000070d0       ?DvNumPublisherThreads@InitialisationParams@Net@OpenHome@@QBEIXZ 004080d0 f   libohNetCore:OhNet.obj
 0001:000070f0       ?DvNumWebSocketThreads@InitialisationParams@Net@OpenHome@@QBEIXZ 004080f0 f   libohNetCore:OhNet.obj
 0001:00007110       ?DvWebSocketPort@InitialisationParams@Net@OpenHome@@QBEIXZ 00408110 f   libohNetCore:OhNet.obj
 0001:00007130       ?DvIsBonjourEnabled@InitialisationParams@Net@OpenHome@@QBE_NXZ 00408130 f   libohNetCore:OhNet.obj
 0001:00007150       ??0InitialisationParams@Net@OpenHome@@AAE@XZ 00408150 f   libohNetCore:OhNet.obj
 0001:000073c0       ?FatalErrorHandlerDefault@InitialisationParams@Net@OpenHome@@AAEXPBD@Z 004083c0 f   libohNetCore:OhNet.obj
 0001:000073f0       ?Initialise@UpnpLibrary@Net@OpenHome@@SGXPAVInitialisationParams@23@@Z 004083f0 f   libohNetCore:OhNet.obj
 0001:000074f0       ?InitialiseMinimal@UpnpLibrary@Net@OpenHome@@SGXPAVInitialisationParams@23@@Z 004084f0 f   libohNetCore:OhNet.obj
 0001:00007590       ?Close@UpnpLibrary@Net@OpenHome@@SGXXZ 00408590 f   libohNetCore:OhNet.obj
 0001:000075b0       ?CreateSubnetList@UpnpLibrary@Net@OpenHome@@SGPAV?$vector@PAVNetworkAdapter@OpenHome@@V?$allocator@PAVNetworkAdapter@OpenHome@@@std@@@std@@XZ 004085b0 f   libohNetCore:OhNet.obj
 0001:000075d0       ?DestroySubnetList@UpnpLibrary@Net@OpenHome@@SGXPAV?$vector@PAVNetworkAdapter@OpenHome@@V?$allocator@PAVNetworkAdapter@OpenHome@@@std@@@std@@@Z 004085d0 f   libohNetCore:OhNet.obj
 0001:00007660       ?SetCurrentSubnet@UpnpLibrary@Net@OpenHome@@SGXI@Z 00408660 f   libohNetCore:OhNet.obj
 0001:00007680       ?CurrentSubnetAdapter@UpnpLibrary@Net@OpenHome@@SGPAVNetworkAdapter@3@XZ 00408680 f   libohNetCore:OhNet.obj
 0001:000076a0       ??_GNetworkAdapter@OpenHome@@AAEPAXI@Z 004086a0 f i libohNetCore:OhNet.obj
 0001:000076e0       ?Append@Bwx@OpenHome@@QAEXD@Z 004086e0 f i libohNetCore:OhNet.obj
 0001:00007710       ??BFunctorMsg@OpenHome@@QBE_NXZ 00408710 f i libohNetCore:OhNet.obj
 0001:00007750       ??0Functor@OpenHome@@QAE@XZ 00408750 f i libohNetCore:OhNet.obj
 0001:00007780       ??0FunctorAsync@Net@OpenHome@@QAE@XZ 00408780 f i libohNetCore:OhNet.obj
 0001:000077b0       ??0FunctorMsg@OpenHome@@QAE@XZ 004087b0 f i libohNetCore:OhNet.obj
 0001:000077e0       ??0DefaultAsyncHandler@Net@OpenHome@@QAE@XZ 004087e0 f i libohNetCore:OhNet.obj
 0001:00007810       ??0IAsyncOutput@Net@OpenHome@@QAE@XZ 00408810 f i libohNetCore:OhNet.obj
 0001:00007830       ?Quit@Os@OpenHome@@SGXXZ   00408830 f i libohNetCore:OhNet.obj
 0001:00007850       ??0bad_alloc@std@@QAE@XZ   00408850 f i libohNetCore:OhNet.obj
 0001:000078a0       ?Create@Os@OpenHome@@SGHXZ 004088a0 f i libohNetCore:OhNet.obj
 0001:000078c0       ?Destroy@Os@OpenHome@@SGXXZ 004088c0 f i libohNetCore:OhNet.obj
 0001:000078e0       ??$MakeFunctorMsg@VDefaultLogger@Net@OpenHome@@V123@@OpenHome@@YG?AV?$MemberTranslatorMsg@VDefaultLogger@Net@OpenHome@@P8123@AEXPBD@Z@0@AAVDefaultLogger@Net@0@ABQ8230@AEXPBD@Z@Z 004088e0 f i libohNetCore:OhNet.obj
 0001:00007910       ??$MakeFunctorAsync@VDefaultAsyncHandler@Net@OpenHome@@V123@@Net@OpenHome@@YG?AV?$MemberTranslatorAsync@VDefaultAsyncHandler@Net@OpenHome@@P8123@AEXAAVIAsync@23@@Z@01@AAVDefaultAsyncHandler@01@ABQ8301@AEXAAVIAsync@01@@Z@Z 00408910 f i libohNetCore:OhNet.obj
 0001:00007940       ??$MakeFunctorMsg@VInitialisationParams@Net@OpenHome@@V123@@OpenHome@@YG?AV?$MemberTranslatorMsg@VInitialisationParams@Net@OpenHome@@P8123@AEXPBD@Z@0@AAVInitialisationParams@Net@0@ABQ8230@AEXPBD@Z@Z 00408940 f i libohNetCore:OhNet.obj
 0001:00007970       ??0?$MemberTranslatorMsg@VDefaultLogger@Net@OpenHome@@P8123@AEXPBD@Z@OpenHome@@QAE@AAVDefaultLogger@Net@1@ABQ8231@AEXPBD@Z@Z 00408970 f i libohNetCore:OhNet.obj
 0001:000079b0       ??0?$MemberTranslatorAsync@VDefaultAsyncHandler@Net@OpenHome@@P8123@AEXAAVIAsync@23@@Z@Net@OpenHome@@QAE@AAVDefaultAsyncHandler@12@ABQ8312@AEXAAVIAsync@12@@Z@Z 004089b0 f i libohNetCore:OhNet.obj
 0001:000079f0       ??0FunctorAsync@Net@OpenHome@@IAE@P6GXABV012@AAVIAsync@12@@ZPBX3I@Z 004089f0 f i libohNetCore:OhNet.obj
 0001:00007a40       ??0?$MemberTranslatorMsg@VInitialisationParams@Net@OpenHome@@P8123@AEXPBD@Z@OpenHome@@QAE@AAVInitialisationParams@Net@1@ABQ8231@AEXPBD@Z@Z 00408a40 f i libohNetCore:OhNet.obj
 0001:00007a80       ?Thunk@?$MemberTranslatorMsg@VDefaultLogger@Net@OpenHome@@P8123@AEXPBD@Z@OpenHome@@SGXABVFunctorMsg@2@PBD@Z 00408a80 f i libohNetCore:OhNet.obj
 0001:00007ad0       ?Thunk@?$MemberTranslatorAsync@VDefaultAsyncHandler@Net@OpenHome@@P8123@AEXAAVIAsync@23@@Z@Net@OpenHome@@SGXABVFunctorAsync@23@AAVIAsync@23@@Z 00408ad0 f i libohNetCore:OhNet.obj
 0001:00007b20       ?Thunk@?$MemberTranslatorMsg@VInitialisationParams@Net@OpenHome@@P8123@AEXPBD@Z@OpenHome@@SGXABVFunctorMsg@2@PBD@Z 00408b20 f i libohNetCore:OhNet.obj
 0001:00007b70       ??0Endpoint@OpenHome@@QAE@XZ 00408b70 f   libohNetCore:Network.obj
 0001:00007ba0       ??0Endpoint@OpenHome@@QAE@IABVBrx@1@@Z 00408ba0 f   libohNetCore:Network.obj
 0001:00007be0       ??0Endpoint@OpenHome@@QAE@II@Z 00408be0 f   libohNetCore:Network.obj
 0001:00007c10       ?SetPort@Endpoint@OpenHome@@QAEXI@Z 00408c10 f   libohNetCore:Network.obj
 0001:00007c30       ?SetPort@Endpoint@OpenHome@@QAEXABV12@@Z 00408c30 f   libohNetCore:Network.obj
 0001:00007c60       ?SetAddress@Endpoint@OpenHome@@QAEXABVBrx@2@@Z 00408c60 f   libohNetCore:Network.obj
 0001:00007cb0       ?SetAddress@Endpoint@OpenHome@@QAEXI@Z 00408cb0 f   libohNetCore:Network.obj
 0001:00007cd0       ?SetAddress@Endpoint@OpenHome@@QAEXABV12@@Z 00408cd0 f   libohNetCore:Network.obj
 0001:00007cf0       ?Address@Endpoint@OpenHome@@QBEIXZ 00408cf0 f   libohNetCore:Network.obj
 0001:00007d10       ?Port@Endpoint@OpenHome@@QBEGXZ 00408d10 f   libohNetCore:Network.obj
 0001:00007d30       ?AppendAddress@Endpoint@OpenHome@@QBEXAAVBwx@2@@Z 00408d30 f   libohNetCore:Network.obj
 0001:00007e00       ?AppendEndpoint@Endpoint@OpenHome@@QBEXAAVBwx@2@@Z 00408e00 f   libohNetCore:Network.obj
 0001:00007e80       ?GetAddressOctets@Endpoint@OpenHome@@QBEXAAY03E@Z 00408e80 f   libohNetCore:Network.obj
 0001:00007ee0       ?Replace@Endpoint@OpenHome@@QAEXABV12@@Z 00408ee0 f   libohNetCore:Network.obj
 0001:00007f20       ?Equals@Endpoint@OpenHome@@QBE_NABV12@@Z 00408f20 f   libohNetCore:Network.obj
 0001:00007f70       ??0Socket@OpenHome@@IAE@XZ 00408f70 f   libohNetCore:Network.obj
 0001:00007fb0       ?Interrupt@Socket@OpenHome@@QAEX_N@Z 00408fb0 f   libohNetCore:Network.obj
 0001:00008080       ?Close@Socket@OpenHome@@QAEXXZ 00409080 f   libohNetCore:Network.obj
 0001:00008140       ?SetSendBufBytes@Socket@OpenHome@@QAEXI@Z 00409140 f   libohNetCore:Network.obj
 0001:00008170       ?SetRecvBufBytes@Socket@OpenHome@@QAEXI@Z 00409170 f   libohNetCore:Network.obj
 0001:000081a0       ?SetRecvTimeout@Socket@OpenHome@@QAEXI@Z 004091a0 f   libohNetCore:Network.obj
 0001:000081d0       ?LogVerbose@Socket@OpenHome@@QAEX_N0@Z 004091d0 f   libohNetCore:Network.obj
 0001:00008240       ?Send@Socket@OpenHome@@IAEXABVBrx@2@@Z 00409240 f   libohNetCore:Network.obj
 0001:00008440       ?SendTo@Socket@OpenHome@@IAEXABVBrx@2@ABVEndpoint@2@@Z 00409440 f   libohNetCore:Network.obj
 0001:00008650       ?Receive@Socket@OpenHome@@IAEXAAVBwx@2@@Z 00409650 f   libohNetCore:Network.obj
 0001:00008800       ?Receive@Socket@OpenHome@@IAEXAAVBwx@2@I@Z 00409800 f   libohNetCore:Network.obj
 0001:00008aa0       ?ReceiveFrom@Socket@OpenHome@@IAEXAAVBwx@2@AAVEndpoint@2@@Z 00409aa0 f   libohNetCore:Network.obj
 0001:00008c40       ?Bind@Socket@OpenHome@@IAEXABVEndpoint@2@@Z 00409c40 f   libohNetCore:Network.obj
 0001:00008d80       ?GetPort@Socket@OpenHome@@IAEXAAI@Z 00409d80 f   libohNetCore:Network.obj
 0001:00008ec0       ?Listen@Socket@OpenHome@@IAEXI@Z 00409ec0 f   libohNetCore:Network.obj
 0001:00009000       ?Accept@Socket@OpenHome@@IAEPAXXZ 0040a000 f   libohNetCore:Network.obj
 0001:00009170       ?Log@Socket@OpenHome@@AAEXPBDABVBrx@2@@Z 0040a170 f   libohNetCore:Network.obj
 0001:00009410       ??0AutoSocket@OpenHome@@QAE@AAVSocket@1@@Z 0040a410 f   libohNetCore:Network.obj
 0001:00009450       ??1AutoSocket@OpenHome@@QAE@XZ 0040a450 f   libohNetCore:Network.obj
 0001:00009480       ??0SocketTcp@OpenHome@@IAE@XZ 0040a480 f   libohNetCore:Network.obj
 0001:00009550       ?Receive@SocketTcp@OpenHome@@QAEXAAVBwx@2@I@Z 0040a550 f   libohNetCore:Network.obj
 0001:000095c0       ?Write@SocketTcp@OpenHome@@UAEXE@Z 0040a5c0 f   libohNetCore:Network.obj
 0001:00009690       ?Write@SocketTcp@OpenHome@@UAEXABVBrx@2@@Z 0040a690 f   libohNetCore:Network.obj
 0001:000097b0       ?WriteFlush@SocketTcp@OpenHome@@UAEXXZ 0040a7b0 f   libohNetCore:Network.obj
 0001:000097d0       ?Read@SocketTcp@OpenHome@@UAEXAAVBwx@2@@Z 0040a7d0 f   libohNetCore:Network.obj
 0001:00009970       ?ReadFlush@SocketTcp@OpenHome@@UAEXXZ 0040a970 f   libohNetCore:Network.obj
 0001:00009990       ?ReadInterrupt@SocketTcp@OpenHome@@UAEXXZ 0040a990 f   libohNetCore:Network.obj
 0001:000099c0       ?Open@SocketTcpClient@OpenHome@@QAEXXZ 0040a9c0 f   libohNetCore:Network.obj
 0001:00009ac0       ?Connect@SocketTcpClient@OpenHome@@QAEXABVEndpoint@2@I@Z 0040aac0 f   libohNetCore:Network.obj
 0001:00009b30       ??0SocketTcpServer@OpenHome@@QAE@PBDIIIII@Z 0040ab30 f   libohNetCore:Network.obj
 0001:00009c80       ?Add@SocketTcpServer@OpenHome@@QAEXPBDPAVSocketTcpSession@2@H@Z 0040ac80 f   libohNetCore:Network.obj
 0001:00009db0       ?Accept@SocketTcpServer@OpenHome@@AAEPAXXZ 0040adb0 f   libohNetCore:Network.obj
 0001:00009f50       ?Terminating@SocketTcpServer@OpenHome@@AAE_NXZ 0040af50 f   libohNetCore:Network.obj
 0001:00009fb0       ??1SocketTcpServer@OpenHome@@UAE@XZ 0040afb0 f   libohNetCore:Network.obj
 0001:0000a140       ??0SocketTcpSession@OpenHome@@IAE@XZ 0040b140 f   libohNetCore:Network.obj
 0001:0000a1e0       ?Add@SocketTcpSession@OpenHome@@AAEXAAVSocketTcpServer@2@PBDII@Z 0040b1e0 f   libohNetCore:Network.obj
 0001:0000a2f0       ?Start@SocketTcpSession@OpenHome@@AAEXXZ 0040b2f0 f   libohNetCore:Network.obj
 0001:0000a530       ?Open@SocketTcpSession@OpenHome@@AAEXPAX@Z 0040b530 f   libohNetCore:Network.obj
 0001:0000a680       ?Close@SocketTcpSession@OpenHome@@AAEXXZ 0040b680 f   libohNetCore:Network.obj
 0001:0000a790       ??1SocketTcpSession@OpenHome@@MAE@XZ 0040b790 f   libohNetCore:Network.obj
 0001:0000a8f0       ??0SocketUdp@OpenHome@@QAE@XZ 0040b8f0 f   libohNetCore:Network.obj
 0001:0000aa20       ??0SocketUdp@OpenHome@@QAE@I@Z 0040ba20 f   libohNetCore:Network.obj
 0001:0000ab50       ??0SocketUdp@OpenHome@@QAE@II@Z 0040bb50 f   libohNetCore:Network.obj
 0001:0000ac90       ?SetTtl@SocketUdp@OpenHome@@QAEXI@Z 0040bc90 f   libohNetCore:Network.obj
 0001:0000ad30       ??1SocketUdp@OpenHome@@UAE@XZ 0040bd30 f   libohNetCore:Network.obj
 0001:0000ada0       ?Port@SocketUdp@OpenHome@@QBEIXZ 0040bda0 f   libohNetCore:Network.obj
 0001:0000adc0       ?Send@SocketUdp@OpenHome@@QAEXABVBrx@2@ABVEndpoint@2@@Z 0040bdc0 f   libohNetCore:Network.obj
 0001:0000ae20       ?Receive@SocketUdp@OpenHome@@QAE?AVEndpoint@2@AAVBwx@2@@Z 0040be20 f   libohNetCore:Network.obj
 0001:0000af10       ??0SocketUdpMulticast@OpenHome@@QAE@IABVEndpoint@1@@Z 0040bf10 f   libohNetCore:Network.obj
 0001:0000b050       ??1SocketUdpMulticast@OpenHome@@UAE@XZ 0040c050 f   libohNetCore:Network.obj
 0001:0000b140       ??0UdpReader@OpenHome@@QAE@AAVSocketUdp@1@@Z 0040c140 f   libohNetCore:Network.obj
 0001:0000b1d0       ?Sender@UdpReader@OpenHome@@QBE?AVEndpoint@2@XZ 0040c1d0 f   libohNetCore:Network.obj
 0001:0000b200       ?Read@UdpReader@OpenHome@@UAEXAAVBwx@2@@Z 0040c200 f   libohNetCore:Network.obj
 0001:0000b360       ?ReadFlush@UdpReader@OpenHome@@UAEXXZ 0040c360 f   libohNetCore:Network.obj
 0001:0000b380       ?ReadInterrupt@UdpReader@OpenHome@@UAEXXZ 0040c380 f   libohNetCore:Network.obj
 0001:0000b3b0       ??0UdpWriter@OpenHome@@QAE@AAVSocketUdp@1@ABVEndpoint@1@@Z 0040c3b0 f   libohNetCore:Network.obj
 0001:0000b450       ?Write@UdpWriter@OpenHome@@UAEXE@Z 0040c450 f   libohNetCore:Network.obj
 0001:0000b480       ?Write@UdpWriter@OpenHome@@UAEXABVBrx@2@@Z 0040c480 f   libohNetCore:Network.obj
 0001:0000b5d0       ?WriteFlush@UdpWriter@OpenHome@@UAEXXZ 0040c5d0 f   libohNetCore:Network.obj
 0001:0000b5f0       ?MaxBytes@Bwx@OpenHome@@QBEIXZ 0040c5f0 f i libohNetCore:Network.obj
 0001:0000b610       ??_GSocket@OpenHome@@MAEPAXI@Z 0040c610 f i libohNetCore:Network.obj
 0001:0000b610       ??_ESocket@OpenHome@@MAEPAXI@Z 0040c610 f i libohNetCore:Network.obj
 0001:0000b650       ??1Socket@OpenHome@@MAE@XZ 0040c650 f i libohNetCore:Network.obj
 0001:0000b670       ?NetworkInterrupt@Os@OpenHome@@SGHPAX_N@Z 0040c670 f i libohNetCore:Network.obj
 0001:0000b6a0       ?NetworkClose@Os@OpenHome@@SGHPAX@Z 0040c6a0 f i libohNetCore:Network.obj
 0001:0000b6c0       ??0NetworkError@OpenHome@@QAE@PBDI@Z 0040c6c0 f i libohNetCore:Network.obj
 0001:0000b700       ?NetworkSend@Os@OpenHome@@SGHPAXABVBrx@2@@Z 0040c700 f i libohNetCore:Network.obj
 0001:0000b740       ??1NetworkError@OpenHome@@QAE@XZ 0040c740 f i libohNetCore:Network.obj
 0001:0000b770       ?NetworkSendTo@Os@OpenHome@@SGHPAXABVBrx@2@ABVEndpoint@2@@Z 0040c770 f i libohNetCore:Network.obj
 0001:0000b7c0       ?NetworkReceive@Os@OpenHome@@SGHPAXAAVBwx@2@@Z 0040c7c0 f i libohNetCore:Network.obj
 0001:0000b800       ??1Bwn@OpenHome@@UAE@XZ    0040c800 f i libohNetCore:Network.obj
 0001:0000b830       ?NetworkListen@Os@OpenHome@@SGHPAXI@Z 0040c830 f i libohNetCore:Network.obj
 0001:0000b850       ?NetworkAccept@Os@OpenHome@@SGPAXPAX@Z 0040c850 f i libohNetCore:Network.obj
 0001:0000b870       ??ABrx@OpenHome@@QBEABEI@Z 0040c870 f i libohNetCore:Network.obj
 0001:0000b8a0       ??1IReaderSource@OpenHome@@UAE@XZ 0040c8a0 f i libohNetCore:Network.obj
 0001:0000b8c0       ??_EIReaderSource@OpenHome@@UAEPAXI@Z 0040c8c0 f i libohNetCore:Network.obj
 0001:0000b8c0       ??_GIReaderSource@OpenHome@@UAEPAXI@Z 0040c8c0 f i libohNetCore:Network.obj
 0001:0000b900       ??1IWriter@OpenHome@@UAE@XZ 0040c900 f i libohNetCore:Network.obj
 0001:0000b920       ??_EIWriter@OpenHome@@UAEPAXI@Z 0040c920 f i libohNetCore:Network.obj
 0001:0000b920       ??_GIWriter@OpenHome@@UAEPAXI@Z 0040c920 f i libohNetCore:Network.obj
 0001:0000b960       ??_GSocketTcp@OpenHome@@UAEPAXI@Z 0040c960 f i libohNetCore:Network.obj
 0001:0000b960       ??_ESocketTcp@OpenHome@@UAEPAXI@Z 0040c960 f i libohNetCore:Network.obj
 0001:0000b9a0       ??0IWriter@OpenHome@@QAE@XZ 0040c9a0 f i libohNetCore:Network.obj
 0001:0000b9c0       ??0IReaderSource@OpenHome@@QAE@XZ 0040c9c0 f i libohNetCore:Network.obj
 0001:0000b9e0       ??1SocketTcp@OpenHome@@UAE@XZ 0040c9e0 f i libohNetCore:Network.obj
 0001:0000ba60       ??0Brn@OpenHome@@QAE@PBEI@Z 0040ca60 f i libohNetCore:Network.obj
 0001:0000baa0       ??_GBrn@OpenHome@@UAEPAXI@Z 0040caa0 f i libohNetCore:Network.obj
 0001:0000baa0       ??_EBrn@OpenHome@@UAEPAXI@Z 0040caa0 f i libohNetCore:Network.obj
 0001:0000bae0       ??0WriterError@OpenHome@@QAE@PBDI@Z 0040cae0 f i libohNetCore:Network.obj
 0001:0000bb20       ??1WriterError@OpenHome@@QAE@XZ 0040cb20 f i libohNetCore:Network.obj
 0001:0000bb50       ??0ReaderError@OpenHome@@QAE@PBDI@Z 0040cb50 f i libohNetCore:Network.obj
 0001:0000bb90       ??1ReaderError@OpenHome@@QAE@XZ 0040cb90 f i libohNetCore:Network.obj
 0001:0000bbc0       ??_ESocketTcpServer@OpenHome@@UAEPAXI@Z 0040cbc0 f i libohNetCore:Network.obj
 0001:0000bbc0       ??_GSocketTcpServer@OpenHome@@UAEPAXI@Z 0040cbc0 f i libohNetCore:Network.obj
 0001:0000bc00       ??_GSocketTcpSession@OpenHome@@MAEPAXI@Z 0040cc00 f i libohNetCore:Network.obj
 0001:0000bc00       ??_ESocketTcpSession@OpenHome@@MAEPAXI@Z 0040cc00 f i libohNetCore:Network.obj
 0001:0000bc40       ??_ESocketUdp@OpenHome@@UAEPAXI@Z 0040cc40 f i libohNetCore:Network.obj
 0001:0000bc40       ??_GSocketUdp@OpenHome@@UAEPAXI@Z 0040cc40 f i libohNetCore:Network.obj
 0001:0000bc80       ??_GSocketUdpMulticast@OpenHome@@UAEPAXI@Z 0040cc80 f i libohNetCore:Network.obj
 0001:0000bc80       ??_ESocketUdpMulticast@OpenHome@@UAEPAXI@Z 0040cc80 f i libohNetCore:Network.obj
 0001:0000bcc0       ??_GUdpReader@OpenHome@@UAEPAXI@Z 0040ccc0 f i libohNetCore:Network.obj
 0001:0000bcc0       ??_EUdpReader@OpenHome@@UAEPAXI@Z 0040ccc0 f i libohNetCore:Network.obj
 0001:0000bd00       ??1UdpReader@OpenHome@@UAE@XZ 0040cd00 f i libohNetCore:Network.obj
 0001:0000bd30       ??_GUdpWriter@OpenHome@@UAEPAXI@Z 0040cd30 f i libohNetCore:Network.obj
 0001:0000bd30       ??_EUdpWriter@OpenHome@@UAEPAXI@Z 0040cd30 f i libohNetCore:Network.obj
 0001:0000bd70       ??1UdpWriter@OpenHome@@UAE@XZ 0040cd70 f i libohNetCore:Network.obj
 0001:0000bda0       ??0?$vector@PAVSocketTcpSession@OpenHome@@V?$allocator@PAVSocketTcpSession@OpenHome@@@std@@@std@@QAE@XZ 0040cda0 f i libohNetCore:Network.obj
 0001:0000bde0       ??1?$vector@PAVSocketTcpSession@OpenHome@@V?$allocator@PAVSocketTcpSession@OpenHome@@@std@@@std@@QAE@XZ 0040cde0 f i libohNetCore:Network.obj
 0001:0000be50       ?size@?$vector@PAVSocketTcpSession@OpenHome@@V?$allocator@PAVSocketTcpSession@OpenHome@@@std@@@std@@QBEIXZ 0040ce50 f i libohNetCore:Network.obj
 0001:0000be80       ??A?$vector@PAVSocketTcpSession@OpenHome@@V?$allocator@PAVSocketTcpSession@OpenHome@@@std@@@std@@QAEAAPAVSocketTcpSession@OpenHome@@I@Z 0040ce80 f i libohNetCore:Network.obj
 0001:0000bf20       ?push_back@?$vector@PAVSocketTcpSession@OpenHome@@V?$allocator@PAVSocketTcpSession@OpenHome@@@std@@@std@@QAEXABQAVSocketTcpSession@OpenHome@@@Z 0040cf20 f i libohNetCore:Network.obj
 0001:0000c030       ?pop_back@?$vector@PAVSocketTcpSession@OpenHome@@V?$allocator@PAVSocketTcpSession@OpenHome@@@std@@@std@@QAEXXZ 0040d030 f i libohNetCore:Network.obj
 0001:0000c0c0       ?empty@?$vector@PAVSocketTcpSession@OpenHome@@V?$allocator@PAVSocketTcpSession@OpenHome@@@std@@@std@@QBE_NXZ 0040d0c0 f i libohNetCore:Network.obj
 0001:0000c0f0       ?_Inside@?$vector@PAVSocketTcpSession@OpenHome@@V?$allocator@PAVSocketTcpSession@OpenHome@@@std@@@std@@IBE_NPBQAVSocketTcpSession@OpenHome@@@Z 0040d0f0 f i libohNetCore:Network.obj
 0001:0000c140       ?_Reserve@?$vector@PAVSocketTcpSession@OpenHome@@V?$allocator@PAVSocketTcpSession@OpenHome@@@std@@@std@@IAEXI@Z 0040d140 f i libohNetCore:Network.obj
 0001:0000c1c0       ?_Tidy@?$vector@PAVSocketTcpSession@OpenHome@@V?$allocator@PAVSocketTcpSession@OpenHome@@@std@@@std@@IAEXXZ 0040d1c0 f i libohNetCore:Network.obj
 0001:0000c250       ?_Orphan_range@?$vector@PAVSocketTcpSession@OpenHome@@V?$allocator@PAVSocketTcpSession@OpenHome@@@std@@@std@@IBEXPAPAVSocketTcpSession@OpenHome@@0@Z 0040d250 f i libohNetCore:Network.obj
 0001:0000c360       ??0?$_Vector_val@PAVSocketTcpSession@OpenHome@@V?$allocator@PAVSocketTcpSession@OpenHome@@@std@@@std@@QAE@V?$allocator@PAVSocketTcpSession@OpenHome@@@1@@Z 0040d360 f i libohNetCore:Network.obj
 0001:0000c480       ??1?$_Vector_val@PAVSocketTcpSession@OpenHome@@V?$allocator@PAVSocketTcpSession@OpenHome@@@std@@@std@@QAE@XZ 0040d480 f i libohNetCore:Network.obj
 0001:0000c560       ??0?$allocator@PAVSocketTcpSession@OpenHome@@@std@@QAE@XZ 0040d560 f i libohNetCore:Network.obj
 0001:0000c580       ?reserve@?$vector@PAVSocketTcpSession@OpenHome@@V?$allocator@PAVSocketTcpSession@OpenHome@@@std@@@std@@QAEXI@Z 0040d580 f i libohNetCore:Network.obj
 0001:0000c6f0       ?capacity@?$vector@PAVSocketTcpSession@OpenHome@@V?$allocator@PAVSocketTcpSession@OpenHome@@@std@@@std@@QBEIXZ 0040d6f0 f i libohNetCore:Network.obj
 0001:0000c720       ?max_size@?$vector@PAVSocketTcpSession@OpenHome@@V?$allocator@PAVSocketTcpSession@OpenHome@@@std@@@std@@QBEIXZ 0040d720 f i libohNetCore:Network.obj
 0001:0000c750       ?_Destroy@?$vector@PAVSocketTcpSession@OpenHome@@V?$allocator@PAVSocketTcpSession@OpenHome@@@std@@@std@@IAEXPAPAVSocketTcpSession@OpenHome@@0@Z 0040d750 f i libohNetCore:Network.obj
 0001:0000c790       ?_Grow_to@?$vector@PAVSocketTcpSession@OpenHome@@V?$allocator@PAVSocketTcpSession@OpenHome@@@std@@@std@@IBEII@Z 0040d790 f i libohNetCore:Network.obj
 0001:0000c810       ?_Xlen@?$vector@PAVSocketTcpSession@OpenHome@@V?$allocator@PAVSocketTcpSession@OpenHome@@@std@@@std@@IBEXXZ 0040d810 f i libohNetCore:Network.obj
 0001:0000c840       ??0?$allocator@PAVSocketTcpSession@OpenHome@@@std@@QAE@ABV01@@Z 0040d840 f i libohNetCore:Network.obj
 0001:0000c860       ?deallocate@?$allocator@PAVSocketTcpSession@OpenHome@@@std@@QAEXPAPAVSocketTcpSession@OpenHome@@I@Z 0040d860 f i libohNetCore:Network.obj
 0001:0000c890       ?allocate@?$allocator@PAVSocketTcpSession@OpenHome@@@std@@QAEPAPAVSocketTcpSession@OpenHome@@I@Z 0040d890 f i libohNetCore:Network.obj
 0001:0000c8c0       ?max_size@?$allocator@PAVSocketTcpSession@OpenHome@@@std@@QBEIXZ 0040d8c0 f i libohNetCore:Network.obj
 0001:0000c910       ??$MakeFunctor@VSocketTcpSession@OpenHome@@XV12@@OpenHome@@YG?AV?$MemberTranslator@VSocketTcpSession@OpenHome@@P812@AEXXZ@0@AAVSocketTcpSession@0@ABQ820@AEXXZ@Z 0040d910 f i libohNetCore:Network.obj
 0001:0000c940       ??$addressof@QAVSocketTcpSession@OpenHome@@@std@@YGPBQAVSocketTcpSession@OpenHome@@ABQAV12@@Z 0040d940 f i libohNetCore:Network.obj
 0001:0000c950       ??$_Cons_val@V?$allocator@PAVSocketTcpSession@OpenHome@@@std@@PAVSocketTcpSession@OpenHome@@AAPAV34@@std@@YGXAAV?$allocator@PAVSocketTcpSession@OpenHome@@@0@PAPAVSocketTcpSession@OpenHome@@AAPAV23@@Z 0040d950 f i libohNetCore:Network.obj
 0001:0000c980       ??$_Cons_val@V?$allocator@PAVSocketTcpSession@OpenHome@@@std@@PAVSocketTcpSession@OpenHome@@ABQAV34@@std@@YGXAAV?$allocator@PAVSocketTcpSession@OpenHome@@@0@PAPAVSocketTcpSession@OpenHome@@ABQAV23@@Z 0040d980 f i libohNetCore:Network.obj
 0001:0000c9b0       ??$_Dest_val@V?$allocator@PAVSocketTcpSession@OpenHome@@@std@@PAVSocketTcpSession@OpenHome@@@std@@YGXAAV?$allocator@PAVSocketTcpSession@OpenHome@@@0@PAPAVSocketTcpSession@OpenHome@@@Z 0040d9b0 f i libohNetCore:Network.obj
 0001:0000c9d0       ??$?0PAVSocketTcpSession@OpenHome@@@?$allocator@U_Container_proxy@std@@@std@@QAE@ABV?$allocator@PAVSocketTcpSession@OpenHome@@@1@@Z 0040d9d0 f i libohNetCore:Network.obj
 0001:0000c9f0       ??$_Umove@PAPAVSocketTcpSession@OpenHome@@@?$vector@PAVSocketTcpSession@OpenHome@@V?$allocator@PAVSocketTcpSession@OpenHome@@@std@@@std@@IAEPAPAVSocketTcpSession@OpenHome@@PAPAV23@00@Z 0040d9f0 f i libohNetCore:Network.obj
 0001:0000ca30       ??$_Destroy_range@V?$allocator@PAVSocketTcpSession@OpenHome@@@std@@@std@@YGXPAPAVSocketTcpSession@OpenHome@@0AAV?$allocator@PAVSocketTcpSession@OpenHome@@@0@@Z 0040da30 f i libohNetCore:Network.obj
 0001:0000ca80       ??$_Allocate@PAVSocketTcpSession@OpenHome@@@std@@YGPAPAVSocketTcpSession@OpenHome@@IPAPAV12@@Z 0040da80 f i libohNetCore:Network.obj
 0001:0000cb00       ?construct@?$allocator@PAVSocketTcpSession@OpenHome@@@std@@QAEXPAPAVSocketTcpSession@OpenHome@@ABQAV34@@Z 0040db00 f i libohNetCore:Network.obj
 0001:0000cb30       ?destroy@?$allocator@PAVSocketTcpSession@OpenHome@@@std@@QAEXPAPAVSocketTcpSession@OpenHome@@@Z 0040db30 f i libohNetCore:Network.obj
 0001:0000cb60       ??0?$MemberTranslator@VSocketTcpSession@OpenHome@@P812@AEXXZ@OpenHome@@QAE@AAVSocketTcpSession@1@ABQ821@AEXXZ@Z 0040db60 f i libohNetCore:Network.obj
 0001:0000cba0       ?Thunk@?$MemberTranslator@VSocketTcpSession@OpenHome@@P812@AEXXZ@OpenHome@@SGXABVFunctor@2@@Z 0040dba0 f i libohNetCore:Network.obj
 0001:0000cbf0       ??$forward@AAPAVSocketTcpSession@OpenHome@@@std@@YGAAPAVSocketTcpSession@OpenHome@@AAPAV12@@Z 0040dbf0 f i libohNetCore:Network.obj
 0001:0000cc00       ??$construct@AAPAVSocketTcpSession@OpenHome@@@?$allocator@PAVSocketTcpSession@OpenHome@@@std@@QAEXPAPAVSocketTcpSession@OpenHome@@AAPAV23@@Z 0040dc00 f i libohNetCore:Network.obj
 0001:0000cca0       ??$forward@ABQAVSocketTcpSession@OpenHome@@@std@@YGABQAVSocketTcpSession@OpenHome@@ABQAV12@@Z 0040dca0 f i libohNetCore:Network.obj
 0001:0000ccb0       ??$_Uninitialized_move@PAPAVSocketTcpSession@OpenHome@@PAPAV12@V?$allocator@PAVSocketTcpSession@OpenHome@@@std@@@std@@YGPAPAVSocketTcpSession@OpenHome@@PAPAV12@00AAV?$allocator@PAVSocketTcpSession@OpenHome@@@0@@Z 0040dcb0 f i libohNetCore:Network.obj
 0001:0000cd00       ??$_Ptr_cat@PAVSocketTcpSession@OpenHome@@PAV12@@std@@YG?AU_Scalar_ptr_iterator_tag@0@PAPAVSocketTcpSession@OpenHome@@0@Z 0040dd00 f i libohNetCore:Network.obj
 0001:0000cd60       ??$_Destroy_range@V?$allocator@PAVSocketTcpSession@OpenHome@@@std@@@std@@YGXPAPAVSocketTcpSession@OpenHome@@0AAV?$allocator@PAVSocketTcpSession@OpenHome@@@0@U_Scalar_ptr_iterator_tag@0@@Z 0040dd60 f i libohNetCore:Network.obj
 0001:0000cd70       ??$_Construct@PAVSocketTcpSession@OpenHome@@ABQAV12@@std@@YGXPAPAVSocketTcpSession@OpenHome@@ABQAV12@@Z 0040dd70 f i libohNetCore:Network.obj
 0001:0000ce20       ??$_Destroy@PAVSocketTcpSession@OpenHome@@@std@@YGXPAPAVSocketTcpSession@OpenHome@@@Z 0040de20 f i libohNetCore:Network.obj
 0001:0000ce30       ??$_Val_type@PAPAVSocketTcpSession@OpenHome@@@std@@YGPAPAVSocketTcpSession@OpenHome@@PAPAV12@@Z 0040de30 f i libohNetCore:Network.obj
 0001:0000ce40       ??$_Uninit_move@PAVSocketTcpSession@OpenHome@@PAV12@PAV12@@std@@YGPAPAVSocketTcpSession@OpenHome@@PAPAV12@00AAV?$allocator@PAVSocketTcpSession@OpenHome@@@0@0U_Scalar_ptr_iterator_tag@0@@Z 0040de40 f i libohNetCore:Network.obj
 0001:0000ceb0       ??$_Debug_range@PAPAVSocketTcpSession@OpenHome@@@std@@YGXPAPAVSocketTcpSession@OpenHome@@0PB_WI@Z 0040deb0 f i libohNetCore:Network.obj
 0001:0000cf00       ??$_Debug_pointer@PAVSocketTcpSession@OpenHome@@@std@@YGXPAPAVSocketTcpSession@OpenHome@@PB_WI@Z 0040df00 f i libohNetCore:Network.obj
 0001:0000cf30       ??$_Iter_cat@PAPAVSocketTcpSession@OpenHome@@@std@@YG?AUrandom_access_iterator_tag@0@ABQAPAVSocketTcpSession@OpenHome@@@Z 0040df30 f i libohNetCore:Network.obj
 0001:0000cf90       ??$_Debug_range2@PAPAVSocketTcpSession@OpenHome@@@std@@YGXPAPAVSocketTcpSession@OpenHome@@0PB_WIUrandom_access_iterator_tag@0@@Z 0040df90 f i libohNetCore:Network.obj
 0001:0000cff0       ??_ESocketTcpSession@OpenHome@@OBA@AEPAXI@Z 0040dff0 f i libohNetCore:Network.obj
 0001:0000d000       ??_ESocketTcp@OpenHome@@WM@AEPAXI@Z 0040e000 f i libohNetCore:Network.obj
 0001:0000d010       ??_ESocketTcp@OpenHome@@WBA@AEPAXI@Z 0040e010 f i libohNetCore:Network.obj
 0001:0000d020       ??_ESocketTcpSession@OpenHome@@OM@AEPAXI@Z 0040e020 f i libohNetCore:Network.obj
 0001:0000d030       ?SetAssertHandler@OpenHome@@YGP6GXPBDI@ZP6GX0I@Z@Z 0040e030 f   libohNetCore:Exception.obj
 0001:0000d060       ?CallAssertHandler@OpenHome@@YGXPBDI@Z 0040e060 f   libohNetCore:Exception.obj
 0001:0000d090       ?AssertHandlerDefault@OpenHome@@YGXPBDI@Z 0040e090 f   libohNetCore:Exception.obj
 0001:0000d180       ?UnhandledExceptionHandler@OpenHome@@YGXPBD0I@Z 0040e180 f   libohNetCore:Exception.obj
 0001:0000d220       ?UnhandledExceptionHandler@OpenHome@@YGXAAVException@1@@Z 0040e220 f   libohNetCore:Exception.obj
 0001:0000d2d0       ?UnhandledExceptionHandler@OpenHome@@YGXAAVexception@std@@@Z 0040e2d0 f   libohNetCore:Exception.obj
 0001:0000d380       ??0Exception@OpenHome@@QAE@PBD0I@Z 0040e380 f   libohNetCore:Exception.obj
 0001:0000d3c0       ??0Exception@OpenHome@@QAE@PBD@Z 0040e3c0 f   libohNetCore:Exception.obj
 0001:0000d400       ??1Exception@OpenHome@@QAE@XZ 0040e400 f   libohNetCore:Exception.obj
 0001:0000d420       ?Message@Exception@OpenHome@@QAEPBDXZ 0040e420 f   libohNetCore:Exception.obj
 0001:0000d440       ?File@Exception@OpenHome@@QAEPBDXZ 0040e440 f   libohNetCore:Exception.obj
 0001:0000d460       ?Line@Exception@OpenHome@@QAEIXZ 0040e460 f   libohNetCore:Exception.obj
 0001:0000d480       ??RFunctorMsg@OpenHome@@QBEXPBD@Z 0040e480 f i libohNetCore:Exception.obj
 0001:0000d4c0       ?GetPlatformNameAndVersion@Os@OpenHome@@SG?AVBrn@2@AAI0@Z 0040e4c0 f   libohNetCore:OsWrapper.obj
 0001:0000d5b0       ?NetworkCreate@Os@OpenHome@@SGPAXW4ESocketType@2@@Z 0040e5b0 f   libohNetCore:OsWrapper.obj
 0001:0000d680       ?NetworkBind@Os@OpenHome@@SGHPAXABVEndpoint@2@@Z 0040e680 f   libohNetCore:OsWrapper.obj
 0001:0000d6c0       ?NetworkPort@Os@OpenHome@@SGHPAXAAI@Z 0040e6c0 f   libohNetCore:OsWrapper.obj
 0001:0000d740       ?NetworkGetHostByName@Os@OpenHome@@SGIABVBrx@2@@Z 0040e740 f   libohNetCore:OsWrapper.obj
 0001:0000d890       ?NetworkConnect@Os@OpenHome@@SGXPAXABVEndpoint@2@I@Z 0040e890 f   libohNetCore:OsWrapper.obj
 0001:0000d9b0       ?NetworkReceiveFrom@Os@OpenHome@@SGHPAXAAVBwx@2@AAVEndpoint@2@@Z 0040e9b0 f   libohNetCore:OsWrapper.obj
 0001:0000da80       ?NetworkSocketSetSendBufBytes@Os@OpenHome@@SGXPAXI@Z 0040ea80 f   libohNetCore:OsWrapper.obj
 0001:0000db90       ?NetworkSocketSetRecvBufBytes@Os@OpenHome@@SGXPAXI@Z 0040eb90 f   libohNetCore:OsWrapper.obj
 0001:0000dca0       ?NetworkSocketSetReceiveTimeout@Os@OpenHome@@SGXPAXI@Z 0040eca0 f   libohNetCore:OsWrapper.obj
 0001:0000ddb0       ?NetworkTcpSetNoDelay@Os@OpenHome@@SGXPAX@Z 0040edb0 f   libohNetCore:OsWrapper.obj
 0001:0000deb0       ?NetworkSocketSetReuseAddress@Os@OpenHome@@SGXPAX@Z 0040eeb0 f   libohNetCore:OsWrapper.obj
 0001:0000dfb0       ?NetworkSocketSetMulticastTtl@Os@OpenHome@@SGXPAXE@Z 0040efb0 f   libohNetCore:OsWrapper.obj
 0001:0000e0c0       ?NetworkSocketMulticastAddMembership@Os@OpenHome@@SGXPAXII@Z 0040f0c0 f   libohNetCore:OsWrapper.obj
 0001:0000e1d0       ?NetworkSocketMulticastDropMembership@Os@OpenHome@@SGXPAXII@Z 0040f1d0 f   libohNetCore:OsWrapper.obj
 0001:0000e2e0       ?NetworkListAdapters@Os@OpenHome@@SGPAV?$vector@PAVNetworkAdapter@OpenHome@@V?$allocator@PAVNetworkAdapter@OpenHome@@@std@@@std@@_N@Z 0040f2e0 f   libohNetCore:OsWrapper.obj
 0001:0000e4f0       ??0Brn@OpenHome@@QAE@ABV01@@Z 0040f4f0 f i libohNetCore:OsWrapper.obj
 0001:0000e580       ??0Brx@OpenHome@@IAE@ABV01@@Z 0040f580 f i libohNetCore:OsWrapper.obj
 0001:0000e5c0       ??0?$vector@PAVNetworkAdapter@OpenHome@@V?$allocator@PAVNetworkAdapter@OpenHome@@@std@@@std@@QAE@XZ 0040f5c0 f i libohNetCore:OsWrapper.obj
 0001:0000e600       ?push_back@?$vector@PAVNetworkAdapter@OpenHome@@V?$allocator@PAVNetworkAdapter@OpenHome@@@std@@@std@@QAEXABQAVNetworkAdapter@OpenHome@@@Z 0040f600 f i libohNetCore:OsWrapper.obj
 0001:0000e710       ?_Inside@?$vector@PAVNetworkAdapter@OpenHome@@V?$allocator@PAVNetworkAdapter@OpenHome@@@std@@@std@@IBE_NPBQAVNetworkAdapter@OpenHome@@@Z 0040f710 f i libohNetCore:OsWrapper.obj
 0001:0000e760       ?_Reserve@?$vector@PAVNetworkAdapter@OpenHome@@V?$allocator@PAVNetworkAdapter@OpenHome@@@std@@@std@@IAEXI@Z 0040f760 f i libohNetCore:OsWrapper.obj
 0001:0000e7e0       ?_Orphan_range@?$vector@PAVNetworkAdapter@OpenHome@@V?$allocator@PAVNetworkAdapter@OpenHome@@@std@@@std@@IBEXPAPAVNetworkAdapter@OpenHome@@0@Z 0040f7e0 f i libohNetCore:OsWrapper.obj
 0001:0000e8f0       ??0?$_Vector_val@PAVNetworkAdapter@OpenHome@@V?$allocator@PAVNetworkAdapter@OpenHome@@@std@@@std@@QAE@V?$allocator@PAVNetworkAdapter@OpenHome@@@1@@Z 0040f8f0 f i libohNetCore:OsWrapper.obj
 0001:0000ea10       ??0?$allocator@PAVNetworkAdapter@OpenHome@@@std@@QAE@XZ 0040fa10 f i libohNetCore:OsWrapper.obj
 0001:0000ea30       ?reserve@?$vector@PAVNetworkAdapter@OpenHome@@V?$allocator@PAVNetworkAdapter@OpenHome@@@std@@@std@@QAEXI@Z 0040fa30 f i libohNetCore:OsWrapper.obj
 0001:0000eba0       ?capacity@?$vector@PAVNetworkAdapter@OpenHome@@V?$allocator@PAVNetworkAdapter@OpenHome@@@std@@@std@@QBEIXZ 0040fba0 f i libohNetCore:OsWrapper.obj
 0001:0000ebd0       ?max_size@?$vector@PAVNetworkAdapter@OpenHome@@V?$allocator@PAVNetworkAdapter@OpenHome@@@std@@@std@@QBEIXZ 0040fbd0 f i libohNetCore:OsWrapper.obj
 0001:0000ec00       ?_Grow_to@?$vector@PAVNetworkAdapter@OpenHome@@V?$allocator@PAVNetworkAdapter@OpenHome@@@std@@@std@@IBEII@Z 0040fc00 f i libohNetCore:OsWrapper.obj
 0001:0000ec80       ?_Xlen@?$vector@PAVNetworkAdapter@OpenHome@@V?$allocator@PAVNetworkAdapter@OpenHome@@@std@@@std@@IBEXXZ 0040fc80 f i libohNetCore:OsWrapper.obj
 0001:0000ecb0       ??0?$allocator@PAVNetworkAdapter@OpenHome@@@std@@QAE@ABV01@@Z 0040fcb0 f i libohNetCore:OsWrapper.obj
 0001:0000ecd0       ?allocate@?$allocator@PAVNetworkAdapter@OpenHome@@@std@@QAEPAPAVNetworkAdapter@OpenHome@@I@Z 0040fcd0 f i libohNetCore:OsWrapper.obj
 0001:0000ed00       ?max_size@?$allocator@PAVNetworkAdapter@OpenHome@@@std@@QBEIXZ 0040fd00 f i libohNetCore:OsWrapper.obj
 0001:0000ed50       ??$addressof@QAVNetworkAdapter@OpenHome@@@std@@YGPBQAVNetworkAdapter@OpenHome@@ABQAV12@@Z 0040fd50 f i libohNetCore:OsWrapper.obj
 0001:0000ed60       ??$_Cons_val@V?$allocator@PAVNetworkAdapter@OpenHome@@@std@@PAVNetworkAdapter@OpenHome@@AAPAV34@@std@@YGXAAV?$allocator@PAVNetworkAdapter@OpenHome@@@0@PAPAVNetworkAdapter@OpenHome@@AAPAV23@@Z 0040fd60 f i libohNetCore:OsWrapper.obj
 0001:0000ed90       ??$_Cons_val@V?$allocator@PAVNetworkAdapter@OpenHome@@@std@@PAVNetworkAdapter@OpenHome@@ABQAV34@@std@@YGXAAV?$allocator@PAVNetworkAdapter@OpenHome@@@0@PAPAVNetworkAdapter@OpenHome@@ABQAV23@@Z 0040fd90 f i libohNetCore:OsWrapper.obj
 0001:0000edc0       ??$_Umove@PAPAVNetworkAdapter@OpenHome@@@?$vector@PAVNetworkAdapter@OpenHome@@V?$allocator@PAVNetworkAdapter@OpenHome@@@std@@@std@@IAEPAPAVNetworkAdapter@OpenHome@@PAPAV23@00@Z 0040fdc0 f i libohNetCore:OsWrapper.obj
 0001:0000ee00       ??$_Allocate@PAVNetworkAdapter@OpenHome@@@std@@YGPAPAVNetworkAdapter@OpenHome@@IPAPAV12@@Z 0040fe00 f i libohNetCore:OsWrapper.obj
 0001:0000ee80       ?construct@?$allocator@PAVNetworkAdapter@OpenHome@@@std@@QAEXPAPAVNetworkAdapter@OpenHome@@ABQAV34@@Z 0040fe80 f i libohNetCore:OsWrapper.obj
[...]
 0001:000828e0       ??__E?kMethodNotify@Ssdp@Net@OpenHome@@2VBrn@3@B@@YAXXZ 004838e0 f   libohNetCore:Ssdp.obj
 0001:00082910       ??__E?kMethodMsearch@Ssdp@Net@OpenHome@@2VBrn@3@B@@YAXXZ 00483910 f   libohNetCore:Ssdp.obj
 0001:00082940       ??__E?kMethodUri@Ssdp@Net@OpenHome@@2VBrn@3@B@@YAXXZ 00483940 f   libohNetCore:Ssdp.obj
 0001:00082970       ??__E?kStatusOk@Ssdp@Net@OpenHome@@2VBrn@3@B@@YAXXZ 00483970 f   libohNetCore:Ssdp.obj
 0001:000829a0       ??__E?kHeaderHost@Ssdp@Net@OpenHome@@2VBrn@3@B@@YAXXZ 004839a0 f   libohNetCore:Ssdp.obj
 0001:000829d0       ??__E?kHeaderServer@Ssdp@Net@OpenHome@@2VBrn@3@B@@YAXXZ 004839d0 f   libohNetCore:Ssdp.obj
 0001:00082a00       ??__E?kHeaderCacheControl@Ssdp@Net@OpenHome@@2VBrn@3@B@@YAXXZ 00483a00 f   libohNetCore:Ssdp.obj
 0001:00082a30       ??__E?kHeaderLocation@Ssdp@Net@OpenHome@@2VBrn@3@B@@YAXXZ 00483a30 f   libohNetCore:Ssdp.obj
 0001:00082a60       ??__E?kHeaderNt@Ssdp@Net@OpenHome@@2VBrn@3@B@@YAXXZ 00483a60 f   libohNetCore:Ssdp.obj
 0001:00082a90       ??__E?kHeaderSt@Ssdp@Net@OpenHome@@2VBrn@3@B@@YAXXZ 00483a90 f   libohNetCore:Ssdp.obj
 0001:00082ac0       ??__E?kHeaderUsn@Ssdp@Net@OpenHome@@2VBrn@3@B@@YAXXZ 00483ac0 f   libohNetCore:Ssdp.obj
 0001:00082af0       ??__E?kHeaderNts@Ssdp@Net@OpenHome@@2VBrn@3@B@@YAXXZ 00483af0 f   libohNetCore:Ssdp.obj
 0001:00082b20       ??__E?kHeaderExt@Ssdp@Net@OpenHome@@2VBrn@3@B@@YAXXZ 00483b20 f   libohNetCore:Ssdp.obj
 0001:00082b50       ??__E?kHeaderMan@Ssdp@Net@OpenHome@@2VBrn@3@B@@YAXXZ 00483b50 f   libohNetCore:Ssdp.obj
 0001:00082b80       ??__E?kHeaderMx@Ssdp@Net@OpenHome@@2VBrn@3@B@@YAXXZ 00483b80 f   libohNetCore:Ssdp.obj
 0001:00082bb0       ??__E?kHeaderBootId@Ssdp@Net@OpenHome@@2VBrn@3@B@@YAXXZ 00483bb0 f   libohNetCore:Ssdp.obj
 0001:00082be0       ??__E?kHeaderNextBootId@Ssdp@Net@OpenHome@@2VBrn@3@B@@YAXXZ 00483be0 f   libohNetCore:Ssdp.obj
 0001:00082c10       ??__E?kHeaderConfigId@Ssdp@Net@OpenHome@@2VBrn@3@B@@YAXXZ 00483c10 f   libohNetCore:Ssdp.obj
 0001:00082c40       ??__E?kHeaderSearchPort@Ssdp@Net@OpenHome@@2VBrn@3@B@@YAXXZ 00483c40 f   libohNetCore:Ssdp.obj
 0001:00082c70       ??__E?kDeviceSeparator@Ssdp@Net@OpenHome@@2VBrn@3@B@@YAXXZ 00483c70 f   libohNetCore:Ssdp.obj
 0001:00082ca0       ??__E?kServiceSeparator@Ssdp@Net@OpenHome@@2VBrn@3@B@@YAXXZ 00483ca0 f   libohNetCore:Ssdp.obj
 0001:00082cd0       ??__Einitlocks@std@@YAXXZ  00483cd0 f   libcpmtd:xlock.obj
 0001:00082cf0       ??__FkBrnEmpty@@YAXXZ      00483cf0 f   libohNetCore:Buffer.obj
 0001:00082d10       ??__FkAsciiNewline@@YAXXZ  00483d10 f   libohNetCore:Ascii.obj
 0001:00082d30       ??__FkAsciiHexPrefix@@YAXXZ 00483d30 f   libohNetCore:Ascii.obj
 0001:00082d50       ??__F?kMethodOptions@Http@OpenHome@@2VBrn@2@B@@YAXXZ 00483d50 f   libohNetCore:Http.obj
 0001:00082d70       ??__F?kMethodGet@Http@OpenHome@@2VBrn@2@B@@YAXXZ 00483d70 f   libohNetCore:Http.obj
 0001:00082d90       ??__F?kMethodHead@Http@OpenHome@@2VBrn@2@B@@YAXXZ 00483d90 f   libohNetCore:Http.obj
 0001:00082db0       ??__F?kMethodPost@Http@OpenHome@@2VBrn@2@B@@YAXXZ 00483db0 f   libohNetCore:Http.obj
 0001:00082dd0       ??__F?kMethodPut@Http@OpenHome@@2VBrn@2@B@@YAXXZ 00483dd0 f   libohNetCore:Http.obj
 0001:00082df0       ??__F?kMethodDelete@Http@OpenHome@@2VBrn@2@B@@YAXXZ 00483df0 f   libohNetCore:Http.obj
 0001:00082e10       ??__F?kMethodTrace@Http@OpenHome@@2VBrn@2@B@@YAXXZ 00483e10 f   libohNetCore:Http.obj
 0001:00082e30       ??__F?kMethodConnect@Http@OpenHome@@2VBrn@2@B@@YAXXZ 00483e30 f   libohNetCore:Http.obj
 0001:00082e50       ??__F?kMethodExtension@Http@OpenHome@@2VBrn@2@B@@YAXXZ 00483e50 f   libohNetCore:Http.obj
 0001:00082e70       ??__F?kHeaderCacheControl@Http@OpenHome@@2VBrn@2@B@@YAXXZ 00483e70 f   libohNetCore:Http.obj
 0001:00082e90       ??__F?kHeaderConnection@Http@OpenHome@@2VBrn@2@B@@YAXXZ 00483e90 f   libohNetCore:Http.obj
 0001:00082eb0       ??__F?kHeaderDate@Http@OpenHome@@2VBrn@2@B@@YAXXZ 00483eb0 f   libohNetCore:Http.obj
 0001:00082ed0       ??__F?kHeaderPragma@Http@OpenHome@@2VBrn@2@B@@YAXXZ 00483ed0 f   libohNetCore:Http.obj
 0001:00082ef0       ??__F?kHeaderTrailer@Http@OpenHome@@2VBrn@2@B@@YAXXZ 00483ef0 f   libohNetCore:Http.obj
 0001:00082f10       ??__F?kHeaderTransferEncoding@Http@OpenHome@@2VBrn@2@B@@YAXXZ 00483f10 f   libohNetCore:Http.obj
 0001:00082f30       ??__F?kHeaderUpgrade@Http@OpenHome@@2VBrn@2@B@@YAXXZ 00483f30 f   libohNetCore:Http.obj
 0001:00082f50       ??__F?kHeaderVia@Http@OpenHome@@2VBrn@2@B@@YAXXZ 00483f50 f   libohNetCore:Http.obj
 0001:00082f70       ??__F?kHeaderWarning@Http@OpenHome@@2VBrn@2@B@@YAXXZ 00483f70 f   libohNetCore:Http.obj
 0001:00082f90       ??__F?kHeaderAccept@Http@OpenHome@@2VBrn@2@B@@YAXXZ 00483f90 f   libohNetCore:Http.obj
 0001:00082fb0       ??__F?kHeaderAcceptCharset@Http@OpenHome@@2VBrn@2@B@@YAXXZ 00483fb0 f   libohNetCore:Http.obj
 0001:00082fd0       ??__F?kHeaderAcceptEncoding@Http@OpenHome@@2VBrn@2@B@@YAXXZ 00483fd0 f   libohNetCore:Http.obj
 0001:00082ff0       ??__F?kHeaderAcceptLanguage@Http@OpenHome@@2VBrn@2@B@@YAXXZ 00483ff0 f   libohNetCore:Http.obj
 0001:00083010       ??__F?kHeaderAuthorization@Http@OpenHome@@2VBrn@2@B@@YAXXZ 00484010 f   libohNetCore:Http.obj
 0001:00083030       ??__F?kHeaderExpect@Http@OpenHome@@2VBrn@2@B@@YAXXZ 00484030 f   libohNetCore:Http.obj
 0001:00083050       ??__F?kHeaderFrom@Http@OpenHome@@2VBrn@2@B@@YAXXZ 00484050 f   libohNetCore:Http.obj
 0001:00083070       ??__F?kHeaderHost@Http@OpenHome@@2VBrn@2@B@@YAXXZ 00484070 f   libohNetCore:Http.obj
 0001:00083090       ??__F?kHeaderIfMatch@Http@OpenHome@@2VBrn@2@B@@YAXXZ 00484090 f   libohNetCore:Http.obj
 0001:000830b0       ??__F?kHeaderIfModifiedSince@Http@OpenHome@@2VBrn@2@B@@YAXXZ 004840b0 f   libohNetCore:Http.obj
 0001:000830d0       ??__F?kHeaderIfNoneMatch@Http@OpenHome@@2VBrn@2@B@@YAXXZ 004840d0 f   libohNetCore:Http.obj
 0001:000830f0       ??__F?kHeaderIfRange@Http@OpenHome@@2VBrn@2@B@@YAXXZ 004840f0 f   libohNetCore:Http.obj
 0001:00083110       ??__F?kHeaderIfUnmodifiedSince@Http@OpenHome@@2VBrn@2@B@@YAXXZ 00484110 f   libohNetCore:Http.obj
 0001:00083130       ??__F?kHeaderMaxForwards@Http@OpenHome@@2VBrn@2@B@@YAXXZ 00484130 f   libohNetCore:Http.obj
 0001:00083150       ??__F?kHeaderProxyAuthorization@Http@OpenHome@@2VBrn@2@B@@YAXXZ 00484150 f   libohNetCore:Http.obj
 0001:00083170       ??__F?kHeaderRange@Http@OpenHome@@2VBrn@2@B@@YAXXZ 00484170 f   libohNetCore:Http.obj
 0001:00083190       ??__F?kHeaderReferer@Http@OpenHome@@2VBrn@2@B@@YAXXZ 00484190 f   libohNetCore:Http.obj
 0001:000831b0       ??__F?kHeaderTe@Http@OpenHome@@2VBrn@2@B@@YAXXZ 004841b0 f   libohNetCore:Http.obj
 0001:000831d0       ??__F?kHeaderUserAgent@Http@OpenHome@@2VBrn@2@B@@YAXXZ 004841d0 f   libohNetCore:Http.obj
 0001:000831f0       ??__F?kHeaderAcceptRanges@Http@OpenHome@@2VBrn@2@B@@YAXXZ 004841f0 f   libohNetCore:Http.obj
 0001:00083210       ??__F?kHeaderAge@Http@OpenHome@@2VBrn@2@B@@YAXXZ 00484210 f   libohNetCore:Http.obj
 0001:00083230       ??__F?kHeaderETag@Http@OpenHome@@2VBrn@2@B@@YAXXZ 00484230 f   libohNetCore:Http.obj
 0001:00083250       ??__F?kHeaderLocation@Http@OpenHome@@2VBrn@2@B@@YAXXZ 00484250 f   libohNetCore:Http.obj
 0001:00083270       ??__F?kHeaderProxyAuthenticate@Http@OpenHome@@2VBrn@2@B@@YAXXZ 00484270 f   libohNetCore:Http.obj
 0001:00083290       ??__F?kHeaderRetryAfter@Http@OpenHome@@2VBrn@2@B@@YAXXZ 00484290 f   libohNetCore:Http.obj
 0001:000832b0       ??__F?kHeaderServer@Http@OpenHome@@2VBrn@2@B@@YAXXZ 004842b0 f   libohNetCore:Http.obj
 0001:000832d0       ??__F?kHeaderVary@Http@OpenHome@@2VBrn@2@B@@YAXXZ 004842d0 f   libohNetCore:Http.obj
 0001:000832f0       ??__F?kHeaderWwwAuthenticate@Http@OpenHome@@2VBrn@2@B@@YAXXZ 004842f0 f   libohNetCore:Http.obj
 0001:00083310       ??__F?kHeaderAllow@Http@OpenHome@@2VBrn@2@B@@YAXXZ 00484310 f   libohNetCore:Http.obj
 0001:00083330       ??__F?kHeaderContentEncoding@Http@OpenHome@@2VBrn@2@B@@YAXXZ 00484330 f   libohNetCore:Http.obj
 0001:00083350       ??__F?kHeaderContentLanguage@Http@OpenHome@@2VBrn@2@B@@YAXXZ 00484350 f   libohNetCore:Http.obj
 0001:00083370       ??__F?kHeaderContentLength@Http@OpenHome@@2VBrn@2@B@@YAXXZ 00484370 f   libohNetCore:Http.obj
 0001:00083390       ??__F?kHeaderContentLocation@Http@OpenHome@@2VBrn@2@B@@YAXXZ 00484390 f   libohNetCore:Http.obj
 0001:000833b0       ??__F?kHeaderContentMd5@Http@OpenHome@@2VBrn@2@B@@YAXXZ 004843b0 f   libohNetCore:Http.obj
 0001:000833d0       ??__F?kHeaderContentRange@Http@OpenHome@@2VBrn@2@B@@YAXXZ 004843d0 f   libohNetCore:Http.obj
 0001:000833f0       ??__F?kHeaderContentType@Http@OpenHome@@2VBrn@2@B@@YAXXZ 004843f0 f   libohNetCore:Http.obj
 0001:00083410       ??__F?kHeaderExpires@Http@OpenHome@@2VBrn@2@B@@YAXXZ 00484410 f   libohNetCore:Http.obj
 0001:00083430       ??__F?kHeaderLastModified@Http@OpenHome@@2VBrn@2@B@@YAXXZ 00484430 f   libohNetCore:Http.obj
 0001:00083450       ??__F?kUriPrefix@Http@OpenHome@@2VBrn@2@B@@YAXXZ 00484450 f   libohNetCore:Http.obj
 0001:00083470       ??__F?kValueZero@Http@OpenHome@@2VBrn@2@B@@YAXXZ 00484470 f   libohNetCore:Http.obj
 0001:00083490       ??__F?kHeaderSeparator@Http@OpenHome@@2VBrn@2@B@@YAXXZ 00484490 f   libohNetCore:Http.obj
 0001:000834b0       ??__F?kHeaderTerminator@Http@OpenHome@@2VBrn@2@B@@YAXXZ 004844b0 f   libohNetCore:Http.obj
 0001:000834d0       ??__F?kChunkedCountSeparator@Http@OpenHome@@2VBrn@2@B@@YAXXZ 004844d0 f   libohNetCore:Http.obj
 0001:000834f0       ??__F?kConnectionClose@Http@OpenHome@@2VBrn@2@B@@YAXXZ 004844f0 f   libohNetCore:Http.obj
 0001:00083510       ??__F?kConnectionUpgrade@Http@OpenHome@@2VBrn@2@B@@YAXXZ 00484510 f   libohNetCore:Http.obj
 0001:00083530       ??__F?kContentLanguageEnglish@Http@OpenHome@@2VBrn@2@B@@YAXXZ 00484530 f   libohNetCore:Http.obj
 0001:00083550       ??__F?kRangeBytes@Http@OpenHome@@2VBrn@2@B@@YAXXZ 00484550 f   libohNetCore:Http.obj
 0001:00083570       ??__F?kRangeSeparator@Http@OpenHome@@2VBrn@2@B@@YAXXZ 00484570 f   libohNetCore:Http.obj
 0001:00083590       ??__F?kExpect100Continue@Http@OpenHome@@2VBrn@2@B@@YAXXZ 00484590 f   libohNetCore:Http.obj
 0001:000835b0       ??__F?kTransferEncodingChunked@Http@OpenHome@@2VBrn@2@B@@YAXXZ 004845b0 f   libohNetCore:Http.obj
 0001:000835d0       ??__F?kTransferEncodingIdentity@Http@OpenHome@@2VBrn@2@B@@YAXXZ 004845d0 f   libohNetCore:Http.obj
 0001:000835f0       ??__FkHttpVersion09@@YAXXZ 004845f0 f   libohNetCore:Http.obj
 0001:00083610       ??__FkHttpVersion10@@YAXXZ 00484610 f   libohNetCore:Http.obj
 0001:00083630       ??__FkHttpVersion11@@YAXXZ 00484630 f   libohNetCore:Http.obj
 0001:00083650       ??__FkRtspVersion10@@YAXXZ 00484650 f   libohNetCore:Http.obj
 0001:00083670       ??__F?kContinue@HttpStatus@OpenHome@@2V12@B@@YAXXZ 00484670 f   libohNetCore:Http.obj
 0001:00083690       ??__F?kSwitchingProtocols@HttpStatus@OpenHome@@2V12@B@@YAXXZ 00484690 f   libohNetCore:Http.obj
 0001:000836b0       ??__F?kOk@HttpStatus@OpenHome@@2V12@B@@YAXXZ 004846b0 f   libohNetCore:Http.obj
 0001:000836d0       ??__F?kCreated@HttpStatus@OpenHome@@2V12@B@@YAXXZ 004846d0 f   libohNetCore:Http.obj
 0001:000836f0       ??__F?kAccepted@HttpStatus@OpenHome@@2V12@B@@YAXXZ 004846f0 f   libohNetCore:Http.obj
 0001:00083710       ??__F?kNonAuthoritativeInformation@HttpStatus@OpenHome@@2V12@B@@YAXXZ 00484710 f   libohNetCore:Http.obj
 0001:00083730       ??__F?kNoContent@HttpStatus@OpenHome@@2V12@B@@YAXXZ 00484730 f   libohNetCore:Http.obj
 0001:00083750       ??__F?kResetContent@HttpStatus@OpenHome@@2V12@B@@YAXXZ 00484750 f   libohNetCore:Http.obj
 0001:00083770       ??__F?kPartialContent@HttpStatus@OpenHome@@2V12@B@@YAXXZ 00484770 f   libohNetCore:Http.obj
 0001:00083790       ??__F?kMultipleChoices@HttpStatus@OpenHome@@2V12@B@@YAXXZ 00484790 f   libohNetCore:Http.obj
 0001:000837b0       ??__F?kMovedPermanently@HttpStatus@OpenHome@@2V12@B@@YAXXZ 004847b0 f   libohNetCore:Http.obj
 0001:000837d0       ??__F?kFound@HttpStatus@OpenHome@@2V12@B@@YAXXZ 004847d0 f   libohNetCore:Http.obj
 0001:000837f0       ??__F?kSeeOther@HttpStatus@OpenHome@@2V12@B@@YAXXZ 004847f0 f   libohNetCore:Http.obj
 0001:00083810       ??__F?kNotModified@HttpStatus@OpenHome@@2V12@B@@YAXXZ 00484810 f   libohNetCore:Http.obj
 0001:00083830       ??__F?kUseProxy@HttpStatus@OpenHome@@2V12@B@@YAXXZ 00484830 f   libohNetCore:Http.obj
 0001:00083850       ??__F?kTemporaryRedirect@HttpStatus@OpenHome@@2V12@B@@YAXXZ 00484850 f   libohNetCore:Http.obj
 0001:00083870       ??__F?kBadRequest@HttpStatus@OpenHome@@2V12@B@@YAXXZ 00484870 f   libohNetCore:Http.obj
 0001:00083890       ??__F?kUnauthorized@HttpStatus@OpenHome@@2V12@B@@YAXXZ 00484890 f   libohNetCore:Http.obj
 0001:000838b0       ??__F?kPaymentRequired@HttpStatus@OpenHome@@2V12@B@@YAXXZ 004848b0 f   libohNetCore:Http.obj
 0001:000838d0       ??__F?kForbidden@HttpStatus@OpenHome@@2V12@B@@YAXXZ 004848d0 f   libohNetCore:Http.obj
 0001:000838f0       ??__F?kNotFound@HttpStatus@OpenHome@@2V12@B@@YAXXZ 004848f0 f   libohNetCore:Http.obj
 0001:00083910       ??__F?kMethodNotAllowed@HttpStatus@OpenHome@@2V12@B@@YAXXZ 00484910 f   libohNetCore:Http.obj
 0001:00083930       ??__F?kNotAcceptable@HttpStatus@OpenHome@@2V12@B@@YAXXZ 00484930 f   libohNetCore:Http.obj
 0001:00083950       ??__F?kProxyAuthenticationRequired@HttpStatus@OpenHome@@2V12@B@@YAXXZ 00484950 f   libohNetCore:Http.obj
 0001:00083970       ??__F?kRequestTimeout@HttpStatus@OpenHome@@2V12@B@@YAXXZ 00484970 f   libohNetCore:Http.obj
 0001:00083990       ??__F?kConflict@HttpStatus@OpenHome@@2V12@B@@YAXXZ 00484990 f   libohNetCore:Http.obj
 0001:000839b0       ??__F?kGone@HttpStatus@OpenHome@@2V12@B@@YAXXZ 004849b0 f   libohNetCore:Http.obj
 0001:000839d0       ??__F?kLengthRequired@HttpStatus@OpenHome@@2V12@B@@YAXXZ 004849d0 f   libohNetCore:Http.obj
 0001:000839f0       ??__F?kPreconditionFailed@HttpStatus@OpenHome@@2V12@B@@YAXXZ 004849f0 f   libohNetCore:Http.obj
 0001:00083a10       ??__F?kRequestEntityTooLarge@HttpStatus@OpenHome@@2V12@B@@YAXXZ 00484a10 f   libohNetCore:Http.obj
 0001:00083a30       ??__F?kRequestUriTooLarge@HttpStatus@OpenHome@@2V12@B@@YAXXZ 00484a30 f   libohNetCore:Http.obj
 0001:00083a50       ??__F?kUnsupportedMediaType@HttpStatus@OpenHome@@2V12@B@@YAXXZ 00484a50 f   libohNetCore:Http.obj
 0001:00083a70       ??__F?kRequestedRangeNotSatisfiable@HttpStatus@OpenHome@@2V12@B@@YAXXZ 00484a70 f   libohNetCore:Http.obj
 0001:00083a90       ??__F?kExpectationFailure@HttpStatus@OpenHome@@2V12@B@@YAXXZ 00484a90 f   libohNetCore:Http.obj
 0001:00083ab0       ??__F?kInternalServerError@HttpStatus@OpenHome@@2V12@B@@YAXXZ 00484ab0 f   libohNetCore:Http.obj
 0001:00083ad0       ??__F?kNotImplemented@HttpStatus@OpenHome@@2V12@B@@YAXXZ 00484ad0 f   libohNetCore:Http.obj
 0001:00083af0       ??__F?kBadGateway@HttpStatus@OpenHome@@2V12@B@@YAXXZ 00484af0 f   libohNetCore:Http.obj
 0001:00083b10       ??__F?kServiceUnavailable@HttpStatus@OpenHome@@2V12@B@@YAXXZ 00484b10 f   libohNetCore:Http.obj
 0001:00083b30       ??__F?kGatewayTimeout@HttpStatus@OpenHome@@2V12@B@@YAXXZ 00484b30 f   libohNetCore:Http.obj
 0001:00083b50       ??__F?kHttpVersionNotSupported@HttpStatus@OpenHome@@2V12@B@@YAXXZ 00484b50 f   libohNetCore:Http.obj
 0001:00083b70       ??__FkAlive@@YAXXZ         00484b70 f   libohNetCore:Ssdp.obj
 0001:00083b90       ??__FkByeBye@@YAXXZ        00484b90 f   libohNetCore:Ssdp.obj
 0001:00083bb0       ??__FkMaxAge@@YAXXZ        00484bb0 f   libohNetCore:Ssdp.obj
 0001:00083bd0       ??__FkUuid@@YAXXZ          00484bd0 f   libohNetCore:Ssdp.obj
 0001:00083bf0       ??__FkUpnpRoot@@YAXXZ      00484bf0 f   libohNetCore:Ssdp.obj
 0001:00083c10       ??__FkMsearchDiscover@@YAXXZ 00484c10 f   libohNetCore:Ssdp.obj
 0001:00083c30       ??__FkMsearchAll@@YAXXZ    00484c30 f   libohNetCore:Ssdp.obj
 0001:00083c50       ??__FkMsearchUpnpRoot@@YAXXZ 00484c50 f   libohNetCore:Ssdp.obj
 0001:00083c70       ??__FkMsearchUuid@@YAXXZ   00484c70 f   libohNetCore:Ssdp.obj
 0001:00083c90       ??__FkMsearchUrn@@YAXXZ    00484c90 f   libohNetCore:Ssdp.obj
 0001:00083cb0       ??__FkMsearchDevice@@YAXXZ 00484cb0 f   libohNetCore:Ssdp.obj
 0001:00083cd0       ??__FkMsearchService@@YAXXZ 00484cd0 f   libohNetCore:Ssdp.obj
 0001:00083cf0       ??__FkUsnSeparator@@YAXXZ  00484cf0 f   libohNetCore:Ssdp.obj
 0001:00083d10       ??__FkVersionSeparator@@YAXXZ 00484d10 f   libohNetCore:Ssdp.obj
 0001:00083d30       ??__FkSsdpPortSeparator@@YAXXZ 00484d30 f   libohNetCore:Ssdp.obj
 0001:00083d50       ??__FkSsdpUrlSeparator@@YAXXZ 00484d50 f   libohNetCore:Ssdp.obj
 0001:00083d70       ??__FkSsdpHttp@@YAXXZ      00484d70 f   libohNetCore:Ssdp.obj
 0001:00083d90       ??__FkSsdpMaxAge@@YAXXZ    00484d90 f   libohNetCore:Ssdp.obj
 0001:00083db0       ??__FkSchemasUpnpOrg@@YAXXZ 00484db0 f   libohNetCore:Ssdp.obj
 0001:00083dd0       ??__FkUpnpOrg@@YAXXZ       00484dd0 f   libohNetCore:Ssdp.obj
 0001:00083df0       ??__F?kUrn@Ssdp@Net@OpenHome@@2VBrn@3@B@@YAXXZ 00484df0 f   libohNetCore:Ssdp.obj
 0001:00083e10       ??__F?kMulticastAddress@Ssdp@Net@OpenHome@@2VBrn@3@B@@YAXXZ 00484e10 f   libohNetCore:Ssdp.obj
 0001:00083e30       ??__F?kMulticastAddressAndPort@Ssdp@Net@OpenHome@@2VBrn@3@B@@YAXXZ 00484e30 f   libohNetCore:Ssdp.obj
 0001:00083e50       ??__F?kMethodNotify@Ssdp@Net@OpenHome@@2VBrn@3@B@@YAXXZ 00484e50 f   libohNetCore:Ssdp.obj
 0001:00083e70       ??__F?kMethodMsearch@Ssdp@Net@OpenHome@@2VBrn@3@B@@YAXXZ 00484e70 f   libohNetCore:Ssdp.obj
 0001:00083e90       ??__F?kMethodUri@Ssdp@Net@OpenHome@@2VBrn@3@B@@YAXXZ 00484e90 f   libohNetCore:Ssdp.obj
 0001:00083eb0       ??__F?kStatusOk@Ssdp@Net@OpenHome@@2VBrn@3@B@@YAXXZ 00484eb0 f   libohNetCore:Ssdp.obj
 0001:00083ed0       ??__F?kHeaderHost@Ssdp@Net@OpenHome@@2VBrn@3@B@@YAXXZ 00484ed0 f   libohNetCore:Ssdp.obj
 0001:00083ef0       ??__F?kHeaderServer@Ssdp@Net@OpenHome@@2VBrn@3@B@@YAXXZ 00484ef0 f   libohNetCore:Ssdp.obj
 0001:00083f10       ??__F?kHeaderCacheControl@Ssdp@Net@OpenHome@@2VBrn@3@B@@YAXXZ 00484f10 f   libohNetCore:Ssdp.obj
 0001:00083f30       ??__F?kHeaderLocation@Ssdp@Net@OpenHome@@2VBrn@3@B@@YAXXZ 00484f30 f   libohNetCore:Ssdp.obj
 0001:00083f50       ??__F?kHeaderNt@Ssdp@Net@OpenHome@@2VBrn@3@B@@YAXXZ 00484f50 f   libohNetCore:Ssdp.obj
 0001:00083f70       ??__F?kHeaderSt@Ssdp@Net@OpenHome@@2VBrn@3@B@@YAXXZ 00484f70 f   libohNetCore:Ssdp.obj
 0001:00083f90       ??__F?kHeaderUsn@Ssdp@Net@OpenHome@@2VBrn@3@B@@YAXXZ 00484f90 f   libohNetCore:Ssdp.obj
 0001:00083fb0       ??__F?kHeaderNts@Ssdp@Net@OpenHome@@2VBrn@3@B@@YAXXZ 00484fb0 f   libohNetCore:Ssdp.obj
 0001:00083fd0       ??__F?kHeaderExt@Ssdp@Net@OpenHome@@2VBrn@3@B@@YAXXZ 00484fd0 f   libohNetCore:Ssdp.obj
 0001:00083ff0       ??__F?kHeaderMan@Ssdp@Net@OpenHome@@2VBrn@3@B@@YAXXZ 00484ff0 f   libohNetCore:Ssdp.obj
 0001:00084010       ??__F?kHeaderMx@Ssdp@Net@OpenHome@@2VBrn@3@B@@YAXXZ 00485010 f   libohNetCore:Ssdp.obj
 0001:00084030       ??__F?kHeaderBootId@Ssdp@Net@OpenHome@@2VBrn@3@B@@YAXXZ 00485030 f   libohNetCore:Ssdp.obj
 0001:00084050       ??__F?kHeaderNextBootId@Ssdp@Net@OpenHome@@2VBrn@3@B@@YAXXZ 00485050 f   libohNetCore:Ssdp.obj
 0001:00084070       ??__F?kHeaderConfigId@Ssdp@Net@OpenHome@@2VBrn@3@B@@YAXXZ 00485070 f   libohNetCore:Ssdp.obj
 0001:00084090       ??__F?kHeaderSearchPort@Ssdp@Net@OpenHome@@2VBrn@3@B@@YAXXZ 00485090 f   libohNetCore:Ssdp.obj
 0001:000840b0       ??__F?kDeviceSeparator@Ssdp@Net@OpenHome@@2VBrn@3@B@@YAXXZ 004850b0 f   libohNetCore:Ssdp.obj
 0001:000840d0       ??__F?kServiceSeparator@Ssdp@Net@OpenHome@@2VBrn@3@B@@YAXXZ 004850d0 f   libohNetCore:Ssdp.obj
 0001:000840f0       ??__Finitlocks@std@@YAXXZ  004850f0 f   libcpmtd:xlock.obj
 0001:00084110       ??__Fnomem@?5???2@YAPAXI@Z@YAXXZ 00485110 f   LIBCMTD:new.obj
